2025-11-07T12:26:08.0904313Z Current runner version: '2.329.0'
2025-11-07T12:26:08.0929325Z ##[group]Runner Image Provisioner
2025-11-07T12:26:08.0930084Z Hosted Compute Agent
2025-11-07T12:26:08.0930562Z Version: 20251016.436
2025-11-07T12:26:08.0931104Z Commit: 8ab8ac8bfd662a3739dab9fe09456aba92132568
2025-11-07T12:26:08.0931698Z Build Date: 2025-10-15T20:44:12Z
2025-11-07T12:26:08.0932249Z ##[endgroup]
2025-11-07T12:26:08.0932701Z ##[group]Operating System
2025-11-07T12:26:08.0933219Z Microsoft Windows Server 2025
2025-11-07T12:26:08.0933771Z 10.0.26100
2025-11-07T12:26:08.0934205Z Datacenter
2025-11-07T12:26:08.0934639Z ##[endgroup]
2025-11-07T12:26:08.0935104Z ##[group]Runner Image
2025-11-07T12:26:08.0935614Z Image: windows-2025
2025-11-07T12:26:08.0936048Z Version: 20251021.67.1
2025-11-07T12:26:08.0936999Z Included Software: https://github.com/actions/runner-images/blob/win25/20251021.67/images/windows/Windows2025-Readme.md
2025-11-07T12:26:08.0938592Z Image Release: https://github.com/actions/runner-images/releases/tag/win25%2F20251021.67
2025-11-07T12:26:08.0939500Z ##[endgroup]
2025-11-07T12:26:08.0940444Z ##[group]GITHUB_TOKEN Permissions
2025-11-07T12:26:08.0942275Z Contents: read
2025-11-07T12:26:08.0942796Z Metadata: read
2025-11-07T12:26:08.0943214Z Packages: read
2025-11-07T12:26:08.0943906Z ##[endgroup]
2025-11-07T12:26:08.0945893Z Secret source: Actions
2025-11-07T12:26:08.0946516Z Prepare workflow directory
2025-11-07T12:26:08.1270201Z Prepare all required actions
2025-11-07T12:26:08.1308973Z Getting action download info
2025-11-07T12:26:08.4983934Z Download action repository 'actions/checkout@v4' (SHA:08eba0b27e820071cde6df949e0beb9ba4906955)
2025-11-07T12:26:08.6310424Z Download action repository 'actions/setup-python@v5' (SHA:a26af69be951a213d495a4c3e4e4022e16d87065)
2025-11-07T12:26:08.9738982Z Complete job name: All Tests (Windows)
2025-11-07T12:26:09.1259398Z ##[group]Run actions/checkout@v4
2025-11-07T12:26:09.1260649Z with:
2025-11-07T12:26:09.1261244Z   repository: h111359/requirements-driven-development
2025-11-07T12:26:09.1262277Z   token: ***
2025-11-07T12:26:09.1262759Z   ssh-strict: true
2025-11-07T12:26:09.1263244Z   ssh-user: git
2025-11-07T12:26:09.1263745Z   persist-credentials: true
2025-11-07T12:26:09.1264272Z   clean: true
2025-11-07T12:26:09.1264680Z   sparse-checkout-cone-mode: true
2025-11-07T12:26:09.1265166Z   fetch-depth: 1
2025-11-07T12:26:09.1265571Z   fetch-tags: false
2025-11-07T12:26:09.1265976Z   show-progress: true
2025-11-07T12:26:09.1266398Z   lfs: false
2025-11-07T12:26:09.1266759Z   submodules: false
2025-11-07T12:26:09.1267169Z   set-safe-directory: true
2025-11-07T12:26:09.1267827Z ##[endgroup]
2025-11-07T12:26:09.3045399Z Syncing repository: h111359/requirements-driven-development
2025-11-07T12:26:09.3047505Z ##[group]Getting Git version info
2025-11-07T12:26:09.3048956Z Working directory is 'D:\a\requirements-driven-development\requirements-driven-development'
2025-11-07T12:26:09.3982655Z [command]"C:\Program Files\Git\bin\git.exe" version
2025-11-07T12:26:09.6005767Z git version 2.51.1.windows.1
2025-11-07T12:26:09.6075342Z ##[endgroup]
2025-11-07T12:26:09.6100691Z Temporarily overriding HOME='D:\a\_temp\9cbba225-4428-42ed-8bd8-2a2a09cf7e7d' before making global git config changes
2025-11-07T12:26:09.6103024Z Adding repository directory to the temporary git global config as a safe directory
2025-11-07T12:26:09.6113519Z [command]"C:\Program Files\Git\bin\git.exe" config --global --add safe.directory D:\a\requirements-driven-development\requirements-driven-development
2025-11-07T12:26:09.6496359Z Deleting the contents of 'D:\a\requirements-driven-development\requirements-driven-development'
2025-11-07T12:26:09.6504073Z ##[group]Initializing the repository
2025-11-07T12:26:09.6515456Z [command]"C:\Program Files\Git\bin\git.exe" init D:\a\requirements-driven-development\requirements-driven-development
2025-11-07T12:26:09.7545894Z Initialized empty Git repository in D:/a/requirements-driven-development/requirements-driven-development/.git/
2025-11-07T12:26:09.7605887Z [command]"C:\Program Files\Git\bin\git.exe" remote add origin https://github.com/h111359/requirements-driven-development
2025-11-07T12:26:09.7981378Z ##[endgroup]
2025-11-07T12:26:09.7983048Z ##[group]Disabling automatic garbage collection
2025-11-07T12:26:09.7991336Z [command]"C:\Program Files\Git\bin\git.exe" config --local gc.auto 0
2025-11-07T12:26:09.8313669Z ##[endgroup]
2025-11-07T12:26:09.8315260Z ##[group]Setting up auth
2025-11-07T12:26:09.8328777Z [command]"C:\Program Files\Git\bin\git.exe" config --local --name-only --get-regexp core\.sshCommand
2025-11-07T12:26:09.8665348Z [command]"C:\Program Files\Git\bin\git.exe" submodule foreach --recursive "sh -c \"git config --local --name-only --get-regexp 'core\.sshCommand' && git config --local --unset-all 'core.sshCommand' || :\""
2025-11-07T12:26:11.3690900Z [command]"C:\Program Files\Git\bin\git.exe" config --local --name-only --get-regexp http\.https\:\/\/github\.com\/\.extraheader
2025-11-07T12:26:11.4017719Z [command]"C:\Program Files\Git\bin\git.exe" submodule foreach --recursive "sh -c \"git config --local --name-only --get-regexp 'http\.https\:\/\/github\.com\/\.extraheader' && git config --local --unset-all 'http.https://github.com/.extraheader' || :\""
2025-11-07T12:26:11.9159554Z [command]"C:\Program Files\Git\bin\git.exe" config --local http.https://github.com/.extraheader "AUTHORIZATION: basic ***"
2025-11-07T12:26:11.9453957Z ##[endgroup]
2025-11-07T12:26:11.9455240Z ##[group]Fetching the repository
2025-11-07T12:26:11.9468074Z [command]"C:\Program Files\Git\bin\git.exe" -c protocol.version=2 fetch --no-tags --prune --no-recurse-submodules --depth=1 origin +8e6c987fa235de065585a7ca00192ef9cd863a3d:refs/remotes/pull/53/merge
2025-11-07T12:26:13.0287575Z From https://github.com/h111359/requirements-driven-development
2025-11-07T12:26:13.0291129Z  * [new ref]         8e6c987fa235de065585a7ca00192ef9cd863a3d -> pull/53/merge
2025-11-07T12:26:13.0472332Z ##[endgroup]
2025-11-07T12:26:13.0472842Z ##[group]Determining the checkout info
2025-11-07T12:26:13.0475909Z ##[endgroup]
2025-11-07T12:26:13.0490692Z [command]"C:\Program Files\Git\bin\git.exe" sparse-checkout disable
2025-11-07T12:26:13.0864435Z [command]"C:\Program Files\Git\bin\git.exe" config --local --unset-all extensions.worktreeConfig
2025-11-07T12:26:13.1153501Z ##[group]Checking out the ref
2025-11-07T12:26:13.1164402Z [command]"C:\Program Files\Git\bin\git.exe" checkout --progress --force refs/remotes/pull/53/merge
2025-11-07T12:26:13.2317680Z Note: switching to 'refs/remotes/pull/53/merge'.
2025-11-07T12:26:13.2318196Z 
2025-11-07T12:26:13.2318744Z You are in 'detached HEAD' state. You can look around, make experimental
2025-11-07T12:26:13.2319848Z changes and commit them, and you can discard any commits you make in this
2025-11-07T12:26:13.2320749Z state without impacting any branches by switching back to a branch.
2025-11-07T12:26:13.2321195Z 
2025-11-07T12:26:13.2321462Z If you want to create a new branch to retain commits you create, you may
2025-11-07T12:26:13.2322094Z do so (now or later) by using -c with the switch command. Example:
2025-11-07T12:26:13.2322452Z 
2025-11-07T12:26:13.2322602Z   git switch -c <new-branch-name>
2025-11-07T12:26:13.2322869Z 
2025-11-07T12:26:13.2323001Z Or undo this operation with:
2025-11-07T12:26:13.2323239Z 
2025-11-07T12:26:13.2323349Z   git switch -
2025-11-07T12:26:13.2323631Z 
2025-11-07T12:26:13.2323984Z Turn off this advice by setting config variable advice.detachedHead to false
2025-11-07T12:26:13.2324442Z 
2025-11-07T12:26:13.2324937Z HEAD is now at 8e6c987 Merge 60d300dd5436ed2d5990d6e2bceac5679e2b1129 into ad751367b0c9a6c17544dd7edb9b3fb764dac4a9
2025-11-07T12:26:13.2354161Z ##[endgroup]
2025-11-07T12:26:13.2686757Z [command]"C:\Program Files\Git\bin\git.exe" log -1 --format=%H
2025-11-07T12:26:13.2951357Z 8e6c987fa235de065585a7ca00192ef9cd863a3d
2025-11-07T12:26:13.3368541Z ##[group]Run actions/setup-python@v5
2025-11-07T12:26:13.3368845Z with:
2025-11-07T12:26:13.3369695Z   python-version: 3.9
2025-11-07T12:26:13.3369892Z   check-latest: false
2025-11-07T12:26:13.3370217Z   token: ***
2025-11-07T12:26:13.3370388Z   update-environment: true
2025-11-07T12:26:13.3370598Z   allow-prereleases: false
2025-11-07T12:26:13.3370791Z   freethreaded: false
2025-11-07T12:26:13.3370966Z ##[endgroup]
2025-11-07T12:26:13.5596685Z ##[group]Installed versions
2025-11-07T12:26:13.5722823Z Successfully set up CPython (3.9.13)
2025-11-07T12:26:13.5724431Z ##[endgroup]
2025-11-07T12:26:13.6014722Z ##[group]Run Install-Module -Name Pester -Force -SkipPublisherCheck
2025-11-07T12:26:13.6015307Z [36;1mInstall-Module -Name Pester -Force -SkipPublisherCheck[0m
2025-11-07T12:26:13.6164959Z shell: C:\Windows\System32\WindowsPowerShell\v1.0\powershell.EXE -command ". '{0}'"
2025-11-07T12:26:13.6165357Z env:
2025-11-07T12:26:13.6165607Z   pythonLocation: C:\hostedtoolcache\windows\Python\3.9.13\x64
2025-11-07T12:26:13.6166027Z   PKG_CONFIG_PATH: C:\hostedtoolcache\windows\Python\3.9.13\x64/lib/pkgconfig
2025-11-07T12:26:13.6166454Z   Python_ROOT_DIR: C:\hostedtoolcache\windows\Python\3.9.13\x64
2025-11-07T12:26:13.6166801Z   Python2_ROOT_DIR: C:\hostedtoolcache\windows\Python\3.9.13\x64
2025-11-07T12:26:13.6167150Z   Python3_ROOT_DIR: C:\hostedtoolcache\windows\Python\3.9.13\x64
2025-11-07T12:26:13.6167424Z ##[endgroup]
2025-11-07T12:26:56.3621801Z ##[group]Run python setup-test-env.py
2025-11-07T12:26:56.3622151Z [36;1mpython setup-test-env.py[0m
2025-11-07T12:26:56.4122290Z shell: C:\Program Files\PowerShell\7\pwsh.EXE -command ". '{0}'"
2025-11-07T12:26:56.4122667Z env:
2025-11-07T12:26:56.4122976Z   pythonLocation: C:\hostedtoolcache\windows\Python\3.9.13\x64
2025-11-07T12:26:56.4123453Z   PKG_CONFIG_PATH: C:\hostedtoolcache\windows\Python\3.9.13\x64/lib/pkgconfig
2025-11-07T12:26:56.4123919Z   Python_ROOT_DIR: C:\hostedtoolcache\windows\Python\3.9.13\x64
2025-11-07T12:26:56.4124351Z   Python2_ROOT_DIR: C:\hostedtoolcache\windows\Python\3.9.13\x64
2025-11-07T12:26:56.4124801Z   Python3_ROOT_DIR: C:\hostedtoolcache\windows\Python\3.9.13\x64
2025-11-07T12:26:56.4125133Z ##[endgroup]
2025-11-07T12:27:21.0937210Z ✗ Failed to upgrade pip:
2025-11-07T12:27:21.0938204Z ERROR: Could not install packages due to an OSError: [WinError 5] Access is denied: 'd:\\a\\requirements-driven-development\\requirements-driven-development\\.venv\\scripts\\pip.exe'
2025-11-07T12:27:21.0939229Z Check the permissions.
2025-11-07T12:27:21.0939430Z 
2025-11-07T12:27:21.0939437Z 
2025-11-07T12:27:21.0939457Z 
2025-11-07T12:27:21.0939577Z ============================================================
2025-11-07T12:27:21.0939961Z   RDD Test Environment Setup
2025-11-07T12:27:21.0940279Z ============================================================
2025-11-07T12:27:21.0940541Z 
2025-11-07T12:27:21.0940757Z ✓ Python 3.9.13 detected
2025-11-07T12:27:21.0940945Z 
2025-11-07T12:27:21.0941321Z Repository root: D:\a\requirements-driven-development\requirements-driven-development
2025-11-07T12:27:21.0941932Z Virtual environment: D:\a\requirements-driven-development\requirements-driven-development\.venv
2025-11-07T12:27:21.0942589Z Requirements file: D:\a\requirements-driven-development\requirements-driven-development\tests\requirements.txt
2025-11-07T12:27:21.0942990Z 
2025-11-07T12:27:21.0943699Z ℹ Creating virtual environment at D:\a\requirements-driven-development\requirements-driven-development\.venv...
2025-11-07T12:27:21.0944632Z ✓ Virtual environment created
2025-11-07T12:27:21.0945042Z ℹ Upgrading pip...
2025-11-07T12:27:21.8808452Z ##[error]Process completed with exit code 1.
2025-11-07T12:27:21.9015222Z Post job cleanup.
2025-11-07T12:27:22.1221035Z [command]"C:\Program Files\Git\bin\git.exe" version
2025-11-07T12:27:22.1481893Z git version 2.51.1.windows.1
2025-11-07T12:27:22.1556433Z Temporarily overriding HOME='D:\a\_temp\86a8c649-aa6b-47e3-88bf-94aed0d36ede' before making global git config changes
2025-11-07T12:27:22.1557344Z Adding repository directory to the temporary git global config as a safe directory
2025-11-07T12:27:22.1568085Z [command]"C:\Program Files\Git\bin\git.exe" config --global --add safe.directory D:\a\requirements-driven-development\requirements-driven-development
2025-11-07T12:27:22.1896765Z [command]"C:\Program Files\Git\bin\git.exe" config --local --name-only --get-regexp core\.sshCommand
2025-11-07T12:27:22.2233877Z [command]"C:\Program Files\Git\bin\git.exe" submodule foreach --recursive "sh -c \"git config --local --name-only --get-regexp 'core\.sshCommand' && git config --local --unset-all 'core.sshCommand' || :\""
2025-11-07T12:27:22.7825197Z [command]"C:\Program Files\Git\bin\git.exe" config --local --name-only --get-regexp http\.https\:\/\/github\.com\/\.extraheader
2025-11-07T12:27:22.8081033Z http.https://github.com/.extraheader
2025-11-07T12:27:22.8127687Z [command]"C:\Program Files\Git\bin\git.exe" config --local --unset-all http.https://github.com/.extraheader
2025-11-07T12:27:22.8427794Z [command]"C:\Program Files\Git\bin\git.exe" submodule foreach --recursive "sh -c \"git config --local --name-only --get-regexp 'http\.https\:\/\/github\.com\/\.extraheader' && git config --local --unset-all 'http.https://github.com/.extraheader' || :\""
2025-11-07T12:27:23.4014768Z Cleaning up orphan processes
