2025-11-07T12:41:00.5892110Z Current runner version: '2.329.0'
2025-11-07T12:41:00.6102232Z ##[group]Runner Image Provisioner
2025-11-07T12:41:00.6103456Z Hosted Compute Agent
2025-11-07T12:41:00.6104532Z Version: 20251016.436
2025-11-07T12:41:00.6105430Z Commit: 8ab8ac8bfd662a3739dab9fe09456aba92132568
2025-11-07T12:41:00.6106453Z Build Date: 2025-10-15T20:44:12Z
2025-11-07T12:41:00.6107247Z ##[endgroup]
2025-11-07T12:41:00.6108031Z ##[group]Operating System
2025-11-07T12:41:00.6108861Z Microsoft Windows Server 2025
2025-11-07T12:41:00.6109690Z 10.0.26100
2025-11-07T12:41:00.6110278Z Datacenter
2025-11-07T12:41:00.6111080Z ##[endgroup]
2025-11-07T12:41:00.6111742Z ##[group]Runner Image
2025-11-07T12:41:00.6112473Z Image: windows-2025
2025-11-07T12:41:00.6113205Z Version: 20251021.67.1
2025-11-07T12:41:00.6114752Z Included Software: https://github.com/actions/runner-images/blob/win25/20251021.67/images/windows/Windows2025-Readme.md
2025-11-07T12:41:00.6117433Z Image Release: https://github.com/actions/runner-images/releases/tag/win25%2F20251021.67
2025-11-07T12:41:00.6118844Z ##[endgroup]
2025-11-07T12:41:00.6120492Z ##[group]GITHUB_TOKEN Permissions
2025-11-07T12:41:00.6122732Z Contents: read
2025-11-07T12:41:00.6123434Z Metadata: read
2025-11-07T12:41:00.6124150Z Packages: read
2025-11-07T12:41:00.6125204Z ##[endgroup]
2025-11-07T12:41:00.6127888Z Secret source: Actions
2025-11-07T12:41:00.6128811Z Prepare workflow directory
2025-11-07T12:41:00.7123640Z Prepare all required actions
2025-11-07T12:41:00.7160956Z Getting action download info
2025-11-07T12:41:01.0376889Z Download action repository 'actions/checkout@v4' (SHA:08eba0b27e820071cde6df949e0beb9ba4906955)
2025-11-07T12:41:01.2058639Z Download action repository 'actions/setup-python@v5' (SHA:a26af69be951a213d495a4c3e4e4022e16d87065)
2025-11-07T12:41:01.4973603Z Complete job name: All Tests (Windows)
2025-11-07T12:41:01.6340684Z ##[group]Run actions/checkout@v4
2025-11-07T12:41:01.6341686Z with:
2025-11-07T12:41:01.6342170Z   repository: h111359/requirements-driven-development
2025-11-07T12:41:01.6343028Z   token: ***
2025-11-07T12:41:01.6343405Z   ssh-strict: true
2025-11-07T12:41:01.6343797Z   ssh-user: git
2025-11-07T12:41:01.6344187Z   persist-credentials: true
2025-11-07T12:41:01.6344632Z   clean: true
2025-11-07T12:41:01.6345039Z   sparse-checkout-cone-mode: true
2025-11-07T12:41:01.6345522Z   fetch-depth: 1
2025-11-07T12:41:01.6345914Z   fetch-tags: false
2025-11-07T12:41:01.6346315Z   show-progress: true
2025-11-07T12:41:01.6346733Z   lfs: false
2025-11-07T12:41:01.6347074Z   submodules: false
2025-11-07T12:41:01.6347485Z   set-safe-directory: true
2025-11-07T12:41:01.6348131Z ##[endgroup]
2025-11-07T12:41:01.8131877Z Syncing repository: h111359/requirements-driven-development
2025-11-07T12:41:01.8134465Z ##[group]Getting Git version info
2025-11-07T12:41:01.8135842Z Working directory is 'D:\a\requirements-driven-development\requirements-driven-development'
2025-11-07T12:41:01.9449361Z [command]"C:\Program Files\Git\bin\git.exe" version
2025-11-07T12:41:02.3176812Z git version 2.51.1.windows.1
2025-11-07T12:41:02.3233849Z ##[endgroup]
2025-11-07T12:41:02.3257589Z Temporarily overriding HOME='D:\a\_temp\caabf311-3bdc-424a-959f-04267b598a25' before making global git config changes
2025-11-07T12:41:02.3261091Z Adding repository directory to the temporary git global config as a safe directory
2025-11-07T12:41:02.3271813Z [command]"C:\Program Files\Git\bin\git.exe" config --global --add safe.directory D:\a\requirements-driven-development\requirements-driven-development
2025-11-07T12:41:02.3880693Z Deleting the contents of 'D:\a\requirements-driven-development\requirements-driven-development'
2025-11-07T12:41:02.3888047Z ##[group]Initializing the repository
2025-11-07T12:41:02.3899445Z [command]"C:\Program Files\Git\bin\git.exe" init D:\a\requirements-driven-development\requirements-driven-development
2025-11-07T12:41:02.4693713Z Initialized empty Git repository in D:/a/requirements-driven-development/requirements-driven-development/.git/
2025-11-07T12:41:02.4754338Z [command]"C:\Program Files\Git\bin\git.exe" remote add origin https://github.com/h111359/requirements-driven-development
2025-11-07T12:41:02.5467733Z ##[endgroup]
2025-11-07T12:41:02.5470137Z ##[group]Disabling automatic garbage collection
2025-11-07T12:41:02.5483901Z [command]"C:\Program Files\Git\bin\git.exe" config --local gc.auto 0
2025-11-07T12:41:02.5838208Z ##[endgroup]
2025-11-07T12:41:02.5839697Z ##[group]Setting up auth
2025-11-07T12:41:02.5852311Z [command]"C:\Program Files\Git\bin\git.exe" config --local --name-only --get-regexp core\.sshCommand
2025-11-07T12:41:02.6191627Z [command]"C:\Program Files\Git\bin\git.exe" submodule foreach --recursive "sh -c \"git config --local --name-only --get-regexp 'core\.sshCommand' && git config --local --unset-all 'core.sshCommand' || :\""
2025-11-07T12:41:05.4621531Z [command]"C:\Program Files\Git\bin\git.exe" config --local --name-only --get-regexp http\.https\:\/\/github\.com\/\.extraheader
2025-11-07T12:41:05.4978651Z [command]"C:\Program Files\Git\bin\git.exe" submodule foreach --recursive "sh -c \"git config --local --name-only --get-regexp 'http\.https\:\/\/github\.com\/\.extraheader' && git config --local --unset-all 'http.https://github.com/.extraheader' || :\""
2025-11-07T12:41:06.0931327Z [command]"C:\Program Files\Git\bin\git.exe" config --local http.https://github.com/.extraheader "AUTHORIZATION: basic ***"
2025-11-07T12:41:06.1282886Z ##[endgroup]
2025-11-07T12:41:06.1283804Z ##[group]Fetching the repository
2025-11-07T12:41:06.1299686Z [command]"C:\Program Files\Git\bin\git.exe" -c protocol.version=2 fetch --no-tags --prune --no-recurse-submodules --depth=1 origin +4dba95e3cc05a05d7ad21daaa0a1f92e3040a3ce:refs/remotes/pull/53/merge
2025-11-07T12:41:07.3680488Z From https://github.com/h111359/requirements-driven-development
2025-11-07T12:41:07.3684111Z  * [new ref]         4dba95e3cc05a05d7ad21daaa0a1f92e3040a3ce -> pull/53/merge
2025-11-07T12:41:07.4137571Z ##[endgroup]
2025-11-07T12:41:07.4138269Z ##[group]Determining the checkout info
2025-11-07T12:41:07.4140615Z ##[endgroup]
2025-11-07T12:41:07.4152498Z [command]"C:\Program Files\Git\bin\git.exe" sparse-checkout disable
2025-11-07T12:41:07.4631518Z [command]"C:\Program Files\Git\bin\git.exe" config --local --unset-all extensions.worktreeConfig
2025-11-07T12:41:07.4967861Z ##[group]Checking out the ref
2025-11-07T12:41:07.4981733Z [command]"C:\Program Files\Git\bin\git.exe" checkout --progress --force refs/remotes/pull/53/merge
2025-11-07T12:41:07.6330250Z Note: switching to 'refs/remotes/pull/53/merge'.
2025-11-07T12:41:07.6330698Z 
2025-11-07T12:41:07.6331006Z You are in 'detached HEAD' state. You can look around, make experimental
2025-11-07T12:41:07.6331723Z changes and commit them, and you can discard any commits you make in this
2025-11-07T12:41:07.6332485Z state without impacting any branches by switching back to a branch.
2025-11-07T12:41:07.6332923Z 
2025-11-07T12:41:07.6333215Z If you want to create a new branch to retain commits you create, you may
2025-11-07T12:41:07.6334178Z do so (now or later) by using -c with the switch command. Example:
2025-11-07T12:41:07.6334960Z 
2025-11-07T12:41:07.6335186Z   git switch -c <new-branch-name>
2025-11-07T12:41:07.6335479Z 
2025-11-07T12:41:07.6335631Z Or undo this operation with:
2025-11-07T12:41:07.6335902Z 
2025-11-07T12:41:07.6336039Z   git switch -
2025-11-07T12:41:07.6336300Z 
2025-11-07T12:41:07.6336638Z Turn off this advice by setting config variable advice.detachedHead to false
2025-11-07T12:41:07.6337101Z 
2025-11-07T12:41:07.6337656Z HEAD is now at 4dba95e Merge 5a402d0317fa17e2462cf84e5aed6583bb6d29db into ad751367b0c9a6c17544dd7edb9b3fb764dac4a9
2025-11-07T12:41:07.6377454Z ##[endgroup]
2025-11-07T12:41:07.7000499Z [command]"C:\Program Files\Git\bin\git.exe" log -1 --format=%H
2025-11-07T12:41:07.7406285Z 4dba95e3cc05a05d7ad21daaa0a1f92e3040a3ce
2025-11-07T12:41:07.7927446Z ##[group]Run actions/setup-python@v5
2025-11-07T12:41:07.7927772Z with:
2025-11-07T12:41:07.7928681Z   python-version: 3.9
2025-11-07T12:41:07.7928892Z   check-latest: false
2025-11-07T12:41:07.7929217Z   token: ***
2025-11-07T12:41:07.7929390Z   update-environment: true
2025-11-07T12:41:07.7929600Z   allow-prereleases: false
2025-11-07T12:41:07.7929785Z   freethreaded: false
2025-11-07T12:41:07.7929963Z ##[endgroup]
2025-11-07T12:41:08.0337861Z ##[group]Installed versions
2025-11-07T12:41:08.0711877Z Successfully set up CPython (3.9.13)
2025-11-07T12:41:08.0713937Z ##[endgroup]
2025-11-07T12:41:08.1037493Z ##[group]Run Install-Module -Name Pester -Force -SkipPublisherCheck
2025-11-07T12:41:08.1038059Z [36;1mInstall-Module -Name Pester -Force -SkipPublisherCheck[0m
2025-11-07T12:41:08.1755967Z shell: C:\Windows\System32\WindowsPowerShell\v1.0\powershell.EXE -command ". '{0}'"
2025-11-07T12:41:08.1756481Z env:
2025-11-07T12:41:08.1756790Z   pythonLocation: C:\hostedtoolcache\windows\Python\3.9.13\x64
2025-11-07T12:41:08.1757334Z   PKG_CONFIG_PATH: C:\hostedtoolcache\windows\Python\3.9.13\x64/lib/pkgconfig
2025-11-07T12:41:08.1757882Z   Python_ROOT_DIR: C:\hostedtoolcache\windows\Python\3.9.13\x64
2025-11-07T12:41:08.1758343Z   Python2_ROOT_DIR: C:\hostedtoolcache\windows\Python\3.9.13\x64
2025-11-07T12:41:08.1758812Z   Python3_ROOT_DIR: C:\hostedtoolcache\windows\Python\3.9.13\x64
2025-11-07T12:41:08.1759183Z ##[endgroup]
2025-11-07T12:41:21.8380814Z ##[group]Run python setup-test-env.py
2025-11-07T12:41:21.8381176Z [36;1mpython setup-test-env.py[0m
2025-11-07T12:41:21.8650888Z shell: C:\Program Files\PowerShell\7\pwsh.EXE -command ". '{0}'"
2025-11-07T12:41:21.8651322Z env:
2025-11-07T12:41:21.8651676Z   pythonLocation: C:\hostedtoolcache\windows\Python\3.9.13\x64
2025-11-07T12:41:21.8652250Z   PKG_CONFIG_PATH: C:\hostedtoolcache\windows\Python\3.9.13\x64/lib/pkgconfig
2025-11-07T12:41:21.8652807Z   Python_ROOT_DIR: C:\hostedtoolcache\windows\Python\3.9.13\x64
2025-11-07T12:41:21.8653316Z   Python2_ROOT_DIR: C:\hostedtoolcache\windows\Python\3.9.13\x64
2025-11-07T12:41:21.8653851Z   Python3_ROOT_DIR: C:\hostedtoolcache\windows\Python\3.9.13\x64
2025-11-07T12:41:21.8654254Z ##[endgroup]
2025-11-07T12:41:45.1788249Z 
2025-11-07T12:41:45.1788888Z ============================================================
2025-11-07T12:41:45.1789361Z   RDD Test Environment Setup
2025-11-07T12:41:45.1791183Z ============================================================
2025-11-07T12:41:45.1791534Z 
2025-11-07T12:41:45.1794578Z ✓ Python 3.9.13 detected
2025-11-07T12:41:45.1794804Z 
2025-11-07T12:41:45.1795186Z Repository root: D:\a\requirements-driven-development\requirements-driven-development
2025-11-07T12:41:45.1796209Z Virtual environment: D:\a\requirements-driven-development\requirements-driven-development\.venv
2025-11-07T12:41:45.1797739Z Requirements file: D:\a\requirements-driven-development\requirements-driven-development\tests\requirements.txt
2025-11-07T12:41:45.1798511Z 
2025-11-07T12:41:45.1799222Z ℹ Creating virtual environment at D:\a\requirements-driven-development\requirements-driven-development\.venv...
2025-11-07T12:41:45.1800064Z ✓ Virtual environment created
2025-11-07T12:41:45.1800447Z ℹ Upgrading pip...
2025-11-07T12:41:45.1800769Z ✓ pip upgraded
2025-11-07T12:41:45.1801246Z ℹ Installing/updating test dependencies...
2025-11-07T12:41:45.1801777Z ✓ Test dependencies installed/updated
2025-11-07T12:41:45.1802089Z 
2025-11-07T12:41:45.1802228Z ============================================================
2025-11-07T12:41:45.1802707Z Setup completed successfully!
2025-11-07T12:41:45.1803089Z ============================================================
2025-11-07T12:41:45.1803424Z 
2025-11-07T12:41:45.1803577Z To activate the virtual environment:
2025-11-07T12:41:45.1804584Z   D:\a\requirements-driven-development\requirements-driven-development\.venv\Scripts\activate          (Command Prompt)
2025-11-07T12:41:45.1805864Z   D:\a\requirements-driven-development\requirements-driven-development\.venv\Scripts\Activate.ps1      (PowerShell)
2025-11-07T12:41:45.1807138Z 
2025-11-07T12:41:45.1807264Z To run tests:
2025-11-07T12:41:45.1807599Z   pytest tests/python/
2025-11-07T12:41:45.1807825Z 
2025-11-07T12:41:45.1807938Z To deactivate:
2025-11-07T12:41:45.1808205Z   deactivate
2025-11-07T12:41:45.1808359Z 
2025-11-07T12:41:46.0246609Z ##[group]Run .\scripts\run-tests.ps1
2025-11-07T12:41:46.0246952Z [36;1m.\scripts\run-tests.ps1[0m
2025-11-07T12:41:46.0307618Z shell: C:\Windows\System32\WindowsPowerShell\v1.0\powershell.EXE -command ". '{0}'"
2025-11-07T12:41:46.0308000Z env:
2025-11-07T12:41:46.0308238Z   pythonLocation: C:\hostedtoolcache\windows\Python\3.9.13\x64
2025-11-07T12:41:46.0308651Z   PKG_CONFIG_PATH: C:\hostedtoolcache\windows\Python\3.9.13\x64/lib/pkgconfig
2025-11-07T12:41:46.0309042Z   Python_ROOT_DIR: C:\hostedtoolcache\windows\Python\3.9.13\x64
2025-11-07T12:41:46.0309424Z   Python2_ROOT_DIR: C:\hostedtoolcache\windows\Python\3.9.13\x64
2025-11-07T12:41:46.0309797Z   Python3_ROOT_DIR: C:\hostedtoolcache\windows\Python\3.9.13\x64
2025-11-07T12:41:46.0310090Z ##[endgroup]
2025-11-07T12:41:46.4033394Z 
2025-11-07T12:41:46.4048690Z ============================================================
2025-11-07T12:41:46.4068125Z   RDD Framework Test Runner (Windows)
2025-11-07T12:41:46.4077202Z ============================================================
2025-11-07T12:41:46.4081069Z 
2025-11-07T12:41:47.3385670Z Print-Info : The term 'Print-Info' is not recognized as the name of a cmdlet, function, script file, or operable 
2025-11-07T12:41:47.3387138Z program. Check the spelling of the name, or if a path was included, verify that the path is correct and try again.
2025-11-07T12:41:47.3388366Z At D:\a\requirements-driven-development\requirements-driven-development\scripts\run-tests.ps1:59 char:1
2025-11-07T12:41:47.3388991Z + Print-Info "Checking prerequisites..."
2025-11-07T12:41:47.3389240Z + ~~~~~~~~~~
2025-11-07T12:41:47.3389601Z     + CategoryInfo          : ObjectNotFound: (Print-Info:String) [], ParentContainsErrorRecordException
2025-11-07T12:41:47.3390093Z     + FullyQualifiedErrorId : CommandNotFoundException
2025-11-07T12:41:47.3390352Z  
2025-11-07T12:41:47.3592298Z ##[error]Process completed with exit code 1.
2025-11-07T12:41:47.3799557Z Post job cleanup.
2025-11-07T12:41:47.6183936Z [command]"C:\Program Files\Git\bin\git.exe" version
2025-11-07T12:41:47.6460490Z git version 2.51.1.windows.1
2025-11-07T12:41:47.6542059Z Temporarily overriding HOME='D:\a\_temp\916360ab-616d-47d2-ba81-9994289e0ed6' before making global git config changes
2025-11-07T12:41:47.6542946Z Adding repository directory to the temporary git global config as a safe directory
2025-11-07T12:41:47.6553536Z [command]"C:\Program Files\Git\bin\git.exe" config --global --add safe.directory D:\a\requirements-driven-development\requirements-driven-development
2025-11-07T12:41:47.6873150Z [command]"C:\Program Files\Git\bin\git.exe" config --local --name-only --get-regexp core\.sshCommand
2025-11-07T12:41:47.7186051Z [command]"C:\Program Files\Git\bin\git.exe" submodule foreach --recursive "sh -c \"git config --local --name-only --get-regexp 'core\.sshCommand' && git config --local --unset-all 'core.sshCommand' || :\""
2025-11-07T12:41:48.2805161Z [command]"C:\Program Files\Git\bin\git.exe" config --local --name-only --get-regexp http\.https\:\/\/github\.com\/\.extraheader
2025-11-07T12:41:48.3060638Z http.https://github.com/.extraheader
2025-11-07T12:41:48.3107995Z [command]"C:\Program Files\Git\bin\git.exe" config --local --unset-all http.https://github.com/.extraheader
2025-11-07T12:41:48.3417870Z [command]"C:\Program Files\Git\bin\git.exe" submodule foreach --recursive "sh -c \"git config --local --name-only --get-regexp 'http\.https\:\/\/github\.com\/\.extraheader' && git config --local --unset-all 'http.https://github.com/.extraheader' || :\""
2025-11-07T12:41:48.8973901Z Cleaning up orphan processes
