2025-11-07T12:22:16.5634090Z Current runner version: '2.329.0'
2025-11-07T12:22:16.5659608Z ##[group]Runner Image Provisioner
2025-11-07T12:22:16.5660510Z Hosted Compute Agent
2025-11-07T12:22:16.5661313Z Version: 20251016.436
2025-11-07T12:22:16.5661975Z Commit: 8ab8ac8bfd662a3739dab9fe09456aba92132568
2025-11-07T12:22:16.5663144Z Build Date: 2025-10-15T20:44:12Z
2025-11-07T12:22:16.5663899Z ##[endgroup]
2025-11-07T12:22:16.5664483Z ##[group]Operating System
2025-11-07T12:22:16.5665181Z Ubuntu
2025-11-07T12:22:16.5665731Z 24.04.3
2025-11-07T12:22:16.5666272Z LTS
2025-11-07T12:22:16.5666796Z ##[endgroup]
2025-11-07T12:22:16.5667395Z ##[group]Runner Image
2025-11-07T12:22:16.5667998Z Image: ubuntu-24.04
2025-11-07T12:22:16.5668580Z Version: 20251030.96.2
2025-11-07T12:22:16.5669836Z Included Software: https://github.com/actions/runner-images/blob/ubuntu24/20251030.96/images/ubuntu/Ubuntu2404-Readme.md
2025-11-07T12:22:16.5671715Z Image Release: https://github.com/actions/runner-images/releases/tag/ubuntu24%2F20251030.96
2025-11-07T12:22:16.5673287Z ##[endgroup]
2025-11-07T12:22:16.5674547Z ##[group]GITHUB_TOKEN Permissions
2025-11-07T12:22:16.5676599Z Contents: read
2025-11-07T12:22:16.5677424Z Metadata: read
2025-11-07T12:22:16.5677984Z Packages: read
2025-11-07T12:22:16.5678572Z ##[endgroup]
2025-11-07T12:22:16.5680662Z Secret source: Actions
2025-11-07T12:22:16.5681419Z Prepare workflow directory
2025-11-07T12:22:16.6013991Z Prepare all required actions
2025-11-07T12:22:16.6053761Z Getting action download info
2025-11-07T12:22:16.9321706Z Download action repository 'actions/checkout@v4' (SHA:08eba0b27e820071cde6df949e0beb9ba4906955)
2025-11-07T12:22:17.0624627Z Download action repository 'actions/setup-python@v5' (SHA:a26af69be951a213d495a4c3e4e4022e16d87065)
2025-11-07T12:22:17.1814594Z Download action repository 'codecov/codecov-action@v4' (SHA:b9fd7d16f6d7d1b5d2bec1a2887e65ceed900238)
2025-11-07T12:22:17.4730769Z Complete job name: All Tests (Linux)
2025-11-07T12:22:17.5459046Z ##[group]Run actions/checkout@v4
2025-11-07T12:22:17.5459897Z with:
2025-11-07T12:22:17.5460398Z   repository: h111359/requirements-driven-development
2025-11-07T12:22:17.5461179Z   token: ***
2025-11-07T12:22:17.5461575Z   ssh-strict: true
2025-11-07T12:22:17.5461976Z   ssh-user: git
2025-11-07T12:22:17.5462591Z   persist-credentials: true
2025-11-07T12:22:17.5463062Z   clean: true
2025-11-07T12:22:17.5463481Z   sparse-checkout-cone-mode: true
2025-11-07T12:22:17.5463987Z   fetch-depth: 1
2025-11-07T12:22:17.5464388Z   fetch-tags: false
2025-11-07T12:22:17.5464814Z   show-progress: true
2025-11-07T12:22:17.5465228Z   lfs: false
2025-11-07T12:22:17.5465615Z   submodules: false
2025-11-07T12:22:17.5466033Z   set-safe-directory: true
2025-11-07T12:22:17.5466741Z ##[endgroup]
2025-11-07T12:22:17.6638475Z Syncing repository: h111359/requirements-driven-development
2025-11-07T12:22:17.6641431Z ##[group]Getting Git version info
2025-11-07T12:22:17.6643482Z Working directory is '/home/runner/work/requirements-driven-development/requirements-driven-development'
2025-11-07T12:22:17.6645858Z [command]/usr/bin/git version
2025-11-07T12:22:17.6738545Z git version 2.51.2
2025-11-07T12:22:17.6767254Z ##[endgroup]
2025-11-07T12:22:17.6780835Z Temporarily overriding HOME='/home/runner/work/_temp/ec556a5b-c0d8-42ed-ab7d-0088f59fe2e4' before making global git config changes
2025-11-07T12:22:17.6782718Z Adding repository directory to the temporary git global config as a safe directory
2025-11-07T12:22:17.6786661Z [command]/usr/bin/git config --global --add safe.directory /home/runner/work/requirements-driven-development/requirements-driven-development
2025-11-07T12:22:17.6830247Z Deleting the contents of '/home/runner/work/requirements-driven-development/requirements-driven-development'
2025-11-07T12:22:17.6835346Z ##[group]Initializing the repository
2025-11-07T12:22:17.6841746Z [command]/usr/bin/git init /home/runner/work/requirements-driven-development/requirements-driven-development
2025-11-07T12:22:17.6980845Z hint: Using 'master' as the name for the initial branch. This default branch name
2025-11-07T12:22:17.6983038Z hint: is subject to change. To configure the initial branch name to use in all
2025-11-07T12:22:17.6985148Z hint: of your new repositories, which will suppress this warning, call:
2025-11-07T12:22:17.6986155Z hint:
2025-11-07T12:22:17.6987114Z hint: 	git config --global init.defaultBranch <name>
2025-11-07T12:22:17.6988986Z hint:
2025-11-07T12:22:17.6990474Z hint: Names commonly chosen instead of 'master' are 'main', 'trunk' and
2025-11-07T12:22:17.6993262Z hint: 'development'. The just-created branch can be renamed via this command:
2025-11-07T12:22:17.6995354Z hint:
2025-11-07T12:22:17.6996434Z hint: 	git branch -m <name>
2025-11-07T12:22:17.6997745Z hint:
2025-11-07T12:22:17.6998971Z hint: Disable this message with "git config set advice.defaultBranchName false"
2025-11-07T12:22:17.7001853Z Initialized empty Git repository in /home/runner/work/requirements-driven-development/requirements-driven-development/.git/
2025-11-07T12:22:17.7006388Z [command]/usr/bin/git remote add origin https://github.com/h111359/requirements-driven-development
2025-11-07T12:22:17.7043478Z ##[endgroup]
2025-11-07T12:22:17.7045095Z ##[group]Disabling automatic garbage collection
2025-11-07T12:22:17.7048585Z [command]/usr/bin/git config --local gc.auto 0
2025-11-07T12:22:17.7081399Z ##[endgroup]
2025-11-07T12:22:17.7083094Z ##[group]Setting up auth
2025-11-07T12:22:17.7089637Z [command]/usr/bin/git config --local --name-only --get-regexp core\.sshCommand
2025-11-07T12:22:17.7123693Z [command]/usr/bin/git submodule foreach --recursive sh -c "git config --local --name-only --get-regexp 'core\.sshCommand' && git config --local --unset-all 'core.sshCommand' || :"
2025-11-07T12:22:17.7527194Z [command]/usr/bin/git config --local --name-only --get-regexp http\.https\:\/\/github\.com\/\.extraheader
2025-11-07T12:22:17.7563830Z [command]/usr/bin/git submodule foreach --recursive sh -c "git config --local --name-only --get-regexp 'http\.https\:\/\/github\.com\/\.extraheader' && git config --local --unset-all 'http.https://github.com/.extraheader' || :"
2025-11-07T12:22:17.7805320Z [command]/usr/bin/git config --local http.https://github.com/.extraheader AUTHORIZATION: basic ***
2025-11-07T12:22:17.7843164Z ##[endgroup]
2025-11-07T12:22:17.7844220Z ##[group]Fetching the repository
2025-11-07T12:22:17.7853058Z [command]/usr/bin/git -c protocol.version=2 fetch --no-tags --prune --no-recurse-submodules --depth=1 origin +976bbfba0b3770fdca02cbf812b45db2d87e75e7:refs/remotes/pull/53/merge
2025-11-07T12:22:18.0041338Z From https://github.com/h111359/requirements-driven-development
2025-11-07T12:22:18.0043566Z  * [new ref]         976bbfba0b3770fdca02cbf812b45db2d87e75e7 -> pull/53/merge
2025-11-07T12:22:18.0081956Z ##[endgroup]
2025-11-07T12:22:18.0083917Z ##[group]Determining the checkout info
2025-11-07T12:22:18.0086034Z ##[endgroup]
2025-11-07T12:22:18.0091615Z [command]/usr/bin/git sparse-checkout disable
2025-11-07T12:22:18.0138365Z [command]/usr/bin/git config --local --unset-all extensions.worktreeConfig
2025-11-07T12:22:18.0170304Z ##[group]Checking out the ref
2025-11-07T12:22:18.0175262Z [command]/usr/bin/git checkout --progress --force refs/remotes/pull/53/merge
2025-11-07T12:22:18.0387817Z Note: switching to 'refs/remotes/pull/53/merge'.
2025-11-07T12:22:18.0388603Z 
2025-11-07T12:22:18.0389138Z You are in 'detached HEAD' state. You can look around, make experimental
2025-11-07T12:22:18.0390390Z changes and commit them, and you can discard any commits you make in this
2025-11-07T12:22:18.0391650Z state without impacting any branches by switching back to a branch.
2025-11-07T12:22:18.0392579Z 
2025-11-07T12:22:18.0393142Z If you want to create a new branch to retain commits you create, you may
2025-11-07T12:22:18.0394342Z do so (now or later) by using -c with the switch command. Example:
2025-11-07T12:22:18.0395193Z 
2025-11-07T12:22:18.0395525Z   git switch -c <new-branch-name>
2025-11-07T12:22:18.0396064Z 
2025-11-07T12:22:18.0396406Z Or undo this operation with:
2025-11-07T12:22:18.0396882Z 
2025-11-07T12:22:18.0397387Z   git switch -
2025-11-07T12:22:18.0397872Z 
2025-11-07T12:22:18.0398531Z Turn off this advice by setting config variable advice.detachedHead to false
2025-11-07T12:22:18.0399604Z 
2025-11-07T12:22:18.0400684Z HEAD is now at 976bbfb Merge 6bba0d99a2b56f20cf879d7299f569efed2a9318 into ad751367b0c9a6c17544dd7edb9b3fb764dac4a9
2025-11-07T12:22:18.0404065Z ##[endgroup]
2025-11-07T12:22:18.0434254Z [command]/usr/bin/git log -1 --format=%H
2025-11-07T12:22:18.0459115Z 976bbfba0b3770fdca02cbf812b45db2d87e75e7
2025-11-07T12:22:18.0779705Z ##[group]Run actions/setup-python@v5
2025-11-07T12:22:18.0780828Z with:
2025-11-07T12:22:18.0781557Z   python-version: 3.9
2025-11-07T12:22:18.0782570Z   check-latest: false
2025-11-07T12:22:18.0783712Z   token: ***
2025-11-07T12:22:18.0784502Z   update-environment: true
2025-11-07T12:22:18.0785455Z   allow-prereleases: false
2025-11-07T12:22:18.0786408Z   freethreaded: false
2025-11-07T12:22:18.0787224Z ##[endgroup]
2025-11-07T12:22:18.2540545Z ##[group]Installed versions
2025-11-07T12:22:18.3340799Z Successfully set up CPython (3.9.24)
2025-11-07T12:22:18.3344440Z ##[endgroup]
2025-11-07T12:22:18.3495914Z ##[group]Run sudo apt-get update
2025-11-07T12:22:18.3497073Z [36;1msudo apt-get update[0m
2025-11-07T12:22:18.3498137Z [36;1msudo apt-get install -y bats[0m
2025-11-07T12:22:18.3888571Z shell: /usr/bin/bash -e {0}
2025-11-07T12:22:18.3976708Z env:
2025-11-07T12:22:18.3977900Z   pythonLocation: /opt/hostedtoolcache/Python/3.9.24/x64
2025-11-07T12:22:18.3979650Z   PKG_CONFIG_PATH: /opt/hostedtoolcache/Python/3.9.24/x64/lib/pkgconfig
2025-11-07T12:22:18.3981252Z   Python_ROOT_DIR: /opt/hostedtoolcache/Python/3.9.24/x64
2025-11-07T12:22:18.3983010Z   Python2_ROOT_DIR: /opt/hostedtoolcache/Python/3.9.24/x64
2025-11-07T12:22:18.3984504Z   Python3_ROOT_DIR: /opt/hostedtoolcache/Python/3.9.24/x64
2025-11-07T12:22:18.3985963Z   LD_LIBRARY_PATH: /opt/hostedtoolcache/Python/3.9.24/x64/lib
2025-11-07T12:22:18.3987203Z ##[endgroup]
2025-11-07T12:22:18.6324456Z Get:1 file:/etc/apt/apt-mirrors.txt Mirrorlist [144 B]
2025-11-07T12:22:18.6769073Z Hit:2 http://azure.archive.ubuntu.com/ubuntu noble InRelease
2025-11-07T12:22:18.6781175Z Get:6 https://packages.microsoft.com/repos/azure-cli noble InRelease [3564 B]
2025-11-07T12:22:18.6822889Z Get:7 https://packages.microsoft.com/ubuntu/24.04/prod noble InRelease [3600 B]
2025-11-07T12:22:18.6870110Z Get:3 http://azure.archive.ubuntu.com/ubuntu noble-updates InRelease [126 kB]
2025-11-07T12:22:18.6931074Z Get:4 http://azure.archive.ubuntu.com/ubuntu noble-backports InRelease [126 kB]
2025-11-07T12:22:18.6998030Z Get:5 http://azure.archive.ubuntu.com/ubuntu noble-security InRelease [126 kB]
2025-11-07T12:22:18.8643379Z Get:8 https://packages.microsoft.com/repos/azure-cli noble/main amd64 Packages [1700 B]
2025-11-07T12:22:18.9254889Z Get:9 https://packages.microsoft.com/ubuntu/24.04/prod noble/main armhf Packages [11.2 kB]
2025-11-07T12:22:18.9411711Z Get:10 https://packages.microsoft.com/ubuntu/24.04/prod noble/main arm64 Packages [49.6 kB]
2025-11-07T12:22:18.9492276Z Get:11 https://packages.microsoft.com/ubuntu/24.04/prod noble/main amd64 Packages [66.8 kB]
2025-11-07T12:22:18.9646296Z Get:12 http://azure.archive.ubuntu.com/ubuntu noble-updates/main amd64 Packages [1585 kB]
2025-11-07T12:22:18.9777425Z Get:13 http://azure.archive.ubuntu.com/ubuntu noble-updates/main Translation-en [299 kB]
2025-11-07T12:22:18.9819052Z Get:14 http://azure.archive.ubuntu.com/ubuntu noble-updates/main amd64 Components [175 kB]
2025-11-07T12:22:18.9831952Z Get:15 http://azure.archive.ubuntu.com/ubuntu noble-updates/main amd64 c-n-f Metadata [15.7 kB]
2025-11-07T12:22:18.9845920Z Get:16 http://azure.archive.ubuntu.com/ubuntu noble-updates/universe amd64 Packages [1498 kB]
2025-11-07T12:22:18.9951127Z Get:17 http://azure.archive.ubuntu.com/ubuntu noble-updates/universe Translation-en [303 kB]
2025-11-07T12:22:19.0001688Z Get:18 http://azure.archive.ubuntu.com/ubuntu noble-updates/universe amd64 Components [377 kB]
2025-11-07T12:22:19.0034926Z Get:19 http://azure.archive.ubuntu.com/ubuntu noble-updates/universe amd64 c-n-f Metadata [31.4 kB]
2025-11-07T12:22:19.0054513Z Get:20 http://azure.archive.ubuntu.com/ubuntu noble-updates/restricted amd64 Packages [2244 kB]
2025-11-07T12:22:19.0190922Z Get:21 http://azure.archive.ubuntu.com/ubuntu noble-updates/restricted Translation-en [509 kB]
2025-11-07T12:22:19.0657369Z Get:22 http://azure.archive.ubuntu.com/ubuntu noble-updates/restricted amd64 Components [212 B]
2025-11-07T12:22:19.0671281Z Get:23 http://azure.archive.ubuntu.com/ubuntu noble-updates/multiverse amd64 Components [940 B]
2025-11-07T12:22:19.0687900Z Get:24 http://azure.archive.ubuntu.com/ubuntu noble-backports/main amd64 Components [7136 B]
2025-11-07T12:22:19.0712918Z Get:25 http://azure.archive.ubuntu.com/ubuntu noble-backports/universe amd64 Components [11.0 kB]
2025-11-07T12:22:19.0722973Z Get:26 http://azure.archive.ubuntu.com/ubuntu noble-backports/restricted amd64 Components [216 B]
2025-11-07T12:22:19.0737394Z Get:27 http://azure.archive.ubuntu.com/ubuntu noble-backports/multiverse amd64 Components [212 B]
2025-11-07T12:22:19.0949240Z Get:28 http://azure.archive.ubuntu.com/ubuntu noble-security/main amd64 Packages [1305 kB]
2025-11-07T12:22:19.1051748Z Get:29 http://azure.archive.ubuntu.com/ubuntu noble-security/main Translation-en [215 kB]
2025-11-07T12:22:19.1072999Z Get:30 http://azure.archive.ubuntu.com/ubuntu noble-security/main amd64 Components [21.5 kB]
2025-11-07T12:22:19.1086980Z Get:31 http://azure.archive.ubuntu.com/ubuntu noble-security/main amd64 c-n-f Metadata [9336 B]
2025-11-07T12:22:19.1102775Z Get:32 http://azure.archive.ubuntu.com/ubuntu noble-security/universe amd64 Packages [906 kB]
2025-11-07T12:22:19.1159364Z Get:33 http://azure.archive.ubuntu.com/ubuntu noble-security/universe Translation-en [203 kB]
2025-11-07T12:22:19.1186860Z Get:34 http://azure.archive.ubuntu.com/ubuntu noble-security/universe amd64 Components [52.2 kB]
2025-11-07T12:22:19.1202633Z Get:35 http://azure.archive.ubuntu.com/ubuntu noble-security/universe amd64 c-n-f Metadata [19.4 kB]
2025-11-07T12:22:19.1688842Z Get:36 http://azure.archive.ubuntu.com/ubuntu noble-security/restricted amd64 Packages [2135 kB]
2025-11-07T12:22:19.1804373Z Get:37 http://azure.archive.ubuntu.com/ubuntu noble-security/restricted Translation-en [485 kB]
2025-11-07T12:22:19.1846888Z Get:38 http://azure.archive.ubuntu.com/ubuntu noble-security/restricted amd64 Components [212 B]
2025-11-07T12:22:19.1861770Z Get:39 http://azure.archive.ubuntu.com/ubuntu noble-security/multiverse amd64 Components [208 B]
2025-11-07T12:22:30.9928260Z Fetched 12.9 MB in 2s (7700 kB/s)
2025-11-07T12:22:31.8009243Z Reading package lists...
2025-11-07T12:22:31.8391811Z Reading package lists...
2025-11-07T12:22:32.0367807Z Building dependency tree...
2025-11-07T12:22:32.0375671Z Reading state information...
2025-11-07T12:22:32.2253835Z The following NEW packages will be installed:
2025-11-07T12:22:32.2261805Z   bats
2025-11-07T12:22:32.2450137Z 0 upgraded, 1 newly installed, 0 to remove and 37 not upgraded.
2025-11-07T12:22:32.2778893Z Need to get 45.5 kB of archives.
2025-11-07T12:22:32.2779773Z After this operation, 166 kB of additional disk space will be used.
2025-11-07T12:22:32.2780504Z Get:1 file:/etc/apt/apt-mirrors.txt Mirrorlist [144 B]
2025-11-07T12:22:32.2781361Z Get:2 http://azure.archive.ubuntu.com/ubuntu noble/universe amd64 bats all 1.10.0-1 [45.5 kB]
2025-11-07T12:22:32.5719161Z Fetched 45.5 kB in 0s (984 kB/s)
2025-11-07T12:22:32.6330512Z Selecting previously unselected package bats.
2025-11-07T12:22:32.7353620Z (Reading database ... 
2025-11-07T12:22:32.7354159Z (Reading database ... 5%
2025-11-07T12:22:32.7354840Z (Reading database ... 10%
2025-11-07T12:22:32.7355577Z (Reading database ... 15%
2025-11-07T12:22:32.7356116Z (Reading database ... 20%
2025-11-07T12:22:32.7356905Z (Reading database ... 25%
2025-11-07T12:22:32.7357640Z (Reading database ... 30%
2025-11-07T12:22:32.7358394Z (Reading database ... 35%
2025-11-07T12:22:32.7359066Z (Reading database ... 40%
2025-11-07T12:22:32.7359476Z (Reading database ... 45%
2025-11-07T12:22:32.7360345Z (Reading database ... 50%
2025-11-07T12:22:32.8248360Z (Reading database ... 55%
2025-11-07T12:22:33.1562365Z (Reading database ... 60%
2025-11-07T12:22:33.3185535Z (Reading database ... 65%
2025-11-07T12:22:33.4031707Z (Reading database ... 70%
2025-11-07T12:22:33.5147190Z (Reading database ... 75%
2025-11-07T12:22:34.0878383Z (Reading database ... 80%
2025-11-07T12:22:34.7859900Z (Reading database ... 85%
2025-11-07T12:22:35.5480725Z (Reading database ... 90%
2025-11-07T12:22:36.1625485Z (Reading database ... 95%
2025-11-07T12:22:36.1626213Z (Reading database ... 100%
2025-11-07T12:22:36.1626919Z (Reading database ... 215550 files and directories currently installed.)
2025-11-07T12:22:36.1682748Z Preparing to unpack .../archives/bats_1.10.0-1_all.deb ...
2025-11-07T12:22:36.1711430Z Unpacking bats (1.10.0-1) ...
2025-11-07T12:22:36.2526341Z Setting up bats (1.10.0-1) ...
2025-11-07T12:22:36.2557075Z Processing triggers for man-db (2.12.0-4build2) ...
2025-11-07T12:22:56.0734618Z 
2025-11-07T12:22:56.0735325Z Running kernel seems to be up-to-date.
2025-11-07T12:22:56.0736130Z 
2025-11-07T12:22:56.0736337Z No services need to be restarted.
2025-11-07T12:22:56.0736695Z 
2025-11-07T12:22:56.0736881Z No containers need to be restarted.
2025-11-07T12:22:56.0737209Z 
2025-11-07T12:22:56.0737445Z No user sessions are running outdated binaries.
2025-11-07T12:22:56.0737836Z 
2025-11-07T12:22:56.0738203Z No VM guests are running outdated hypervisor (qemu) binaries on this host.
2025-11-07T12:22:57.0927516Z ##[group]Run python setup-test-env.py
2025-11-07T12:22:57.0927852Z [36;1mpython setup-test-env.py[0m
2025-11-07T12:22:57.0963089Z shell: /usr/bin/bash -e {0}
2025-11-07T12:22:57.0963355Z env:
2025-11-07T12:22:57.0963631Z   pythonLocation: /opt/hostedtoolcache/Python/3.9.24/x64
2025-11-07T12:22:57.0964115Z   PKG_CONFIG_PATH: /opt/hostedtoolcache/Python/3.9.24/x64/lib/pkgconfig
2025-11-07T12:22:57.0964585Z   Python_ROOT_DIR: /opt/hostedtoolcache/Python/3.9.24/x64
2025-11-07T12:22:57.0965039Z   Python2_ROOT_DIR: /opt/hostedtoolcache/Python/3.9.24/x64
2025-11-07T12:22:57.0965458Z   Python3_ROOT_DIR: /opt/hostedtoolcache/Python/3.9.24/x64
2025-11-07T12:22:57.0965873Z   LD_LIBRARY_PATH: /opt/hostedtoolcache/Python/3.9.24/x64/lib
2025-11-07T12:22:57.0966225Z ##[endgroup]
2025-11-07T12:23:14.7101261Z 
2025-11-07T12:23:14.7101862Z ============================================================
2025-11-07T12:23:14.7102898Z   RDD Test Environment Setup
2025-11-07T12:23:14.7103611Z ============================================================
2025-11-07T12:23:14.7104058Z 
2025-11-07T12:23:14.7104565Z ✓ Python 3.9.24 detected
2025-11-07T12:23:14.7104904Z 
2025-11-07T12:23:14.7105824Z Repository root: /home/runner/work/requirements-driven-development/requirements-driven-development
2025-11-07T12:23:14.7107866Z Virtual environment: /home/runner/work/requirements-driven-development/requirements-driven-development/.venv
2025-11-07T12:23:14.7110354Z Requirements file: /home/runner/work/requirements-driven-development/requirements-driven-development/tests/requirements.txt
2025-11-07T12:23:14.7112152Z 
2025-11-07T12:23:14.7114049Z ℹ Creating virtual environment at /home/runner/work/requirements-driven-development/requirements-driven-development/.venv...
2025-11-07T12:23:14.7116063Z ✓ Virtual environment created
2025-11-07T12:23:14.7116718Z ℹ Upgrading pip...
2025-11-07T12:23:14.7117172Z ✓ pip upgraded
2025-11-07T12:23:14.7117689Z ℹ Installing/updating test dependencies...
2025-11-07T12:23:14.7163130Z ✓ Test dependencies installed/updated
2025-11-07T12:23:14.7163763Z 
2025-11-07T12:23:14.7164060Z ============================================================
2025-11-07T12:23:14.7164900Z Setup completed successfully!
2025-11-07T12:23:14.7165503Z ============================================================
2025-11-07T12:23:14.7166036Z 
2025-11-07T12:23:14.7166346Z To activate the virtual environment:
2025-11-07T12:23:14.7168141Z   source /home/runner/work/requirements-driven-development/requirements-driven-development/.venv/bin/activate
2025-11-07T12:23:14.7170113Z 
2025-11-07T12:23:14.7170340Z To run tests:
2025-11-07T12:23:14.7170935Z   pytest tests/python/
2025-11-07T12:23:14.7171356Z 
2025-11-07T12:23:14.7171584Z To deactivate:
2025-11-07T12:23:14.7172125Z   deactivate
2025-11-07T12:23:14.7172679Z 
2025-11-07T12:23:14.7215426Z ##[group]Run bash scripts/run-tests.sh
2025-11-07T12:23:14.7215951Z [36;1mbash scripts/run-tests.sh[0m
2025-11-07T12:23:14.7263276Z shell: /usr/bin/bash -e {0}
2025-11-07T12:23:14.7263684Z env:
2025-11-07T12:23:14.7264103Z   pythonLocation: /opt/hostedtoolcache/Python/3.9.24/x64
2025-11-07T12:23:14.7264818Z   PKG_CONFIG_PATH: /opt/hostedtoolcache/Python/3.9.24/x64/lib/pkgconfig
2025-11-07T12:23:14.7265535Z   Python_ROOT_DIR: /opt/hostedtoolcache/Python/3.9.24/x64
2025-11-07T12:23:14.7266258Z   Python2_ROOT_DIR: /opt/hostedtoolcache/Python/3.9.24/x64
2025-11-07T12:23:14.7267033Z   Python3_ROOT_DIR: /opt/hostedtoolcache/Python/3.9.24/x64
2025-11-07T12:23:14.7267803Z   LD_LIBRARY_PATH: /opt/hostedtoolcache/Python/3.9.24/x64/lib
2025-11-07T12:23:14.7268459Z ##[endgroup]
2025-11-07T12:23:14.7377228Z 
2025-11-07T12:23:14.7377576Z ============================================================
2025-11-07T12:23:14.7378197Z   RDD Framework Test Runner (Linux)
2025-11-07T12:23:14.7378761Z ============================================================
2025-11-07T12:23:14.7379143Z 
2025-11-07T12:23:14.7379803Z [0;34mℹ[0m Checking prerequisites...
2025-11-07T12:23:14.7394651Z [0;32m✓[0m Python found: Python 3.9.24
2025-11-07T12:23:14.7395463Z [0;32m✓[0m Virtual environment found
2025-11-07T12:23:14.7396042Z [0;34mℹ[0m Activating virtual environment...
2025-11-07T12:23:14.7398321Z [0;32m✓[0m Virtual environment activated
2025-11-07T12:23:15.9326302Z [0;32m✓[0m pytest found: pytest 8.4.2
2025-11-07T12:23:15.9326921Z 
2025-11-07T12:23:15.9326932Z 
2025-11-07T12:23:15.9327197Z ============================================================
2025-11-07T12:23:15.9328002Z   Running Tests
2025-11-07T12:23:15.9328764Z ============================================================
2025-11-07T12:23:15.9329391Z 
2025-11-07T12:23:15.9329840Z [0;34m[1/4][0m Running Python unit tests
2025-11-07T12:23:16.4210282Z ============================= test session starts ==============================
2025-11-07T12:23:16.4211921Z platform linux -- Python 3.9.24, pytest-8.4.2, pluggy-1.6.0 -- /home/runner/work/requirements-driven-development/requirements-driven-development/.venv/bin/python
2025-11-07T12:23:16.4213403Z cachedir: .pytest_cache
2025-11-07T12:23:16.4214140Z rootdir: /home/runner/work/requirements-driven-development/requirements-driven-development
2025-11-07T12:23:16.4215040Z plugins: timeout-2.4.0, cov-7.0.0, xdist-3.8.0, mock-3.15.1
2025-11-07T12:23:16.5104251Z collecting ... collected 49 items
2025-11-07T12:23:16.5104908Z 
2025-11-07T12:23:16.5434616Z tests/python/test_integration.py::TestChangeWorkflow::test_fix_branch_workflow PASSED [  2%]
2025-11-07T12:23:16.5686948Z tests/python/test_integration.py::TestRequirementsManagement::test_requirements_changes_format PASSED [  4%]
2025-11-07T12:23:16.5943118Z tests/python/test_integration.py::TestWorkspaceArchiving::test_workspace_backup_creation PASSED [  6%]
2025-11-07T12:23:16.6266092Z tests/python/test_integration.py::TestGitIntegration::test_branch_creation_and_switching PASSED [  8%]
2025-11-07T12:23:16.6551678Z tests/python/test_integration.py::TestGitIntegration::test_uncommitted_changes_detection PASSED [ 10%]
2025-11-07T12:23:16.6940899Z tests/python/test_integration.py::TestConfigManagement::test_config_read_write_cycle PASSED [ 12%]
2025-11-07T12:23:16.7261783Z tests/python/test_integration.py::TestConfigManagement::test_config_default_branch PASSED [ 14%]
2025-11-07T12:23:16.7280807Z tests/python/test_rdd_main.py::TestCLIHelp::test_version_command PASSED  [ 16%]
2025-11-07T12:23:16.7293391Z tests/python/test_rdd_main.py::TestCLIHelp::test_help_command PASSED     [ 18%]
2025-11-07T12:23:16.7305467Z tests/python/test_rdd_main.py::TestDomainRouting::test_config_show_routing PASSED [ 20%]
2025-11-07T12:23:16.7318187Z tests/python/test_rdd_main.py::TestDomainRouting::test_workspace_init_routing PASSED [ 22%]
2025-11-07T12:23:16.7428488Z tests/python/test_rdd_main.py::TestChangeCommands::test_change_create_requires_default_branch PASSED [ 24%]
2025-11-07T12:23:16.9808800Z tests/python/test_rdd_main.py::TestMenuInteraction::test_curses_menu_selection PASSED [ 26%]
2025-11-07T12:23:16.9822154Z tests/python/test_rdd_main.py::TestValidationCommands::test_check_repo_valid PASSED [ 28%]
2025-11-07T12:23:16.9833985Z tests/python/test_rdd_main.py::TestErrorHandling::test_no_command_shows_help PASSED [ 30%]
2025-11-07T12:23:16.9845638Z tests/python/test_rdd_main.py::TestErrorHandling::test_invalid_domain_error PASSED [ 32%]
2025-11-07T12:23:16.9859106Z tests/python/test_rdd_main.py::TestErrorHandling::test_invalid_action_error PASSED [ 34%]
2025-11-07T12:23:16.9869908Z tests/python/test_rdd_utils.py::TestOutputFunctions::test_print_success PASSED [ 36%]
2025-11-07T12:23:16.9880387Z tests/python/test_rdd_utils.py::TestOutputFunctions::test_print_error PASSED [ 38%]
2025-11-07T12:23:16.9890812Z tests/python/test_rdd_utils.py::TestOutputFunctions::test_print_warning PASSED [ 40%]
2025-11-07T12:23:16.9901275Z tests/python/test_rdd_utils.py::TestOutputFunctions::test_print_info PASSED [ 42%]
2025-11-07T12:23:16.9913073Z tests/python/test_rdd_utils.py::TestValidationFunctions::test_validate_name_valid PASSED [ 44%]
2025-11-07T12:23:16.9922758Z tests/python/test_rdd_utils.py::TestValidationFunctions::test_validate_name_with_spaces PASSED [ 46%]
2025-11-07T12:23:16.9931900Z tests/python/test_rdd_utils.py::TestValidationFunctions::test_validate_name_with_special_chars PASSED [ 48%]
2025-11-07T12:23:16.9941367Z tests/python/test_rdd_utils.py::TestValidationFunctions::test_validate_name_empty PASSED [ 51%]
2025-11-07T12:23:16.9951985Z tests/python/test_rdd_utils.py::TestValidationFunctions::test_normalize_to_kebab_case PASSED [ 53%]
2025-11-07T12:23:16.9966296Z tests/python/test_rdd_utils.py::TestValidationFunctions::test_validate_file_exists PASSED [ 55%]
2025-11-07T12:23:16.9978277Z tests/python/test_rdd_utils.py::TestValidationFunctions::test_validate_dir_exists PASSED [ 57%]
2025-11-07T12:23:16.9998055Z tests/python/test_rdd_utils.py::TestGitFunctions::test_check_git_repo_valid PASSED [ 59%]
2025-11-07T12:23:17.0012695Z tests/python/test_rdd_utils.py::TestGitFunctions::test_check_git_repo_invalid PASSED [ 61%]
2025-11-07T12:23:17.0025144Z tests/python/test_rdd_utils.py::TestGitFunctions::test_get_current_branch PASSED [ 63%]
2025-11-07T12:23:17.0303037Z tests/python/test_rdd_utils.py::TestGitFunctions::test_get_default_branch_from_config PASSED [ 65%]
2025-11-07T12:23:17.0316692Z tests/python/test_rdd_utils.py::TestGitFunctions::test_get_branch_type_fix PASSED [ 67%]
2025-11-07T12:23:17.0330251Z tests/python/test_rdd_utils.py::TestGitFunctions::test_get_branch_type_enh PASSED [ 69%]
2025-11-07T12:23:17.0342987Z tests/python/test_rdd_utils.py::TestGitFunctions::test_get_branch_type_main PASSED [ 71%]
2025-11-07T12:23:17.0356782Z tests/python/test_rdd_utils.py::TestGitFunctions::test_is_enh_or_fix_branch PASSED [ 73%]
2025-11-07T12:23:17.0366223Z tests/python/test_rdd_utils.py::TestTimestampFunctions::test_get_timestamp_format PASSED [ 75%]
2025-11-07T12:23:17.0375441Z tests/python/test_rdd_utils.py::TestTimestampFunctions::test_get_timestamp_filename_format PASSED [ 77%]
2025-11-07T12:23:17.0668744Z tests/python/test_rdd_utils.py::TestConfigFunctions::test_get_rdd_config_existing_key PASSED [ 79%]
2025-11-07T12:23:17.0967797Z tests/python/test_rdd_utils.py::TestConfigFunctions::test_get_rdd_config_missing_key_with_default PASSED [ 81%]
2025-11-07T12:23:17.1258862Z tests/python/test_rdd_utils.py::TestConfigFunctions::test_set_rdd_config PASSED [ 83%]
2025-11-07T12:23:17.1540244Z tests/python/test_rdd_utils.py::TestConfigFunctions::test_get_rdd_config_path PASSED [ 85%]
2025-11-07T12:23:17.1555058Z tests/python/test_rdd_utils.py::TestWorkspaceUtilities::test_ensure_dir_creates_directory PASSED [ 87%]
2025-11-07T12:23:17.1566280Z tests/python/test_rdd_utils.py::TestWorkspaceUtilities::test_ensure_dir_existing_directory PASSED [ 89%]
2025-11-07T12:23:17.1825047Z tests/python/test_rdd_utils.py::TestPromptFunctions::test_mark_prompt_completed PASSED [ 91%]
2025-11-07T12:23:17.1838763Z tests/python/test_rdd_utils.py::TestConfirmAction::test_confirm_action_yes PASSED [ 93%]
2025-11-07T12:23:17.1850687Z tests/python/test_rdd_utils.py::TestConfirmAction::test_confirm_action_no PASSED [ 95%]
2025-11-07T12:23:17.1862145Z tests/python/test_rdd_utils.py::TestConfirmAction::test_confirm_action_yes_full PASSED [ 97%]
2025-11-07T12:23:17.2123053Z tests/python/test_rdd_utils.py::TestConfirmAction::test_confirm_action_invalid PASSED [100%]
2025-11-07T12:23:17.2123906Z 
2025-11-07T12:23:17.2124106Z ============================== 49 passed in 0.78s ==============================
2025-11-07T12:23:17.2383660Z [0;32m✓[0m Python unit tests passed
2025-11-07T12:23:17.2384066Z 
2025-11-07T12:23:17.2384298Z [0;34m[2/4][0m Running build tests
2025-11-07T12:23:17.4400220Z ============================= test session starts ==============================
2025-11-07T12:23:17.4403240Z platform linux -- Python 3.9.24, pytest-8.4.2, pluggy-1.6.0 -- /home/runner/work/requirements-driven-development/requirements-driven-development/.venv/bin/python
2025-11-07T12:23:17.4405385Z cachedir: .pytest_cache
2025-11-07T12:23:17.4406286Z rootdir: /home/runner/work/requirements-driven-development/requirements-driven-development
2025-11-07T12:23:17.4407366Z plugins: timeout-2.4.0, cov-7.0.0, xdist-3.8.0, mock-3.15.1
2025-11-07T12:23:17.4700545Z collecting ... collected 15 items
2025-11-07T12:23:17.4701088Z 
2025-11-07T12:23:17.4738569Z tests/build/test_build.py::TestVersionExtraction::test_read_version_from_config PASSED [  6%]
2025-11-07T12:23:17.4779590Z tests/build/test_build.py::TestBuildDirCreation::test_create_build_dir PASSED [ 13%]
2025-11-07T12:23:17.4825010Z tests/build/test_build.py::TestFileCopying::test_copy_prompts PASSED     [ 20%]
2025-11-07T12:23:17.4868804Z tests/build/test_build.py::TestFileCopying::test_copy_scripts PASSED     [ 26%]
2025-11-07T12:23:17.4911525Z tests/build/test_build.py::TestFileCopying::test_copy_templates PASSED   [ 33%]
2025-11-07T12:23:17.4954662Z tests/build/test_build.py::TestFileCopying::test_copy_vscode_settings PASSED [ 40%]
2025-11-07T12:23:17.5001600Z tests/build/test_build.py::TestFileCopying::test_copy_rdd_docs_seeds PASSED [ 46%]
2025-11-07T12:23:17.5044217Z tests/build/test_build.py::TestTemplateGeneration::test_generate_readme PASSED [ 53%]
2025-11-07T12:23:17.5086173Z tests/build/test_build.py::TestTemplateGeneration::test_generate_installer PASSED [ 60%]
2025-11-07T12:23:17.5128037Z tests/build/test_build.py::TestTemplateGeneration::test_generate_bash_installer PASSED [ 66%]
2025-11-07T12:23:17.5169533Z tests/build/test_build.py::TestTemplateGeneration::test_generate_powershell_installer PASSED [ 73%]
2025-11-07T12:23:17.5224185Z tests/build/test_build.py::TestArchiveCreation::test_create_archive PASSED [ 80%]
2025-11-07T12:23:17.5272721Z tests/build/test_build.py::TestChecksumGeneration::test_generate_checksum PASSED [ 86%]
2025-11-07T12:23:17.5283051Z tests/build/test_build.py::TestOutputFunctions::test_print_success PASSED [ 93%]
2025-11-07T12:23:17.5516058Z tests/build/test_build.py::TestOutputFunctions::test_print_error PASSED  [100%]
2025-11-07T12:23:17.5516504Z 
2025-11-07T12:23:17.5516668Z ============================== 15 passed in 0.10s ==============================
2025-11-07T12:23:17.5739719Z [0;32m✓[0m Build tests passed
2025-11-07T12:23:17.5740131Z 
2025-11-07T12:23:17.5740383Z [0;34m[3/4][0m Running install tests
2025-11-07T12:23:17.7789998Z ============================= test session starts ==============================
2025-11-07T12:23:17.7791482Z platform linux -- Python 3.9.24, pytest-8.4.2, pluggy-1.6.0 -- /home/runner/work/requirements-driven-development/requirements-driven-development/.venv/bin/python
2025-11-07T12:23:17.7793093Z cachedir: .pytest_cache
2025-11-07T12:23:17.7794426Z rootdir: /home/runner/work/requirements-driven-development/requirements-driven-development
2025-11-07T12:23:17.7795521Z plugins: timeout-2.4.0, cov-7.0.0, xdist-3.8.0, mock-3.15.1
2025-11-07T12:23:17.8103404Z collecting ... collected 21 items
2025-11-07T12:23:17.8103808Z 
2025-11-07T12:23:17.8115017Z tests/install/test_install.py::TestPreFlightChecks::test_check_python_version_success PASSED [  4%]
2025-11-07T12:23:17.8128984Z tests/install/test_install.py::TestPreFlightChecks::test_check_git_installed_success PASSED [  9%]
2025-11-07T12:23:17.8141321Z tests/install/test_install.py::TestPreFlightChecks::test_check_git_installed_failure PASSED [ 14%]
2025-11-07T12:23:17.8406131Z tests/install/test_install.py::TestPreFlightChecks::test_check_git_repo_valid PASSED [ 19%]
2025-11-07T12:23:17.8420862Z tests/install/test_install.py::TestPreFlightChecks::test_check_git_repo_invalid PASSED [ 23%]
2025-11-07T12:23:17.8676310Z tests/install/test_install.py::TestExistingInstallationDetection::test_detect_existing_installation_none PASSED [ 28%]
2025-11-07T12:23:17.8919642Z tests/install/test_install.py::TestExistingInstallationDetection::test_detect_existing_installation_found PASSED [ 33%]
2025-11-07T12:23:17.9185609Z tests/install/test_install.py::TestFileOperations::test_copy_prompts PASSED [ 38%]
2025-11-07T12:23:17.9459314Z tests/install/test_install.py::TestFileOperations::test_copy_framework PASSED [ 42%]
2025-11-07T12:23:17.9727124Z tests/install/test_install.py::TestFileOperations::test_copy_seed_templates PASSED [ 47%]
2025-11-07T12:23:17.9971951Z tests/install/test_install.py::TestSettingsMerge::test_merge_settings_empty_target PASSED [ 52%]
2025-11-07T12:23:17.9980591Z tests/install/test_install.py::TestSettingsMerge::test_merge_settings_existing_values PASSED [ 57%]
2025-11-07T12:23:17.9989220Z tests/install/test_install.py::TestSettingsMerge::test_merge_settings_object_merge PASSED [ 61%]
2025-11-07T12:23:18.0230085Z tests/install/test_install.py::TestGitignoreUpdate::test_update_gitignore_new_file PASSED [ 66%]
2025-11-07T12:23:18.0471651Z tests/install/test_install.py::TestGitignoreUpdate::test_update_gitignore_existing_file PASSED [ 71%]
2025-11-07T12:23:18.0718872Z tests/install/test_install.py::TestGitignoreUpdate::test_update_gitignore_already_present PASSED [ 76%]
2025-11-07T12:23:18.1146588Z tests/install/test_install.py::TestVerification::test_verify_installation_success PASSED [ 80%]
2025-11-07T12:23:18.1395208Z tests/install/test_install.py::TestVerification::test_verify_installation_missing_files PASSED [ 85%]
2025-11-07T12:23:18.1407870Z tests/install/test_install.py::TestOutputFunctions::test_print_banner PASSED [ 90%]
2025-11-07T12:23:18.1418228Z tests/install/test_install.py::TestOutputFunctions::test_print_success PASSED [ 95%]
2025-11-07T12:23:18.1686614Z tests/install/test_install.py::TestOutputFunctions::test_print_error PASSED [100%]
2025-11-07T12:23:18.1687306Z 
2025-11-07T12:23:18.1687542Z ============================== 21 passed in 0.37s ==============================
2025-11-07T12:23:18.1935655Z [0;32m✓[0m Install tests passed
2025-11-07T12:23:18.1936032Z 
2025-11-07T12:23:18.1936296Z [0;34m[4/4][0m Running shell tests (BATS)
2025-11-07T12:23:18.2487720Z 1..10
2025-11-07T12:23:18.3342253Z ok 1 install.sh exists and is executable
2025-11-07T12:23:18.3669959Z ok 2 install.sh shows version banner # skip Interactive test - requires user input
2025-11-07T12:23:18.4020700Z ok 3 check python3 availability
2025-11-07T12:23:18.4372353Z ok 4 check git availability
2025-11-07T12:23:18.4814560Z ok 5 create test git repository
2025-11-07T12:23:18.5145225Z ok 6 install.py can be executed with python # skip install.py is interactive and doesn't support --help flag
2025-11-07T12:23:18.5531908Z ok 7 directory navigation functions work
2025-11-07T12:23:18.5949446Z ok 8 git repository detection works
2025-11-07T12:23:18.6368335Z ok 9 file operations work correctly
2025-11-07T12:23:18.6763233Z ok 10 directory traversal safety
2025-11-07T12:23:18.6853367Z [0;32m✓[0m Shell tests passed
2025-11-07T12:23:18.6854148Z 
2025-11-07T12:23:18.6854158Z 
2025-11-07T12:23:18.6854381Z ============================================================
2025-11-07T12:23:18.6854974Z   Test Summary
2025-11-07T12:23:18.6855413Z ============================================================
2025-11-07T12:23:18.6855840Z 
2025-11-07T12:23:18.6856248Z Total test suites: 4
2025-11-07T12:23:18.6856661Z [0;32mPassed: 4[0m
2025-11-07T12:23:18.6856840Z 
2025-11-07T12:23:18.6857007Z [0;32m✓[0m All tests passed!
2025-11-07T12:23:18.6895756Z ##[group]Run source .venv/bin/activate
2025-11-07T12:23:18.6896208Z [36;1msource .venv/bin/activate[0m
2025-11-07T12:23:18.6896864Z [36;1mpytest tests/python/ --cov=.rdd/scripts --cov=scripts --cov-report=xml --cov-report=term[0m
2025-11-07T12:23:18.6931755Z shell: /usr/bin/bash -e {0}
2025-11-07T12:23:18.6932058Z env:
2025-11-07T12:23:18.6932544Z   pythonLocation: /opt/hostedtoolcache/Python/3.9.24/x64
2025-11-07T12:23:18.6933138Z   PKG_CONFIG_PATH: /opt/hostedtoolcache/Python/3.9.24/x64/lib/pkgconfig
2025-11-07T12:23:18.6933732Z   Python_ROOT_DIR: /opt/hostedtoolcache/Python/3.9.24/x64
2025-11-07T12:23:18.6934235Z   Python2_ROOT_DIR: /opt/hostedtoolcache/Python/3.9.24/x64
2025-11-07T12:23:18.6934737Z   Python3_ROOT_DIR: /opt/hostedtoolcache/Python/3.9.24/x64
2025-11-07T12:23:18.6935240Z   LD_LIBRARY_PATH: /opt/hostedtoolcache/Python/3.9.24/x64/lib
2025-11-07T12:23:18.6935650Z ##[endgroup]
2025-11-07T12:23:19.7745010Z ============================= test session starts ==============================
2025-11-07T12:23:19.7745929Z platform linux -- Python 3.9.24, pytest-8.4.2, pluggy-1.6.0
2025-11-07T12:23:19.7747084Z rootdir: /home/runner/work/requirements-driven-development/requirements-driven-development
2025-11-07T12:23:19.7748234Z plugins: timeout-2.4.0, cov-7.0.0, xdist-3.8.0, mock-3.15.1
2025-11-07T12:23:19.7748885Z collected 49 items
2025-11-07T12:23:19.7749137Z 
2025-11-07T12:23:20.0030053Z tests/python/test_integration.py .......                                 [ 14%]
2025-11-07T12:23:20.0328295Z tests/python/test_rdd_main.py ..........                                 [ 34%]
2025-11-07T12:23:20.6686248Z tests/python/test_rdd_utils.py ................................          [100%]
2025-11-07T12:23:20.6686887Z 
2025-11-07T12:23:20.6687102Z ================================ tests coverage ================================
2025-11-07T12:23:20.6687897Z _______________ coverage: platform linux, python 3.9.24-final-0 ________________
2025-11-07T12:23:20.6688452Z 
2025-11-07T12:23:20.6688658Z Name                        Stmts   Miss  Cover
2025-11-07T12:23:20.6689162Z -----------------------------------------------
2025-11-07T12:23:20.6689707Z .rdd/scripts/rdd.py          1099    966    12%
2025-11-07T12:23:20.6690227Z .rdd/scripts/rdd_utils.py     605    405    33%
2025-11-07T12:23:20.6690752Z scripts/build.py              281    281     0%
2025-11-07T12:23:20.6691396Z scripts/install.py            244    244     0%
2025-11-07T12:23:20.6692162Z -----------------------------------------------
2025-11-07T12:23:20.6693283Z TOTAL                        2229   1896    15%
2025-11-07T12:23:20.6694044Z Coverage XML written to file coverage.xml
2025-11-07T12:23:20.6694863Z ============================== 49 passed in 0.90s ==============================
2025-11-07T12:23:20.7149809Z ##[group]Run codecov/codecov-action@v4
2025-11-07T12:23:20.7150075Z with:
2025-11-07T12:23:20.7150249Z   file: ./coverage.xml
2025-11-07T12:23:20.7150439Z   flags: python
2025-11-07T12:23:20.7150631Z   name: python-coverage
2025-11-07T12:23:20.7150827Z env:
2025-11-07T12:23:20.7151056Z   pythonLocation: /opt/hostedtoolcache/Python/3.9.24/x64
2025-11-07T12:23:20.7151451Z   PKG_CONFIG_PATH: /opt/hostedtoolcache/Python/3.9.24/x64/lib/pkgconfig
2025-11-07T12:23:20.7151847Z   Python_ROOT_DIR: /opt/hostedtoolcache/Python/3.9.24/x64
2025-11-07T12:23:20.7152197Z   Python2_ROOT_DIR: /opt/hostedtoolcache/Python/3.9.24/x64
2025-11-07T12:23:20.7152691Z   Python3_ROOT_DIR: /opt/hostedtoolcache/Python/3.9.24/x64
2025-11-07T12:23:20.7153078Z   LD_LIBRARY_PATH: /opt/hostedtoolcache/Python/3.9.24/x64/lib
2025-11-07T12:23:20.7153549Z ##[endgroup]
2025-11-07T12:23:20.8036244Z eventName: pull_request
2025-11-07T12:23:20.8037539Z baseRef: h111359:dev | headRef: h111359:fix/20251107-0839-fix-version-and-build
2025-11-07T12:23:20.8045558Z ==> linux OS detected
2025-11-07T12:23:20.9676846Z https://cli.codecov.io/latest/linux/codecov.SHA256SUM
2025-11-07T12:23:21.0799987Z gpg: directory '/home/runner/.gnupg' created
2025-11-07T12:23:21.0844418Z gpg: keybox '/home/runner/.gnupg/pubring.kbx' created
2025-11-07T12:23:21.1006027Z gpg: /home/runner/.gnupg/trustdb.gpg: trustdb created
2025-11-07T12:23:21.1007081Z gpg: key 806BB28AED779869: public key "Codecov Uploader (Codecov Uploader Verification Key) <security@codecov.io>" imported
2025-11-07T12:23:21.1400428Z gpg: Total number processed: 1
2025-11-07T12:23:21.1400912Z gpg:               imported: 1
2025-11-07T12:23:21.1465441Z gpg: Signature made Thu Oct 23 15:06:21 2025 UTC
2025-11-07T12:23:21.1466563Z gpg:                using RSA key 27034E7FDB850E0BBC2C62FF806BB28AED779869
2025-11-07T12:23:21.1470089Z gpg: Good signature from "Codecov Uploader (Codecov Uploader Verification Key) <security@codecov.io>" [unknown]
2025-11-07T12:23:21.1471469Z gpg: WARNING: This key is not certified with a trusted signature!
2025-11-07T12:23:21.1472693Z gpg:          There is no indication that the signature belongs to the owner.
2025-11-07T12:23:21.1473830Z Primary key fingerprint: 2703 4E7F DB85 0E0B BC2C  62FF 806B B28A ED77 9869
2025-11-07T12:23:21.1699189Z ==> Uploader SHASUM verified (3e4d282fe243aa7283b17016ff65ab2806c262f16abb41125f0caeea380dfe77  codecov)
2025-11-07T12:23:21.1700320Z ==> Running version latest
2025-11-07T12:23:21.2420905Z Could not pull latest version information: SyntaxError: Unexpected token '<', "<!DOCTYPE "... is not valid JSON
2025-11-07T12:23:21.2423969Z ==> Running git config --global --add safe.directory /home/runner/work/requirements-driven-development/requirements-driven-development
2025-11-07T12:23:21.2542795Z [command]/usr/bin/git config --global --add safe.directory /home/runner/work/requirements-driven-development/requirements-driven-development
2025-11-07T12:23:21.2595365Z ==> Running command '/home/runner/work/_actions/codecov/codecov-action/v4/dist/codecov create-commit'
2025-11-07T12:23:21.2598570Z [command]/home/runner/work/_actions/codecov/codecov-action/v4/dist/codecov create-commit --git-service github -C 6bba0d99a2b56f20cf879d7299f569efed2a9318
2025-11-07T12:23:21.6256021Z info - 2025-11-07 12:23:21,625 -- ci service found: github-actions
2025-11-07T12:23:21.6358395Z warning - 2025-11-07 12:23:21,635 -- No config file could be found. Ignoring config.
2025-11-07T12:23:21.6679978Z warning - 2025-11-07 12:23:21,667 -- Branch `fix/20251107-0839-fix-version-and-build` is protected but no token was provided
2025-11-07T12:23:21.6681925Z warning - 2025-11-07 12:23:21,667 -- For information on Codecov upload tokens, see https://docs.codecov.com/docs/codecov-tokens
2025-11-07T12:23:21.9213521Z info - 2025-11-07 12:23:21,920 -- Process Commit creating complete
2025-11-07T12:23:21.9215131Z error - 2025-11-07 12:23:21,921 -- Commit creating failed: {"message":"Token required - not valid tokenless upload"}
2025-11-07T12:23:22.0279421Z Sentry is attempting to send 3 pending events
2025-11-07T12:23:22.0280360Z Waiting up to 2 seconds
2025-11-07T12:23:22.0281045Z Press Ctrl-C to quit
2025-11-07T12:23:22.0889902Z ==> Running command '/home/runner/work/_actions/codecov/codecov-action/v4/dist/codecov create-report'
2025-11-07T12:23:22.0892941Z [command]/home/runner/work/_actions/codecov/codecov-action/v4/dist/codecov create-report --git-service github -C 6bba0d99a2b56f20cf879d7299f569efed2a9318
2025-11-07T12:23:22.4415793Z info - 2025-11-07 12:23:22,441 -- ci service found: github-actions
2025-11-07T12:23:22.4518451Z warning - 2025-11-07 12:23:22,451 -- No config file could be found. Ignoring config.
2025-11-07T12:23:22.6377713Z info - 2025-11-07 12:23:22,637 -- Process Report creating complete
2025-11-07T12:23:22.6384934Z error - 2025-11-07 12:23:22,638 -- Report creating failed: {"message":"Token required - not valid tokenless upload"}
2025-11-07T12:23:22.7301073Z ==> Running command '/home/runner/work/_actions/codecov/codecov-action/v4/dist/codecov do-upload'
2025-11-07T12:23:22.7304114Z [command]/home/runner/work/_actions/codecov/codecov-action/v4/dist/codecov do-upload -f ./coverage.xml -F python --git-service github -n python-coverage -C 6bba0d99a2b56f20cf879d7299f569efed2a9318
2025-11-07T12:23:23.0883833Z info - 2025-11-07 12:23:23,087 -- ci service found: github-actions
2025-11-07T12:23:23.0984947Z warning - 2025-11-07 12:23:23,098 -- No config file could be found. Ignoring config.
2025-11-07T12:23:23.1321866Z warning - 2025-11-07 12:23:23,131 -- xcrun is not installed or can't be found.
2025-11-07T12:23:23.1858556Z warning - 2025-11-07 12:23:23,185 -- No gcov data found.
2025-11-07T12:23:23.1861928Z warning - 2025-11-07 12:23:23,185 -- coverage.py is not installed or can't be found.
2025-11-07T12:23:23.2650737Z info - 2025-11-07 12:23:23,264 -- Found 1 coverage files to report
2025-11-07T12:23:23.2652979Z info - 2025-11-07 12:23:23,264 -- > /home/runner/work/requirements-driven-development/requirements-driven-development/coverage.xml
2025-11-07T12:23:23.4234188Z info - 2025-11-07 12:23:23,422 -- Process Upload complete
2025-11-07T12:23:23.4235516Z error - 2025-11-07 12:23:23,423 -- Upload failed: {"message":"Token required - not valid tokenless upload"}
2025-11-07T12:23:23.5308449Z Sentry is attempting to send 3 pending events
2025-11-07T12:23:23.5309061Z Waiting up to 2 seconds
2025-11-07T12:23:23.5309466Z Press Ctrl-C to quit
2025-11-07T12:23:23.6153702Z Post job cleanup.
2025-11-07T12:23:23.7808884Z Post job cleanup.
2025-11-07T12:23:23.8796900Z [command]/usr/bin/git version
2025-11-07T12:23:23.8836220Z git version 2.51.2
2025-11-07T12:23:23.8881026Z Copying '/home/runner/.gitconfig' to '/home/runner/work/_temp/e7a22eed-ac8e-42be-bfb0-aa098399543b/.gitconfig'
2025-11-07T12:23:23.8891408Z Temporarily overriding HOME='/home/runner/work/_temp/e7a22eed-ac8e-42be-bfb0-aa098399543b' before making global git config changes
2025-11-07T12:23:23.8893095Z Adding repository directory to the temporary git global config as a safe directory
2025-11-07T12:23:23.8897687Z [command]/usr/bin/git config --global --add safe.directory /home/runner/work/requirements-driven-development/requirements-driven-development
2025-11-07T12:23:23.8933973Z [command]/usr/bin/git config --local --name-only --get-regexp core\.sshCommand
2025-11-07T12:23:23.8969380Z [command]/usr/bin/git submodule foreach --recursive sh -c "git config --local --name-only --get-regexp 'core\.sshCommand' && git config --local --unset-all 'core.sshCommand' || :"
2025-11-07T12:23:23.9206584Z [command]/usr/bin/git config --local --name-only --get-regexp http\.https\:\/\/github\.com\/\.extraheader
2025-11-07T12:23:23.9228366Z http.https://github.com/.extraheader
2025-11-07T12:23:23.9242856Z [command]/usr/bin/git config --local --unset-all http.https://github.com/.extraheader
2025-11-07T12:23:23.9275723Z [command]/usr/bin/git submodule foreach --recursive sh -c "git config --local --name-only --get-regexp 'http\.https\:\/\/github\.com\/\.extraheader' && git config --local --unset-all 'http.https://github.com/.extraheader' || :"
2025-11-07T12:23:23.9624474Z Cleaning up orphan processes
