2025-11-08T11:23:36.8512986Z Current runner version: '2.329.0'
2025-11-08T11:23:36.8540532Z ##[group]Runner Image Provisioner
2025-11-08T11:23:36.8541296Z Hosted Compute Agent
2025-11-08T11:23:36.8541858Z Version: 20251016.436
2025-11-08T11:23:36.8542420Z Commit: 8ab8ac8bfd662a3739dab9fe09456aba92132568
2025-11-08T11:23:36.8543086Z Build Date: 2025-10-15T20:44:12Z
2025-11-08T11:23:36.8543597Z ##[endgroup]
2025-11-08T11:23:36.8544132Z ##[group]Operating System
2025-11-08T11:23:36.8544693Z Microsoft Windows Server 2025
2025-11-08T11:23:36.8545232Z 10.0.26100
2025-11-08T11:23:36.8545680Z Datacenter
2025-11-08T11:23:36.8546132Z ##[endgroup]
2025-11-08T11:23:36.8546582Z ##[group]Runner Image
2025-11-08T11:23:36.8547071Z Image: windows-2025
2025-11-08T11:23:36.8547555Z Version: 20251102.77.1
2025-11-08T11:23:36.8548501Z Included Software: https://github.com/actions/runner-images/blob/win25/20251102.77/images/windows/Windows2025-Readme.md
2025-11-08T11:23:36.8553504Z Image Release: https://github.com/actions/runner-images/releases/tag/win25%2F20251102.77
2025-11-08T11:23:36.8555428Z ##[endgroup]
2025-11-08T11:23:36.8557364Z ##[group]GITHUB_TOKEN Permissions
2025-11-08T11:23:36.8559868Z Contents: read
2025-11-08T11:23:36.8560653Z Metadata: read
2025-11-08T11:23:36.8561434Z Packages: read
2025-11-08T11:23:36.8562407Z ##[endgroup]
2025-11-08T11:23:36.8565264Z Secret source: Actions
2025-11-08T11:23:36.8566293Z Prepare workflow directory
2025-11-08T11:23:36.8947673Z Prepare all required actions
2025-11-08T11:23:36.8985309Z Getting action download info
2025-11-08T11:23:37.0999586Z Download action repository 'actions/checkout@v4' (SHA:08eba0b27e820071cde6df949e0beb9ba4906955)
2025-11-08T11:23:37.2348847Z Download action repository 'actions/setup-python@v5' (SHA:a26af69be951a213d495a4c3e4e4022e16d87065)
2025-11-08T11:23:37.4796005Z Complete job name: All Tests (Windows)
2025-11-08T11:23:37.6448616Z ##[group]Run actions/checkout@v4
2025-11-08T11:23:37.6449792Z with:
2025-11-08T11:23:37.6450332Z   repository: h111359/requirements-driven-development
2025-11-08T11:23:37.6451489Z   token: ***
2025-11-08T11:23:37.6451929Z   ssh-strict: true
2025-11-08T11:23:37.6452360Z   ssh-user: git
2025-11-08T11:23:37.6452817Z   persist-credentials: true
2025-11-08T11:23:37.6453315Z   clean: true
2025-11-08T11:23:37.6453767Z   sparse-checkout-cone-mode: true
2025-11-08T11:23:37.6454314Z   fetch-depth: 1
2025-11-08T11:23:37.6454748Z   fetch-tags: false
2025-11-08T11:23:37.6455184Z   show-progress: true
2025-11-08T11:23:37.6455636Z   lfs: false
2025-11-08T11:23:37.6456046Z   submodules: false
2025-11-08T11:23:37.6456515Z   set-safe-directory: true
2025-11-08T11:23:37.6457253Z ##[endgroup]
2025-11-08T11:23:37.8255252Z Syncing repository: h111359/requirements-driven-development
2025-11-08T11:23:37.8257789Z ##[group]Getting Git version info
2025-11-08T11:23:37.8259117Z Working directory is 'D:\a\requirements-driven-development\requirements-driven-development'
2025-11-08T11:23:37.9652913Z [command]"C:\Program Files\Git\bin\git.exe" version
2025-11-08T11:23:38.3971724Z git version 2.51.2.windows.1
2025-11-08T11:23:38.4025368Z ##[endgroup]
2025-11-08T11:23:38.4045715Z Temporarily overriding HOME='D:\a\_temp\d4d892a0-2d69-46d0-ad3d-7489d57179bf' before making global git config changes
2025-11-08T11:23:38.4047493Z Adding repository directory to the temporary git global config as a safe directory
2025-11-08T11:23:38.4057019Z [command]"C:\Program Files\Git\bin\git.exe" config --global --add safe.directory D:\a\requirements-driven-development\requirements-driven-development
2025-11-08T11:23:38.4597286Z Deleting the contents of 'D:\a\requirements-driven-development\requirements-driven-development'
2025-11-08T11:23:38.4603796Z ##[group]Initializing the repository
2025-11-08T11:23:38.4613981Z [command]"C:\Program Files\Git\bin\git.exe" init D:\a\requirements-driven-development\requirements-driven-development
2025-11-08T11:23:38.5853710Z Initialized empty Git repository in D:/a/requirements-driven-development/requirements-driven-development/.git/
2025-11-08T11:23:38.5899717Z [command]"C:\Program Files\Git\bin\git.exe" remote add origin https://github.com/h111359/requirements-driven-development
2025-11-08T11:23:38.6493096Z ##[endgroup]
2025-11-08T11:23:38.6494450Z ##[group]Disabling automatic garbage collection
2025-11-08T11:23:38.6502573Z [command]"C:\Program Files\Git\bin\git.exe" config --local gc.auto 0
2025-11-08T11:23:38.6807143Z ##[endgroup]
2025-11-08T11:23:38.6808335Z ##[group]Setting up auth
2025-11-08T11:23:38.6820736Z [command]"C:\Program Files\Git\bin\git.exe" config --local --name-only --get-regexp core\.sshCommand
2025-11-08T11:23:38.7128769Z [command]"C:\Program Files\Git\bin\git.exe" submodule foreach --recursive "sh -c \"git config --local --name-only --get-regexp 'core\.sshCommand' && git config --local --unset-all 'core.sshCommand' || :\""
2025-11-08T11:23:40.2880729Z [command]"C:\Program Files\Git\bin\git.exe" config --local --name-only --get-regexp http\.https\:\/\/github\.com\/\.extraheader
2025-11-08T11:23:40.3183081Z [command]"C:\Program Files\Git\bin\git.exe" submodule foreach --recursive "sh -c \"git config --local --name-only --get-regexp 'http\.https\:\/\/github\.com\/\.extraheader' && git config --local --unset-all 'http.https://github.com/.extraheader' || :\""
2025-11-08T11:23:40.8354013Z [command]"C:\Program Files\Git\bin\git.exe" config --local http.https://github.com/.extraheader "AUTHORIZATION: basic ***"
2025-11-08T11:23:40.8666126Z ##[endgroup]
2025-11-08T11:23:40.8667115Z ##[group]Fetching the repository
2025-11-08T11:23:40.8680890Z [command]"C:\Program Files\Git\bin\git.exe" -c protocol.version=2 fetch --no-tags --prune --no-recurse-submodules --depth=1 origin +c1a9fa8c797b1314bad4b0aa513f8cda25e9380d:refs/remotes/pull/61/merge
2025-11-08T11:23:41.8875546Z From https://github.com/h111359/requirements-driven-development
2025-11-08T11:23:41.8880983Z  * [new ref]         c1a9fa8c797b1314bad4b0aa513f8cda25e9380d -> pull/61/merge
2025-11-08T11:23:41.9204851Z ##[endgroup]
2025-11-08T11:23:41.9205296Z ##[group]Determining the checkout info
2025-11-08T11:23:41.9208005Z ##[endgroup]
2025-11-08T11:23:41.9218081Z [command]"C:\Program Files\Git\bin\git.exe" sparse-checkout disable
2025-11-08T11:23:41.9712610Z [command]"C:\Program Files\Git\bin\git.exe" config --local --unset-all extensions.worktreeConfig
2025-11-08T11:23:42.0015651Z ##[group]Checking out the ref
2025-11-08T11:23:42.0038673Z [command]"C:\Program Files\Git\bin\git.exe" checkout --progress --force refs/remotes/pull/61/merge
2025-11-08T11:23:42.2227638Z Note: switching to 'refs/remotes/pull/61/merge'.
2025-11-08T11:23:42.2228456Z 
2025-11-08T11:23:42.2229422Z You are in 'detached HEAD' state. You can look around, make experimental
2025-11-08T11:23:42.2230528Z changes and commit them, and you can discard any commits you make in this
2025-11-08T11:23:42.2231167Z state without impacting any branches by switching back to a branch.
2025-11-08T11:23:42.2231516Z 
2025-11-08T11:23:42.2231731Z If you want to create a new branch to retain commits you create, you may
2025-11-08T11:23:42.2232298Z do so (now or later) by using -c with the switch command. Example:
2025-11-08T11:23:42.2232592Z 
2025-11-08T11:23:42.2232755Z   git switch -c <new-branch-name>
2025-11-08T11:23:42.2232956Z 
2025-11-08T11:23:42.2233072Z Or undo this operation with:
2025-11-08T11:23:42.2233251Z 
2025-11-08T11:23:42.2233333Z   git switch -
2025-11-08T11:23:42.2233475Z 
2025-11-08T11:23:42.2233718Z Turn off this advice by setting config variable advice.detachedHead to false
2025-11-08T11:23:42.2234026Z 
2025-11-08T11:23:42.2234327Z HEAD is now at c1a9fa8 Merge 62159f781608cd2ff40036a3896bf378c03e8a1b into 859241e09bee6ac52284d81af06b5ab0be7af441
2025-11-08T11:23:42.2277918Z ##[endgroup]
2025-11-08T11:23:42.2757344Z [command]"C:\Program Files\Git\bin\git.exe" log -1 --format=%H
2025-11-08T11:23:42.3024757Z c1a9fa8c797b1314bad4b0aa513f8cda25e9380d
2025-11-08T11:23:42.3439596Z ##[group]Run actions/setup-python@v5
2025-11-08T11:23:42.3439892Z with:
2025-11-08T11:23:42.3440792Z   python-version: 3.9
2025-11-08T11:23:42.3440981Z   check-latest: false
2025-11-08T11:23:42.3441610Z   token: ***
2025-11-08T11:23:42.3441855Z   update-environment: true
2025-11-08T11:23:42.3442085Z   allow-prereleases: false
2025-11-08T11:23:42.3442275Z   freethreaded: false
2025-11-08T11:23:42.3442455Z ##[endgroup]
2025-11-08T11:23:42.5702791Z ##[group]Installed versions
2025-11-08T11:23:42.6059317Z Successfully set up CPython (3.9.13)
2025-11-08T11:23:42.6061187Z ##[endgroup]
2025-11-08T11:23:42.6383750Z ##[group]Run Install-Module -Name Pester -Force -SkipPublisherCheck
2025-11-08T11:23:42.6384391Z [36;1mInstall-Module -Name Pester -Force -SkipPublisherCheck[0m
2025-11-08T11:23:42.7093074Z shell: C:\Windows\System32\WindowsPowerShell\v1.0\powershell.EXE -command ". '{0}'"
2025-11-08T11:23:42.7093630Z env:
2025-11-08T11:23:42.7093940Z   pythonLocation: C:\hostedtoolcache\windows\Python\3.9.13\x64
2025-11-08T11:23:42.7094504Z   PKG_CONFIG_PATH: C:\hostedtoolcache\windows\Python\3.9.13\x64/lib/pkgconfig
2025-11-08T11:23:42.7095048Z   Python_ROOT_DIR: C:\hostedtoolcache\windows\Python\3.9.13\x64
2025-11-08T11:23:42.7095512Z   Python2_ROOT_DIR: C:\hostedtoolcache\windows\Python\3.9.13\x64
2025-11-08T11:23:42.7095974Z   Python3_ROOT_DIR: C:\hostedtoolcache\windows\Python\3.9.13\x64
2025-11-08T11:23:42.7096332Z ##[endgroup]
2025-11-08T11:23:59.4535771Z ##[group]Run python scripts/setup-test-env.py
2025-11-08T11:23:59.4536167Z [36;1mpython scripts/setup-test-env.py[0m
2025-11-08T11:23:59.4843039Z shell: C:\Program Files\PowerShell\7\pwsh.EXE -command ". '{0}'"
2025-11-08T11:23:59.4843411Z env:
2025-11-08T11:23:59.4843702Z   pythonLocation: C:\hostedtoolcache\windows\Python\3.9.13\x64
2025-11-08T11:23:59.4844194Z   PKG_CONFIG_PATH: C:\hostedtoolcache\windows\Python\3.9.13\x64/lib/pkgconfig
2025-11-08T11:23:59.4844666Z   Python_ROOT_DIR: C:\hostedtoolcache\windows\Python\3.9.13\x64
2025-11-08T11:23:59.4845098Z   Python2_ROOT_DIR: C:\hostedtoolcache\windows\Python\3.9.13\x64
2025-11-08T11:23:59.4845541Z   Python3_ROOT_DIR: C:\hostedtoolcache\windows\Python\3.9.13\x64
2025-11-08T11:23:59.4845868Z ##[endgroup]
2025-11-08T11:24:24.4705677Z 
2025-11-08T11:24:24.4706350Z ============================================================
2025-11-08T11:24:24.4709105Z   RDD Test Environment Setup
2025-11-08T11:24:24.4709583Z ============================================================
2025-11-08T11:24:24.4710083Z 
2025-11-08T11:24:24.4710448Z ✓ Python 3.9.13 detected
2025-11-08T11:24:24.4710663Z 
2025-11-08T11:24:24.4711029Z Repository root: D:\a\requirements-driven-development\requirements-driven-development
2025-11-08T11:24:24.4711948Z Virtual environment: D:\a\requirements-driven-development\requirements-driven-development\.venv
2025-11-08T11:24:24.4713169Z Requirements file: D:\a\requirements-driven-development\requirements-driven-development\tests\requirements.txt
2025-11-08T11:24:24.4713933Z 
2025-11-08T11:24:24.4714675Z ℹ Creating virtual environment at D:\a\requirements-driven-development\requirements-driven-development\.venv...
2025-11-08T11:24:24.4715584Z ✓ Virtual environment created
2025-11-08T11:24:24.4715949Z ℹ Upgrading pip...
2025-11-08T11:24:24.4716207Z ✓ pip upgraded
2025-11-08T11:24:24.4716731Z ℹ Installing/updating test dependencies...
2025-11-08T11:24:24.4717265Z ✓ Test dependencies installed/updated
2025-11-08T11:24:24.4717551Z 
2025-11-08T11:24:24.4717684Z ============================================================
2025-11-08T11:24:24.4718098Z Setup completed successfully!
2025-11-08T11:24:24.4718457Z ============================================================
2025-11-08T11:24:24.4718760Z 
2025-11-08T11:24:24.4718901Z To activate the virtual environment:
2025-11-08T11:24:24.4719832Z   D:\a\requirements-driven-development\requirements-driven-development\.venv\Scripts\activate          (Command Prompt)
2025-11-08T11:24:24.4721237Z   D:\a\requirements-driven-development\requirements-driven-development\.venv\Scripts\Activate.ps1      (PowerShell)
2025-11-08T11:24:24.4722347Z 
2025-11-08T11:24:24.4722449Z To run tests:
2025-11-08T11:24:24.4722744Z   pytest tests/python/
2025-11-08T11:24:24.4722946Z 
2025-11-08T11:24:24.4723053Z To deactivate:
2025-11-08T11:24:24.4723290Z   deactivate
2025-11-08T11:24:24.4723433Z 
2025-11-08T11:24:25.3196461Z ##[group]Run python scripts/run-tests.py
2025-11-08T11:24:25.3196849Z [36;1mpython scripts/run-tests.py[0m
2025-11-08T11:24:25.3258088Z shell: C:\Program Files\PowerShell\7\pwsh.EXE -command ". '{0}'"
2025-11-08T11:24:25.3258395Z env:
2025-11-08T11:24:25.3258636Z   pythonLocation: C:\hostedtoolcache\windows\Python\3.9.13\x64
2025-11-08T11:24:25.3259032Z   PKG_CONFIG_PATH: C:\hostedtoolcache\windows\Python\3.9.13\x64/lib/pkgconfig
2025-11-08T11:24:25.3259427Z   Python_ROOT_DIR: C:\hostedtoolcache\windows\Python\3.9.13\x64
2025-11-08T11:24:25.3259778Z   Python2_ROOT_DIR: C:\hostedtoolcache\windows\Python\3.9.13\x64
2025-11-08T11:24:25.3260121Z   Python3_ROOT_DIR: C:\hostedtoolcache\windows\Python\3.9.13\x64
2025-11-08T11:24:25.3260405Z ##[endgroup]
2025-11-08T11:24:26.4848965Z ============================= test session starts =============================
2025-11-08T11:24:26.4850422Z platform win32 -- Python 3.9.13, pytest-8.4.2, pluggy-1.6.0 -- D:\a\requirements-driven-development\requirements-driven-development\.venv\Scripts\python.exe
2025-11-08T11:24:26.4851270Z cachedir: .pytest_cache
2025-11-08T11:24:26.4851737Z rootdir: D:\a\requirements-driven-development\requirements-driven-development
2025-11-08T11:24:26.4852528Z plugins: cov-7.0.0, mock-3.15.1, timeout-2.4.0, xdist-3.8.0
2025-11-08T11:24:26.5778862Z collecting ... collected 49 items
2025-11-08T11:24:26.5779200Z 
2025-11-08T11:24:26.8635056Z tests/python/test_integration.py::TestChangeWorkflow::test_fix_branch_workflow PASSED [  2%]
2025-11-08T11:24:27.1007587Z tests/python/test_integration.py::TestRequirementsManagement::test_requirements_changes_format PASSED [  4%]
2025-11-08T11:24:27.3428556Z tests/python/test_integration.py::TestWorkspaceArchiving::test_workspace_backup_creation PASSED [  6%]
2025-11-08T11:24:27.6401392Z tests/python/test_integration.py::TestGitIntegration::test_branch_creation_and_switching PASSED [  8%]
2025-11-08T11:24:27.9113033Z tests/python/test_integration.py::TestGitIntegration::test_uncommitted_changes_detection PASSED [ 10%]
2025-11-08T11:24:28.2822272Z tests/python/test_integration.py::TestConfigManagement::test_config_read_write_cycle PASSED [ 12%]
2025-11-08T11:24:28.5808367Z tests/python/test_integration.py::TestConfigManagement::test_config_default_branch PASSED [ 14%]
2025-11-08T11:24:28.6407553Z tests/python/test_rdd_main.py::TestCLIHelp::test_version_command FAILED  [ 16%]
2025-11-08T11:24:28.6452608Z tests/python/test_rdd_main.py::TestCLIHelp::test_help_command FAILED     [ 18%]
2025-11-08T11:24:28.6497582Z tests/python/test_rdd_main.py::TestDomainRouting::test_config_show_routing FAILED [ 20%]
2025-11-08T11:24:28.6541478Z tests/python/test_rdd_main.py::TestDomainRouting::test_workspace_init_routing FAILED [ 22%]
2025-11-08T11:24:28.6594175Z tests/python/test_rdd_main.py::TestChangeCommands::test_change_create_requires_default_branch FAILED [ 24%]
2025-11-08T11:24:28.6603820Z tests/python/test_rdd_main.py::TestMenuInteraction::test_curses_menu_selection SKIPPED [ 26%]
2025-11-08T11:24:28.6649278Z tests/python/test_rdd_main.py::TestValidationCommands::test_check_repo_valid FAILED [ 28%]
2025-11-08T11:24:28.6693540Z tests/python/test_rdd_main.py::TestErrorHandling::test_no_command_shows_help FAILED [ 30%]
2025-11-08T11:24:28.6736163Z tests/python/test_rdd_main.py::TestErrorHandling::test_invalid_domain_error FAILED [ 32%]
2025-11-08T11:24:28.6779842Z tests/python/test_rdd_main.py::TestErrorHandling::test_invalid_action_error FAILED [ 34%]
2025-11-08T11:24:28.6793849Z tests/python/test_rdd_utils.py::TestOutputFunctions::test_print_success PASSED [ 36%]
2025-11-08T11:24:28.6806847Z tests/python/test_rdd_utils.py::TestOutputFunctions::test_print_error PASSED [ 38%]
2025-11-08T11:24:28.6820317Z tests/python/test_rdd_utils.py::TestOutputFunctions::test_print_warning PASSED [ 40%]
2025-11-08T11:24:28.6833545Z tests/python/test_rdd_utils.py::TestOutputFunctions::test_print_info PASSED [ 42%]
2025-11-08T11:24:28.6848735Z tests/python/test_rdd_utils.py::TestValidationFunctions::test_validate_name_valid PASSED [ 44%]
2025-11-08T11:24:28.6860985Z tests/python/test_rdd_utils.py::TestValidationFunctions::test_validate_name_with_spaces PASSED [ 46%]
2025-11-08T11:24:28.6874411Z tests/python/test_rdd_utils.py::TestValidationFunctions::test_validate_name_with_special_chars PASSED [ 48%]
2025-11-08T11:24:28.6886454Z tests/python/test_rdd_utils.py::TestValidationFunctions::test_validate_name_empty PASSED [ 51%]
2025-11-08T11:24:28.6899728Z tests/python/test_rdd_utils.py::TestValidationFunctions::test_normalize_to_kebab_case PASSED [ 53%]
2025-11-08T11:24:28.6934223Z tests/python/test_rdd_utils.py::TestValidationFunctions::test_validate_file_exists PASSED [ 55%]
2025-11-08T11:24:28.6954653Z tests/python/test_rdd_utils.py::TestValidationFunctions::test_validate_dir_exists PASSED [ 57%]
2025-11-08T11:24:28.6982078Z tests/python/test_rdd_utils.py::TestGitFunctions::test_check_git_repo_valid PASSED [ 59%]
2025-11-08T11:24:28.7003545Z tests/python/test_rdd_utils.py::TestGitFunctions::test_check_git_repo_invalid PASSED [ 61%]
2025-11-08T11:24:28.7020976Z tests/python/test_rdd_utils.py::TestGitFunctions::test_get_current_branch PASSED [ 63%]
2025-11-08T11:24:28.9391773Z tests/python/test_rdd_utils.py::TestGitFunctions::test_get_default_branch_from_config PASSED [ 65%]
2025-11-08T11:24:28.9407998Z tests/python/test_rdd_utils.py::TestGitFunctions::test_get_branch_type_fix PASSED [ 67%]
2025-11-08T11:24:28.9422824Z tests/python/test_rdd_utils.py::TestGitFunctions::test_get_branch_type_enh PASSED [ 69%]
2025-11-08T11:24:28.9446093Z tests/python/test_rdd_utils.py::TestGitFunctions::test_get_branch_type_main PASSED [ 71%]
2025-11-08T11:24:28.9462499Z tests/python/test_rdd_utils.py::TestGitFunctions::test_is_enh_or_fix_branch PASSED [ 73%]
2025-11-08T11:24:28.9475793Z tests/python/test_rdd_utils.py::TestTimestampFunctions::test_get_timestamp_format PASSED [ 75%]
2025-11-08T11:24:28.9487857Z tests/python/test_rdd_utils.py::TestTimestampFunctions::test_get_timestamp_filename_format PASSED [ 77%]
2025-11-08T11:24:29.2283058Z tests/python/test_rdd_utils.py::TestConfigFunctions::test_get_rdd_config_existing_key PASSED [ 79%]
2025-11-08T11:24:29.4967515Z tests/python/test_rdd_utils.py::TestConfigFunctions::test_get_rdd_config_missing_key_with_default PASSED [ 81%]
2025-11-08T11:24:29.7615020Z tests/python/test_rdd_utils.py::TestConfigFunctions::test_set_rdd_config PASSED [ 83%]
2025-11-08T11:24:30.0284008Z tests/python/test_rdd_utils.py::TestConfigFunctions::test_get_rdd_config_path PASSED [ 85%]
2025-11-08T11:24:30.0311643Z tests/python/test_rdd_utils.py::TestWorkspaceUtilities::test_ensure_dir_creates_directory PASSED [ 87%]
2025-11-08T11:24:30.0330342Z tests/python/test_rdd_utils.py::TestWorkspaceUtilities::test_ensure_dir_existing_directory PASSED [ 89%]
2025-11-08T11:24:30.2811260Z tests/python/test_rdd_utils.py::TestPromptFunctions::test_mark_prompt_completed PASSED [ 91%]
2025-11-08T11:24:30.2826271Z tests/python/test_rdd_utils.py::TestConfirmAction::test_confirm_action_yes PASSED [ 93%]
2025-11-08T11:24:30.2841482Z tests/python/test_rdd_utils.py::TestConfirmAction::test_confirm_action_no PASSED [ 95%]
2025-11-08T11:24:30.2855056Z tests/python/test_rdd_utils.py::TestConfirmAction::test_confirm_action_yes_full PASSED [ 97%]
2025-11-08T11:24:30.3116660Z tests/python/test_rdd_utils.py::TestConfirmAction::test_confirm_action_invalid PASSED [100%]
2025-11-08T11:24:30.3117476Z 
2025-11-08T11:24:30.3117667Z ================================== FAILURES ===================================
2025-11-08T11:24:30.3118188Z ______________________ TestCLIHelp.test_version_command _______________________
2025-11-08T11:24:30.3119089Z D:\a\requirements-driven-development\requirements-driven-development\tests\python\test_rdd_main.py:26: in test_version_command
2025-11-08T11:24:30.3120930Z     rdd.main()
2025-11-08T11:24:30.3121232Z E   AttributeError: module 'rdd' has no attribute 'main'
2025-11-08T11:24:30.3122241Z ________________________ TestCLIHelp.test_help_command ________________________
2025-11-08T11:24:30.3123142Z D:\a\requirements-driven-development\requirements-driven-development\tests\python\test_rdd_main.py:34: in test_help_command
2025-11-08T11:24:30.3123925Z     rdd.main()
2025-11-08T11:24:30.3124357Z E   AttributeError: module 'rdd' has no attribute 'main'
2025-11-08T11:24:30.3125101Z _________________ TestDomainRouting.test_config_show_routing __________________
2025-11-08T11:24:30.3126044Z D:\a\requirements-driven-development\requirements-driven-development\tests\python\test_rdd_main.py:49: in test_config_show_routing
2025-11-08T11:24:30.3126834Z     result = rdd.main()
2025-11-08T11:24:30.3127159Z E   AttributeError: module 'rdd' has no attribute 'main'
2025-11-08T11:24:30.3127678Z ________________ TestDomainRouting.test_workspace_init_routing ________________
2025-11-08T11:24:30.3128524Z D:\a\requirements-driven-development\requirements-driven-development\tests\python\test_rdd_main.py:57: in test_workspace_init_routing
2025-11-08T11:24:30.3129080Z     result = rdd.main()
2025-11-08T11:24:30.3129307Z E   AttributeError: module 'rdd' has no attribute 'main'
2025-11-08T11:24:30.3129697Z ________ TestChangeCommands.test_change_create_requires_default_branch ________
2025-11-08T11:24:30.3130403Z D:\a\requirements-driven-development\requirements-driven-development\tests\python\test_rdd_main.py:71: in test_change_create_requires_default_branch
2025-11-08T11:24:30.3130989Z     result = rdd.main()
2025-11-08T11:24:30.3131205Z E   AttributeError: module 'rdd' has no attribute 'main'
2025-11-08T11:24:30.3131576Z ________________ TestValidationCommands.test_check_repo_valid _________________
2025-11-08T11:24:30.3132231Z D:\a\requirements-driven-development\requirements-driven-development\tests\python\test_rdd_main.py:96: in test_check_repo_valid
2025-11-08T11:24:30.3132754Z     rdd.main()
2025-11-08T11:24:30.3132964Z E   AttributeError: module 'rdd' has no attribute 'main'
2025-11-08T11:24:30.3133327Z ________________ TestErrorHandling.test_no_command_shows_help _________________
2025-11-08T11:24:30.3133981Z D:\a\requirements-driven-development\requirements-driven-development\tests\python\test_rdd_main.py:108: in test_no_command_shows_help
2025-11-08T11:24:30.3134522Z     rdd.main()
2025-11-08T11:24:30.3134738Z E   AttributeError: module 'rdd' has no attribute 'main'
2025-11-08T11:24:30.3135155Z _________________ TestErrorHandling.test_invalid_domain_error _________________
2025-11-08T11:24:30.3135794Z D:\a\requirements-driven-development\requirements-driven-development\tests\python\test_rdd_main.py:116: in test_invalid_domain_error
2025-11-08T11:24:30.3136329Z     rdd.main()
2025-11-08T11:24:30.3136534Z E   AttributeError: module 'rdd' has no attribute 'main'
2025-11-08T11:24:30.3136882Z _________________ TestErrorHandling.test_invalid_action_error _________________
2025-11-08T11:24:30.3137524Z D:\a\requirements-driven-development\requirements-driven-development\tests\python\test_rdd_main.py:124: in test_invalid_action_error
2025-11-08T11:24:30.3138051Z     rdd.main()
2025-11-08T11:24:30.3138258Z E   AttributeError: module 'rdd' has no attribute 'main'
2025-11-08T11:24:30.3138549Z =========================== short test summary info ===========================
2025-11-08T11:24:30.3139104Z FAILED tests/python/test_rdd_main.py::TestCLIHelp::test_version_command - AttributeError: module 'rdd' has no attribute 'main'
2025-11-08T11:24:30.3139852Z FAILED tests/python/test_rdd_main.py::TestCLIHelp::test_help_command - AttributeError: module 'rdd' has no attribute 'main'
2025-11-08T11:24:30.3140598Z FAILED tests/python/test_rdd_main.py::TestDomainRouting::test_config_show_routing - AttributeError: module 'rdd' has no attribute 'main'
2025-11-08T11:24:30.3141406Z FAILED tests/python/test_rdd_main.py::TestDomainRouting::test_workspace_init_routing - AttributeError: module 'rdd' has no attribute 'main'
2025-11-08T11:24:30.3142568Z FAILED tests/python/test_rdd_main.py::TestChangeCommands::test_change_create_requires_default_branch - AttributeError: module 'rdd' has no attribute 'main'
2025-11-08T11:24:30.3143479Z FAILED tests/python/test_rdd_main.py::TestValidationCommands::test_check_repo_valid - AttributeError: module 'rdd' has no attribute 'main'
2025-11-08T11:24:30.3144505Z FAILED tests/python/test_rdd_main.py::TestErrorHandling::test_no_command_shows_help - AttributeError: module 'rdd' has no attribute 'main'
2025-11-08T11:24:30.3145516Z FAILED tests/python/test_rdd_main.py::TestErrorHandling::test_invalid_domain_error - AttributeError: module 'rdd' has no attribute 'main'
2025-11-08T11:24:30.3146324Z FAILED tests/python/test_rdd_main.py::TestErrorHandling::test_invalid_action_error - AttributeError: module 'rdd' has no attribute 'main'
2025-11-08T11:24:30.3146892Z =================== 9 failed, 39 passed, 1 skipped in 3.82s ===================
2025-11-08T11:24:30.6415017Z ============================= test session starts =============================
2025-11-08T11:24:30.6416087Z platform win32 -- Python 3.9.13, pytest-8.4.2, pluggy-1.6.0 -- D:\a\requirements-driven-development\requirements-driven-development\.venv\Scripts\python.exe
2025-11-08T11:24:30.6416873Z cachedir: .pytest_cache
2025-11-08T11:24:30.6417327Z rootdir: D:\a\requirements-driven-development\requirements-driven-development
2025-11-08T11:24:30.6417864Z plugins: cov-7.0.0, mock-3.15.1, timeout-2.4.0, xdist-3.8.0
2025-11-08T11:24:30.6713968Z collecting ... collected 13 items
2025-11-08T11:24:30.6714225Z 
2025-11-08T11:24:30.6893337Z tests/build/test_build.py::TestVersionExtraction::test_read_version_from_config PASSED [  7%]
2025-11-08T11:24:30.7123049Z tests/build/test_build.py::TestBuildDirCreation::test_create_build_dir PASSED [ 15%]
2025-11-08T11:24:30.7385052Z tests/build/test_build.py::TestFileCopying::test_copy_prompts PASSED     [ 23%]
2025-11-08T11:24:30.7641446Z tests/build/test_build.py::TestFileCopying::test_copy_scripts PASSED     [ 30%]
2025-11-08T11:24:30.7897831Z tests/build/test_build.py::TestFileCopying::test_copy_templates PASSED   [ 38%]
2025-11-08T11:24:30.8137173Z tests/build/test_build.py::TestFileCopying::test_copy_vscode_settings PASSED [ 46%]
2025-11-08T11:24:30.8421916Z tests/build/test_build.py::TestFileCopying::test_copy_rdd_docs_seeds PASSED [ 53%]
2025-11-08T11:24:30.8697783Z tests/build/test_build.py::TestTemplateGeneration::test_generate_readme PASSED [ 61%]
2025-11-08T11:24:30.8929065Z tests/build/test_build.py::TestTemplateGeneration::test_generate_installer PASSED [ 69%]
2025-11-08T11:24:30.9189960Z tests/build/test_build.py::TestArchiveCreation::test_create_archive PASSED [ 76%]
2025-11-08T11:24:30.9501196Z tests/build/test_build.py::TestChecksumGeneration::test_generate_checksum PASSED [ 84%]
2025-11-08T11:24:30.9515211Z tests/build/test_build.py::TestOutputFunctions::test_print_success PASSED [ 92%]
2025-11-08T11:24:30.9741927Z tests/build/test_build.py::TestOutputFunctions::test_print_error PASSED  [100%]
2025-11-08T11:24:30.9742421Z 
2025-11-08T11:24:30.9742569Z ============================= 13 passed in 0.33s ==============================
2025-11-08T11:24:31.2987603Z ============================= test session starts =============================
2025-11-08T11:24:31.2988910Z platform win32 -- Python 3.9.13, pytest-8.4.2, pluggy-1.6.0 -- D:\a\requirements-driven-development\requirements-driven-development\.venv\Scripts\python.exe
2025-11-08T11:24:31.2990007Z cachedir: .pytest_cache
2025-11-08T11:24:31.2990623Z rootdir: D:\a\requirements-driven-development\requirements-driven-development
2025-11-08T11:24:31.2991595Z plugins: cov-7.0.0, mock-3.15.1, timeout-2.4.0, xdist-3.8.0
2025-11-08T11:24:31.3309846Z collecting ... collected 21 items
2025-11-08T11:24:31.3310233Z 
2025-11-08T11:24:31.3326179Z tests/install/test_install.py::TestPreFlightChecks::test_check_python_version_success PASSED [  4%]
2025-11-08T11:24:31.3342837Z tests/install/test_install.py::TestPreFlightChecks::test_check_git_installed_success PASSED [  9%]
2025-11-08T11:24:31.3359025Z tests/install/test_install.py::TestPreFlightChecks::test_check_git_installed_failure PASSED [ 14%]
2025-11-08T11:24:31.5642029Z tests/install/test_install.py::TestPreFlightChecks::test_check_git_repo_valid PASSED [ 19%]
2025-11-08T11:24:31.5662328Z tests/install/test_install.py::TestPreFlightChecks::test_check_git_repo_invalid PASSED [ 23%]
2025-11-08T11:24:31.7958825Z tests/install/test_install.py::TestExistingInstallationDetection::test_detect_existing_installation_none PASSED [ 28%]
2025-11-08T11:24:32.0661205Z tests/install/test_install.py::TestExistingInstallationDetection::test_detect_existing_installation_found PASSED [ 33%]
2025-11-08T11:24:32.3318584Z tests/install/test_install.py::TestFileOperations::test_copy_prompts PASSED [ 38%]
2025-11-08T11:24:32.5812863Z tests/install/test_install.py::TestFileOperations::test_copy_framework PASSED [ 42%]
2025-11-08T11:24:32.8348310Z tests/install/test_install.py::TestFileOperations::test_copy_seed_templates PASSED [ 47%]
2025-11-08T11:24:33.0641088Z tests/install/test_install.py::TestSettingsMerge::test_merge_settings_empty_target PASSED [ 52%]
2025-11-08T11:24:33.0651930Z tests/install/test_install.py::TestSettingsMerge::test_merge_settings_existing_values PASSED [ 57%]
2025-11-08T11:24:33.0662024Z tests/install/test_install.py::TestSettingsMerge::test_merge_settings_object_merge PASSED [ 61%]
2025-11-08T11:24:33.2840001Z tests/install/test_install.py::TestGitignoreUpdate::test_update_gitignore_new_file PASSED [ 66%]
2025-11-08T11:24:33.5179669Z tests/install/test_install.py::TestGitignoreUpdate::test_update_gitignore_existing_file PASSED [ 71%]
2025-11-08T11:24:33.7514430Z tests/install/test_install.py::TestGitignoreUpdate::test_update_gitignore_already_present PASSED [ 76%]
2025-11-08T11:24:34.0514598Z tests/install/test_install.py::TestVerification::test_verify_installation_success PASSED [ 80%]
2025-11-08T11:24:34.2752959Z tests/install/test_install.py::TestVerification::test_verify_installation_missing_files PASSED [ 85%]
2025-11-08T11:24:34.2767178Z tests/install/test_install.py::TestOutputFunctions::test_print_banner PASSED [ 90%]
2025-11-08T11:24:34.2779441Z tests/install/test_install.py::TestOutputFunctions::test_print_success PASSED [ 95%]
2025-11-08T11:24:34.2993353Z tests/install/test_install.py::TestOutputFunctions::test_print_error PASSED [100%]
2025-11-08T11:24:34.2993898Z 
2025-11-08T11:24:34.2994036Z ============================= 21 passed in 3.00s ==============================
2025-11-08T11:24:34.3246118Z [0;31m✗[0m Python unit tests failed
2025-11-08T11:24:34.3246467Z 
2025-11-08T11:24:34.3246589Z ============================================================
2025-11-08T11:24:34.3246985Z   RDD Framework Test Runner (Windows)
2025-11-08T11:24:34.3247334Z ============================================================
2025-11-08T11:24:34.3247580Z 
2025-11-08T11:24:34.3247898Z [0;34mℹ[0m Checking prerequisites...
2025-11-08T11:24:34.3248337Z [0;32m✓[0m Python found: 3.9.13
2025-11-08T11:24:34.3248733Z [0;32m✓[0m Virtual environment found
2025-11-08T11:24:34.3249101Z [0;32m✓[0m pytest 8.4.2
2025-11-08T11:24:34.3249301Z 
2025-11-08T11:24:34.3249308Z 
2025-11-08T11:24:34.3249423Z ============================================================
2025-11-08T11:24:34.3249754Z   Running Tests
2025-11-08T11:24:34.3249998Z ============================================================
2025-11-08T11:24:34.3250238Z 
2025-11-08T11:24:34.3250428Z [0;34m[1/3][0m Running Python unit tests
2025-11-08T11:24:34.3250680Z 
2025-11-08T11:24:34.3251179Z [0;34m[2/3][0m Running build tests
2025-11-08T11:24:34.3251578Z [0;32m✓[0m Build tests passed
2025-11-08T11:24:34.3251791Z 
2025-11-08T11:24:34.3251968Z [0;34m[3/3][0m Running install tests
2025-11-08T11:24:34.3252344Z [0;32m✓[0m Install tests passed
2025-11-08T11:24:34.3252554Z 
2025-11-08T11:24:34.3252903Z 
2025-11-08T11:24:34.3253057Z ============================================================
2025-11-08T11:24:34.3253457Z   Test Summary
2025-11-08T11:24:34.3253739Z ============================================================
2025-11-08T11:24:34.3254030Z 
2025-11-08T11:24:34.3255370Z Total test suites: 3
2025-11-08T11:24:34.3255787Z [0;32mPassed: 2[0m
2025-11-08T11:24:34.3256147Z [0;31mFailed: 1[0m
2025-11-08T11:24:34.3256329Z 
2025-11-08T11:24:34.3256557Z [0;31m✗[0m Some tests failed
2025-11-08T11:24:34.4555242Z ##[error]Process completed with exit code 1.
2025-11-08T11:24:34.4770747Z Post job cleanup.
2025-11-08T11:24:34.7302077Z [command]"C:\Program Files\Git\bin\git.exe" version
2025-11-08T11:24:34.7620596Z git version 2.51.2.windows.1
2025-11-08T11:24:34.7717451Z Temporarily overriding HOME='D:\a\_temp\1218d70a-3e29-4f9a-b6c3-f4bafdbfa717' before making global git config changes
2025-11-08T11:24:34.7718827Z Adding repository directory to the temporary git global config as a safe directory
2025-11-08T11:24:34.7739046Z [command]"C:\Program Files\Git\bin\git.exe" config --global --add safe.directory D:\a\requirements-driven-development\requirements-driven-development
2025-11-08T11:24:34.8128142Z [command]"C:\Program Files\Git\bin\git.exe" config --local --name-only --get-regexp core\.sshCommand
2025-11-08T11:24:34.8459766Z [command]"C:\Program Files\Git\bin\git.exe" submodule foreach --recursive "sh -c \"git config --local --name-only --get-regexp 'core\.sshCommand' && git config --local --unset-all 'core.sshCommand' || :\""
2025-11-08T11:24:35.4325695Z [command]"C:\Program Files\Git\bin\git.exe" config --local --name-only --get-regexp http\.https\:\/\/github\.com\/\.extraheader
2025-11-08T11:24:35.4621796Z http.https://github.com/.extraheader
2025-11-08T11:24:35.4681674Z [command]"C:\Program Files\Git\bin\git.exe" config --local --unset-all http.https://github.com/.extraheader
2025-11-08T11:24:35.5030194Z [command]"C:\Program Files\Git\bin\git.exe" submodule foreach --recursive "sh -c \"git config --local --name-only --get-regexp 'http\.https\:\/\/github\.com\/\.extraheader' && git config --local --unset-all 'http.https://github.com/.extraheader' || :\""
2025-11-08T11:24:36.0899878Z Cleaning up orphan processes
