2025-11-07T12:00:32.2983686Z Current runner version: '2.329.0'
2025-11-07T12:00:32.3007594Z ##[group]Runner Image Provisioner
2025-11-07T12:00:32.3008418Z Hosted Compute Agent
2025-11-07T12:00:32.3009068Z Version: 20251016.436
2025-11-07T12:00:32.3009695Z Commit: 8ab8ac8bfd662a3739dab9fe09456aba92132568
2025-11-07T12:00:32.3010399Z Build Date: 2025-10-15T20:44:12Z
2025-11-07T12:00:32.3011425Z ##[endgroup]
2025-11-07T12:00:32.3011954Z ##[group]Operating System
2025-11-07T12:00:32.3012529Z Ubuntu
2025-11-07T12:00:32.3013172Z 24.04.3
2025-11-07T12:00:32.3013703Z LTS
2025-11-07T12:00:32.3014180Z ##[endgroup]
2025-11-07T12:00:32.3014774Z ##[group]Runner Image
2025-11-07T12:00:32.3015352Z Image: ubuntu-24.04
2025-11-07T12:00:32.3015841Z Version: 20251102.99.1
2025-11-07T12:00:32.3016897Z Included Software: https://github.com/actions/runner-images/blob/ubuntu24/20251102.99/images/ubuntu/Ubuntu2404-Readme.md
2025-11-07T12:00:32.3018467Z Image Release: https://github.com/actions/runner-images/releases/tag/ubuntu24%2F20251102.99
2025-11-07T12:00:32.3019532Z ##[endgroup]
2025-11-07T12:00:32.3020564Z ##[group]GITHUB_TOKEN Permissions
2025-11-07T12:00:32.3022557Z Contents: read
2025-11-07T12:00:32.3023231Z Metadata: read
2025-11-07T12:00:32.3023751Z Packages: read
2025-11-07T12:00:32.3024303Z ##[endgroup]
2025-11-07T12:00:32.3026321Z Secret source: Actions
2025-11-07T12:00:32.3027090Z Prepare workflow directory
2025-11-07T12:00:32.3344978Z Prepare all required actions
2025-11-07T12:00:32.3382558Z Getting action download info
2025-11-07T12:00:32.6695858Z Download action repository 'actions/checkout@v4' (SHA:08eba0b27e820071cde6df949e0beb9ba4906955)
2025-11-07T12:00:32.8332504Z Download action repository 'actions/setup-python@v5' (SHA:a26af69be951a213d495a4c3e4e4022e16d87065)
2025-11-07T12:00:32.9166471Z Download action repository 'codecov/codecov-action@v4' (SHA:b9fd7d16f6d7d1b5d2bec1a2887e65ceed900238)
2025-11-07T12:00:33.2560714Z Complete job name: All Tests (Linux)
2025-11-07T12:00:33.3237923Z ##[group]Run actions/checkout@v4
2025-11-07T12:00:33.3238763Z with:
2025-11-07T12:00:33.3239241Z   repository: h111359/requirements-driven-development
2025-11-07T12:00:33.3239980Z   token: ***
2025-11-07T12:00:33.3240367Z   ssh-strict: true
2025-11-07T12:00:33.3240764Z   ssh-user: git
2025-11-07T12:00:33.3241357Z   persist-credentials: true
2025-11-07T12:00:33.3241830Z   clean: true
2025-11-07T12:00:33.3242249Z   sparse-checkout-cone-mode: true
2025-11-07T12:00:33.3242741Z   fetch-depth: 1
2025-11-07T12:00:33.3243144Z   fetch-tags: false
2025-11-07T12:00:33.3243547Z   show-progress: true
2025-11-07T12:00:33.3243963Z   lfs: false
2025-11-07T12:00:33.3244334Z   submodules: false
2025-11-07T12:00:33.3244744Z   set-safe-directory: true
2025-11-07T12:00:33.3245425Z ##[endgroup]
2025-11-07T12:00:33.4325210Z Syncing repository: h111359/requirements-driven-development
2025-11-07T12:00:33.4327155Z ##[group]Getting Git version info
2025-11-07T12:00:33.4328416Z Working directory is '/home/runner/work/requirements-driven-development/requirements-driven-development'
2025-11-07T12:00:33.4329691Z [command]/usr/bin/git version
2025-11-07T12:00:33.4435798Z git version 2.51.2
2025-11-07T12:00:33.4461604Z ##[endgroup]
2025-11-07T12:00:33.4476277Z Temporarily overriding HOME='/home/runner/work/_temp/0f6824b6-b99f-44ff-9471-ea1d66ae33ae' before making global git config changes
2025-11-07T12:00:33.4477718Z Adding repository directory to the temporary git global config as a safe directory
2025-11-07T12:00:33.4482214Z [command]/usr/bin/git config --global --add safe.directory /home/runner/work/requirements-driven-development/requirements-driven-development
2025-11-07T12:00:33.4518431Z Deleting the contents of '/home/runner/work/requirements-driven-development/requirements-driven-development'
2025-11-07T12:00:33.4521600Z ##[group]Initializing the repository
2025-11-07T12:00:33.4526158Z [command]/usr/bin/git init /home/runner/work/requirements-driven-development/requirements-driven-development
2025-11-07T12:00:33.4640840Z hint: Using 'master' as the name for the initial branch. This default branch name
2025-11-07T12:00:33.4642776Z hint: is subject to change. To configure the initial branch name to use in all
2025-11-07T12:00:33.4643821Z hint: of your new repositories, which will suppress this warning, call:
2025-11-07T12:00:33.4645020Z hint:
2025-11-07T12:00:33.4645541Z hint: 	git config --global init.defaultBranch <name>
2025-11-07T12:00:33.4646757Z hint:
2025-11-07T12:00:33.4647781Z hint: Names commonly chosen instead of 'master' are 'main', 'trunk' and
2025-11-07T12:00:33.4649415Z hint: 'development'. The just-created branch can be renamed via this command:
2025-11-07T12:00:33.4650655Z hint:
2025-11-07T12:00:33.4651563Z hint: 	git branch -m <name>
2025-11-07T12:00:33.4652363Z hint:
2025-11-07T12:00:33.4653347Z hint: Disable this message with "git config set advice.defaultBranchName false"
2025-11-07T12:00:33.4655558Z Initialized empty Git repository in /home/runner/work/requirements-driven-development/requirements-driven-development/.git/
2025-11-07T12:00:33.4659122Z [command]/usr/bin/git remote add origin https://github.com/h111359/requirements-driven-development
2025-11-07T12:00:33.4694721Z ##[endgroup]
2025-11-07T12:00:33.4695896Z ##[group]Disabling automatic garbage collection
2025-11-07T12:00:33.4699581Z [command]/usr/bin/git config --local gc.auto 0
2025-11-07T12:00:33.4728206Z ##[endgroup]
2025-11-07T12:00:33.4729372Z ##[group]Setting up auth
2025-11-07T12:00:33.4735743Z [command]/usr/bin/git config --local --name-only --get-regexp core\.sshCommand
2025-11-07T12:00:33.4766131Z [command]/usr/bin/git submodule foreach --recursive sh -c "git config --local --name-only --get-regexp 'core\.sshCommand' && git config --local --unset-all 'core.sshCommand' || :"
2025-11-07T12:00:33.5119339Z [command]/usr/bin/git config --local --name-only --get-regexp http\.https\:\/\/github\.com\/\.extraheader
2025-11-07T12:00:33.5149394Z [command]/usr/bin/git submodule foreach --recursive sh -c "git config --local --name-only --get-regexp 'http\.https\:\/\/github\.com\/\.extraheader' && git config --local --unset-all 'http.https://github.com/.extraheader' || :"
2025-11-07T12:00:33.5367558Z [command]/usr/bin/git config --local http.https://github.com/.extraheader AUTHORIZATION: basic ***
2025-11-07T12:00:33.5410621Z ##[endgroup]
2025-11-07T12:00:33.5412243Z ##[group]Fetching the repository
2025-11-07T12:00:33.5420860Z [command]/usr/bin/git -c protocol.version=2 fetch --no-tags --prune --no-recurse-submodules --depth=1 origin +4567590f6b545c0712a97ec8a4bea4b2637fca79:refs/remotes/pull/53/merge
2025-11-07T12:00:33.7874573Z From https://github.com/h111359/requirements-driven-development
2025-11-07T12:00:33.7877740Z  * [new ref]         4567590f6b545c0712a97ec8a4bea4b2637fca79 -> pull/53/merge
2025-11-07T12:00:33.7913503Z ##[endgroup]
2025-11-07T12:00:33.7914703Z ##[group]Determining the checkout info
2025-11-07T12:00:33.7916639Z ##[endgroup]
2025-11-07T12:00:33.7922266Z [command]/usr/bin/git sparse-checkout disable
2025-11-07T12:00:33.7967675Z [command]/usr/bin/git config --local --unset-all extensions.worktreeConfig
2025-11-07T12:00:33.7995844Z ##[group]Checking out the ref
2025-11-07T12:00:33.7999173Z [command]/usr/bin/git checkout --progress --force refs/remotes/pull/53/merge
2025-11-07T12:00:33.8201882Z Note: switching to 'refs/remotes/pull/53/merge'.
2025-11-07T12:00:33.8203255Z 
2025-11-07T12:00:33.8203751Z You are in 'detached HEAD' state. You can look around, make experimental
2025-11-07T12:00:33.8204865Z changes and commit them, and you can discard any commits you make in this
2025-11-07T12:00:33.8206844Z state without impacting any branches by switching back to a branch.
2025-11-07T12:00:33.8208186Z 
2025-11-07T12:00:33.8208992Z If you want to create a new branch to retain commits you create, you may
2025-11-07T12:00:33.8210966Z do so (now or later) by using -c with the switch command. Example:
2025-11-07T12:00:33.8212472Z 
2025-11-07T12:00:33.8212958Z   git switch -c <new-branch-name>
2025-11-07T12:00:33.8213747Z 
2025-11-07T12:00:33.8214200Z Or undo this operation with:
2025-11-07T12:00:33.8214992Z 
2025-11-07T12:00:33.8215746Z   git switch -
2025-11-07T12:00:33.8216265Z 
2025-11-07T12:00:33.8217195Z Turn off this advice by setting config variable advice.detachedHead to false
2025-11-07T12:00:33.8218618Z 
2025-11-07T12:00:33.8220179Z HEAD is now at 4567590 Merge 261265e41c4ce6cf6f839f151b05a62dfa432e61 into ad751367b0c9a6c17544dd7edb9b3fb764dac4a9
2025-11-07T12:00:33.8223890Z ##[endgroup]
2025-11-07T12:00:33.8248344Z [command]/usr/bin/git log -1 --format=%H
2025-11-07T12:00:33.8270066Z 4567590f6b545c0712a97ec8a4bea4b2637fca79
2025-11-07T12:00:33.8555511Z ##[group]Run actions/setup-python@v5
2025-11-07T12:00:33.8556296Z with:
2025-11-07T12:00:33.8556746Z   python-version: 3.9
2025-11-07T12:00:33.8557315Z   check-latest: false
2025-11-07T12:00:33.8558130Z   token: ***
2025-11-07T12:00:33.8558614Z   update-environment: true
2025-11-07T12:00:33.8559308Z   allow-prereleases: false
2025-11-07T12:00:33.8559945Z   freethreaded: false
2025-11-07T12:00:33.8560488Z ##[endgroup]
2025-11-07T12:00:34.0230463Z ##[group]Installed versions
2025-11-07T12:00:34.0348077Z Successfully set up CPython (3.9.24)
2025-11-07T12:00:34.0349713Z ##[endgroup]
2025-11-07T12:00:34.0483076Z ##[group]Run sudo apt-get update
2025-11-07T12:00:34.0484171Z [36;1msudo apt-get update[0m
2025-11-07T12:00:34.0485158Z [36;1msudo apt-get install -y bats[0m
2025-11-07T12:00:34.0637019Z shell: /usr/bin/bash -e {0}
2025-11-07T12:00:34.0637984Z env:
2025-11-07T12:00:34.0638943Z   pythonLocation: /opt/hostedtoolcache/Python/3.9.24/x64
2025-11-07T12:00:34.0640153Z   PKG_CONFIG_PATH: /opt/hostedtoolcache/Python/3.9.24/x64/lib/pkgconfig
2025-11-07T12:00:34.0641624Z   Python_ROOT_DIR: /opt/hostedtoolcache/Python/3.9.24/x64
2025-11-07T12:00:34.0642774Z   Python2_ROOT_DIR: /opt/hostedtoolcache/Python/3.9.24/x64
2025-11-07T12:00:34.0643886Z   Python3_ROOT_DIR: /opt/hostedtoolcache/Python/3.9.24/x64
2025-11-07T12:00:34.0644963Z   LD_LIBRARY_PATH: /opt/hostedtoolcache/Python/3.9.24/x64/lib
2025-11-07T12:00:34.0645925Z ##[endgroup]
2025-11-07T12:00:34.2069286Z Get:1 file:/etc/apt/apt-mirrors.txt Mirrorlist [144 B]
2025-11-07T12:00:34.2241728Z Get:6 https://packages.microsoft.com/repos/azure-cli noble InRelease [3564 B]
2025-11-07T12:00:34.2465709Z Hit:2 http://azure.archive.ubuntu.com/ubuntu noble InRelease
2025-11-07T12:00:34.2468615Z Get:7 https://packages.microsoft.com/ubuntu/24.04/prod noble InRelease [3600 B]
2025-11-07T12:00:34.2517240Z Get:3 http://azure.archive.ubuntu.com/ubuntu noble-updates InRelease [126 kB]
2025-11-07T12:00:34.2598942Z Get:4 http://azure.archive.ubuntu.com/ubuntu noble-backports InRelease [126 kB]
2025-11-07T12:00:34.2649229Z Get:5 http://azure.archive.ubuntu.com/ubuntu noble-security InRelease [126 kB]
2025-11-07T12:00:34.3510916Z Get:8 https://packages.microsoft.com/repos/azure-cli noble/main amd64 Packages [1700 B]
2025-11-07T12:00:34.4677994Z Get:9 https://packages.microsoft.com/ubuntu/24.04/prod noble/main arm64 Packages [49.6 kB]
2025-11-07T12:00:34.4759144Z Get:10 https://packages.microsoft.com/ubuntu/24.04/prod noble/main amd64 Packages [66.8 kB]
2025-11-07T12:00:34.4797505Z Get:11 https://packages.microsoft.com/ubuntu/24.04/prod noble/main armhf Packages [11.2 kB]
2025-11-07T12:00:34.5156775Z Get:12 http://azure.archive.ubuntu.com/ubuntu noble-updates/main amd64 Packages [1585 kB]
2025-11-07T12:00:34.5244931Z Get:13 http://azure.archive.ubuntu.com/ubuntu noble-updates/main Translation-en [299 kB]
2025-11-07T12:00:34.5271992Z Get:14 http://azure.archive.ubuntu.com/ubuntu noble-updates/main amd64 Components [175 kB]
2025-11-07T12:00:34.5294694Z Get:15 http://azure.archive.ubuntu.com/ubuntu noble-updates/main amd64 c-n-f Metadata [15.7 kB]
2025-11-07T12:00:34.5310905Z Get:16 http://azure.archive.ubuntu.com/ubuntu noble-updates/universe amd64 Packages [1498 kB]
2025-11-07T12:00:34.5386912Z Get:17 http://azure.archive.ubuntu.com/ubuntu noble-updates/universe amd64 Components [377 kB]
2025-11-07T12:00:34.5435926Z Get:18 http://azure.archive.ubuntu.com/ubuntu noble-updates/universe amd64 c-n-f Metadata [31.4 kB]
2025-11-07T12:00:34.5454884Z Get:19 http://azure.archive.ubuntu.com/ubuntu noble-updates/restricted amd64 Packages [2244 kB]
2025-11-07T12:00:34.5564031Z Get:20 http://azure.archive.ubuntu.com/ubuntu noble-updates/restricted Translation-en [509 kB]
2025-11-07T12:00:34.5602942Z Get:21 http://azure.archive.ubuntu.com/ubuntu noble-updates/restricted amd64 Components [212 B]
2025-11-07T12:00:34.6028847Z Get:22 http://azure.archive.ubuntu.com/ubuntu noble-updates/multiverse amd64 Components [940 B]
2025-11-07T12:00:34.6042372Z Get:23 http://azure.archive.ubuntu.com/ubuntu noble-backports/main amd64 Components [7136 B]
2025-11-07T12:00:34.6051465Z Get:24 http://azure.archive.ubuntu.com/ubuntu noble-backports/universe amd64 Components [11.0 kB]
2025-11-07T12:00:34.6057992Z Get:25 http://azure.archive.ubuntu.com/ubuntu noble-backports/restricted amd64 Components [216 B]
2025-11-07T12:00:34.6072308Z Get:26 http://azure.archive.ubuntu.com/ubuntu noble-backports/multiverse amd64 Components [212 B]
2025-11-07T12:00:34.6346068Z Get:27 http://azure.archive.ubuntu.com/ubuntu noble-security/main amd64 Packages [1305 kB]
2025-11-07T12:00:34.6472119Z Get:28 http://azure.archive.ubuntu.com/ubuntu noble-security/main Translation-en [215 kB]
2025-11-07T12:00:34.6486613Z Get:29 http://azure.archive.ubuntu.com/ubuntu noble-security/main amd64 Components [21.5 kB]
2025-11-07T12:00:34.6496068Z Get:30 http://azure.archive.ubuntu.com/ubuntu noble-security/main amd64 c-n-f Metadata [9336 B]
2025-11-07T12:00:34.6505609Z Get:31 http://azure.archive.ubuntu.com/ubuntu noble-security/universe amd64 Packages [906 kB]
2025-11-07T12:00:34.6562559Z Get:32 http://azure.archive.ubuntu.com/ubuntu noble-security/universe Translation-en [203 kB]
2025-11-07T12:00:34.6583585Z Get:33 http://azure.archive.ubuntu.com/ubuntu noble-security/universe amd64 Components [52.2 kB]
2025-11-07T12:00:34.6595876Z Get:34 http://azure.archive.ubuntu.com/ubuntu noble-security/universe amd64 c-n-f Metadata [19.4 kB]
2025-11-07T12:00:34.6607586Z Get:35 http://azure.archive.ubuntu.com/ubuntu noble-security/restricted amd64 Packages [2135 kB]
2025-11-07T12:00:34.7146398Z Get:36 http://azure.archive.ubuntu.com/ubuntu noble-security/restricted Translation-en [485 kB]
2025-11-07T12:00:34.7187005Z Get:37 http://azure.archive.ubuntu.com/ubuntu noble-security/restricted amd64 Components [212 B]
2025-11-07T12:00:34.7192757Z Get:38 http://azure.archive.ubuntu.com/ubuntu noble-security/multiverse amd64 Components [208 B]
2025-11-07T12:00:45.4963118Z Fetched 12.6 MB in 2s (7971 kB/s)
2025-11-07T12:00:46.2527214Z Reading package lists...
2025-11-07T12:00:46.2850944Z Reading package lists...
2025-11-07T12:00:46.4617113Z Building dependency tree...
2025-11-07T12:00:46.4623726Z Reading state information...
2025-11-07T12:00:46.6443451Z The following NEW packages will be installed:
2025-11-07T12:00:46.6450646Z   bats
2025-11-07T12:00:46.6632993Z 0 upgraded, 1 newly installed, 0 to remove and 22 not upgraded.
2025-11-07T12:00:46.6633785Z Need to get 45.5 kB of archives.
2025-11-07T12:00:46.6634408Z After this operation, 166 kB of additional disk space will be used.
2025-11-07T12:00:46.6635214Z Get:1 file:/etc/apt/apt-mirrors.txt Mirrorlist [144 B]
2025-11-07T12:00:46.6804960Z Get:2 http://azure.archive.ubuntu.com/ubuntu noble/universe amd64 bats all 1.10.0-1 [45.5 kB]
2025-11-07T12:00:46.9456440Z Fetched 45.5 kB in 0s (1573 kB/s)
2025-11-07T12:00:47.0024245Z Selecting previously unselected package bats.
2025-11-07T12:00:47.1070761Z (Reading database ... 
2025-11-07T12:00:47.1071478Z (Reading database ... 5%
2025-11-07T12:00:47.1071774Z (Reading database ... 10%
2025-11-07T12:00:47.1072219Z (Reading database ... 15%
2025-11-07T12:00:47.1072714Z (Reading database ... 20%
2025-11-07T12:00:47.1073023Z (Reading database ... 25%
2025-11-07T12:00:47.1073241Z (Reading database ... 30%
2025-11-07T12:00:47.1073460Z (Reading database ... 35%
2025-11-07T12:00:47.1073652Z (Reading database ... 40%
2025-11-07T12:00:47.1073864Z (Reading database ... 45%
2025-11-07T12:00:47.1074383Z (Reading database ... 50%
2025-11-07T12:00:47.1897813Z (Reading database ... 55%
2025-11-07T12:00:47.7425238Z (Reading database ... 60%
2025-11-07T12:00:48.2012848Z (Reading database ... 65%
2025-11-07T12:00:48.6565261Z (Reading database ... 70%
2025-11-07T12:00:49.1099231Z (Reading database ... 75%
2025-11-07T12:00:49.5748536Z (Reading database ... 80%
2025-11-07T12:00:50.1665092Z (Reading database ... 85%
2025-11-07T12:00:50.7358541Z (Reading database ... 90%
2025-11-07T12:00:51.2423697Z (Reading database ... 95%
2025-11-07T12:00:51.2424188Z (Reading database ... 100%
2025-11-07T12:00:51.2424784Z (Reading database ... 215802 files and directories currently installed.)
2025-11-07T12:00:51.2470973Z Preparing to unpack .../archives/bats_1.10.0-1_all.deb ...
2025-11-07T12:00:51.2498904Z Unpacking bats (1.10.0-1) ...
2025-11-07T12:00:51.3339798Z Setting up bats (1.10.0-1) ...
2025-11-07T12:00:51.3446293Z Processing triggers for man-db (2.12.0-4build2) ...
2025-11-07T12:02:08.9234515Z 
2025-11-07T12:02:08.9235169Z Running kernel seems to be up-to-date.
2025-11-07T12:02:08.9235550Z 
2025-11-07T12:02:08.9235732Z No services need to be restarted.
2025-11-07T12:02:08.9235987Z 
2025-11-07T12:02:08.9236496Z No containers need to be restarted.
2025-11-07T12:02:08.9236776Z 
2025-11-07T12:02:08.9236951Z No user sessions are running outdated binaries.
2025-11-07T12:02:08.9237246Z 
2025-11-07T12:02:08.9237541Z No VM guests are running outdated hypervisor (qemu) binaries on this host.
2025-11-07T12:02:09.8272786Z ##[group]Run python setup-test-env.py
2025-11-07T12:02:09.8273124Z [36;1mpython setup-test-env.py[0m
2025-11-07T12:02:09.8308233Z shell: /usr/bin/bash -e {0}
2025-11-07T12:02:09.8308461Z env:
2025-11-07T12:02:09.8308692Z   pythonLocation: /opt/hostedtoolcache/Python/3.9.24/x64
2025-11-07T12:02:09.8309078Z   PKG_CONFIG_PATH: /opt/hostedtoolcache/Python/3.9.24/x64/lib/pkgconfig
2025-11-07T12:02:09.8309449Z   Python_ROOT_DIR: /opt/hostedtoolcache/Python/3.9.24/x64
2025-11-07T12:02:09.8309773Z   Python2_ROOT_DIR: /opt/hostedtoolcache/Python/3.9.24/x64
2025-11-07T12:02:09.8310103Z   Python3_ROOT_DIR: /opt/hostedtoolcache/Python/3.9.24/x64
2025-11-07T12:02:09.8310444Z   LD_LIBRARY_PATH: /opt/hostedtoolcache/Python/3.9.24/x64/lib
2025-11-07T12:02:09.8310729Z ##[endgroup]
2025-11-07T12:02:22.3090247Z 
2025-11-07T12:02:22.3092284Z ============================================================
2025-11-07T12:02:22.3092824Z   RDD Test Environment Setup
2025-11-07T12:02:22.3093271Z ============================================================
2025-11-07T12:02:22.3093556Z 
2025-11-07T12:02:22.3093956Z ✓ Python 3.9.24 detected
2025-11-07T12:02:22.3094170Z 
2025-11-07T12:02:22.3094694Z Repository root: /home/runner/work/requirements-driven-development/requirements-driven-development
2025-11-07T12:02:22.3095890Z Virtual environment: /home/runner/work/requirements-driven-development/requirements-driven-development/.venv
2025-11-07T12:02:22.3097187Z Requirements file: /home/runner/work/requirements-driven-development/requirements-driven-development/tests/requirements.txt
2025-11-07T12:02:22.3097950Z 
2025-11-07T12:02:22.3098735Z ℹ Creating virtual environment at /home/runner/work/requirements-driven-development/requirements-driven-development/.venv...
2025-11-07T12:02:22.3099651Z ✓ Virtual environment created
2025-11-07T12:02:22.3100015Z ℹ Upgrading pip...
2025-11-07T12:02:22.3100312Z ✓ pip upgraded
2025-11-07T12:02:22.3100692Z ℹ Installing/updating test dependencies...
2025-11-07T12:02:22.3101364Z ✓ Test dependencies installed/updated
2025-11-07T12:02:22.3101617Z 
2025-11-07T12:02:22.3101744Z ============================================================
2025-11-07T12:02:22.3102145Z Setup completed successfully!
2025-11-07T12:02:22.3102522Z ============================================================
2025-11-07T12:02:22.3102859Z 
2025-11-07T12:02:22.3103045Z To activate the virtual environment:
2025-11-07T12:02:22.3103917Z   source /home/runner/work/requirements-driven-development/requirements-driven-development/.venv/bin/activate
2025-11-07T12:02:22.3104669Z 
2025-11-07T12:02:22.3104785Z To run tests:
2025-11-07T12:02:22.3105546Z   pytest tests/python/
2025-11-07T12:02:22.3105751Z 
2025-11-07T12:02:22.3105870Z To deactivate:
2025-11-07T12:02:22.3106141Z   deactivate
2025-11-07T12:02:22.3106299Z 
2025-11-07T12:02:22.3179297Z ##[group]Run bash scripts/run-tests.sh
2025-11-07T12:02:22.3179765Z [36;1mbash scripts/run-tests.sh[0m
2025-11-07T12:02:22.3223544Z shell: /usr/bin/bash -e {0}
2025-11-07T12:02:22.3223765Z env:
2025-11-07T12:02:22.3223998Z   pythonLocation: /opt/hostedtoolcache/Python/3.9.24/x64
2025-11-07T12:02:22.3224385Z   PKG_CONFIG_PATH: /opt/hostedtoolcache/Python/3.9.24/x64/lib/pkgconfig
2025-11-07T12:02:22.3224791Z   Python_ROOT_DIR: /opt/hostedtoolcache/Python/3.9.24/x64
2025-11-07T12:02:22.3225124Z   Python2_ROOT_DIR: /opt/hostedtoolcache/Python/3.9.24/x64
2025-11-07T12:02:22.3225450Z   Python3_ROOT_DIR: /opt/hostedtoolcache/Python/3.9.24/x64
2025-11-07T12:02:22.3225783Z   LD_LIBRARY_PATH: /opt/hostedtoolcache/Python/3.9.24/x64/lib
2025-11-07T12:02:22.3226066Z ##[endgroup]
2025-11-07T12:02:22.3313090Z 
2025-11-07T12:02:22.3313309Z ============================================================
2025-11-07T12:02:22.3313802Z   RDD Framework Test Runner (Linux)
2025-11-07T12:02:22.3314291Z ============================================================
2025-11-07T12:02:22.3314610Z 
2025-11-07T12:02:22.3315181Z [0;34mℹ[0m Checking prerequisites...
2025-11-07T12:02:22.3330412Z [0;32m✓[0m Python found: Python 3.9.24
2025-11-07T12:02:22.3330956Z [0;32m✓[0m Virtual environment found
2025-11-07T12:02:22.3331649Z [0;34mℹ[0m Activating virtual environment...
2025-11-07T12:02:22.3334149Z [0;32m✓[0m Virtual environment activated
2025-11-07T12:02:22.9962007Z [0;32m✓[0m pytest found: pytest 8.4.2
2025-11-07T12:02:22.9962386Z 
2025-11-07T12:02:22.9962394Z 
2025-11-07T12:02:22.9962540Z ============================================================
2025-11-07T12:02:22.9962964Z   Running Tests
2025-11-07T12:02:22.9963289Z ============================================================
2025-11-07T12:02:22.9963583Z 
2025-11-07T12:02:22.9963863Z [0;34m[1/4][0m Running Python unit tests
2025-11-07T12:02:23.2821735Z ============================= test session starts ==============================
2025-11-07T12:02:23.2823024Z platform linux -- Python 3.9.24, pytest-8.4.2, pluggy-1.6.0 -- /home/runner/work/requirements-driven-development/requirements-driven-development/.venv/bin/python
2025-11-07T12:02:23.2824163Z cachedir: .pytest_cache
2025-11-07T12:02:23.2824904Z rootdir: /home/runner/work/requirements-driven-development/requirements-driven-development
2025-11-07T12:02:23.2825878Z plugins: timeout-2.4.0, cov-7.0.0, xdist-3.8.0, mock-3.15.1
2025-11-07T12:02:23.3685744Z collecting ... collected 49 items
2025-11-07T12:02:23.3686064Z 
2025-11-07T12:02:23.3993432Z tests/python/test_integration.py::TestChangeWorkflow::test_fix_branch_workflow PASSED [  2%]
2025-11-07T12:02:23.4233266Z tests/python/test_integration.py::TestRequirementsManagement::test_requirements_changes_format PASSED [  4%]
2025-11-07T12:02:23.4476554Z tests/python/test_integration.py::TestWorkspaceArchiving::test_workspace_backup_creation PASSED [  6%]
2025-11-07T12:02:23.4771661Z tests/python/test_integration.py::TestGitIntegration::test_branch_creation_and_switching PASSED [  8%]
2025-11-07T12:02:23.5043525Z tests/python/test_integration.py::TestGitIntegration::test_uncommitted_changes_detection PASSED [ 10%]
2025-11-07T12:02:23.5404321Z tests/python/test_integration.py::TestConfigManagement::test_config_read_write_cycle PASSED [ 12%]
2025-11-07T12:02:23.5707256Z tests/python/test_integration.py::TestConfigManagement::test_config_default_branch PASSED [ 14%]
2025-11-07T12:02:23.5725544Z tests/python/test_rdd_main.py::TestCLIHelp::test_version_command PASSED  [ 16%]
2025-11-07T12:02:23.5737381Z tests/python/test_rdd_main.py::TestCLIHelp::test_help_command PASSED     [ 18%]
2025-11-07T12:02:23.5749035Z tests/python/test_rdd_main.py::TestDomainRouting::test_config_show_routing PASSED [ 20%]
2025-11-07T12:02:23.5762756Z tests/python/test_rdd_main.py::TestDomainRouting::test_workspace_init_routing PASSED [ 22%]
2025-11-07T12:02:23.5864195Z tests/python/test_rdd_main.py::TestChangeCommands::test_change_create_requires_default_branch PASSED [ 24%]
2025-11-07T12:02:23.6384046Z tests/python/test_rdd_main.py::TestMenuInteraction::test_curses_menu_selection PASSED [ 26%]
2025-11-07T12:02:23.6396723Z tests/python/test_rdd_main.py::TestValidationCommands::test_check_repo_valid PASSED [ 28%]
2025-11-07T12:02:23.6408718Z tests/python/test_rdd_main.py::TestErrorHandling::test_no_command_shows_help PASSED [ 30%]
2025-11-07T12:02:23.6422845Z tests/python/test_rdd_main.py::TestErrorHandling::test_invalid_domain_error PASSED [ 32%]
2025-11-07T12:02:23.6434882Z tests/python/test_rdd_main.py::TestErrorHandling::test_invalid_action_error PASSED [ 34%]
2025-11-07T12:02:23.6445589Z tests/python/test_rdd_utils.py::TestOutputFunctions::test_print_success PASSED [ 36%]
2025-11-07T12:02:23.6456170Z tests/python/test_rdd_utils.py::TestOutputFunctions::test_print_error PASSED [ 38%]
2025-11-07T12:02:23.6466966Z tests/python/test_rdd_utils.py::TestOutputFunctions::test_print_warning PASSED [ 40%]
2025-11-07T12:02:23.6477537Z tests/python/test_rdd_utils.py::TestOutputFunctions::test_print_info PASSED [ 42%]
2025-11-07T12:02:23.6488983Z tests/python/test_rdd_utils.py::TestValidationFunctions::test_validate_name_valid PASSED [ 44%]
2025-11-07T12:02:23.6498576Z tests/python/test_rdd_utils.py::TestValidationFunctions::test_validate_name_with_spaces PASSED [ 46%]
2025-11-07T12:02:23.6508344Z tests/python/test_rdd_utils.py::TestValidationFunctions::test_validate_name_with_special_chars PASSED [ 48%]
2025-11-07T12:02:23.6517822Z tests/python/test_rdd_utils.py::TestValidationFunctions::test_validate_name_empty PASSED [ 51%]
2025-11-07T12:02:23.6528693Z tests/python/test_rdd_utils.py::TestValidationFunctions::test_normalize_to_kebab_case PASSED [ 53%]
2025-11-07T12:02:23.6543062Z tests/python/test_rdd_utils.py::TestValidationFunctions::test_validate_file_exists PASSED [ 55%]
2025-11-07T12:02:23.6555260Z tests/python/test_rdd_utils.py::TestValidationFunctions::test_validate_dir_exists PASSED [ 57%]
2025-11-07T12:02:23.6575396Z tests/python/test_rdd_utils.py::TestGitFunctions::test_check_git_repo_valid PASSED [ 59%]
2025-11-07T12:02:23.6590464Z tests/python/test_rdd_utils.py::TestGitFunctions::test_check_git_repo_invalid PASSED [ 61%]
2025-11-07T12:02:23.6603143Z tests/python/test_rdd_utils.py::TestGitFunctions::test_get_current_branch PASSED [ 63%]
2025-11-07T12:02:23.6865009Z tests/python/test_rdd_utils.py::TestGitFunctions::test_get_default_branch_from_config PASSED [ 65%]
2025-11-07T12:02:23.6877583Z tests/python/test_rdd_utils.py::TestGitFunctions::test_get_branch_type_fix PASSED [ 67%]
2025-11-07T12:02:23.6892837Z tests/python/test_rdd_utils.py::TestGitFunctions::test_get_branch_type_enh PASSED [ 69%]
2025-11-07T12:02:23.6911376Z tests/python/test_rdd_utils.py::TestGitFunctions::test_get_branch_type_main PASSED [ 71%]
2025-11-07T12:02:23.6930521Z tests/python/test_rdd_utils.py::TestGitFunctions::test_is_enh_or_fix_branch PASSED [ 73%]
2025-11-07T12:02:23.6943742Z tests/python/test_rdd_utils.py::TestTimestampFunctions::test_get_timestamp_format PASSED [ 75%]
2025-11-07T12:02:23.6953411Z tests/python/test_rdd_utils.py::TestTimestampFunctions::test_get_timestamp_filename_format PASSED [ 77%]
2025-11-07T12:02:23.7234556Z tests/python/test_rdd_utils.py::TestConfigFunctions::test_get_rdd_config_existing_key PASSED [ 79%]
2025-11-07T12:02:23.7511393Z tests/python/test_rdd_utils.py::TestConfigFunctions::test_get_rdd_config_missing_key_with_default PASSED [ 81%]
2025-11-07T12:02:23.7790474Z tests/python/test_rdd_utils.py::TestConfigFunctions::test_set_rdd_config PASSED [ 83%]
2025-11-07T12:02:23.8070458Z tests/python/test_rdd_utils.py::TestConfigFunctions::test_get_rdd_config_path PASSED [ 85%]
2025-11-07T12:02:23.8085050Z tests/python/test_rdd_utils.py::TestWorkspaceUtilities::test_ensure_dir_creates_directory PASSED [ 87%]
2025-11-07T12:02:23.8095995Z tests/python/test_rdd_utils.py::TestWorkspaceUtilities::test_ensure_dir_existing_directory PASSED [ 89%]
2025-11-07T12:02:23.8345591Z tests/python/test_rdd_utils.py::TestPromptFunctions::test_mark_prompt_completed PASSED [ 91%]
2025-11-07T12:02:23.8359874Z tests/python/test_rdd_utils.py::TestConfirmAction::test_confirm_action_yes PASSED [ 93%]
2025-11-07T12:02:23.8372136Z tests/python/test_rdd_utils.py::TestConfirmAction::test_confirm_action_no PASSED [ 95%]
2025-11-07T12:02:23.8384219Z tests/python/test_rdd_utils.py::TestConfirmAction::test_confirm_action_yes_full PASSED [ 97%]
2025-11-07T12:02:23.8640912Z tests/python/test_rdd_utils.py::TestConfirmAction::test_confirm_action_invalid PASSED [100%]
2025-11-07T12:02:23.8641652Z 
2025-11-07T12:02:23.8641855Z ============================== 49 passed in 0.57s ==============================
2025-11-07T12:02:23.8922779Z [0;32m✓[0m Python unit tests passed
2025-11-07T12:02:23.8923127Z 
2025-11-07T12:02:23.8923335Z [0;34m[2/4][0m Running build tests
2025-11-07T12:02:24.0917230Z ============================= test session starts ==============================
2025-11-07T12:02:24.0918534Z platform linux -- Python 3.9.24, pytest-8.4.2, pluggy-1.6.0 -- /home/runner/work/requirements-driven-development/requirements-driven-development/.venv/bin/python
2025-11-07T12:02:24.0919649Z cachedir: .pytest_cache
2025-11-07T12:02:24.0920317Z rootdir: /home/runner/work/requirements-driven-development/requirements-driven-development
2025-11-07T12:02:24.0921311Z plugins: timeout-2.4.0, cov-7.0.0, xdist-3.8.0, mock-3.15.1
2025-11-07T12:02:24.1123198Z ERROR: file or directory not found: tests/build/
2025-11-07T12:02:24.1123838Z collecting ... collected 0 items
2025-11-07T12:02:24.1124153Z 
2025-11-07T12:02:24.1124394Z ============================ no tests ran in 0.01s =============================
2025-11-07T12:02:24.1124717Z 
2025-11-07T12:02:24.1330096Z [0;31m✗[0m Build tests failed
2025-11-07T12:02:24.1330406Z 
2025-11-07T12:02:24.1330640Z [0;34m[3/4][0m Running install tests
2025-11-07T12:02:24.3373088Z ============================= test session starts ==============================
2025-11-07T12:02:24.3374225Z platform linux -- Python 3.9.24, pytest-8.4.2, pluggy-1.6.0 -- /home/runner/work/requirements-driven-development/requirements-driven-development/.venv/bin/python
2025-11-07T12:02:24.3375188Z cachedir: .pytest_cache
2025-11-07T12:02:24.3375782Z rootdir: /home/runner/work/requirements-driven-development/requirements-driven-development
2025-11-07T12:02:24.3376527Z plugins: timeout-2.4.0, cov-7.0.0, xdist-3.8.0, mock-3.15.1
2025-11-07T12:02:24.3667688Z collecting ... collected 21 items
2025-11-07T12:02:24.3667892Z 
2025-11-07T12:02:24.3678033Z tests/install/test_install.py::TestPreFlightChecks::test_check_python_version_success PASSED [  4%]
2025-11-07T12:02:24.3691372Z tests/install/test_install.py::TestPreFlightChecks::test_check_git_installed_success PASSED [  9%]
2025-11-07T12:02:24.3702664Z tests/install/test_install.py::TestPreFlightChecks::test_check_git_installed_failure PASSED [ 14%]
2025-11-07T12:02:24.3941779Z tests/install/test_install.py::TestPreFlightChecks::test_check_git_repo_valid PASSED [ 19%]
2025-11-07T12:02:24.3955480Z tests/install/test_install.py::TestPreFlightChecks::test_check_git_repo_invalid PASSED [ 23%]
2025-11-07T12:02:24.4181017Z tests/install/test_install.py::TestExistingInstallationDetection::test_detect_existing_installation_none PASSED [ 28%]
2025-11-07T12:02:24.4411568Z tests/install/test_install.py::TestExistingInstallationDetection::test_detect_existing_installation_found PASSED [ 33%]
2025-11-07T12:02:24.4662786Z tests/install/test_install.py::TestFileOperations::test_copy_prompts PASSED [ 38%]
2025-11-07T12:02:24.4936731Z tests/install/test_install.py::TestFileOperations::test_copy_framework PASSED [ 42%]
2025-11-07T12:02:24.5185929Z tests/install/test_install.py::TestFileOperations::test_copy_seed_templates PASSED [ 47%]
2025-11-07T12:02:24.5410373Z tests/install/test_install.py::TestSettingsMerge::test_merge_settings_empty_target PASSED [ 52%]
2025-11-07T12:02:24.5419051Z tests/install/test_install.py::TestSettingsMerge::test_merge_settings_existing_values PASSED [ 57%]
2025-11-07T12:02:24.5427272Z tests/install/test_install.py::TestSettingsMerge::test_merge_settings_object_merge PASSED [ 61%]
2025-11-07T12:02:24.5650202Z tests/install/test_install.py::TestGitignoreUpdate::test_update_gitignore_new_file PASSED [ 66%]
2025-11-07T12:02:24.5874841Z tests/install/test_install.py::TestGitignoreUpdate::test_update_gitignore_existing_file PASSED [ 71%]
2025-11-07T12:02:24.6103940Z tests/install/test_install.py::TestGitignoreUpdate::test_update_gitignore_already_present PASSED [ 76%]
2025-11-07T12:02:24.6495302Z tests/install/test_install.py::TestVerification::test_verify_installation_success PASSED [ 80%]
2025-11-07T12:02:24.6726496Z tests/install/test_install.py::TestVerification::test_verify_installation_missing_files PASSED [ 85%]
2025-11-07T12:02:24.6738840Z tests/install/test_install.py::TestOutputFunctions::test_print_banner PASSED [ 90%]
2025-11-07T12:02:24.6750019Z tests/install/test_install.py::TestOutputFunctions::test_print_success PASSED [ 95%]
2025-11-07T12:02:24.6994813Z tests/install/test_install.py::TestOutputFunctions::test_print_error PASSED [100%]
2025-11-07T12:02:24.6995371Z 
2025-11-07T12:02:24.6995595Z ============================== 21 passed in 0.35s ==============================
2025-11-07T12:02:24.7236089Z [0;32m✓[0m Install tests passed
2025-11-07T12:02:24.7236315Z 
2025-11-07T12:02:24.7236466Z [0;34m[4/4][0m Running shell tests (BATS)
2025-11-07T12:02:24.7758212Z 1..10
2025-11-07T12:02:24.8543409Z not ok 1 install.sh exists and is executable
2025-11-07T12:02:24.8550931Z # (in test file tests/shell/test_install_sh.bats, line 43)
2025-11-07T12:02:24.8558401Z #   `[ -x "scripts/install.sh" ]' failed
2025-11-07T12:02:24.8882929Z ok 2 install.sh shows version banner # skip Interactive test - requires user input
2025-11-07T12:02:24.9219289Z ok 3 check python3 availability
2025-11-07T12:02:24.9556153Z ok 4 check git availability
2025-11-07T12:02:24.9960603Z ok 5 create test git repository
2025-11-07T12:02:25.0680077Z not ok 6 install.py can be executed with python
2025-11-07T12:02:25.0688174Z # (in test file tests/shell/test_install_sh.bats, line 83)
2025-11-07T12:02:25.0699151Z #   `[ "$status" -eq 0 ] || [ "$status" -eq 2 ]' failed
2025-11-07T12:02:25.1068528Z ok 7 directory navigation functions work
2025-11-07T12:02:25.1455652Z ok 8 git repository detection works
2025-11-07T12:02:25.1835966Z ok 9 file operations work correctly
2025-11-07T12:02:25.2194550Z ok 10 directory traversal safety
2025-11-07T12:02:25.2277522Z [0;31m✗[0m Shell tests failed
2025-11-07T12:02:25.2277786Z 
2025-11-07T12:02:25.2277794Z 
2025-11-07T12:02:25.2277940Z ============================================================
2025-11-07T12:02:25.2278320Z   Test Summary
2025-11-07T12:02:25.2278522Z ============================================================
2025-11-07T12:02:25.2278704Z 
2025-11-07T12:02:25.2278784Z Total test suites: 4
2025-11-07T12:02:25.2279045Z [0;31m✗[0m Some tests failed
2025-11-07T12:02:25.2279278Z [0;32mPassed: 2[0m
2025-11-07T12:02:25.2279515Z [0;31mFailed: 2[0m
2025-11-07T12:02:25.2279619Z 
2025-11-07T12:02:25.2294289Z ##[error]Process completed with exit code 1.
2025-11-07T12:02:25.2401772Z ##[group]Run codecov/codecov-action@v4
2025-11-07T12:02:25.2402044Z with:
2025-11-07T12:02:25.2402213Z   file: ./coverage.xml
2025-11-07T12:02:25.2402399Z   flags: python
2025-11-07T12:02:25.2402582Z   name: python-coverage
2025-11-07T12:02:25.2402770Z env:
2025-11-07T12:02:25.2402992Z   pythonLocation: /opt/hostedtoolcache/Python/3.9.24/x64
2025-11-07T12:02:25.2403373Z   PKG_CONFIG_PATH: /opt/hostedtoolcache/Python/3.9.24/x64/lib/pkgconfig
2025-11-07T12:02:25.2403749Z   Python_ROOT_DIR: /opt/hostedtoolcache/Python/3.9.24/x64
2025-11-07T12:02:25.2404079Z   Python2_ROOT_DIR: /opt/hostedtoolcache/Python/3.9.24/x64
2025-11-07T12:02:25.2404398Z   Python3_ROOT_DIR: /opt/hostedtoolcache/Python/3.9.24/x64
2025-11-07T12:02:25.2404725Z   LD_LIBRARY_PATH: /opt/hostedtoolcache/Python/3.9.24/x64/lib
2025-11-07T12:02:25.2404999Z ##[endgroup]
2025-11-07T12:02:25.3253929Z eventName: pull_request
2025-11-07T12:02:25.3255169Z baseRef: h111359:dev | headRef: h111359:fix/20251107-0839-fix-version-and-build
2025-11-07T12:02:25.3262887Z ==> linux OS detected
2025-11-07T12:02:25.5764293Z https://cli.codecov.io/latest/linux/codecov.SHA256SUM
2025-11-07T12:02:25.6963080Z gpg: directory '/home/runner/.gnupg' created
2025-11-07T12:02:25.7003423Z gpg: keybox '/home/runner/.gnupg/pubring.kbx' created
2025-11-07T12:02:25.7848159Z gpg: /home/runner/.gnupg/trustdb.gpg: trustdb created
2025-11-07T12:02:25.7849166Z gpg: key 806BB28AED779869: public key "Codecov Uploader (Codecov Uploader Verification Key) <security@codecov.io>" imported
2025-11-07T12:02:25.8383976Z gpg: Total number processed: 1
2025-11-07T12:02:25.8384444Z gpg:               imported: 1
2025-11-07T12:02:25.8439650Z gpg: Signature made Thu Oct 23 15:06:21 2025 UTC
2025-11-07T12:02:25.8440403Z gpg:                using RSA key 27034E7FDB850E0BBC2C62FF806BB28AED779869
2025-11-07T12:02:25.8443501Z gpg: Good signature from "Codecov Uploader (Codecov Uploader Verification Key) <security@codecov.io>" [unknown]
2025-11-07T12:02:25.8444502Z gpg: WARNING: This key is not certified with a trusted signature!
2025-11-07T12:02:25.8445158Z gpg:          There is no indication that the signature belongs to the owner.
2025-11-07T12:02:25.8445876Z Primary key fingerprint: 2703 4E7F DB85 0E0B BC2C  62FF 806B B28A ED77 9869
2025-11-07T12:02:25.8668406Z ==> Uploader SHASUM verified (3e4d282fe243aa7283b17016ff65ab2806c262f16abb41125f0caeea380dfe77  codecov)
2025-11-07T12:02:25.8670038Z ==> Running version latest
2025-11-07T12:02:25.9442085Z Could not pull latest version information: SyntaxError: Unexpected token '<', "<!DOCTYPE "... is not valid JSON
2025-11-07T12:02:25.9444048Z ==> Running git config --global --add safe.directory /home/runner/work/requirements-driven-development/requirements-driven-development
2025-11-07T12:02:25.9535168Z [command]/usr/bin/git config --global --add safe.directory /home/runner/work/requirements-driven-development/requirements-driven-development
2025-11-07T12:02:25.9584067Z ==> Running command '/home/runner/work/_actions/codecov/codecov-action/v4/dist/codecov create-commit'
2025-11-07T12:02:25.9587170Z [command]/home/runner/work/_actions/codecov/codecov-action/v4/dist/codecov create-commit --git-service github -C 261265e41c4ce6cf6f839f151b05a62dfa432e61
2025-11-07T12:02:26.3138578Z info - 2025-11-07 12:02:26,313 -- ci service found: github-actions
2025-11-07T12:02:26.3235844Z warning - 2025-11-07 12:02:26,323 -- No config file could be found. Ignoring config.
2025-11-07T12:02:26.3555685Z warning - 2025-11-07 12:02:26,355 -- Branch `fix/20251107-0839-fix-version-and-build` is protected but no token was provided
2025-11-07T12:02:26.3557035Z warning - 2025-11-07 12:02:26,355 -- For information on Codecov upload tokens, see https://docs.codecov.com/docs/codecov-tokens
2025-11-07T12:02:26.6069369Z info - 2025-11-07 12:02:26,606 -- Process Commit creating complete
2025-11-07T12:02:26.6070469Z error - 2025-11-07 12:02:26,606 -- Commit creating failed: {"message":"Token required - not valid tokenless upload"}
2025-11-07T12:02:26.7130554Z Sentry is attempting to send 3 pending events
2025-11-07T12:02:26.7130918Z Waiting up to 2 seconds
2025-11-07T12:02:26.7131384Z Press Ctrl-C to quit
2025-11-07T12:02:26.8088695Z ==> Running command '/home/runner/work/_actions/codecov/codecov-action/v4/dist/codecov create-report'
2025-11-07T12:02:26.8091401Z [command]/home/runner/work/_actions/codecov/codecov-action/v4/dist/codecov create-report --git-service github -C 261265e41c4ce6cf6f839f151b05a62dfa432e61
2025-11-07T12:02:27.1654732Z info - 2025-11-07 12:02:27,164 -- ci service found: github-actions
2025-11-07T12:02:27.1748721Z warning - 2025-11-07 12:02:27,174 -- No config file could be found. Ignoring config.
2025-11-07T12:02:27.4996265Z info - 2025-11-07 12:02:27,499 -- Process Report creating complete
2025-11-07T12:02:27.5001398Z error - 2025-11-07 12:02:27,499 -- Report creating failed: {"message":"Token required - not valid tokenless upload"}
2025-11-07T12:02:27.6055396Z Sentry is attempting to send 2 pending events
2025-11-07T12:02:27.6055739Z Waiting up to 2 seconds
2025-11-07T12:02:27.6055992Z Press Ctrl-C to quit
2025-11-07T12:02:27.6532613Z ==> Running command '/home/runner/work/_actions/codecov/codecov-action/v4/dist/codecov do-upload'
2025-11-07T12:02:27.6534844Z [command]/home/runner/work/_actions/codecov/codecov-action/v4/dist/codecov do-upload -f ./coverage.xml -F python --git-service github -n python-coverage -C 261265e41c4ce6cf6f839f151b05a62dfa432e61
2025-11-07T12:02:28.0079251Z info - 2025-11-07 12:02:28,007 -- ci service found: github-actions
2025-11-07T12:02:28.0171187Z warning - 2025-11-07 12:02:28,016 -- No config file could be found. Ignoring config.
2025-11-07T12:02:28.0499901Z warning - 2025-11-07 12:02:28,049 -- xcrun is not installed or can't be found.
2025-11-07T12:02:28.1045265Z warning - 2025-11-07 12:02:28,104 -- No gcov data found.
2025-11-07T12:02:28.1049727Z warning - 2025-11-07 12:02:28,104 -- coverage.py is not installed or can't be found.
2025-11-07T12:02:28.1721748Z warning - 2025-11-07 12:02:28,171 -- Some files were not found --- {"not_found_files": ["coverage.xml"]}
2025-11-07T12:02:28.1805740Z info - 2025-11-07 12:02:28,180 -- Found 0 coverage files to report
2025-11-07T12:02:28.1835102Z Error: No coverage reports found. Please make sure you're generating reports successfully.
2025-11-07T12:02:28.2846247Z Sentry is attempting to send 2 pending events
2025-11-07T12:02:28.2846669Z Waiting up to 2 seconds
2025-11-07T12:02:28.2846947Z Press Ctrl-C to quit
2025-11-07T12:02:28.3588019Z ##[warning]Codecov:
                        Failed to properly upload report: The process '/home/runner/work/_actions/codecov/codecov-action/v4/dist/codecov' failed with exit code 1
2025-11-07T12:02:28.3749848Z Post job cleanup.
2025-11-07T12:02:28.4706838Z [command]/usr/bin/git version
2025-11-07T12:02:28.4743991Z git version 2.51.2
2025-11-07T12:02:28.4784032Z Copying '/home/runner/.gitconfig' to '/home/runner/work/_temp/c2586e3f-67df-4bc9-9610-b341f0ecb050/.gitconfig'
2025-11-07T12:02:28.4803353Z Temporarily overriding HOME='/home/runner/work/_temp/c2586e3f-67df-4bc9-9610-b341f0ecb050' before making global git config changes
2025-11-07T12:02:28.4804802Z Adding repository directory to the temporary git global config as a safe directory
2025-11-07T12:02:28.4809990Z [command]/usr/bin/git config --global --add safe.directory /home/runner/work/requirements-driven-development/requirements-driven-development
2025-11-07T12:02:28.4847515Z [command]/usr/bin/git config --local --name-only --get-regexp core\.sshCommand
2025-11-07T12:02:28.4882364Z [command]/usr/bin/git submodule foreach --recursive sh -c "git config --local --name-only --get-regexp 'core\.sshCommand' && git config --local --unset-all 'core.sshCommand' || :"
2025-11-07T12:02:28.5133278Z [command]/usr/bin/git config --local --name-only --get-regexp http\.https\:\/\/github\.com\/\.extraheader
2025-11-07T12:02:28.5155580Z http.https://github.com/.extraheader
2025-11-07T12:02:28.5168577Z [command]/usr/bin/git config --local --unset-all http.https://github.com/.extraheader
2025-11-07T12:02:28.5200925Z [command]/usr/bin/git submodule foreach --recursive sh -c "git config --local --name-only --get-regexp 'http\.https\:\/\/github\.com\/\.extraheader' && git config --local --unset-all 'http.https://github.com/.extraheader' || :"
2025-11-07T12:02:28.5532798Z Cleaning up orphan processes
