2025-11-07T12:34:49.9780021Z Current runner version: '2.329.0'
2025-11-07T12:34:49.9803142Z ##[group]Runner Image Provisioner
2025-11-07T12:34:49.9804100Z Hosted Compute Agent
2025-11-07T12:34:49.9804706Z Version: 20251016.436
2025-11-07T12:34:49.9805495Z Commit: 8ab8ac8bfd662a3739dab9fe09456aba92132568
2025-11-07T12:34:49.9806350Z Build Date: 2025-10-15T20:44:12Z
2025-11-07T12:34:49.9806969Z ##[endgroup]
2025-11-07T12:34:49.9807586Z ##[group]Operating System
2025-11-07T12:34:49.9808223Z Ubuntu
2025-11-07T12:34:49.9808770Z 24.04.3
2025-11-07T12:34:49.9809242Z LTS
2025-11-07T12:34:49.9809793Z ##[endgroup]
2025-11-07T12:34:49.9810359Z ##[group]Runner Image
2025-11-07T12:34:49.9810940Z Image: ubuntu-24.04
2025-11-07T12:34:49.9811550Z Version: 20251030.96.2
2025-11-07T12:34:49.9812670Z Included Software: https://github.com/actions/runner-images/blob/ubuntu24/20251030.96/images/ubuntu/Ubuntu2404-Readme.md
2025-11-07T12:34:49.9814418Z Image Release: https://github.com/actions/runner-images/releases/tag/ubuntu24%2F20251030.96
2025-11-07T12:34:49.9815799Z ##[endgroup]
2025-11-07T12:34:49.9817027Z ##[group]GITHUB_TOKEN Permissions
2025-11-07T12:34:49.9819159Z Contents: read
2025-11-07T12:34:49.9819724Z Metadata: read
2025-11-07T12:34:49.9820351Z Packages: read
2025-11-07T12:34:49.9820975Z ##[endgroup]
2025-11-07T12:34:49.9823167Z Secret source: Actions
2025-11-07T12:34:49.9824232Z Prepare workflow directory
2025-11-07T12:34:50.0151716Z Prepare all required actions
2025-11-07T12:34:50.0190144Z Getting action download info
2025-11-07T12:34:50.3941287Z Download action repository 'actions/checkout@v4' (SHA:08eba0b27e820071cde6df949e0beb9ba4906955)
2025-11-07T12:34:50.5819573Z Download action repository 'actions/setup-python@v5' (SHA:a26af69be951a213d495a4c3e4e4022e16d87065)
2025-11-07T12:34:50.6654377Z Download action repository 'codecov/codecov-action@v4' (SHA:b9fd7d16f6d7d1b5d2bec1a2887e65ceed900238)
2025-11-07T12:34:51.1543444Z Complete job name: All Tests (Linux)
2025-11-07T12:34:51.2233202Z ##[group]Run actions/checkout@v4
2025-11-07T12:34:51.2234040Z with:
2025-11-07T12:34:51.2234526Z   repository: h111359/requirements-driven-development
2025-11-07T12:34:51.2235428Z   token: ***
2025-11-07T12:34:51.2235814Z   ssh-strict: true
2025-11-07T12:34:51.2236201Z   ssh-user: git
2025-11-07T12:34:51.2236619Z   persist-credentials: true
2025-11-07T12:34:51.2237058Z   clean: true
2025-11-07T12:34:51.2237471Z   sparse-checkout-cone-mode: true
2025-11-07T12:34:51.2237946Z   fetch-depth: 1
2025-11-07T12:34:51.2238331Z   fetch-tags: false
2025-11-07T12:34:51.2238753Z   show-progress: true
2025-11-07T12:34:51.2239157Z   lfs: false
2025-11-07T12:34:51.2239526Z   submodules: false
2025-11-07T12:34:51.2239934Z   set-safe-directory: true
2025-11-07T12:34:51.2240602Z ##[endgroup]
2025-11-07T12:34:51.3313012Z Syncing repository: h111359/requirements-driven-development
2025-11-07T12:34:51.3315287Z ##[group]Getting Git version info
2025-11-07T12:34:51.3316412Z Working directory is '/home/runner/work/requirements-driven-development/requirements-driven-development'
2025-11-07T12:34:51.3317900Z [command]/usr/bin/git version
2025-11-07T12:34:51.3417824Z git version 2.51.2
2025-11-07T12:34:51.3443999Z ##[endgroup]
2025-11-07T12:34:51.3457493Z Temporarily overriding HOME='/home/runner/work/_temp/b698b1e8-687a-402a-abc7-6d26e26f6c1a' before making global git config changes
2025-11-07T12:34:51.3459199Z Adding repository directory to the temporary git global config as a safe directory
2025-11-07T12:34:51.3462665Z [command]/usr/bin/git config --global --add safe.directory /home/runner/work/requirements-driven-development/requirements-driven-development
2025-11-07T12:34:51.3498693Z Deleting the contents of '/home/runner/work/requirements-driven-development/requirements-driven-development'
2025-11-07T12:34:51.3501427Z ##[group]Initializing the repository
2025-11-07T12:34:51.3505897Z [command]/usr/bin/git init /home/runner/work/requirements-driven-development/requirements-driven-development
2025-11-07T12:34:51.3612916Z hint: Using 'master' as the name for the initial branch. This default branch name
2025-11-07T12:34:51.3615182Z hint: is subject to change. To configure the initial branch name to use in all
2025-11-07T12:34:51.3617306Z hint: of your new repositories, which will suppress this warning, call:
2025-11-07T12:34:51.3618994Z hint:
2025-11-07T12:34:51.3620544Z hint: 	git config --global init.defaultBranch <name>
2025-11-07T12:34:51.3622824Z hint:
2025-11-07T12:34:51.3624756Z hint: Names commonly chosen instead of 'master' are 'main', 'trunk' and
2025-11-07T12:34:51.3627544Z hint: 'development'. The just-created branch can be renamed via this command:
2025-11-07T12:34:51.3629163Z hint:
2025-11-07T12:34:51.3629971Z hint: 	git branch -m <name>
2025-11-07T12:34:51.3630871Z hint:
2025-11-07T12:34:51.3632170Z hint: Disable this message with "git config set advice.defaultBranchName false"
2025-11-07T12:34:51.3635115Z Initialized empty Git repository in /home/runner/work/requirements-driven-development/requirements-driven-development/.git/
2025-11-07T12:34:51.3638753Z [command]/usr/bin/git remote add origin https://github.com/h111359/requirements-driven-development
2025-11-07T12:34:51.3670347Z ##[endgroup]
2025-11-07T12:34:51.3671594Z ##[group]Disabling automatic garbage collection
2025-11-07T12:34:51.3675302Z [command]/usr/bin/git config --local gc.auto 0
2025-11-07T12:34:51.3704195Z ##[endgroup]
2025-11-07T12:34:51.3705742Z ##[group]Setting up auth
2025-11-07T12:34:51.3712063Z [command]/usr/bin/git config --local --name-only --get-regexp core\.sshCommand
2025-11-07T12:34:51.3743244Z [command]/usr/bin/git submodule foreach --recursive sh -c "git config --local --name-only --get-regexp 'core\.sshCommand' && git config --local --unset-all 'core.sshCommand' || :"
2025-11-07T12:34:51.4140915Z [command]/usr/bin/git config --local --name-only --get-regexp http\.https\:\/\/github\.com\/\.extraheader
2025-11-07T12:34:51.4173939Z [command]/usr/bin/git submodule foreach --recursive sh -c "git config --local --name-only --get-regexp 'http\.https\:\/\/github\.com\/\.extraheader' && git config --local --unset-all 'http.https://github.com/.extraheader' || :"
2025-11-07T12:34:51.4396394Z [command]/usr/bin/git config --local http.https://github.com/.extraheader AUTHORIZATION: basic ***
2025-11-07T12:34:51.4430143Z ##[endgroup]
2025-11-07T12:34:51.4431723Z ##[group]Fetching the repository
2025-11-07T12:34:51.4440662Z [command]/usr/bin/git -c protocol.version=2 fetch --no-tags --prune --no-recurse-submodules --depth=1 origin +fb46516564bb69e28edb3899a99d7e75b3a49df3:refs/remotes/pull/53/merge
2025-11-07T12:34:51.7868298Z From https://github.com/h111359/requirements-driven-development
2025-11-07T12:34:51.7871616Z  * [new ref]         fb46516564bb69e28edb3899a99d7e75b3a49df3 -> pull/53/merge
2025-11-07T12:34:51.7901328Z ##[endgroup]
2025-11-07T12:34:51.7903279Z ##[group]Determining the checkout info
2025-11-07T12:34:51.7905952Z ##[endgroup]
2025-11-07T12:34:51.7910202Z [command]/usr/bin/git sparse-checkout disable
2025-11-07T12:34:51.7953792Z [command]/usr/bin/git config --local --unset-all extensions.worktreeConfig
2025-11-07T12:34:51.7983640Z ##[group]Checking out the ref
2025-11-07T12:34:51.7987743Z [command]/usr/bin/git checkout --progress --force refs/remotes/pull/53/merge
2025-11-07T12:34:51.8183719Z Note: switching to 'refs/remotes/pull/53/merge'.
2025-11-07T12:34:51.8184813Z 
2025-11-07T12:34:51.8185892Z You are in 'detached HEAD' state. You can look around, make experimental
2025-11-07T12:34:51.8188513Z changes and commit them, and you can discard any commits you make in this
2025-11-07T12:34:51.8192508Z state without impacting any branches by switching back to a branch.
2025-11-07T12:34:51.8195341Z 
2025-11-07T12:34:51.8196603Z If you want to create a new branch to retain commits you create, you may
2025-11-07T12:34:51.8199200Z do so (now or later) by using -c with the switch command. Example:
2025-11-07T12:34:51.8200562Z 
2025-11-07T12:34:51.8201147Z   git switch -c <new-branch-name>
2025-11-07T12:34:51.8202077Z 
2025-11-07T12:34:51.8202651Z Or undo this operation with:
2025-11-07T12:34:51.8203535Z 
2025-11-07T12:34:51.8204321Z   git switch -
2025-11-07T12:34:51.8204784Z 
2025-11-07T12:34:51.8205743Z Turn off this advice by setting config variable advice.detachedHead to false
2025-11-07T12:34:51.8206829Z 
2025-11-07T12:34:51.8208138Z HEAD is now at fb46516 Merge 8faf525b61dccab0a4bb714983c11d63afb12ef5 into ad751367b0c9a6c17544dd7edb9b3fb764dac4a9
2025-11-07T12:34:51.8213143Z ##[endgroup]
2025-11-07T12:34:51.8230308Z [command]/usr/bin/git log -1 --format=%H
2025-11-07T12:34:51.8251946Z fb46516564bb69e28edb3899a99d7e75b3a49df3
2025-11-07T12:34:51.8566406Z ##[group]Run actions/setup-python@v5
2025-11-07T12:34:51.8567652Z with:
2025-11-07T12:34:51.8568472Z   python-version: 3.9
2025-11-07T12:34:51.8569415Z   check-latest: false
2025-11-07T12:34:51.8570607Z   token: ***
2025-11-07T12:34:51.8571472Z   update-environment: true
2025-11-07T12:34:51.8572526Z   allow-prereleases: false
2025-11-07T12:34:51.8573551Z   freethreaded: false
2025-11-07T12:34:51.8574480Z ##[endgroup]
2025-11-07T12:34:52.0334536Z ##[group]Installed versions
2025-11-07T12:34:52.0471303Z Successfully set up CPython (3.9.24)
2025-11-07T12:34:52.0475818Z ##[endgroup]
2025-11-07T12:34:52.0624237Z ##[group]Run sudo apt-get update
2025-11-07T12:34:52.0625658Z [36;1msudo apt-get update[0m
2025-11-07T12:34:52.0626695Z [36;1msudo apt-get install -y bats[0m
2025-11-07T12:34:52.0678602Z shell: /usr/bin/bash -e {0}
2025-11-07T12:34:52.0679588Z env:
2025-11-07T12:34:52.0680572Z   pythonLocation: /opt/hostedtoolcache/Python/3.9.24/x64
2025-11-07T12:34:52.0682274Z   PKG_CONFIG_PATH: /opt/hostedtoolcache/Python/3.9.24/x64/lib/pkgconfig
2025-11-07T12:34:52.0683945Z   Python_ROOT_DIR: /opt/hostedtoolcache/Python/3.9.24/x64
2025-11-07T12:34:52.0685671Z   Python2_ROOT_DIR: /opt/hostedtoolcache/Python/3.9.24/x64
2025-11-07T12:34:52.0687187Z   Python3_ROOT_DIR: /opt/hostedtoolcache/Python/3.9.24/x64
2025-11-07T12:34:52.0688698Z   LD_LIBRARY_PATH: /opt/hostedtoolcache/Python/3.9.24/x64/lib
2025-11-07T12:34:52.0690006Z ##[endgroup]
2025-11-07T12:34:52.1647307Z Get:1 file:/etc/apt/apt-mirrors.txt Mirrorlist [144 B]
2025-11-07T12:34:52.2048077Z Hit:2 http://azure.archive.ubuntu.com/ubuntu noble InRelease
2025-11-07T12:34:52.2052135Z Get:6 https://packages.microsoft.com/repos/azure-cli noble InRelease [3564 B]
2025-11-07T12:34:52.2063460Z Get:3 http://azure.archive.ubuntu.com/ubuntu noble-updates InRelease [126 kB]
2025-11-07T12:34:52.2119681Z Get:4 http://azure.archive.ubuntu.com/ubuntu noble-backports InRelease [126 kB]
2025-11-07T12:34:52.2145403Z Get:7 https://packages.microsoft.com/ubuntu/24.04/prod noble InRelease [3600 B]
2025-11-07T12:34:52.2151440Z Get:5 http://azure.archive.ubuntu.com/ubuntu noble-security InRelease [126 kB]
2025-11-07T12:34:52.3304125Z Get:8 https://packages.microsoft.com/repos/azure-cli noble/main amd64 Packages [1700 B]
2025-11-07T12:34:52.3785311Z Get:9 http://azure.archive.ubuntu.com/ubuntu noble-updates/main amd64 Packages [1585 kB]
2025-11-07T12:34:52.3935812Z Get:10 http://azure.archive.ubuntu.com/ubuntu noble-updates/main Translation-en [299 kB]
2025-11-07T12:34:52.3971255Z Get:11 http://azure.archive.ubuntu.com/ubuntu noble-updates/main amd64 Components [175 kB]
2025-11-07T12:34:52.4005332Z Get:12 http://azure.archive.ubuntu.com/ubuntu noble-updates/main amd64 c-n-f Metadata [15.7 kB]
2025-11-07T12:34:52.4014207Z Get:13 http://azure.archive.ubuntu.com/ubuntu noble-updates/universe amd64 Packages [1498 kB]
2025-11-07T12:34:52.4144846Z Get:14 http://azure.archive.ubuntu.com/ubuntu noble-updates/universe Translation-en [303 kB]
2025-11-07T12:34:52.4185282Z Get:15 http://azure.archive.ubuntu.com/ubuntu noble-updates/universe amd64 Components [377 kB]
2025-11-07T12:34:52.4230143Z Get:16 http://azure.archive.ubuntu.com/ubuntu noble-updates/universe amd64 c-n-f Metadata [31.4 kB]
2025-11-07T12:34:52.4261780Z Get:17 http://azure.archive.ubuntu.com/ubuntu noble-updates/restricted amd64 Packages [2244 kB]
2025-11-07T12:34:52.4428635Z Get:18 http://azure.archive.ubuntu.com/ubuntu noble-updates/restricted Translation-en [509 kB]
2025-11-07T12:34:52.4907863Z Get:19 http://azure.archive.ubuntu.com/ubuntu noble-updates/restricted amd64 Components [212 B]
2025-11-07T12:34:52.4920666Z Get:20 http://azure.archive.ubuntu.com/ubuntu noble-updates/multiverse amd64 Components [940 B]
2025-11-07T12:34:52.4971356Z Get:21 http://azure.archive.ubuntu.com/ubuntu noble-backports/main amd64 Components [7136 B]
2025-11-07T12:34:52.5014357Z Get:22 http://azure.archive.ubuntu.com/ubuntu noble-backports/universe amd64 Components [11.0 kB]
2025-11-07T12:34:52.5023853Z Get:23 http://azure.archive.ubuntu.com/ubuntu noble-backports/restricted amd64 Components [216 B]
2025-11-07T12:34:52.5047724Z Get:24 http://azure.archive.ubuntu.com/ubuntu noble-backports/multiverse amd64 Components [212 B]
2025-11-07T12:34:52.5233232Z Get:25 https://packages.microsoft.com/ubuntu/24.04/prod noble/main arm64 Packages [49.6 kB]
2025-11-07T12:34:52.5334747Z Get:26 https://packages.microsoft.com/ubuntu/24.04/prod noble/main armhf Packages [11.2 kB]
2025-11-07T12:34:52.5376160Z Get:27 https://packages.microsoft.com/ubuntu/24.04/prod noble/main amd64 Packages [66.8 kB]
2025-11-07T12:34:52.5817504Z Get:28 http://azure.archive.ubuntu.com/ubuntu noble-security/main amd64 Packages [1305 kB]
2025-11-07T12:34:52.5903435Z Get:29 http://azure.archive.ubuntu.com/ubuntu noble-security/main Translation-en [215 kB]
2025-11-07T12:34:52.5926031Z Get:30 http://azure.archive.ubuntu.com/ubuntu noble-security/main amd64 Components [21.5 kB]
2025-11-07T12:34:52.5939317Z Get:31 http://azure.archive.ubuntu.com/ubuntu noble-security/main amd64 c-n-f Metadata [9336 B]
2025-11-07T12:34:52.5954434Z Get:32 http://azure.archive.ubuntu.com/ubuntu noble-security/universe amd64 Packages [906 kB]
2025-11-07T12:34:52.6015595Z Get:33 http://azure.archive.ubuntu.com/ubuntu noble-security/universe Translation-en [203 kB]
2025-11-07T12:34:52.6035957Z Get:34 http://azure.archive.ubuntu.com/ubuntu noble-security/universe amd64 Components [52.2 kB]
2025-11-07T12:34:52.6047942Z Get:35 http://azure.archive.ubuntu.com/ubuntu noble-security/universe amd64 c-n-f Metadata [19.4 kB]
2025-11-07T12:34:52.6542664Z Get:36 http://azure.archive.ubuntu.com/ubuntu noble-security/restricted amd64 Packages [2135 kB]
2025-11-07T12:34:52.6648775Z Get:37 http://azure.archive.ubuntu.com/ubuntu noble-security/restricted Translation-en [485 kB]
2025-11-07T12:34:52.6681821Z Get:38 http://azure.archive.ubuntu.com/ubuntu noble-security/restricted amd64 Components [212 B]
2025-11-07T12:34:52.6690634Z Get:39 http://azure.archive.ubuntu.com/ubuntu noble-security/multiverse amd64 Components [208 B]
2025-11-07T12:35:01.1929653Z Fetched 12.9 MB in 2s (8363 kB/s)
2025-11-07T12:35:01.9530962Z Reading package lists...
2025-11-07T12:35:01.9877559Z Reading package lists...
2025-11-07T12:35:02.1808401Z Building dependency tree...
2025-11-07T12:35:02.1816292Z Reading state information...
2025-11-07T12:35:02.3602059Z The following NEW packages will be installed:
2025-11-07T12:35:02.3608801Z   bats
2025-11-07T12:35:02.3787849Z 0 upgraded, 1 newly installed, 0 to remove and 37 not upgraded.
2025-11-07T12:35:02.3788633Z Need to get 45.5 kB of archives.
2025-11-07T12:35:02.3789425Z After this operation, 166 kB of additional disk space will be used.
2025-11-07T12:35:02.3791739Z Get:1 file:/etc/apt/apt-mirrors.txt Mirrorlist [144 B]
2025-11-07T12:35:02.4163093Z Get:2 http://azure.archive.ubuntu.com/ubuntu noble/universe amd64 bats all 1.10.0-1 [45.5 kB]
2025-11-07T12:35:02.6858356Z Fetched 45.5 kB in 0s (911 kB/s)
2025-11-07T12:35:02.7091655Z Selecting previously unselected package bats.
2025-11-07T12:35:02.7496233Z (Reading database ... 
2025-11-07T12:35:02.7497359Z (Reading database ... 5%
2025-11-07T12:35:02.7498630Z (Reading database ... 10%
2025-11-07T12:35:02.7499177Z (Reading database ... 15%
2025-11-07T12:35:02.7499668Z (Reading database ... 20%
2025-11-07T12:35:02.7501822Z (Reading database ... 25%
2025-11-07T12:35:02.7502378Z (Reading database ... 30%
2025-11-07T12:35:02.7502904Z (Reading database ... 35%
2025-11-07T12:35:02.7503402Z (Reading database ... 40%
2025-11-07T12:35:02.7503852Z (Reading database ... 45%
2025-11-07T12:35:02.7587414Z (Reading database ... 50%
2025-11-07T12:35:02.7588064Z (Reading database ... 55%
2025-11-07T12:35:03.0403496Z (Reading database ... 60%
2025-11-07T12:35:03.2330749Z (Reading database ... 65%
2025-11-07T12:35:03.4446613Z (Reading database ... 70%
2025-11-07T12:35:03.5900222Z (Reading database ... 75%
2025-11-07T12:35:03.8438826Z (Reading database ... 80%
2025-11-07T12:35:04.0862830Z (Reading database ... 85%
2025-11-07T12:35:04.3400458Z (Reading database ... 90%
2025-11-07T12:35:04.4977812Z (Reading database ... 95%
2025-11-07T12:35:04.4978262Z (Reading database ... 100%
2025-11-07T12:35:04.4978787Z (Reading database ... 215550 files and directories currently installed.)
2025-11-07T12:35:04.5028672Z Preparing to unpack .../archives/bats_1.10.0-1_all.deb ...
2025-11-07T12:35:04.5062707Z Unpacking bats (1.10.0-1) ...
2025-11-07T12:35:04.5686133Z Setting up bats (1.10.0-1) ...
2025-11-07T12:35:04.5716367Z Processing triggers for man-db (2.12.0-4build2) ...
2025-11-07T12:35:18.7476318Z 
2025-11-07T12:35:18.7477294Z Running kernel seems to be up-to-date.
2025-11-07T12:35:18.7485883Z 
2025-11-07T12:35:18.7486209Z No services need to be restarted.
2025-11-07T12:35:18.7486735Z 
2025-11-07T12:35:18.7487017Z No containers need to be restarted.
2025-11-07T12:35:18.7487524Z 
2025-11-07T12:35:18.7487848Z No user sessions are running outdated binaries.
2025-11-07T12:35:18.7488439Z 
2025-11-07T12:35:18.7488978Z No VM guests are running outdated hypervisor (qemu) binaries on this host.
2025-11-07T12:35:19.6438634Z ##[group]Run python setup-test-env.py
2025-11-07T12:35:19.6439002Z [36;1mpython setup-test-env.py[0m
2025-11-07T12:35:19.6475315Z shell: /usr/bin/bash -e {0}
2025-11-07T12:35:19.6475580Z env:
2025-11-07T12:35:19.6475865Z   pythonLocation: /opt/hostedtoolcache/Python/3.9.24/x64
2025-11-07T12:35:19.6476347Z   PKG_CONFIG_PATH: /opt/hostedtoolcache/Python/3.9.24/x64/lib/pkgconfig
2025-11-07T12:35:19.6476807Z   Python_ROOT_DIR: /opt/hostedtoolcache/Python/3.9.24/x64
2025-11-07T12:35:19.6477241Z   Python2_ROOT_DIR: /opt/hostedtoolcache/Python/3.9.24/x64
2025-11-07T12:35:19.6477645Z   Python3_ROOT_DIR: /opt/hostedtoolcache/Python/3.9.24/x64
2025-11-07T12:35:19.6478053Z   LD_LIBRARY_PATH: /opt/hostedtoolcache/Python/3.9.24/x64/lib
2025-11-07T12:35:19.6478412Z ##[endgroup]
2025-11-07T12:35:30.7439438Z 
2025-11-07T12:35:30.7439938Z ============================================================
2025-11-07T12:35:30.7440654Z   RDD Test Environment Setup
2025-11-07T12:35:30.7441477Z ============================================================
2025-11-07T12:35:30.7442014Z 
2025-11-07T12:35:30.7442562Z ✓ Python 3.9.24 detected
2025-11-07T12:35:30.7442961Z 
2025-11-07T12:35:30.7443863Z Repository root: /home/runner/work/requirements-driven-development/requirements-driven-development
2025-11-07T12:35:30.7446332Z Virtual environment: /home/runner/work/requirements-driven-development/requirements-driven-development/.venv
2025-11-07T12:35:30.7448499Z Requirements file: /home/runner/work/requirements-driven-development/requirements-driven-development/tests/requirements.txt
2025-11-07T12:35:30.7449727Z 
2025-11-07T12:35:30.7450892Z ℹ Creating virtual environment at /home/runner/work/requirements-driven-development/requirements-driven-development/.venv...
2025-11-07T12:35:30.7452664Z ✓ Virtual environment created
2025-11-07T12:35:30.7453500Z ℹ Upgrading pip...
2025-11-07T12:35:30.7454240Z ✓ pip upgraded
2025-11-07T12:35:30.7455219Z ℹ Installing/updating test dependencies...
2025-11-07T12:35:30.7456142Z ✓ Test dependencies installed/updated
2025-11-07T12:35:30.7456711Z 
2025-11-07T12:35:30.7457028Z ============================================================
2025-11-07T12:35:30.7457962Z Setup completed successfully!
2025-11-07T12:35:30.7458718Z ============================================================
2025-11-07T12:35:30.7459351Z 
2025-11-07T12:35:30.7459683Z To activate the virtual environment:
2025-11-07T12:35:30.7461443Z   source /home/runner/work/requirements-driven-development/requirements-driven-development/.venv/bin/activate
2025-11-07T12:35:30.7462507Z 
2025-11-07T12:35:30.7462594Z To run tests:
2025-11-07T12:35:30.7462808Z   pytest tests/python/
2025-11-07T12:35:30.7462953Z 
2025-11-07T12:35:30.7463032Z To deactivate:
2025-11-07T12:35:30.7463229Z   deactivate
2025-11-07T12:35:30.7463338Z 
2025-11-07T12:35:30.7520515Z ##[group]Run bash scripts/run-tests.sh
2025-11-07T12:35:30.7520895Z [36;1mbash scripts/run-tests.sh[0m
2025-11-07T12:35:30.7553953Z shell: /usr/bin/bash -e {0}
2025-11-07T12:35:30.7554233Z env:
2025-11-07T12:35:30.7554530Z   pythonLocation: /opt/hostedtoolcache/Python/3.9.24/x64
2025-11-07T12:35:30.7555280Z   PKG_CONFIG_PATH: /opt/hostedtoolcache/Python/3.9.24/x64/lib/pkgconfig
2025-11-07T12:35:30.7555816Z   Python_ROOT_DIR: /opt/hostedtoolcache/Python/3.9.24/x64
2025-11-07T12:35:30.7556261Z   Python2_ROOT_DIR: /opt/hostedtoolcache/Python/3.9.24/x64
2025-11-07T12:35:30.7556703Z   Python3_ROOT_DIR: /opt/hostedtoolcache/Python/3.9.24/x64
2025-11-07T12:35:30.7557144Z   LD_LIBRARY_PATH: /opt/hostedtoolcache/Python/3.9.24/x64/lib
2025-11-07T12:35:30.7557529Z ##[endgroup]
2025-11-07T12:35:30.7648712Z 
2025-11-07T12:35:30.7648971Z ============================================================
2025-11-07T12:35:30.7649538Z   RDD Framework Test Runner (Linux)
2025-11-07T12:35:30.7650131Z ============================================================
2025-11-07T12:35:30.7650488Z 
2025-11-07T12:35:30.7651217Z [0;34mℹ[0m Checking prerequisites...
2025-11-07T12:35:30.7667835Z [0;32m✓[0m Python found: Python 3.9.24
2025-11-07T12:35:30.7668524Z [0;32m✓[0m Virtual environment found
2025-11-07T12:35:30.7669299Z [0;34mℹ[0m Activating virtual environment...
2025-11-07T12:35:30.7672462Z [0;32m✓[0m Virtual environment activated
2025-11-07T12:35:31.2427179Z [0;32m✓[0m pytest found: pytest 8.4.2
2025-11-07T12:35:31.2427589Z 
2025-11-07T12:35:31.2427610Z 
2025-11-07T12:35:31.2427785Z ============================================================
2025-11-07T12:35:31.2428268Z   Running Tests
2025-11-07T12:35:31.2428710Z ============================================================
2025-11-07T12:35:31.2429030Z 
2025-11-07T12:35:31.2429228Z [0;34m[1/4][0m Running Python unit tests
2025-11-07T12:35:31.4874587Z ============================= test session starts ==============================
2025-11-07T12:35:31.4877266Z platform linux -- Python 3.9.24, pytest-8.4.2, pluggy-1.6.0 -- /home/runner/work/requirements-driven-development/requirements-driven-development/.venv/bin/python
2025-11-07T12:35:31.4879407Z cachedir: .pytest_cache
2025-11-07T12:35:31.4880695Z rootdir: /home/runner/work/requirements-driven-development/requirements-driven-development
2025-11-07T12:35:31.4881828Z plugins: timeout-2.4.0, cov-7.0.0, xdist-3.8.0, mock-3.15.1
2025-11-07T12:35:31.5812199Z collecting ... collected 49 items
2025-11-07T12:35:31.5812585Z 
2025-11-07T12:35:31.6161202Z tests/python/test_integration.py::TestChangeWorkflow::test_fix_branch_workflow PASSED [  2%]
2025-11-07T12:35:31.6441395Z tests/python/test_integration.py::TestRequirementsManagement::test_requirements_changes_format PASSED [  4%]
2025-11-07T12:35:31.6710170Z tests/python/test_integration.py::TestWorkspaceArchiving::test_workspace_backup_creation PASSED [  6%]
2025-11-07T12:35:31.7090508Z tests/python/test_integration.py::TestGitIntegration::test_branch_creation_and_switching PASSED [  8%]
2025-11-07T12:35:31.7407439Z tests/python/test_integration.py::TestGitIntegration::test_uncommitted_changes_detection PASSED [ 10%]
2025-11-07T12:35:31.7899362Z tests/python/test_integration.py::TestConfigManagement::test_config_read_write_cycle PASSED [ 12%]
2025-11-07T12:35:31.8286236Z tests/python/test_integration.py::TestConfigManagement::test_config_default_branch PASSED [ 14%]
2025-11-07T12:35:31.8333758Z tests/python/test_rdd_main.py::TestCLIHelp::test_version_command PASSED  [ 16%]
2025-11-07T12:35:31.8372049Z tests/python/test_rdd_main.py::TestCLIHelp::test_help_command PASSED     [ 18%]
2025-11-07T12:35:31.8405471Z tests/python/test_rdd_main.py::TestDomainRouting::test_config_show_routing PASSED [ 20%]
2025-11-07T12:35:31.8436301Z tests/python/test_rdd_main.py::TestDomainRouting::test_workspace_init_routing PASSED [ 22%]
2025-11-07T12:35:31.8574429Z tests/python/test_rdd_main.py::TestChangeCommands::test_change_create_requires_default_branch PASSED [ 24%]
2025-11-07T12:35:31.9474419Z tests/python/test_rdd_main.py::TestMenuInteraction::test_curses_menu_selection PASSED [ 26%]
2025-11-07T12:35:31.9490936Z tests/python/test_rdd_main.py::TestValidationCommands::test_check_repo_valid PASSED [ 28%]
2025-11-07T12:35:31.9504740Z tests/python/test_rdd_main.py::TestErrorHandling::test_no_command_shows_help PASSED [ 30%]
2025-11-07T12:35:31.9517590Z tests/python/test_rdd_main.py::TestErrorHandling::test_invalid_domain_error PASSED [ 32%]
2025-11-07T12:35:31.9534805Z tests/python/test_rdd_main.py::TestErrorHandling::test_invalid_action_error PASSED [ 34%]
2025-11-07T12:35:31.9546203Z tests/python/test_rdd_utils.py::TestOutputFunctions::test_print_success PASSED [ 36%]
2025-11-07T12:35:31.9557474Z tests/python/test_rdd_utils.py::TestOutputFunctions::test_print_error PASSED [ 38%]
2025-11-07T12:35:31.9570119Z tests/python/test_rdd_utils.py::TestOutputFunctions::test_print_warning PASSED [ 40%]
2025-11-07T12:35:31.9580772Z tests/python/test_rdd_utils.py::TestOutputFunctions::test_print_info PASSED [ 42%]
2025-11-07T12:35:31.9593275Z tests/python/test_rdd_utils.py::TestValidationFunctions::test_validate_name_valid PASSED [ 44%]
2025-11-07T12:35:31.9603528Z tests/python/test_rdd_utils.py::TestValidationFunctions::test_validate_name_with_spaces PASSED [ 46%]
2025-11-07T12:35:31.9613361Z tests/python/test_rdd_utils.py::TestValidationFunctions::test_validate_name_with_special_chars PASSED [ 48%]
2025-11-07T12:35:31.9622888Z tests/python/test_rdd_utils.py::TestValidationFunctions::test_validate_name_empty PASSED [ 51%]
2025-11-07T12:35:31.9633922Z tests/python/test_rdd_utils.py::TestValidationFunctions::test_normalize_to_kebab_case PASSED [ 53%]
2025-11-07T12:35:31.9648906Z tests/python/test_rdd_utils.py::TestValidationFunctions::test_validate_file_exists PASSED [ 55%]
2025-11-07T12:35:31.9661217Z tests/python/test_rdd_utils.py::TestValidationFunctions::test_validate_dir_exists PASSED [ 57%]
2025-11-07T12:35:31.9684864Z tests/python/test_rdd_utils.py::TestGitFunctions::test_check_git_repo_valid PASSED [ 59%]
2025-11-07T12:35:31.9700240Z tests/python/test_rdd_utils.py::TestGitFunctions::test_check_git_repo_invalid PASSED [ 61%]
2025-11-07T12:35:31.9718756Z tests/python/test_rdd_utils.py::TestGitFunctions::test_get_current_branch PASSED [ 63%]
2025-11-07T12:35:32.0043170Z tests/python/test_rdd_utils.py::TestGitFunctions::test_get_default_branch_from_config PASSED [ 65%]
2025-11-07T12:35:32.0058080Z tests/python/test_rdd_utils.py::TestGitFunctions::test_get_branch_type_fix PASSED [ 67%]
2025-11-07T12:35:32.0072352Z tests/python/test_rdd_utils.py::TestGitFunctions::test_get_branch_type_enh PASSED [ 69%]
2025-11-07T12:35:32.0085618Z tests/python/test_rdd_utils.py::TestGitFunctions::test_get_branch_type_main PASSED [ 71%]
2025-11-07T12:35:32.0100646Z tests/python/test_rdd_utils.py::TestGitFunctions::test_is_enh_or_fix_branch PASSED [ 73%]
2025-11-07T12:35:32.0110423Z tests/python/test_rdd_utils.py::TestTimestampFunctions::test_get_timestamp_format PASSED [ 75%]
2025-11-07T12:35:32.0119598Z tests/python/test_rdd_utils.py::TestTimestampFunctions::test_get_timestamp_filename_format PASSED [ 77%]
2025-11-07T12:35:32.0462875Z tests/python/test_rdd_utils.py::TestConfigFunctions::test_get_rdd_config_existing_key PASSED [ 79%]
2025-11-07T12:35:32.0801545Z tests/python/test_rdd_utils.py::TestConfigFunctions::test_get_rdd_config_missing_key_with_default PASSED [ 81%]
2025-11-07T12:35:32.1137776Z tests/python/test_rdd_utils.py::TestConfigFunctions::test_set_rdd_config PASSED [ 83%]
2025-11-07T12:35:32.1468777Z tests/python/test_rdd_utils.py::TestConfigFunctions::test_get_rdd_config_path PASSED [ 85%]
2025-11-07T12:35:32.1487317Z tests/python/test_rdd_utils.py::TestWorkspaceUtilities::test_ensure_dir_creates_directory PASSED [ 87%]
2025-11-07T12:35:32.1500751Z tests/python/test_rdd_utils.py::TestWorkspaceUtilities::test_ensure_dir_existing_directory PASSED [ 89%]
2025-11-07T12:35:32.1802510Z tests/python/test_rdd_utils.py::TestPromptFunctions::test_mark_prompt_completed PASSED [ 91%]
2025-11-07T12:35:32.1820362Z tests/python/test_rdd_utils.py::TestConfirmAction::test_confirm_action_yes PASSED [ 93%]
2025-11-07T12:35:32.1834704Z tests/python/test_rdd_utils.py::TestConfirmAction::test_confirm_action_no PASSED [ 95%]
2025-11-07T12:35:32.1847992Z tests/python/test_rdd_utils.py::TestConfirmAction::test_confirm_action_yes_full PASSED [ 97%]
2025-11-07T12:35:32.2186018Z tests/python/test_rdd_utils.py::TestConfirmAction::test_confirm_action_invalid PASSED [100%]
2025-11-07T12:35:32.2186765Z 
2025-11-07T12:35:32.2187006Z ============================== 49 passed in 0.71s ==============================
2025-11-07T12:35:32.2489614Z [0;32m✓[0m Python unit tests passed
2025-11-07T12:35:32.2490165Z 
2025-11-07T12:35:32.2490481Z [0;34m[2/4][0m Running build tests
2025-11-07T12:35:32.4596337Z ============================= test session starts ==============================
2025-11-07T12:35:32.4598158Z platform linux -- Python 3.9.24, pytest-8.4.2, pluggy-1.6.0 -- /home/runner/work/requirements-driven-development/requirements-driven-development/.venv/bin/python
2025-11-07T12:35:32.4599449Z cachedir: .pytest_cache
2025-11-07T12:35:32.4600249Z rootdir: /home/runner/work/requirements-driven-development/requirements-driven-development
2025-11-07T12:35:32.4601266Z plugins: timeout-2.4.0, cov-7.0.0, xdist-3.8.0, mock-3.15.1
2025-11-07T12:35:32.4916174Z collecting ... collected 15 items
2025-11-07T12:35:32.4916678Z 
2025-11-07T12:35:32.4954697Z tests/build/test_build.py::TestVersionExtraction::test_read_version_from_config PASSED [  6%]
2025-11-07T12:35:32.4996190Z tests/build/test_build.py::TestBuildDirCreation::test_create_build_dir PASSED [ 13%]
2025-11-07T12:35:32.5041941Z tests/build/test_build.py::TestFileCopying::test_copy_prompts PASSED     [ 20%]
2025-11-07T12:35:32.5086655Z tests/build/test_build.py::TestFileCopying::test_copy_scripts PASSED     [ 26%]
2025-11-07T12:35:32.5129968Z tests/build/test_build.py::TestFileCopying::test_copy_templates PASSED   [ 33%]
2025-11-07T12:35:32.5173484Z tests/build/test_build.py::TestFileCopying::test_copy_vscode_settings PASSED [ 40%]
2025-11-07T12:35:32.5221251Z tests/build/test_build.py::TestFileCopying::test_copy_rdd_docs_seeds PASSED [ 46%]
2025-11-07T12:35:32.5264205Z tests/build/test_build.py::TestTemplateGeneration::test_generate_readme PASSED [ 53%]
2025-11-07T12:35:32.5307387Z tests/build/test_build.py::TestTemplateGeneration::test_generate_installer PASSED [ 60%]
2025-11-07T12:35:32.5350309Z tests/build/test_build.py::TestTemplateGeneration::test_generate_bash_installer PASSED [ 66%]
2025-11-07T12:35:32.5393213Z tests/build/test_build.py::TestTemplateGeneration::test_generate_powershell_installer PASSED [ 73%]
2025-11-07T12:35:32.5449757Z tests/build/test_build.py::TestArchiveCreation::test_create_archive PASSED [ 80%]
2025-11-07T12:35:32.5501134Z tests/build/test_build.py::TestChecksumGeneration::test_generate_checksum PASSED [ 86%]
2025-11-07T12:35:32.5512322Z tests/build/test_build.py::TestOutputFunctions::test_print_success PASSED [ 93%]
2025-11-07T12:35:32.5771514Z tests/build/test_build.py::TestOutputFunctions::test_print_error PASSED  [100%]
2025-11-07T12:35:32.5772112Z 
2025-11-07T12:35:32.5772316Z ============================== 15 passed in 0.10s ==============================
2025-11-07T12:35:32.6005807Z [0;32m✓[0m Build tests passed
2025-11-07T12:35:32.6006212Z 
2025-11-07T12:35:32.6006513Z [0;34m[3/4][0m Running install tests
2025-11-07T12:35:32.8062915Z ============================= test session starts ==============================
2025-11-07T12:35:32.8064290Z platform linux -- Python 3.9.24, pytest-8.4.2, pluggy-1.6.0 -- /home/runner/work/requirements-driven-development/requirements-driven-development/.venv/bin/python
2025-11-07T12:35:32.8065722Z cachedir: .pytest_cache
2025-11-07T12:35:32.8066823Z rootdir: /home/runner/work/requirements-driven-development/requirements-driven-development
2025-11-07T12:35:32.8067756Z plugins: timeout-2.4.0, cov-7.0.0, xdist-3.8.0, mock-3.15.1
2025-11-07T12:35:32.8371856Z collecting ... collected 21 items
2025-11-07T12:35:32.8372211Z 
2025-11-07T12:35:32.8382333Z tests/install/test_install.py::TestPreFlightChecks::test_check_python_version_success PASSED [  4%]
2025-11-07T12:35:32.8395658Z tests/install/test_install.py::TestPreFlightChecks::test_check_git_installed_success PASSED [  9%]
2025-11-07T12:35:32.8406920Z tests/install/test_install.py::TestPreFlightChecks::test_check_git_installed_failure PASSED [ 14%]
2025-11-07T12:35:32.8658588Z tests/install/test_install.py::TestPreFlightChecks::test_check_git_repo_valid PASSED [ 19%]
2025-11-07T12:35:32.8672273Z tests/install/test_install.py::TestPreFlightChecks::test_check_git_repo_invalid PASSED [ 23%]
2025-11-07T12:35:32.8924735Z tests/install/test_install.py::TestExistingInstallationDetection::test_detect_existing_installation_none PASSED [ 28%]
2025-11-07T12:35:32.9185961Z tests/install/test_install.py::TestExistingInstallationDetection::test_detect_existing_installation_found PASSED [ 33%]
2025-11-07T12:35:32.9481268Z tests/install/test_install.py::TestFileOperations::test_copy_prompts PASSED [ 38%]
2025-11-07T12:35:32.9778375Z tests/install/test_install.py::TestFileOperations::test_copy_framework PASSED [ 42%]
2025-11-07T12:35:33.0080019Z tests/install/test_install.py::TestFileOperations::test_copy_seed_templates PASSED [ 47%]
2025-11-07T12:35:33.0352883Z tests/install/test_install.py::TestSettingsMerge::test_merge_settings_empty_target PASSED [ 52%]
2025-11-07T12:35:33.0363884Z tests/install/test_install.py::TestSettingsMerge::test_merge_settings_existing_values PASSED [ 57%]
2025-11-07T12:35:33.0373955Z tests/install/test_install.py::TestSettingsMerge::test_merge_settings_object_merge PASSED [ 61%]
2025-11-07T12:35:33.0656333Z tests/install/test_install.py::TestGitignoreUpdate::test_update_gitignore_new_file PASSED [ 66%]
2025-11-07T12:35:33.0944508Z tests/install/test_install.py::TestGitignoreUpdate::test_update_gitignore_existing_file PASSED [ 71%]
2025-11-07T12:35:33.1212269Z tests/install/test_install.py::TestGitignoreUpdate::test_update_gitignore_already_present PASSED [ 76%]
2025-11-07T12:35:33.1658196Z tests/install/test_install.py::TestVerification::test_verify_installation_success PASSED [ 80%]
2025-11-07T12:35:33.1931249Z tests/install/test_install.py::TestVerification::test_verify_installation_missing_files PASSED [ 85%]
2025-11-07T12:35:33.1944457Z tests/install/test_install.py::TestOutputFunctions::test_print_banner PASSED [ 90%]
2025-11-07T12:35:33.1956234Z tests/install/test_install.py::TestOutputFunctions::test_print_success PASSED [ 95%]
2025-11-07T12:35:33.2222889Z tests/install/test_install.py::TestOutputFunctions::test_print_error PASSED [100%]
2025-11-07T12:35:33.2223483Z 
2025-11-07T12:35:33.2223686Z ============================== 21 passed in 0.40s ==============================
2025-11-07T12:35:33.2485442Z [0;32m✓[0m Install tests passed
2025-11-07T12:35:33.2485957Z 
2025-11-07T12:35:33.2486232Z [0;34m[4/4][0m Running shell tests (BATS)
2025-11-07T12:35:33.3048494Z 1..10
2025-11-07T12:35:33.3902246Z ok 1 install.sh exists and is executable
2025-11-07T12:35:33.4249089Z ok 2 install.sh shows version banner # skip Interactive test - requires user input
2025-11-07T12:35:33.4609320Z ok 3 check python3 availability
2025-11-07T12:35:33.4985593Z ok 4 check git availability
2025-11-07T12:35:33.5420295Z ok 5 create test git repository
2025-11-07T12:35:33.5759671Z ok 6 install.py can be executed with python # skip install.py is interactive and doesn't support --help flag
2025-11-07T12:35:33.6148798Z ok 7 directory navigation functions work
2025-11-07T12:35:33.6564635Z ok 8 git repository detection works
2025-11-07T12:35:33.6989225Z ok 9 file operations work correctly
2025-11-07T12:35:33.7375045Z ok 10 directory traversal safety
2025-11-07T12:35:33.7464804Z [0;32m✓[0m Shell tests passed
2025-11-07T12:35:33.7465702Z 
2025-11-07T12:35:33.7465709Z 
2025-11-07T12:35:33.7465832Z ============================================================
2025-11-07T12:35:33.7466157Z   Test Summary
2025-11-07T12:35:33.7466386Z ============================================================
2025-11-07T12:35:33.7466601Z 
2025-11-07T12:35:33.7466841Z Total test suites: 4
2025-11-07T12:35:33.7467157Z [0;32mPassed: 4[0m
2025-11-07T12:35:33.7467301Z 
2025-11-07T12:35:33.7467438Z [0;32m✓[0m All tests passed!
2025-11-07T12:35:33.7501038Z ##[group]Run source .venv/bin/activate
2025-11-07T12:35:33.7501406Z [36;1msource .venv/bin/activate[0m
2025-11-07T12:35:33.7501919Z [36;1mpytest tests/python/ --cov=.rdd/scripts --cov=scripts --cov-report=xml --cov-report=term[0m
2025-11-07T12:35:33.7535966Z shell: /usr/bin/bash -e {0}
2025-11-07T12:35:33.7536245Z env:
2025-11-07T12:35:33.7536551Z   pythonLocation: /opt/hostedtoolcache/Python/3.9.24/x64
2025-11-07T12:35:33.7537068Z   PKG_CONFIG_PATH: /opt/hostedtoolcache/Python/3.9.24/x64/lib/pkgconfig
2025-11-07T12:35:33.7537594Z   Python_ROOT_DIR: /opt/hostedtoolcache/Python/3.9.24/x64
2025-11-07T12:35:33.7538036Z   Python2_ROOT_DIR: /opt/hostedtoolcache/Python/3.9.24/x64
2025-11-07T12:35:33.7538484Z   Python3_ROOT_DIR: /opt/hostedtoolcache/Python/3.9.24/x64
2025-11-07T12:35:33.7538937Z   LD_LIBRARY_PATH: /opt/hostedtoolcache/Python/3.9.24/x64/lib
2025-11-07T12:35:33.7539308Z ##[endgroup]
2025-11-07T12:35:34.2115403Z ============================= test session starts ==============================
2025-11-07T12:35:34.2116631Z platform linux -- Python 3.9.24, pytest-8.4.2, pluggy-1.6.0
2025-11-07T12:35:34.2123567Z rootdir: /home/runner/work/requirements-driven-development/requirements-driven-development
2025-11-07T12:35:34.2124751Z plugins: timeout-2.4.0, cov-7.0.0, xdist-3.8.0, mock-3.15.1
2025-11-07T12:35:34.2125642Z collected 49 items
2025-11-07T12:35:34.2125955Z 
2025-11-07T12:35:34.4883610Z tests/python/test_integration.py .......                                 [ 14%]
2025-11-07T12:35:34.5265604Z tests/python/test_rdd_main.py ..........                                 [ 34%]
2025-11-07T12:35:35.1791719Z tests/python/test_rdd_utils.py ................................          [100%]
2025-11-07T12:35:35.1792348Z 
2025-11-07T12:35:35.1792563Z ================================ tests coverage ================================
2025-11-07T12:35:35.1793329Z _______________ coverage: platform linux, python 3.9.24-final-0 ________________
2025-11-07T12:35:35.1793888Z 
2025-11-07T12:35:35.1794116Z Name                        Stmts   Miss  Cover
2025-11-07T12:35:35.1794643Z -----------------------------------------------
2025-11-07T12:35:35.1795449Z .rdd/scripts/rdd.py          1099    966    12%
2025-11-07T12:35:35.1796044Z .rdd/scripts/rdd_utils.py     605    405    33%
2025-11-07T12:35:35.1796608Z scripts/build.py              281    281     0%
2025-11-07T12:35:35.1797470Z scripts/install.py            244    244     0%
2025-11-07T12:35:35.1798232Z -----------------------------------------------
2025-11-07T12:35:35.1799004Z TOTAL                        2229   1896    15%
2025-11-07T12:35:35.1799785Z Coverage XML written to file coverage.xml
2025-11-07T12:35:35.1800601Z ============================== 49 passed in 0.98s ==============================
2025-11-07T12:35:35.2245151Z ##[group]Run codecov/codecov-action@v4
2025-11-07T12:35:35.2245436Z with:
2025-11-07T12:35:35.2245606Z   file: ./coverage.xml
2025-11-07T12:35:35.2245815Z   flags: python
2025-11-07T12:35:35.2245999Z   name: python-coverage
2025-11-07T12:35:35.2246199Z env:
2025-11-07T12:35:35.2246430Z   pythonLocation: /opt/hostedtoolcache/Python/3.9.24/x64
2025-11-07T12:35:35.2246817Z   PKG_CONFIG_PATH: /opt/hostedtoolcache/Python/3.9.24/x64/lib/pkgconfig
2025-11-07T12:35:35.2247195Z   Python_ROOT_DIR: /opt/hostedtoolcache/Python/3.9.24/x64
2025-11-07T12:35:35.2247525Z   Python2_ROOT_DIR: /opt/hostedtoolcache/Python/3.9.24/x64
2025-11-07T12:35:35.2247860Z   Python3_ROOT_DIR: /opt/hostedtoolcache/Python/3.9.24/x64
2025-11-07T12:35:35.2248195Z   LD_LIBRARY_PATH: /opt/hostedtoolcache/Python/3.9.24/x64/lib
2025-11-07T12:35:35.2248672Z ##[endgroup]
2025-11-07T12:35:35.3203352Z eventName: pull_request
2025-11-07T12:35:35.3204500Z baseRef: h111359:dev | headRef: h111359:fix/20251107-0839-fix-version-and-build
2025-11-07T12:35:35.3212558Z ==> linux OS detected
2025-11-07T12:35:35.5212097Z https://cli.codecov.io/latest/linux/codecov.SHA256SUM
2025-11-07T12:35:35.6157882Z gpg: directory '/home/runner/.gnupg' created
2025-11-07T12:35:35.6191900Z gpg: keybox '/home/runner/.gnupg/pubring.kbx' created
2025-11-07T12:35:35.6321872Z gpg: /home/runner/.gnupg/trustdb.gpg: trustdb created
2025-11-07T12:35:35.6323425Z gpg: key 806BB28AED779869: public key "Codecov Uploader (Codecov Uploader Verification Key) <security@codecov.io>" imported
2025-11-07T12:35:35.6659858Z gpg: Total number processed: 1
2025-11-07T12:35:35.6660220Z gpg:               imported: 1
2025-11-07T12:35:35.6731759Z gpg: Signature made Thu Oct 23 15:06:21 2025 UTC
2025-11-07T12:35:35.6732832Z gpg:                using RSA key 27034E7FDB850E0BBC2C62FF806BB28AED779869
2025-11-07T12:35:35.6735934Z gpg: Good signature from "Codecov Uploader (Codecov Uploader Verification Key) <security@codecov.io>" [unknown]
2025-11-07T12:35:35.6737225Z gpg: WARNING: This key is not certified with a trusted signature!
2025-11-07T12:35:35.6738228Z gpg:          There is no indication that the signature belongs to the owner.
2025-11-07T12:35:35.6739286Z Primary key fingerprint: 2703 4E7F DB85 0E0B BC2C  62FF 806B B28A ED77 9869
2025-11-07T12:35:35.6972261Z ==> Uploader SHASUM verified (3e4d282fe243aa7283b17016ff65ab2806c262f16abb41125f0caeea380dfe77  codecov)
2025-11-07T12:35:35.6973509Z ==> Running version latest
2025-11-07T12:35:35.7739821Z Could not pull latest version information: SyntaxError: Unexpected token '<', "<!DOCTYPE "... is not valid JSON
2025-11-07T12:35:35.7742808Z ==> Running git config --global --add safe.directory /home/runner/work/requirements-driven-development/requirements-driven-development
2025-11-07T12:35:35.7849880Z [command]/usr/bin/git config --global --add safe.directory /home/runner/work/requirements-driven-development/requirements-driven-development
2025-11-07T12:35:35.7904751Z ==> Running command '/home/runner/work/_actions/codecov/codecov-action/v4/dist/codecov create-commit'
2025-11-07T12:35:35.7908211Z [command]/home/runner/work/_actions/codecov/codecov-action/v4/dist/codecov create-commit --git-service github -C 8faf525b61dccab0a4bb714983c11d63afb12ef5
2025-11-07T12:35:36.1691022Z info - 2025-11-07 12:35:36,168 -- ci service found: github-actions
2025-11-07T12:35:36.1814324Z warning - 2025-11-07 12:35:36,180 -- No config file could be found. Ignoring config.
2025-11-07T12:35:36.2166434Z warning - 2025-11-07 12:35:36,216 -- Branch `fix/20251107-0839-fix-version-and-build` is protected but no token was provided
2025-11-07T12:35:36.2167830Z warning - 2025-11-07 12:35:36,216 -- For information on Codecov upload tokens, see https://docs.codecov.com/docs/codecov-tokens
2025-11-07T12:35:36.4172803Z info - 2025-11-07 12:35:36,416 -- Process Commit creating complete
2025-11-07T12:35:36.4174041Z error - 2025-11-07 12:35:36,416 -- Commit creating failed: {"message":"Token required - not valid tokenless upload"}
2025-11-07T12:35:36.5234450Z Sentry is attempting to send 2 pending events
2025-11-07T12:35:36.5235198Z Waiting up to 2 seconds
2025-11-07T12:35:36.5235581Z Press Ctrl-C to quit
2025-11-07T12:35:36.5772498Z ==> Running command '/home/runner/work/_actions/codecov/codecov-action/v4/dist/codecov create-report'
2025-11-07T12:35:36.5775462Z [command]/home/runner/work/_actions/codecov/codecov-action/v4/dist/codecov create-report --git-service github -C 8faf525b61dccab0a4bb714983c11d63afb12ef5
2025-11-07T12:35:36.9386768Z info - 2025-11-07 12:35:36,938 -- ci service found: github-actions
2025-11-07T12:35:36.9486325Z warning - 2025-11-07 12:35:36,948 -- No config file could be found. Ignoring config.
2025-11-07T12:35:37.1589127Z info - 2025-11-07 12:35:37,158 -- Process Report creating complete
2025-11-07T12:35:37.1594868Z error - 2025-11-07 12:35:37,159 -- Report creating failed: {"message":"Token required - not valid tokenless upload"}
2025-11-07T12:35:37.2654776Z Sentry is attempting to send 2 pending events
2025-11-07T12:35:37.2655516Z Waiting up to 2 seconds
2025-11-07T12:35:37.2655882Z Press Ctrl-C to quit
2025-11-07T12:35:37.3328441Z ==> Running command '/home/runner/work/_actions/codecov/codecov-action/v4/dist/codecov do-upload'
2025-11-07T12:35:37.3330441Z [command]/home/runner/work/_actions/codecov/codecov-action/v4/dist/codecov do-upload -f ./coverage.xml -F python --git-service github -n python-coverage -C 8faf525b61dccab0a4bb714983c11d63afb12ef5
2025-11-07T12:35:37.6909490Z info - 2025-11-07 12:35:37,690 -- ci service found: github-actions
2025-11-07T12:35:37.7010363Z warning - 2025-11-07 12:35:37,700 -- No config file could be found. Ignoring config.
2025-11-07T12:35:37.7338124Z warning - 2025-11-07 12:35:37,733 -- xcrun is not installed or can't be found.
2025-11-07T12:35:37.7882537Z warning - 2025-11-07 12:35:37,787 -- No gcov data found.
2025-11-07T12:35:37.7886982Z warning - 2025-11-07 12:35:37,788 -- coverage.py is not installed or can't be found.
2025-11-07T12:35:37.8661433Z info - 2025-11-07 12:35:37,865 -- Found 1 coverage files to report
2025-11-07T12:35:37.8662726Z info - 2025-11-07 12:35:37,865 -- > /home/runner/work/requirements-driven-development/requirements-driven-development/coverage.xml
2025-11-07T12:35:38.0311096Z info - 2025-11-07 12:35:38,030 -- Process Upload complete
2025-11-07T12:35:38.0312063Z error - 2025-11-07 12:35:38,030 -- Upload failed: {"message":"Token required - not valid tokenless upload"}
2025-11-07T12:35:38.1380854Z Sentry is attempting to send 2 pending events
2025-11-07T12:35:38.1381405Z Waiting up to 2 seconds
2025-11-07T12:35:38.1381784Z Press Ctrl-C to quit
2025-11-07T12:35:38.2200454Z Post job cleanup.
2025-11-07T12:35:38.3872764Z Post job cleanup.
2025-11-07T12:35:38.4928170Z [command]/usr/bin/git version
2025-11-07T12:35:38.4970496Z git version 2.51.2
2025-11-07T12:35:38.5019324Z Copying '/home/runner/.gitconfig' to '/home/runner/work/_temp/6ff9f86f-c4cc-4dc0-bcbf-3109f3a6a77d/.gitconfig'
2025-11-07T12:35:38.5030990Z Temporarily overriding HOME='/home/runner/work/_temp/6ff9f86f-c4cc-4dc0-bcbf-3109f3a6a77d' before making global git config changes
2025-11-07T12:35:38.5032833Z Adding repository directory to the temporary git global config as a safe directory
2025-11-07T12:35:38.5038068Z [command]/usr/bin/git config --global --add safe.directory /home/runner/work/requirements-driven-development/requirements-driven-development
2025-11-07T12:35:38.5083119Z [command]/usr/bin/git config --local --name-only --get-regexp core\.sshCommand
2025-11-07T12:35:38.5141383Z [command]/usr/bin/git submodule foreach --recursive sh -c "git config --local --name-only --get-regexp 'core\.sshCommand' && git config --local --unset-all 'core.sshCommand' || :"
2025-11-07T12:35:38.5403005Z [command]/usr/bin/git config --local --name-only --get-regexp http\.https\:\/\/github\.com\/\.extraheader
2025-11-07T12:35:38.5425805Z http.https://github.com/.extraheader
2025-11-07T12:35:38.5439006Z [command]/usr/bin/git config --local --unset-all http.https://github.com/.extraheader
2025-11-07T12:35:38.5472054Z [command]/usr/bin/git submodule foreach --recursive sh -c "git config --local --name-only --get-regexp 'http\.https\:\/\/github\.com\/\.extraheader' && git config --local --unset-all 'http.https://github.com/.extraheader' || :"
2025-11-07T12:35:38.5816178Z Cleaning up orphan processes
