2025-11-07T12:34:49.6735044Z Current runner version: '2.329.0'
2025-11-07T12:34:49.6767102Z ##[group]Runner Image Provisioner
2025-11-07T12:34:49.6767941Z Hosted Compute Agent
2025-11-07T12:34:49.6768413Z Version: 20251016.436
2025-11-07T12:34:49.6768970Z Commit: 8ab8ac8bfd662a3739dab9fe09456aba92132568
2025-11-07T12:34:49.6769626Z Build Date: 2025-10-15T20:44:12Z
2025-11-07T12:34:49.6770177Z ##[endgroup]
2025-11-07T12:34:49.6770622Z ##[group]Operating System
2025-11-07T12:34:49.6771161Z Microsoft Windows Server 2025
2025-11-07T12:34:49.6771685Z 10.0.26100
2025-11-07T12:34:49.6772108Z Datacenter
2025-11-07T12:34:49.6772557Z ##[endgroup]
2025-11-07T12:34:49.6772962Z ##[group]Runner Image
2025-11-07T12:34:49.6773466Z Image: windows-2025
2025-11-07T12:34:49.6773895Z Version: 20251021.67.1
2025-11-07T12:34:49.6774885Z Included Software: https://github.com/actions/runner-images/blob/win25/20251021.67/images/windows/Windows2025-Readme.md
2025-11-07T12:34:49.6776504Z Image Release: https://github.com/actions/runner-images/releases/tag/win25%2F20251021.67
2025-11-07T12:34:49.6777448Z ##[endgroup]
2025-11-07T12:34:49.6778444Z ##[group]GITHUB_TOKEN Permissions
2025-11-07T12:34:49.6780228Z Contents: read
2025-11-07T12:34:49.6780717Z Metadata: read
2025-11-07T12:34:49.6781126Z Packages: read
2025-11-07T12:34:49.6781680Z ##[endgroup]
2025-11-07T12:34:49.6783622Z Secret source: Actions
2025-11-07T12:34:49.6784239Z Prepare workflow directory
2025-11-07T12:34:49.7157789Z Prepare all required actions
2025-11-07T12:34:49.7195712Z Getting action download info
2025-11-07T12:34:49.9833592Z Download action repository 'actions/checkout@v4' (SHA:08eba0b27e820071cde6df949e0beb9ba4906955)
2025-11-07T12:34:50.1241761Z Download action repository 'actions/setup-python@v5' (SHA:a26af69be951a213d495a4c3e4e4022e16d87065)
2025-11-07T12:34:50.3921070Z Complete job name: All Tests (Windows)
2025-11-07T12:34:50.5668220Z ##[group]Run actions/checkout@v4
2025-11-07T12:34:50.5669373Z with:
2025-11-07T12:34:50.5669880Z   repository: h111359/requirements-driven-development
2025-11-07T12:34:50.5670875Z   token: ***
2025-11-07T12:34:50.5671306Z   ssh-strict: true
2025-11-07T12:34:50.5671748Z   ssh-user: git
2025-11-07T12:34:50.5672198Z   persist-credentials: true
2025-11-07T12:34:50.5672693Z   clean: true
2025-11-07T12:34:50.5673135Z   sparse-checkout-cone-mode: true
2025-11-07T12:34:50.5673676Z   fetch-depth: 1
2025-11-07T12:34:50.5674100Z   fetch-tags: false
2025-11-07T12:34:50.5674538Z   show-progress: true
2025-11-07T12:34:50.5674978Z   lfs: false
2025-11-07T12:34:50.5675799Z   submodules: false
2025-11-07T12:34:50.5676324Z   set-safe-directory: true
2025-11-07T12:34:50.5677160Z ##[endgroup]
2025-11-07T12:34:50.7547456Z Syncing repository: h111359/requirements-driven-development
2025-11-07T12:34:50.7549488Z ##[group]Getting Git version info
2025-11-07T12:34:50.7550420Z Working directory is 'D:\a\requirements-driven-development\requirements-driven-development'
2025-11-07T12:34:50.8796971Z [command]"C:\Program Files\Git\bin\git.exe" version
2025-11-07T12:34:51.4701252Z git version 2.51.1.windows.1
2025-11-07T12:34:51.4768870Z ##[endgroup]
2025-11-07T12:34:51.4792759Z Temporarily overriding HOME='D:\a\_temp\7e5d44db-2904-437b-bd3e-af33542f6715' before making global git config changes
2025-11-07T12:34:51.4795126Z Adding repository directory to the temporary git global config as a safe directory
2025-11-07T12:34:51.4805961Z [command]"C:\Program Files\Git\bin\git.exe" config --global --add safe.directory D:\a\requirements-driven-development\requirements-driven-development
2025-11-07T12:34:51.5545846Z Deleting the contents of 'D:\a\requirements-driven-development\requirements-driven-development'
2025-11-07T12:34:51.5552168Z ##[group]Initializing the repository
2025-11-07T12:34:51.5563226Z [command]"C:\Program Files\Git\bin\git.exe" init D:\a\requirements-driven-development\requirements-driven-development
2025-11-07T12:34:51.6980843Z Initialized empty Git repository in D:/a/requirements-driven-development/requirements-driven-development/.git/
2025-11-07T12:34:51.7031523Z [command]"C:\Program Files\Git\bin\git.exe" remote add origin https://github.com/h111359/requirements-driven-development
2025-11-07T12:34:51.7721204Z ##[endgroup]
2025-11-07T12:34:51.7722316Z ##[group]Disabling automatic garbage collection
2025-11-07T12:34:51.7731225Z [command]"C:\Program Files\Git\bin\git.exe" config --local gc.auto 0
2025-11-07T12:34:51.8053432Z ##[endgroup]
2025-11-07T12:34:51.8054786Z ##[group]Setting up auth
2025-11-07T12:34:51.8056101Z [command]"C:\Program Files\Git\bin\git.exe" config --local --name-only --get-regexp core\.sshCommand
2025-11-07T12:34:51.8360328Z [command]"C:\Program Files\Git\bin\git.exe" submodule foreach --recursive "sh -c \"git config --local --name-only --get-regexp 'core\.sshCommand' && git config --local --unset-all 'core.sshCommand' || :\""
2025-11-07T12:34:53.8631867Z [command]"C:\Program Files\Git\bin\git.exe" config --local --name-only --get-regexp http\.https\:\/\/github\.com\/\.extraheader
2025-11-07T12:34:53.8928905Z [command]"C:\Program Files\Git\bin\git.exe" submodule foreach --recursive "sh -c \"git config --local --name-only --get-regexp 'http\.https\:\/\/github\.com\/\.extraheader' && git config --local --unset-all 'http.https://github.com/.extraheader' || :\""
2025-11-07T12:34:54.4288151Z [command]"C:\Program Files\Git\bin\git.exe" config --local http.https://github.com/.extraheader "AUTHORIZATION: basic ***"
2025-11-07T12:34:54.4600472Z ##[endgroup]
2025-11-07T12:34:54.4601251Z ##[group]Fetching the repository
2025-11-07T12:34:54.4614852Z [command]"C:\Program Files\Git\bin\git.exe" -c protocol.version=2 fetch --no-tags --prune --no-recurse-submodules --depth=1 origin +fb46516564bb69e28edb3899a99d7e75b3a49df3:refs/remotes/pull/53/merge
2025-11-07T12:34:55.8141139Z From https://github.com/h111359/requirements-driven-development
2025-11-07T12:34:55.8144725Z  * [new ref]         fb46516564bb69e28edb3899a99d7e75b3a49df3 -> pull/53/merge
2025-11-07T12:34:55.8534407Z ##[endgroup]
2025-11-07T12:34:55.8535374Z ##[group]Determining the checkout info
2025-11-07T12:34:55.8538274Z ##[endgroup]
2025-11-07T12:34:55.8549833Z [command]"C:\Program Files\Git\bin\git.exe" sparse-checkout disable
2025-11-07T12:34:55.9101487Z [command]"C:\Program Files\Git\bin\git.exe" config --local --unset-all extensions.worktreeConfig
2025-11-07T12:34:55.9401292Z ##[group]Checking out the ref
2025-11-07T12:34:55.9412296Z [command]"C:\Program Files\Git\bin\git.exe" checkout --progress --force refs/remotes/pull/53/merge
2025-11-07T12:34:56.0990980Z Note: switching to 'refs/remotes/pull/53/merge'.
2025-11-07T12:34:56.0991345Z 
2025-11-07T12:34:56.0992300Z You are in 'detached HEAD' state. You can look around, make experimental
2025-11-07T12:34:56.0993888Z changes and commit them, and you can discard any commits you make in this
2025-11-07T12:34:56.0994827Z state without impacting any branches by switching back to a branch.
2025-11-07T12:34:56.0995317Z 
2025-11-07T12:34:56.0995588Z If you want to create a new branch to retain commits you create, you may
2025-11-07T12:34:56.0996308Z do so (now or later) by using -c with the switch command. Example:
2025-11-07T12:34:56.0996713Z 
2025-11-07T12:34:56.0996946Z   git switch -c <new-branch-name>
2025-11-07T12:34:56.0997228Z 
2025-11-07T12:34:56.0997364Z Or undo this operation with:
2025-11-07T12:34:56.0997628Z 
2025-11-07T12:34:56.0997768Z   git switch -
2025-11-07T12:34:56.0997957Z 
2025-11-07T12:34:56.0998282Z Turn off this advice by setting config variable advice.detachedHead to false
2025-11-07T12:34:56.0998834Z 
2025-11-07T12:34:56.0999446Z HEAD is now at fb46516 Merge 8faf525b61dccab0a4bb714983c11d63afb12ef5 into ad751367b0c9a6c17544dd7edb9b3fb764dac4a9
2025-11-07T12:34:56.1032047Z ##[endgroup]
2025-11-07T12:34:56.1508891Z [command]"C:\Program Files\Git\bin\git.exe" log -1 --format=%H
2025-11-07T12:34:56.1775410Z fb46516564bb69e28edb3899a99d7e75b3a49df3
2025-11-07T12:34:56.2205888Z ##[group]Run actions/setup-python@v5
2025-11-07T12:34:56.2206206Z with:
2025-11-07T12:34:56.2207149Z   python-version: 3.9
2025-11-07T12:34:56.2207353Z   check-latest: false
2025-11-07T12:34:56.2207686Z   token: ***
2025-11-07T12:34:56.2207857Z   update-environment: true
2025-11-07T12:34:56.2208078Z   allow-prereleases: false
2025-11-07T12:34:56.2208274Z   freethreaded: false
2025-11-07T12:34:56.2208450Z ##[endgroup]
2025-11-07T12:34:56.4515451Z ##[group]Installed versions
2025-11-07T12:34:56.4975505Z Successfully set up CPython (3.9.13)
2025-11-07T12:34:56.4976904Z ##[endgroup]
2025-11-07T12:34:56.5272708Z ##[group]Run Install-Module -Name Pester -Force -SkipPublisherCheck
2025-11-07T12:34:56.5273342Z [36;1mInstall-Module -Name Pester -Force -SkipPublisherCheck[0m
2025-11-07T12:34:56.6453580Z shell: C:\Windows\System32\WindowsPowerShell\v1.0\powershell.EXE -command ". '{0}'"
2025-11-07T12:34:56.6454076Z env:
2025-11-07T12:34:56.6454359Z   pythonLocation: C:\hostedtoolcache\windows\Python\3.9.13\x64
2025-11-07T12:34:56.6454875Z   PKG_CONFIG_PATH: C:\hostedtoolcache\windows\Python\3.9.13\x64/lib/pkgconfig
2025-11-07T12:34:56.6455376Z   Python_ROOT_DIR: C:\hostedtoolcache\windows\Python\3.9.13\x64
2025-11-07T12:34:56.6456221Z   Python2_ROOT_DIR: C:\hostedtoolcache\windows\Python\3.9.13\x64
2025-11-07T12:34:56.6456643Z   Python3_ROOT_DIR: C:\hostedtoolcache\windows\Python\3.9.13\x64
2025-11-07T12:34:56.6456970Z ##[endgroup]
2025-11-07T12:35:15.4826118Z ##[group]Run python setup-test-env.py
2025-11-07T12:35:15.4826489Z [36;1mpython setup-test-env.py[0m
2025-11-07T12:35:15.5334639Z shell: C:\Program Files\PowerShell\7\pwsh.EXE -command ". '{0}'"
2025-11-07T12:35:15.5335057Z env:
2025-11-07T12:35:15.5335383Z   pythonLocation: C:\hostedtoolcache\windows\Python\3.9.13\x64
2025-11-07T12:35:15.5335904Z   PKG_CONFIG_PATH: C:\hostedtoolcache\windows\Python\3.9.13\x64/lib/pkgconfig
2025-11-07T12:35:15.5336413Z   Python_ROOT_DIR: C:\hostedtoolcache\windows\Python\3.9.13\x64
2025-11-07T12:35:15.5336889Z   Python2_ROOT_DIR: C:\hostedtoolcache\windows\Python\3.9.13\x64
2025-11-07T12:35:15.5337383Z   Python3_ROOT_DIR: C:\hostedtoolcache\windows\Python\3.9.13\x64
2025-11-07T12:35:15.5337738Z ##[endgroup]
2025-11-07T12:35:43.3389814Z 
2025-11-07T12:35:43.3390233Z ============================================================
2025-11-07T12:35:43.3390703Z   RDD Test Environment Setup
2025-11-07T12:35:43.3391163Z ============================================================
2025-11-07T12:35:43.3391434Z 
2025-11-07T12:35:43.3391840Z ✓ Python 3.9.13 detected
2025-11-07T12:35:43.3392019Z 
2025-11-07T12:35:43.3392365Z Repository root: D:\a\requirements-driven-development\requirements-driven-development
2025-11-07T12:35:43.3393312Z Virtual environment: D:\a\requirements-driven-development\requirements-driven-development\.venv
2025-11-07T12:35:43.3394425Z Requirements file: D:\a\requirements-driven-development\requirements-driven-development\tests\requirements.txt
2025-11-07T12:35:43.3395143Z 
2025-11-07T12:35:43.3395936Z ℹ Creating virtual environment at D:\a\requirements-driven-development\requirements-driven-development\.venv...
2025-11-07T12:35:43.3396829Z ✓ Virtual environment created
2025-11-07T12:35:43.3397068Z ℹ Upgrading pip...
2025-11-07T12:35:43.3397252Z ✓ pip upgraded
2025-11-07T12:35:43.3397836Z ℹ Installing/updating test dependencies...
2025-11-07T12:35:43.3398385Z ✓ Test dependencies installed/updated
2025-11-07T12:35:43.3398696Z 
2025-11-07T12:35:43.3398822Z ============================================================
2025-11-07T12:35:43.3399246Z Setup completed successfully!
2025-11-07T12:35:43.3399593Z ============================================================
2025-11-07T12:35:43.3399884Z 
2025-11-07T12:35:43.3400024Z To activate the virtual environment:
2025-11-07T12:35:43.3400918Z   D:\a\requirements-driven-development\requirements-driven-development\.venv\Scripts\activate          (Command Prompt)
2025-11-07T12:35:43.3402307Z   D:\a\requirements-driven-development\requirements-driven-development\.venv\Scripts\Activate.ps1      (PowerShell)
2025-11-07T12:35:43.3403490Z 
2025-11-07T12:35:43.3403600Z To run tests:
2025-11-07T12:35:43.3403898Z   pytest tests/python/
2025-11-07T12:35:43.3404095Z 
2025-11-07T12:35:43.3404592Z To deactivate:
2025-11-07T12:35:43.3404859Z   deactivate
2025-11-07T12:35:43.3405020Z 
2025-11-07T12:35:44.3026177Z ##[group]Run .\scripts\run-tests.ps1
2025-11-07T12:35:44.3026493Z [36;1m.\scripts\run-tests.ps1[0m
2025-11-07T12:35:44.3085472Z shell: C:\Windows\System32\WindowsPowerShell\v1.0\powershell.EXE -command ". '{0}'"
2025-11-07T12:35:44.3085841Z env:
2025-11-07T12:35:44.3086095Z   pythonLocation: C:\hostedtoolcache\windows\Python\3.9.13\x64
2025-11-07T12:35:44.3086508Z   PKG_CONFIG_PATH: C:\hostedtoolcache\windows\Python\3.9.13\x64/lib/pkgconfig
2025-11-07T12:35:44.3086904Z   Python_ROOT_DIR: C:\hostedtoolcache\windows\Python\3.9.13\x64
2025-11-07T12:35:44.3087258Z   Python2_ROOT_DIR: C:\hostedtoolcache\windows\Python\3.9.13\x64
2025-11-07T12:35:44.3087635Z   Python3_ROOT_DIR: C:\hostedtoolcache\windows\Python\3.9.13\x64
2025-11-07T12:35:44.3087923Z ##[endgroup]
2025-11-07T12:35:44.6951287Z 
2025-11-07T12:35:44.6965198Z ============================================================
2025-11-07T12:35:44.6981177Z   RDD Framework Test Runner (Windows)
2025-11-07T12:35:44.6989106Z ============================================================
2025-11-07T12:35:44.6992904Z 
2025-11-07T12:35:45.9024753Z Print-Info : The term 'Print-Info' is not recognized as the name of a cmdlet, function, script file, or operable 
2025-11-07T12:35:45.9026016Z program. Check the spelling of the name, or if a path was included, verify that the path is correct and try again.
2025-11-07T12:35:45.9027157Z At D:\a\requirements-driven-development\requirements-driven-development\scripts\run-tests.ps1:59 char:1
2025-11-07T12:35:45.9027973Z + Print-Info "Checking prerequisites..."
2025-11-07T12:35:45.9028229Z + ~~~~~~~~~~
2025-11-07T12:35:45.9028881Z     + CategoryInfo          : ObjectNotFound: (Print-Info:String) [], ParentContainsErrorRecordException
2025-11-07T12:35:45.9029672Z     + FullyQualifiedErrorId : CommandNotFoundException
2025-11-07T12:35:45.9030083Z  
2025-11-07T12:35:45.9229833Z ##[error]Process completed with exit code 1.
2025-11-07T12:35:45.9446193Z Post job cleanup.
2025-11-07T12:35:46.1911140Z [command]"C:\Program Files\Git\bin\git.exe" version
2025-11-07T12:35:46.2225758Z git version 2.51.1.windows.1
2025-11-07T12:35:46.2320623Z Temporarily overriding HOME='D:\a\_temp\0c53973d-9b86-46fa-9b6c-77500342c715' before making global git config changes
2025-11-07T12:35:46.2321749Z Adding repository directory to the temporary git global config as a safe directory
2025-11-07T12:35:46.2333511Z [command]"C:\Program Files\Git\bin\git.exe" config --global --add safe.directory D:\a\requirements-driven-development\requirements-driven-development
2025-11-07T12:35:46.2682125Z [command]"C:\Program Files\Git\bin\git.exe" config --local --name-only --get-regexp core\.sshCommand
2025-11-07T12:35:46.2989582Z [command]"C:\Program Files\Git\bin\git.exe" submodule foreach --recursive "sh -c \"git config --local --name-only --get-regexp 'core\.sshCommand' && git config --local --unset-all 'core.sshCommand' || :\""
2025-11-07T12:35:46.8644069Z [command]"C:\Program Files\Git\bin\git.exe" config --local --name-only --get-regexp http\.https\:\/\/github\.com\/\.extraheader
2025-11-07T12:35:46.8908580Z http.https://github.com/.extraheader
2025-11-07T12:35:46.8952421Z [command]"C:\Program Files\Git\bin\git.exe" config --local --unset-all http.https://github.com/.extraheader
2025-11-07T12:35:46.9256259Z [command]"C:\Program Files\Git\bin\git.exe" submodule foreach --recursive "sh -c \"git config --local --name-only --get-regexp 'http\.https\:\/\/github\.com\/\.extraheader' && git config --local --unset-all 'http.https://github.com/.extraheader' || :\""
2025-11-07T12:35:47.4648331Z Cleaning up orphan processes
