2025-11-07T12:17:55.9202412Z Current runner version: '2.329.0'
2025-11-07T12:17:55.9226129Z ##[group]Runner Image Provisioner
2025-11-07T12:17:55.9226871Z Hosted Compute Agent
2025-11-07T12:17:55.9227767Z Version: 20251016.436
2025-11-07T12:17:55.9228467Z Commit: 8ab8ac8bfd662a3739dab9fe09456aba92132568
2025-11-07T12:17:55.9229197Z Build Date: 2025-10-15T20:44:12Z
2025-11-07T12:17:55.9229788Z ##[endgroup]
2025-11-07T12:17:55.9230250Z ##[group]Operating System
2025-11-07T12:17:55.9230893Z Ubuntu
2025-11-07T12:17:55.9231338Z 24.04.3
2025-11-07T12:17:55.9231783Z LTS
2025-11-07T12:17:55.9232311Z ##[endgroup]
2025-11-07T12:17:55.9232807Z ##[group]Runner Image
2025-11-07T12:17:55.9233331Z Image: ubuntu-24.04
2025-11-07T12:17:55.9233874Z Version: 20251030.96.2
2025-11-07T12:17:55.9234873Z Included Software: https://github.com/actions/runner-images/blob/ubuntu24/20251030.96/images/ubuntu/Ubuntu2404-Readme.md
2025-11-07T12:17:55.9236449Z Image Release: https://github.com/actions/runner-images/releases/tag/ubuntu24%2F20251030.96
2025-11-07T12:17:55.9237616Z ##[endgroup]
2025-11-07T12:17:55.9238716Z ##[group]GITHUB_TOKEN Permissions
2025-11-07T12:17:55.9240800Z Contents: read
2025-11-07T12:17:55.9241342Z Metadata: read
2025-11-07T12:17:55.9241820Z Packages: read
2025-11-07T12:17:55.9242318Z ##[endgroup]
2025-11-07T12:17:55.9244312Z Secret source: Actions
2025-11-07T12:17:55.9245379Z Prepare workflow directory
2025-11-07T12:17:55.9585830Z Prepare all required actions
2025-11-07T12:17:55.9624414Z Getting action download info
2025-11-07T12:17:56.2805565Z Download action repository 'actions/checkout@v4' (SHA:08eba0b27e820071cde6df949e0beb9ba4906955)
2025-11-07T12:17:56.4367920Z Download action repository 'actions/setup-python@v5' (SHA:a26af69be951a213d495a4c3e4e4022e16d87065)
2025-11-07T12:17:56.6812398Z Download action repository 'codecov/codecov-action@v4' (SHA:b9fd7d16f6d7d1b5d2bec1a2887e65ceed900238)
2025-11-07T12:17:56.9724441Z Complete job name: All Tests (Linux)
2025-11-07T12:17:57.0429187Z ##[group]Run actions/checkout@v4
2025-11-07T12:17:57.0430070Z with:
2025-11-07T12:17:57.0430539Z   repository: h111359/requirements-driven-development
2025-11-07T12:17:57.0431334Z   token: ***
2025-11-07T12:17:57.0431719Z   ssh-strict: true
2025-11-07T12:17:57.0432131Z   ssh-user: git
2025-11-07T12:17:57.0432543Z   persist-credentials: true
2025-11-07T12:17:57.0432993Z   clean: true
2025-11-07T12:17:57.0433414Z   sparse-checkout-cone-mode: true
2025-11-07T12:17:57.0433898Z   fetch-depth: 1
2025-11-07T12:17:57.0434295Z   fetch-tags: false
2025-11-07T12:17:57.0434694Z   show-progress: true
2025-11-07T12:17:57.0435121Z   lfs: false
2025-11-07T12:17:57.0435499Z   submodules: false
2025-11-07T12:17:57.0435913Z   set-safe-directory: true
2025-11-07T12:17:57.0436564Z ##[endgroup]
2025-11-07T12:17:57.1556594Z Syncing repository: h111359/requirements-driven-development
2025-11-07T12:17:57.1559644Z ##[group]Getting Git version info
2025-11-07T12:17:57.1561490Z Working directory is '/home/runner/work/requirements-driven-development/requirements-driven-development'
2025-11-07T12:17:57.1563899Z [command]/usr/bin/git version
2025-11-07T12:17:57.1661631Z git version 2.51.2
2025-11-07T12:17:57.1688907Z ##[endgroup]
2025-11-07T12:17:57.1704473Z Temporarily overriding HOME='/home/runner/work/_temp/39c62ea3-2493-4db3-8b58-3d4244734c85' before making global git config changes
2025-11-07T12:17:57.1706858Z Adding repository directory to the temporary git global config as a safe directory
2025-11-07T12:17:57.1711677Z [command]/usr/bin/git config --global --add safe.directory /home/runner/work/requirements-driven-development/requirements-driven-development
2025-11-07T12:17:57.1752642Z Deleting the contents of '/home/runner/work/requirements-driven-development/requirements-driven-development'
2025-11-07T12:17:57.1755896Z ##[group]Initializing the repository
2025-11-07T12:17:57.1761438Z [command]/usr/bin/git init /home/runner/work/requirements-driven-development/requirements-driven-development
2025-11-07T12:17:57.1889227Z hint: Using 'master' as the name for the initial branch. This default branch name
2025-11-07T12:17:57.1891070Z hint: is subject to change. To configure the initial branch name to use in all
2025-11-07T12:17:57.1892268Z hint: of your new repositories, which will suppress this warning, call:
2025-11-07T12:17:57.1893360Z hint:
2025-11-07T12:17:57.1893988Z hint: 	git config --global init.defaultBranch <name>
2025-11-07T12:17:57.1894565Z hint:
2025-11-07T12:17:57.1895133Z hint: Names commonly chosen instead of 'master' are 'main', 'trunk' and
2025-11-07T12:17:57.1896007Z hint: 'development'. The just-created branch can be renamed via this command:
2025-11-07T12:17:57.1896697Z hint:
2025-11-07T12:17:57.1897069Z hint: 	git branch -m <name>
2025-11-07T12:17:57.1897771Z hint:
2025-11-07T12:17:57.1898619Z hint: Disable this message with "git config set advice.defaultBranchName false"
2025-11-07T12:17:57.1900423Z Initialized empty Git repository in /home/runner/work/requirements-driven-development/requirements-driven-development/.git/
2025-11-07T12:17:57.1904865Z [command]/usr/bin/git remote add origin https://github.com/h111359/requirements-driven-development
2025-11-07T12:17:57.1936996Z ##[endgroup]
2025-11-07T12:17:57.1937983Z ##[group]Disabling automatic garbage collection
2025-11-07T12:17:57.1941324Z [command]/usr/bin/git config --local gc.auto 0
2025-11-07T12:17:57.1969099Z ##[endgroup]
2025-11-07T12:17:57.1969777Z ##[group]Setting up auth
2025-11-07T12:17:57.1976018Z [command]/usr/bin/git config --local --name-only --get-regexp core\.sshCommand
2025-11-07T12:17:57.2007712Z [command]/usr/bin/git submodule foreach --recursive sh -c "git config --local --name-only --get-regexp 'core\.sshCommand' && git config --local --unset-all 'core.sshCommand' || :"
2025-11-07T12:17:57.2358355Z [command]/usr/bin/git config --local --name-only --get-regexp http\.https\:\/\/github\.com\/\.extraheader
2025-11-07T12:17:57.2390624Z [command]/usr/bin/git submodule foreach --recursive sh -c "git config --local --name-only --get-regexp 'http\.https\:\/\/github\.com\/\.extraheader' && git config --local --unset-all 'http.https://github.com/.extraheader' || :"
2025-11-07T12:17:57.2611887Z [command]/usr/bin/git config --local http.https://github.com/.extraheader AUTHORIZATION: basic ***
2025-11-07T12:17:57.2655355Z ##[endgroup]
2025-11-07T12:17:57.2656249Z ##[group]Fetching the repository
2025-11-07T12:17:57.2664898Z [command]/usr/bin/git -c protocol.version=2 fetch --no-tags --prune --no-recurse-submodules --depth=1 origin +37def35b844320636e7b1d1faf96367da0e2a9f8:refs/remotes/pull/53/merge
2025-11-07T12:17:57.4808181Z From https://github.com/h111359/requirements-driven-development
2025-11-07T12:17:57.4810589Z  * [new ref]         37def35b844320636e7b1d1faf96367da0e2a9f8 -> pull/53/merge
2025-11-07T12:17:57.4841371Z ##[endgroup]
2025-11-07T12:17:57.4842872Z ##[group]Determining the checkout info
2025-11-07T12:17:57.4844457Z ##[endgroup]
2025-11-07T12:17:57.4848480Z [command]/usr/bin/git sparse-checkout disable
2025-11-07T12:17:57.4886733Z [command]/usr/bin/git config --local --unset-all extensions.worktreeConfig
2025-11-07T12:17:57.4913858Z ##[group]Checking out the ref
2025-11-07T12:17:57.4916916Z [command]/usr/bin/git checkout --progress --force refs/remotes/pull/53/merge
2025-11-07T12:17:57.5116575Z Note: switching to 'refs/remotes/pull/53/merge'.
2025-11-07T12:17:57.5118080Z 
2025-11-07T12:17:57.5119131Z You are in 'detached HEAD' state. You can look around, make experimental
2025-11-07T12:17:57.5121160Z changes and commit them, and you can discard any commits you make in this
2025-11-07T12:17:57.5122891Z state without impacting any branches by switching back to a branch.
2025-11-07T12:17:57.5124440Z 
2025-11-07T12:17:57.5125426Z If you want to create a new branch to retain commits you create, you may
2025-11-07T12:17:57.5127980Z do so (now or later) by using -c with the switch command. Example:
2025-11-07T12:17:57.5129201Z 
2025-11-07T12:17:57.5129694Z   git switch -c <new-branch-name>
2025-11-07T12:17:57.5130491Z 
2025-11-07T12:17:57.5131005Z Or undo this operation with:
2025-11-07T12:17:57.5131778Z 
2025-11-07T12:17:57.5132556Z   git switch -
2025-11-07T12:17:57.5133139Z 
2025-11-07T12:17:57.5134105Z Turn off this advice by setting config variable advice.detachedHead to false
2025-11-07T12:17:57.5135547Z 
2025-11-07T12:17:57.5137421Z HEAD is now at 37def35 Merge a4123dad2fb5d3c6346507ffa2725fcb4dfdb81a into ad751367b0c9a6c17544dd7edb9b3fb764dac4a9
2025-11-07T12:17:57.5142081Z ##[endgroup]
2025-11-07T12:17:57.5161591Z [command]/usr/bin/git log -1 --format=%H
2025-11-07T12:17:57.5182857Z 37def35b844320636e7b1d1faf96367da0e2a9f8
2025-11-07T12:17:57.5489235Z ##[group]Run actions/setup-python@v5
2025-11-07T12:17:57.5490441Z with:
2025-11-07T12:17:57.5491282Z   python-version: 3.9
2025-11-07T12:17:57.5492256Z   check-latest: false
2025-11-07T12:17:57.5493466Z   token: ***
2025-11-07T12:17:57.5494344Z   update-environment: true
2025-11-07T12:17:57.5495415Z   allow-prereleases: false
2025-11-07T12:17:57.5496467Z   freethreaded: false
2025-11-07T12:17:57.5497547Z ##[endgroup]
2025-11-07T12:17:57.7199696Z ##[group]Installed versions
2025-11-07T12:17:57.7324681Z Successfully set up CPython (3.9.24)
2025-11-07T12:17:57.7327562Z ##[endgroup]
2025-11-07T12:17:57.7471294Z ##[group]Run sudo apt-get update
2025-11-07T12:17:57.7472424Z [36;1msudo apt-get update[0m
2025-11-07T12:17:57.7473456Z [36;1msudo apt-get install -y bats[0m
2025-11-07T12:17:57.7700573Z shell: /usr/bin/bash -e {0}
2025-11-07T12:17:57.7701511Z env:
2025-11-07T12:17:57.7702468Z   pythonLocation: /opt/hostedtoolcache/Python/3.9.24/x64
2025-11-07T12:17:57.7704162Z   PKG_CONFIG_PATH: /opt/hostedtoolcache/Python/3.9.24/x64/lib/pkgconfig
2025-11-07T12:17:57.7705814Z   Python_ROOT_DIR: /opt/hostedtoolcache/Python/3.9.24/x64
2025-11-07T12:17:57.7707476Z   Python2_ROOT_DIR: /opt/hostedtoolcache/Python/3.9.24/x64
2025-11-07T12:17:57.7709015Z   Python3_ROOT_DIR: /opt/hostedtoolcache/Python/3.9.24/x64
2025-11-07T12:17:57.7710543Z   LD_LIBRARY_PATH: /opt/hostedtoolcache/Python/3.9.24/x64/lib
2025-11-07T12:17:57.7711819Z ##[endgroup]
2025-11-07T12:17:58.0651487Z Get:1 file:/etc/apt/apt-mirrors.txt Mirrorlist [144 B]
2025-11-07T12:17:58.1348234Z Hit:2 http://azure.archive.ubuntu.com/ubuntu noble InRelease
2025-11-07T12:17:58.1368230Z Get:3 http://azure.archive.ubuntu.com/ubuntu noble-updates InRelease [126 kB]
2025-11-07T12:17:58.1418517Z Get:4 http://azure.archive.ubuntu.com/ubuntu noble-backports InRelease [126 kB]
2025-11-07T12:17:58.1441594Z Get:5 http://azure.archive.ubuntu.com/ubuntu noble-security InRelease [126 kB]
2025-11-07T12:17:58.1636582Z Get:6 https://packages.microsoft.com/repos/azure-cli noble InRelease [3564 B]
2025-11-07T12:17:58.1738087Z Get:7 https://packages.microsoft.com/ubuntu/24.04/prod noble InRelease [3600 B]
2025-11-07T12:17:58.4438036Z Get:8 http://azure.archive.ubuntu.com/ubuntu noble-updates/main amd64 Packages [1585 kB]
2025-11-07T12:17:58.4839183Z Get:9 http://azure.archive.ubuntu.com/ubuntu noble-updates/main Translation-en [299 kB]
2025-11-07T12:17:58.4870227Z Get:10 http://azure.archive.ubuntu.com/ubuntu noble-updates/main amd64 Components [175 kB]
2025-11-07T12:17:58.4935358Z Get:11 http://azure.archive.ubuntu.com/ubuntu noble-updates/main amd64 c-n-f Metadata [15.7 kB]
2025-11-07T12:17:58.4941866Z Get:12 http://azure.archive.ubuntu.com/ubuntu noble-updates/universe amd64 Packages [1498 kB]
2025-11-07T12:17:58.5028817Z Get:13 http://azure.archive.ubuntu.com/ubuntu noble-updates/universe Translation-en [303 kB]
2025-11-07T12:17:58.5060352Z Get:14 http://azure.archive.ubuntu.com/ubuntu noble-updates/universe amd64 Components [377 kB]
2025-11-07T12:17:58.5098338Z Get:15 http://azure.archive.ubuntu.com/ubuntu noble-updates/universe amd64 c-n-f Metadata [31.4 kB]
2025-11-07T12:17:58.5112747Z Get:16 http://azure.archive.ubuntu.com/ubuntu noble-updates/restricted amd64 Packages [2244 kB]
2025-11-07T12:17:58.5250780Z Get:17 http://azure.archive.ubuntu.com/ubuntu noble-updates/restricted Translation-en [509 kB]
2025-11-07T12:17:58.5727009Z Get:18 http://azure.archive.ubuntu.com/ubuntu noble-updates/restricted amd64 Components [212 B]
2025-11-07T12:17:58.5744547Z Get:19 http://azure.archive.ubuntu.com/ubuntu noble-updates/multiverse amd64 Components [940 B]
2025-11-07T12:17:58.5763369Z Get:20 http://azure.archive.ubuntu.com/ubuntu noble-backports/main amd64 Components [7136 B]
2025-11-07T12:17:58.5772459Z Get:21 http://azure.archive.ubuntu.com/ubuntu noble-backports/universe amd64 Components [11.0 kB]
2025-11-07T12:17:58.5788047Z Get:22 http://azure.archive.ubuntu.com/ubuntu noble-backports/restricted amd64 Components [216 B]
2025-11-07T12:17:58.5802075Z Get:23 http://azure.archive.ubuntu.com/ubuntu noble-backports/multiverse amd64 Components [212 B]
2025-11-07T12:17:58.5816678Z Get:24 http://azure.archive.ubuntu.com/ubuntu noble-security/main amd64 Packages [1305 kB]
2025-11-07T12:17:58.5902651Z Get:25 http://azure.archive.ubuntu.com/ubuntu noble-security/main Translation-en [215 kB]
2025-11-07T12:17:58.5930209Z Get:26 http://azure.archive.ubuntu.com/ubuntu noble-security/main amd64 Components [21.5 kB]
2025-11-07T12:17:58.5946503Z Get:27 http://azure.archive.ubuntu.com/ubuntu noble-security/main amd64 c-n-f Metadata [9336 B]
2025-11-07T12:17:58.5963345Z Get:28 http://azure.archive.ubuntu.com/ubuntu noble-security/universe amd64 Packages [906 kB]
2025-11-07T12:17:58.6016945Z Get:29 http://azure.archive.ubuntu.com/ubuntu noble-security/universe Translation-en [203 kB]
2025-11-07T12:17:58.6050824Z Get:30 http://azure.archive.ubuntu.com/ubuntu noble-security/universe amd64 Components [52.2 kB]
2025-11-07T12:17:58.6070264Z Get:31 http://azure.archive.ubuntu.com/ubuntu noble-security/universe amd64 c-n-f Metadata [19.4 kB]
2025-11-07T12:17:58.6274006Z Get:36 https://packages.microsoft.com/repos/azure-cli noble/main amd64 Packages [1700 B]
2025-11-07T12:17:58.6531035Z Get:32 http://azure.archive.ubuntu.com/ubuntu noble-security/restricted amd64 Packages [2135 kB]
2025-11-07T12:17:58.6652998Z Get:33 http://azure.archive.ubuntu.com/ubuntu noble-security/restricted Translation-en [485 kB]
2025-11-07T12:17:58.6689078Z Get:34 http://azure.archive.ubuntu.com/ubuntu noble-security/restricted amd64 Components [212 B]
2025-11-07T12:17:58.6707539Z Get:35 http://azure.archive.ubuntu.com/ubuntu noble-security/multiverse amd64 Components [208 B]
2025-11-07T12:17:58.7014700Z Get:37 https://packages.microsoft.com/ubuntu/24.04/prod noble/main amd64 Packages [66.8 kB]
2025-11-07T12:17:58.7104027Z Get:38 https://packages.microsoft.com/ubuntu/24.04/prod noble/main armhf Packages [11.2 kB]
2025-11-07T12:17:58.7161487Z Get:39 https://packages.microsoft.com/ubuntu/24.04/prod noble/main arm64 Packages [49.6 kB]
2025-11-07T12:18:09.1582112Z Fetched 12.9 MB in 2s (7257 kB/s)
2025-11-07T12:18:09.8834740Z Reading package lists...
2025-11-07T12:18:09.9159626Z Reading package lists...
2025-11-07T12:18:10.0844675Z Building dependency tree...
2025-11-07T12:18:10.0851913Z Reading state information...
2025-11-07T12:18:10.2806381Z The following NEW packages will be installed:
2025-11-07T12:18:10.2812200Z   bats
2025-11-07T12:18:10.2983629Z 0 upgraded, 1 newly installed, 0 to remove and 37 not upgraded.
2025-11-07T12:18:10.3223645Z Need to get 45.5 kB of archives.
2025-11-07T12:18:10.3224224Z After this operation, 166 kB of additional disk space will be used.
2025-11-07T12:18:10.3224643Z Get:1 file:/etc/apt/apt-mirrors.txt Mirrorlist [144 B]
2025-11-07T12:18:10.3225283Z Get:2 http://azure.archive.ubuntu.com/ubuntu noble/universe amd64 bats all 1.10.0-1 [45.5 kB]
2025-11-07T12:18:10.5920345Z Fetched 45.5 kB in 0s (1251 kB/s)
2025-11-07T12:18:10.7727738Z Selecting previously unselected package bats.
2025-11-07T12:18:11.0739463Z (Reading database ... 
2025-11-07T12:18:11.0739951Z (Reading database ... 5%
2025-11-07T12:18:11.0740265Z (Reading database ... 10%
2025-11-07T12:18:11.0740650Z (Reading database ... 15%
2025-11-07T12:18:11.0741015Z (Reading database ... 20%
2025-11-07T12:18:11.0741577Z (Reading database ... 25%
2025-11-07T12:18:11.0741977Z (Reading database ... 30%
2025-11-07T12:18:11.0742320Z (Reading database ... 35%
2025-11-07T12:18:11.0742672Z (Reading database ... 40%
2025-11-07T12:18:11.0743006Z (Reading database ... 45%
2025-11-07T12:18:11.0743483Z (Reading database ... 50%
2025-11-07T12:18:11.4249634Z (Reading database ... 55%
2025-11-07T12:18:12.5908528Z (Reading database ... 60%
2025-11-07T12:18:13.0953220Z (Reading database ... 65%
2025-11-07T12:18:13.3622129Z (Reading database ... 70%
2025-11-07T12:18:13.7303976Z (Reading database ... 75%
2025-11-07T12:18:15.8038174Z (Reading database ... 80%
2025-11-07T12:18:18.4216995Z (Reading database ... 85%
2025-11-07T12:18:20.8817952Z (Reading database ... 90%
2025-11-07T12:18:23.1800919Z (Reading database ... 95%
2025-11-07T12:18:23.1801388Z (Reading database ... 100%
2025-11-07T12:18:23.1802008Z (Reading database ... 215550 files and directories currently installed.)
2025-11-07T12:18:23.1848507Z Preparing to unpack .../archives/bats_1.10.0-1_all.deb ...
2025-11-07T12:18:23.1879189Z Unpacking bats (1.10.0-1) ...
2025-11-07T12:18:23.3625350Z Setting up bats (1.10.0-1) ...
2025-11-07T12:18:23.3678352Z Processing triggers for man-db (2.12.0-4build2) ...
2025-11-07T12:19:09.8015051Z 
2025-11-07T12:19:09.8017405Z Running kernel seems to be up-to-date.
2025-11-07T12:19:09.8018230Z 
2025-11-07T12:19:09.8018534Z No services need to be restarted.
2025-11-07T12:19:09.8018959Z 
2025-11-07T12:19:09.8019353Z No containers need to be restarted.
2025-11-07T12:19:09.8019616Z 
2025-11-07T12:19:09.8019792Z No user sessions are running outdated binaries.
2025-11-07T12:19:09.8020107Z 
2025-11-07T12:19:09.8020393Z No VM guests are running outdated hypervisor (qemu) binaries on this host.
2025-11-07T12:19:10.6994741Z ##[group]Run python setup-test-env.py
2025-11-07T12:19:10.6995059Z [36;1mpython setup-test-env.py[0m
2025-11-07T12:19:10.7027826Z shell: /usr/bin/bash -e {0}
2025-11-07T12:19:10.7028053Z env:
2025-11-07T12:19:10.7028292Z   pythonLocation: /opt/hostedtoolcache/Python/3.9.24/x64
2025-11-07T12:19:10.7028692Z   PKG_CONFIG_PATH: /opt/hostedtoolcache/Python/3.9.24/x64/lib/pkgconfig
2025-11-07T12:19:10.7029063Z   Python_ROOT_DIR: /opt/hostedtoolcache/Python/3.9.24/x64
2025-11-07T12:19:10.7029408Z   Python2_ROOT_DIR: /opt/hostedtoolcache/Python/3.9.24/x64
2025-11-07T12:19:10.7029731Z   Python3_ROOT_DIR: /opt/hostedtoolcache/Python/3.9.24/x64
2025-11-07T12:19:10.7030063Z   LD_LIBRARY_PATH: /opt/hostedtoolcache/Python/3.9.24/x64/lib
2025-11-07T12:19:10.7030340Z ##[endgroup]
2025-11-07T12:19:23.9138461Z 
2025-11-07T12:19:23.9138958Z ============================================================
2025-11-07T12:19:23.9139599Z   RDD Test Environment Setup
2025-11-07T12:19:23.9140160Z ============================================================
2025-11-07T12:19:23.9140508Z 
2025-11-07T12:19:23.9140945Z ✓ Python 3.9.24 detected
2025-11-07T12:19:23.9141219Z 
2025-11-07T12:19:23.9141821Z Repository root: /home/runner/work/requirements-driven-development/requirements-driven-development
2025-11-07T12:19:23.9143300Z Virtual environment: /home/runner/work/requirements-driven-development/requirements-driven-development/.venv
2025-11-07T12:19:23.9144985Z Requirements file: /home/runner/work/requirements-driven-development/requirements-driven-development/tests/requirements.txt
2025-11-07T12:19:23.9145988Z 
2025-11-07T12:19:23.9146914Z ℹ Creating virtual environment at /home/runner/work/requirements-driven-development/requirements-driven-development/.venv...
2025-11-07T12:19:23.9148064Z ✓ Virtual environment created
2025-11-07T12:19:23.9148459Z ℹ Upgrading pip...
2025-11-07T12:19:23.9148784Z ✓ pip upgraded
2025-11-07T12:19:23.9149247Z ℹ Installing/updating test dependencies...
2025-11-07T12:19:23.9149756Z ✓ Test dependencies installed/updated
2025-11-07T12:19:23.9150037Z 
2025-11-07T12:19:23.9150163Z ============================================================
2025-11-07T12:19:23.9150568Z Setup completed successfully!
2025-11-07T12:19:23.9150916Z ============================================================
2025-11-07T12:19:23.9151217Z 
2025-11-07T12:19:23.9151420Z To activate the virtual environment:
2025-11-07T12:19:23.9152553Z   source /home/runner/work/requirements-driven-development/requirements-driven-development/.venv/bin/activate
2025-11-07T12:19:23.9153973Z 
2025-11-07T12:19:23.9154128Z To run tests:
2025-11-07T12:19:23.9154439Z   pytest tests/python/
2025-11-07T12:19:23.9154649Z 
2025-11-07T12:19:23.9154770Z To deactivate:
2025-11-07T12:19:23.9155079Z   deactivate
2025-11-07T12:19:23.9155254Z 
2025-11-07T12:19:23.9219632Z ##[group]Run bash scripts/run-tests.sh
2025-11-07T12:19:23.9219950Z [36;1mbash scripts/run-tests.sh[0m
2025-11-07T12:19:23.9252554Z shell: /usr/bin/bash -e {0}
2025-11-07T12:19:23.9252765Z env:
2025-11-07T12:19:23.9253007Z   pythonLocation: /opt/hostedtoolcache/Python/3.9.24/x64
2025-11-07T12:19:23.9253392Z   PKG_CONFIG_PATH: /opt/hostedtoolcache/Python/3.9.24/x64/lib/pkgconfig
2025-11-07T12:19:23.9253763Z   Python_ROOT_DIR: /opt/hostedtoolcache/Python/3.9.24/x64
2025-11-07T12:19:23.9254091Z   Python2_ROOT_DIR: /opt/hostedtoolcache/Python/3.9.24/x64
2025-11-07T12:19:23.9254415Z   Python3_ROOT_DIR: /opt/hostedtoolcache/Python/3.9.24/x64
2025-11-07T12:19:23.9254741Z   LD_LIBRARY_PATH: /opt/hostedtoolcache/Python/3.9.24/x64/lib
2025-11-07T12:19:23.9255023Z ##[endgroup]
2025-11-07T12:19:23.9340081Z 
2025-11-07T12:19:23.9340321Z ============================================================
2025-11-07T12:19:23.9340799Z   RDD Framework Test Runner (Linux)
2025-11-07T12:19:23.9341223Z ============================================================
2025-11-07T12:19:23.9341405Z 
2025-11-07T12:19:23.9341769Z [0;34mℹ[0m Checking prerequisites...
2025-11-07T12:19:23.9356635Z [0;32m✓[0m Python found: Python 3.9.24
2025-11-07T12:19:23.9357290Z [0;32m✓[0m Virtual environment found
2025-11-07T12:19:23.9357835Z [0;34mℹ[0m Activating virtual environment...
2025-11-07T12:19:23.9360283Z [0;32m✓[0m Virtual environment activated
2025-11-07T12:19:24.8051484Z [0;32m✓[0m pytest found: pytest 8.4.2
2025-11-07T12:19:24.8051939Z 
2025-11-07T12:19:24.8051948Z 
2025-11-07T12:19:24.8052124Z ============================================================
2025-11-07T12:19:24.8052630Z   Running Tests
2025-11-07T12:19:24.8053045Z ============================================================
2025-11-07T12:19:24.8053399Z 
2025-11-07T12:19:24.8053635Z [0;34m[1/4][0m Running Python unit tests
2025-11-07T12:19:25.1796111Z ============================= test session starts ==============================
2025-11-07T12:19:25.1797429Z platform linux -- Python 3.9.24, pytest-8.4.2, pluggy-1.6.0 -- /home/runner/work/requirements-driven-development/requirements-driven-development/.venv/bin/python
2025-11-07T12:19:25.1798351Z cachedir: .pytest_cache
2025-11-07T12:19:25.1798903Z rootdir: /home/runner/work/requirements-driven-development/requirements-driven-development
2025-11-07T12:19:25.1799571Z plugins: timeout-2.4.0, cov-7.0.0, xdist-3.8.0, mock-3.15.1
2025-11-07T12:19:25.2646965Z collecting ... collected 49 items
2025-11-07T12:19:25.2647534Z 
2025-11-07T12:19:25.2956490Z tests/python/test_integration.py::TestChangeWorkflow::test_fix_branch_workflow PASSED [  2%]
2025-11-07T12:19:25.3198208Z tests/python/test_integration.py::TestRequirementsManagement::test_requirements_changes_format PASSED [  4%]
2025-11-07T12:19:25.3442094Z tests/python/test_integration.py::TestWorkspaceArchiving::test_workspace_backup_creation PASSED [  6%]
2025-11-07T12:19:25.3754470Z tests/python/test_integration.py::TestGitIntegration::test_branch_creation_and_switching PASSED [  8%]
2025-11-07T12:19:25.4026072Z tests/python/test_integration.py::TestGitIntegration::test_uncommitted_changes_detection PASSED [ 10%]
2025-11-07T12:19:25.4390094Z tests/python/test_integration.py::TestConfigManagement::test_config_read_write_cycle PASSED [ 12%]
2025-11-07T12:19:25.4698492Z tests/python/test_integration.py::TestConfigManagement::test_config_default_branch PASSED [ 14%]
2025-11-07T12:19:25.4716762Z tests/python/test_rdd_main.py::TestCLIHelp::test_version_command PASSED  [ 16%]
2025-11-07T12:19:25.4729037Z tests/python/test_rdd_main.py::TestCLIHelp::test_help_command PASSED     [ 18%]
2025-11-07T12:19:25.4741763Z tests/python/test_rdd_main.py::TestDomainRouting::test_config_show_routing PASSED [ 20%]
2025-11-07T12:19:25.4754791Z tests/python/test_rdd_main.py::TestDomainRouting::test_workspace_init_routing PASSED [ 22%]
2025-11-07T12:19:25.4856107Z tests/python/test_rdd_main.py::TestChangeCommands::test_change_create_requires_default_branch PASSED [ 24%]
2025-11-07T12:19:25.6139300Z tests/python/test_rdd_main.py::TestMenuInteraction::test_curses_menu_selection PASSED [ 26%]
2025-11-07T12:19:25.6151718Z tests/python/test_rdd_main.py::TestValidationCommands::test_check_repo_valid PASSED [ 28%]
2025-11-07T12:19:25.6163542Z tests/python/test_rdd_main.py::TestErrorHandling::test_no_command_shows_help PASSED [ 30%]
2025-11-07T12:19:25.6174790Z tests/python/test_rdd_main.py::TestErrorHandling::test_invalid_domain_error PASSED [ 32%]
2025-11-07T12:19:25.6186803Z tests/python/test_rdd_main.py::TestErrorHandling::test_invalid_action_error PASSED [ 34%]
2025-11-07T12:19:25.6197702Z tests/python/test_rdd_utils.py::TestOutputFunctions::test_print_success PASSED [ 36%]
2025-11-07T12:19:25.6209028Z tests/python/test_rdd_utils.py::TestOutputFunctions::test_print_error PASSED [ 38%]
2025-11-07T12:19:25.6220133Z tests/python/test_rdd_utils.py::TestOutputFunctions::test_print_warning PASSED [ 40%]
2025-11-07T12:19:25.6230727Z tests/python/test_rdd_utils.py::TestOutputFunctions::test_print_info PASSED [ 42%]
2025-11-07T12:19:25.6242213Z tests/python/test_rdd_utils.py::TestValidationFunctions::test_validate_name_valid PASSED [ 44%]
2025-11-07T12:19:25.6251649Z tests/python/test_rdd_utils.py::TestValidationFunctions::test_validate_name_with_spaces PASSED [ 46%]
2025-11-07T12:19:25.6260950Z tests/python/test_rdd_utils.py::TestValidationFunctions::test_validate_name_with_special_chars PASSED [ 48%]
2025-11-07T12:19:25.6269969Z tests/python/test_rdd_utils.py::TestValidationFunctions::test_validate_name_empty PASSED [ 51%]
2025-11-07T12:19:25.6280219Z tests/python/test_rdd_utils.py::TestValidationFunctions::test_normalize_to_kebab_case PASSED [ 53%]
2025-11-07T12:19:25.6294275Z tests/python/test_rdd_utils.py::TestValidationFunctions::test_validate_file_exists PASSED [ 55%]
2025-11-07T12:19:25.6306223Z tests/python/test_rdd_utils.py::TestValidationFunctions::test_validate_dir_exists PASSED [ 57%]
2025-11-07T12:19:25.6326925Z tests/python/test_rdd_utils.py::TestGitFunctions::test_check_git_repo_valid PASSED [ 59%]
2025-11-07T12:19:25.6342087Z tests/python/test_rdd_utils.py::TestGitFunctions::test_check_git_repo_invalid PASSED [ 61%]
2025-11-07T12:19:25.6354498Z tests/python/test_rdd_utils.py::TestGitFunctions::test_get_current_branch PASSED [ 63%]
2025-11-07T12:19:25.6630675Z tests/python/test_rdd_utils.py::TestGitFunctions::test_get_default_branch_from_config PASSED [ 65%]
2025-11-07T12:19:25.6643007Z tests/python/test_rdd_utils.py::TestGitFunctions::test_get_branch_type_fix PASSED [ 67%]
2025-11-07T12:19:25.6655920Z tests/python/test_rdd_utils.py::TestGitFunctions::test_get_branch_type_enh PASSED [ 69%]
2025-11-07T12:19:25.6668106Z tests/python/test_rdd_utils.py::TestGitFunctions::test_get_branch_type_main PASSED [ 71%]
2025-11-07T12:19:25.6681750Z tests/python/test_rdd_utils.py::TestGitFunctions::test_is_enh_or_fix_branch PASSED [ 73%]
2025-11-07T12:19:25.6690801Z tests/python/test_rdd_utils.py::TestTimestampFunctions::test_get_timestamp_format PASSED [ 75%]
2025-11-07T12:19:25.6699445Z tests/python/test_rdd_utils.py::TestTimestampFunctions::test_get_timestamp_filename_format PASSED [ 77%]
2025-11-07T12:19:25.6985643Z tests/python/test_rdd_utils.py::TestConfigFunctions::test_get_rdd_config_existing_key PASSED [ 79%]
2025-11-07T12:19:25.7266478Z tests/python/test_rdd_utils.py::TestConfigFunctions::test_get_rdd_config_missing_key_with_default PASSED [ 81%]
2025-11-07T12:19:25.7547881Z tests/python/test_rdd_utils.py::TestConfigFunctions::test_set_rdd_config PASSED [ 83%]
2025-11-07T12:19:25.7835588Z tests/python/test_rdd_utils.py::TestConfigFunctions::test_get_rdd_config_path PASSED [ 85%]
2025-11-07T12:19:25.7850468Z tests/python/test_rdd_utils.py::TestWorkspaceUtilities::test_ensure_dir_creates_directory PASSED [ 87%]
2025-11-07T12:19:25.7862047Z tests/python/test_rdd_utils.py::TestWorkspaceUtilities::test_ensure_dir_existing_directory PASSED [ 89%]
2025-11-07T12:19:25.8112154Z tests/python/test_rdd_utils.py::TestPromptFunctions::test_mark_prompt_completed PASSED [ 91%]
2025-11-07T12:19:25.8125931Z tests/python/test_rdd_utils.py::TestConfirmAction::test_confirm_action_yes PASSED [ 93%]
2025-11-07T12:19:25.8137303Z tests/python/test_rdd_utils.py::TestConfirmAction::test_confirm_action_no PASSED [ 95%]
2025-11-07T12:19:25.8148742Z tests/python/test_rdd_utils.py::TestConfirmAction::test_confirm_action_yes_full PASSED [ 97%]
2025-11-07T12:19:25.8400900Z tests/python/test_rdd_utils.py::TestConfirmAction::test_confirm_action_invalid PASSED [100%]
2025-11-07T12:19:25.8401402Z 
2025-11-07T12:19:25.8401565Z ============================== 49 passed in 0.65s ==============================
2025-11-07T12:19:25.8656973Z [0;32m✓[0m Python unit tests passed
2025-11-07T12:19:25.8657676Z 
2025-11-07T12:19:25.8657917Z [0;34m[2/4][0m Running build tests
2025-11-07T12:19:26.0695011Z ============================= test session starts ==============================
2025-11-07T12:19:26.0696114Z platform linux -- Python 3.9.24, pytest-8.4.2, pluggy-1.6.0 -- /home/runner/work/requirements-driven-development/requirements-driven-development/.venv/bin/python
2025-11-07T12:19:26.0696957Z cachedir: .pytest_cache
2025-11-07T12:19:26.0697831Z rootdir: /home/runner/work/requirements-driven-development/requirements-driven-development
2025-11-07T12:19:26.0698510Z plugins: timeout-2.4.0, cov-7.0.0, xdist-3.8.0, mock-3.15.1
2025-11-07T12:19:26.0997733Z collecting ... collected 15 items
2025-11-07T12:19:26.0998080Z 
2025-11-07T12:19:26.1034609Z tests/build/test_build.py::TestVersionExtraction::test_read_version_from_config PASSED [  6%]
2025-11-07T12:19:26.1075678Z tests/build/test_build.py::TestBuildDirCreation::test_create_build_dir PASSED [ 13%]
2025-11-07T12:19:26.1120192Z tests/build/test_build.py::TestFileCopying::test_copy_prompts PASSED     [ 20%]
2025-11-07T12:19:26.1163849Z tests/build/test_build.py::TestFileCopying::test_copy_scripts PASSED     [ 26%]
2025-11-07T12:19:26.1205994Z tests/build/test_build.py::TestFileCopying::test_copy_templates PASSED   [ 33%]
2025-11-07T12:19:26.1248865Z tests/build/test_build.py::TestFileCopying::test_copy_vscode_settings PASSED [ 40%]
2025-11-07T12:19:26.1294676Z tests/build/test_build.py::TestFileCopying::test_copy_rdd_docs_seeds PASSED [ 46%]
2025-11-07T12:19:26.1335995Z tests/build/test_build.py::TestTemplateGeneration::test_generate_readme PASSED [ 53%]
2025-11-07T12:19:26.1377703Z tests/build/test_build.py::TestTemplateGeneration::test_generate_installer PASSED [ 60%]
2025-11-07T12:19:26.1419865Z tests/build/test_build.py::TestTemplateGeneration::test_generate_bash_installer PASSED [ 66%]
2025-11-07T12:19:26.1461113Z tests/build/test_build.py::TestTemplateGeneration::test_generate_powershell_installer PASSED [ 73%]
2025-11-07T12:19:26.1514651Z tests/build/test_build.py::TestArchiveCreation::test_create_archive PASSED [ 80%]
2025-11-07T12:19:26.1562808Z tests/build/test_build.py::TestChecksumGeneration::test_generate_checksum PASSED [ 86%]
2025-11-07T12:19:26.1573190Z tests/build/test_build.py::TestOutputFunctions::test_print_success PASSED [ 93%]
2025-11-07T12:19:26.1795826Z tests/build/test_build.py::TestOutputFunctions::test_print_error PASSED  [100%]
2025-11-07T12:19:26.1796250Z 
2025-11-07T12:19:26.1796416Z ============================== 15 passed in 0.10s ==============================
2025-11-07T12:19:26.2008207Z [0;32m✓[0m Build tests passed
2025-11-07T12:19:26.2008528Z 
2025-11-07T12:19:26.2008743Z [0;34m[3/4][0m Running install tests
2025-11-07T12:19:26.4018167Z ============================= test session starts ==============================
2025-11-07T12:19:26.4019503Z platform linux -- Python 3.9.24, pytest-8.4.2, pluggy-1.6.0 -- /home/runner/work/requirements-driven-development/requirements-driven-development/.venv/bin/python
2025-11-07T12:19:26.4020670Z cachedir: .pytest_cache
2025-11-07T12:19:26.4021762Z rootdir: /home/runner/work/requirements-driven-development/requirements-driven-development
2025-11-07T12:19:26.4022683Z plugins: timeout-2.4.0, cov-7.0.0, xdist-3.8.0, mock-3.15.1
2025-11-07T12:19:26.4318690Z collecting ... collected 21 items
2025-11-07T12:19:26.4318999Z 
2025-11-07T12:19:26.4329613Z tests/install/test_install.py::TestPreFlightChecks::test_check_python_version_success PASSED [  4%]
2025-11-07T12:19:26.4342947Z tests/install/test_install.py::TestPreFlightChecks::test_check_git_installed_success PASSED [  9%]
2025-11-07T12:19:26.4354657Z tests/install/test_install.py::TestPreFlightChecks::test_check_git_installed_failure PASSED [ 14%]
2025-11-07T12:19:26.4587655Z tests/install/test_install.py::TestPreFlightChecks::test_check_git_repo_valid PASSED [ 19%]
2025-11-07T12:19:26.4600623Z tests/install/test_install.py::TestPreFlightChecks::test_check_git_repo_invalid PASSED [ 23%]
2025-11-07T12:19:26.4823419Z tests/install/test_install.py::TestExistingInstallationDetection::test_detect_existing_installation_none PASSED [ 28%]
2025-11-07T12:19:26.5054655Z tests/install/test_install.py::TestExistingInstallationDetection::test_detect_existing_installation_found PASSED [ 33%]
2025-11-07T12:19:26.5305110Z tests/install/test_install.py::TestFileOperations::test_copy_prompts PASSED [ 38%]
2025-11-07T12:19:26.5557606Z tests/install/test_install.py::TestFileOperations::test_copy_framework PASSED [ 42%]
2025-11-07T12:19:26.5814608Z tests/install/test_install.py::TestFileOperations::test_copy_seed_templates PASSED [ 47%]
2025-11-07T12:19:26.6045687Z tests/install/test_install.py::TestSettingsMerge::test_merge_settings_empty_target PASSED [ 52%]
2025-11-07T12:19:26.6053776Z tests/install/test_install.py::TestSettingsMerge::test_merge_settings_existing_values PASSED [ 57%]
2025-11-07T12:19:26.6061962Z tests/install/test_install.py::TestSettingsMerge::test_merge_settings_object_merge PASSED [ 61%]
2025-11-07T12:19:26.6287987Z tests/install/test_install.py::TestGitignoreUpdate::test_update_gitignore_new_file PASSED [ 66%]
2025-11-07T12:19:26.6517723Z tests/install/test_install.py::TestGitignoreUpdate::test_update_gitignore_existing_file PASSED [ 71%]
2025-11-07T12:19:26.6748840Z tests/install/test_install.py::TestGitignoreUpdate::test_update_gitignore_already_present PASSED [ 76%]
2025-11-07T12:19:26.7168381Z tests/install/test_install.py::TestVerification::test_verify_installation_success PASSED [ 80%]
2025-11-07T12:19:26.7398278Z tests/install/test_install.py::TestVerification::test_verify_installation_missing_files PASSED [ 85%]
2025-11-07T12:19:26.7410489Z tests/install/test_install.py::TestOutputFunctions::test_print_banner PASSED [ 90%]
2025-11-07T12:19:26.7421166Z tests/install/test_install.py::TestOutputFunctions::test_print_success PASSED [ 95%]
2025-11-07T12:19:26.7656784Z tests/install/test_install.py::TestOutputFunctions::test_print_error PASSED [100%]
2025-11-07T12:19:26.7657525Z 
2025-11-07T12:19:26.7657712Z ============================== 21 passed in 0.35s ==============================
2025-11-07T12:19:26.7882673Z [0;32m✓[0m Install tests passed
2025-11-07T12:19:26.7882980Z 
2025-11-07T12:19:26.7883218Z [0;34m[4/4][0m Running shell tests (BATS)
2025-11-07T12:19:26.8397080Z 1..10
2025-11-07T12:19:26.9186644Z ok 1 install.sh exists and is executable
2025-11-07T12:19:26.9500812Z ok 2 install.sh shows version banner # skip Interactive test - requires user input
2025-11-07T12:19:26.9833974Z ok 3 check python3 availability
2025-11-07T12:19:27.0171304Z ok 4 check git availability
2025-11-07T12:19:27.0578312Z ok 5 create test git repository
2025-11-07T12:19:27.1309125Z not ok 6 install.py can be executed with python
2025-11-07T12:19:27.1317681Z # (in test file tests/shell/test_install_sh.bats, line 83)
2025-11-07T12:19:27.1329755Z #   `[ "$status" -eq 0 ] || [ "$status" -eq 2 ]' failed
2025-11-07T12:19:27.1697063Z ok 7 directory navigation functions work
2025-11-07T12:19:27.2086964Z ok 8 git repository detection works
2025-11-07T12:19:27.2471202Z ok 9 file operations work correctly
2025-11-07T12:19:27.2832560Z ok 10 directory traversal safety
2025-11-07T12:19:27.2916754Z [0;31m✗[0m Shell tests failed
2025-11-07T12:19:27.2917033Z 
2025-11-07T12:19:27.2917064Z 
2025-11-07T12:19:27.2917374Z ============================================================
2025-11-07T12:19:27.2917778Z   Test Summary
2025-11-07T12:19:27.2918348Z ============================================================
2025-11-07T12:19:27.2918653Z 
2025-11-07T12:19:27.2918784Z Total test suites: 4
2025-11-07T12:19:27.2919178Z [0;32mPassed: 3[0m
2025-11-07T12:19:27.2919408Z [0;31mFailed: 1[0m
2025-11-07T12:19:27.2919528Z 
2025-11-07T12:19:27.2919682Z [0;31m✗[0m Some tests failed
2025-11-07T12:19:27.2934539Z ##[error]Process completed with exit code 1.
2025-11-07T12:19:27.3039088Z ##[group]Run codecov/codecov-action@v4
2025-11-07T12:19:27.3039346Z with:
2025-11-07T12:19:27.3039519Z   file: ./coverage.xml
2025-11-07T12:19:27.3039704Z   flags: python
2025-11-07T12:19:27.3039889Z   name: python-coverage
2025-11-07T12:19:27.3040080Z env:
2025-11-07T12:19:27.3040323Z   pythonLocation: /opt/hostedtoolcache/Python/3.9.24/x64
2025-11-07T12:19:27.3040714Z   PKG_CONFIG_PATH: /opt/hostedtoolcache/Python/3.9.24/x64/lib/pkgconfig
2025-11-07T12:19:27.3041088Z   Python_ROOT_DIR: /opt/hostedtoolcache/Python/3.9.24/x64
2025-11-07T12:19:27.3041421Z   Python2_ROOT_DIR: /opt/hostedtoolcache/Python/3.9.24/x64
2025-11-07T12:19:27.3041746Z   Python3_ROOT_DIR: /opt/hostedtoolcache/Python/3.9.24/x64
2025-11-07T12:19:27.3042084Z   LD_LIBRARY_PATH: /opt/hostedtoolcache/Python/3.9.24/x64/lib
2025-11-07T12:19:27.3042360Z ##[endgroup]
2025-11-07T12:19:27.3874489Z eventName: pull_request
2025-11-07T12:19:27.3876232Z baseRef: h111359:dev | headRef: h111359:fix/20251107-0839-fix-version-and-build
2025-11-07T12:19:27.3883975Z ==> linux OS detected
2025-11-07T12:19:27.5358795Z https://cli.codecov.io/latest/linux/codecov.SHA256SUM
2025-11-07T12:19:27.7789659Z gpg: directory '/home/runner/.gnupg' created
2025-11-07T12:19:27.7990517Z gpg: keybox '/home/runner/.gnupg/pubring.kbx' created
2025-11-07T12:19:27.8656181Z gpg: /home/runner/.gnupg/trustdb.gpg: trustdb created
2025-11-07T12:19:27.8657526Z gpg: key 806BB28AED779869: public key "Codecov Uploader (Codecov Uploader Verification Key) <security@codecov.io>" imported
2025-11-07T12:19:27.9834582Z gpg: Total number processed: 1
2025-11-07T12:19:27.9834883Z gpg:               imported: 1
2025-11-07T12:19:27.9889522Z gpg: Signature made Thu Oct 23 15:06:21 2025 UTC
2025-11-07T12:19:27.9889964Z gpg:                using RSA key 27034E7FDB850E0BBC2C62FF806BB28AED779869
2025-11-07T12:19:27.9892569Z gpg: Good signature from "Codecov Uploader (Codecov Uploader Verification Key) <security@codecov.io>" [unknown]
2025-11-07T12:19:27.9893256Z gpg: WARNING: This key is not certified with a trusted signature!
2025-11-07T12:19:27.9893654Z gpg:          There is no indication that the signature belongs to the owner.
2025-11-07T12:19:27.9894075Z Primary key fingerprint: 2703 4E7F DB85 0E0B BC2C  62FF 806B B28A ED77 9869
2025-11-07T12:19:28.0135642Z ==> Uploader SHASUM verified (3e4d282fe243aa7283b17016ff65ab2806c262f16abb41125f0caeea380dfe77  codecov)
2025-11-07T12:19:28.0136739Z ==> Running version latest
2025-11-07T12:19:28.0815283Z Could not pull latest version information: SyntaxError: Unexpected token '<', "<!DOCTYPE "... is not valid JSON
2025-11-07T12:19:28.0817128Z ==> Running git config --global --add safe.directory /home/runner/work/requirements-driven-development/requirements-driven-development
2025-11-07T12:19:28.0909082Z [command]/usr/bin/git config --global --add safe.directory /home/runner/work/requirements-driven-development/requirements-driven-development
2025-11-07T12:19:28.0956287Z ==> Running command '/home/runner/work/_actions/codecov/codecov-action/v4/dist/codecov create-commit'
2025-11-07T12:19:28.0959165Z [command]/home/runner/work/_actions/codecov/codecov-action/v4/dist/codecov create-commit --git-service github -C a4123dad2fb5d3c6346507ffa2725fcb4dfdb81a
2025-11-07T12:19:28.4650723Z info - 2025-11-07 12:19:28,464 -- ci service found: github-actions
2025-11-07T12:19:28.4743537Z warning - 2025-11-07 12:19:28,473 -- No config file could be found. Ignoring config.
2025-11-07T12:19:28.5058314Z warning - 2025-11-07 12:19:28,505 -- Branch `fix/20251107-0839-fix-version-and-build` is protected but no token was provided
2025-11-07T12:19:28.5059687Z warning - 2025-11-07 12:19:28,505 -- For information on Codecov upload tokens, see https://docs.codecov.com/docs/codecov-tokens
2025-11-07T12:19:28.7175033Z info - 2025-11-07 12:19:28,716 -- Process Commit creating complete
2025-11-07T12:19:28.7175838Z error - 2025-11-07 12:19:28,717 -- Commit creating failed: {"message":"Token required - not valid tokenless upload"}
2025-11-07T12:19:28.8234790Z Sentry is attempting to send 3 pending events
2025-11-07T12:19:28.8235406Z Waiting up to 2 seconds
2025-11-07T12:19:28.8235793Z Press Ctrl-C to quit
2025-11-07T12:19:28.8793046Z ==> Running command '/home/runner/work/_actions/codecov/codecov-action/v4/dist/codecov create-report'
2025-11-07T12:19:28.8795401Z [command]/home/runner/work/_actions/codecov/codecov-action/v4/dist/codecov create-report --git-service github -C a4123dad2fb5d3c6346507ffa2725fcb4dfdb81a
2025-11-07T12:19:29.2265747Z info - 2025-11-07 12:19:29,226 -- ci service found: github-actions
2025-11-07T12:19:29.2356857Z warning - 2025-11-07 12:19:29,235 -- No config file could be found. Ignoring config.
2025-11-07T12:19:29.5115877Z info - 2025-11-07 12:19:29,511 -- Process Report creating complete
2025-11-07T12:19:29.5121332Z error - 2025-11-07 12:19:29,511 -- Report creating failed: {"message":"Token required - not valid tokenless upload"}
2025-11-07T12:19:29.5870052Z ==> Running command '/home/runner/work/_actions/codecov/codecov-action/v4/dist/codecov do-upload'
2025-11-07T12:19:29.5872268Z [command]/home/runner/work/_actions/codecov/codecov-action/v4/dist/codecov do-upload -f ./coverage.xml -F python --git-service github -n python-coverage -C a4123dad2fb5d3c6346507ffa2725fcb4dfdb81a
2025-11-07T12:19:29.9334412Z info - 2025-11-07 12:19:29,933 -- ci service found: github-actions
2025-11-07T12:19:29.9426262Z warning - 2025-11-07 12:19:29,942 -- No config file could be found. Ignoring config.
2025-11-07T12:19:29.9750979Z warning - 2025-11-07 12:19:29,974 -- xcrun is not installed or can't be found.
2025-11-07T12:19:30.0284409Z warning - 2025-11-07 12:19:30,027 -- No gcov data found.
2025-11-07T12:19:30.0288152Z warning - 2025-11-07 12:19:30,028 -- coverage.py is not installed or can't be found.
2025-11-07T12:19:30.1172893Z warning - 2025-11-07 12:19:30,116 -- Some files were not found --- {"not_found_files": ["coverage.xml"]}
2025-11-07T12:19:30.1242627Z info - 2025-11-07 12:19:30,123 -- Found 0 coverage files to report
2025-11-07T12:19:30.1277562Z Error: No coverage reports found. Please make sure you're generating reports successfully.
2025-11-07T12:19:30.2076698Z ##[warning]Codecov:
                        Failed to properly upload report: The process '/home/runner/work/_actions/codecov/codecov-action/v4/dist/codecov' failed with exit code 1
2025-11-07T12:19:30.2210079Z Post job cleanup.
2025-11-07T12:19:30.3151884Z [command]/usr/bin/git version
2025-11-07T12:19:30.3189379Z git version 2.51.2
2025-11-07T12:19:30.3227847Z Copying '/home/runner/.gitconfig' to '/home/runner/work/_temp/4c0ee644-9094-4885-9347-e88119e47344/.gitconfig'
2025-11-07T12:19:30.3244730Z Temporarily overriding HOME='/home/runner/work/_temp/4c0ee644-9094-4885-9347-e88119e47344' before making global git config changes
2025-11-07T12:19:30.3245984Z Adding repository directory to the temporary git global config as a safe directory
2025-11-07T12:19:30.3251631Z [command]/usr/bin/git config --global --add safe.directory /home/runner/work/requirements-driven-development/requirements-driven-development
2025-11-07T12:19:30.3286547Z [command]/usr/bin/git config --local --name-only --get-regexp core\.sshCommand
2025-11-07T12:19:30.3318238Z [command]/usr/bin/git submodule foreach --recursive sh -c "git config --local --name-only --get-regexp 'core\.sshCommand' && git config --local --unset-all 'core.sshCommand' || :"
2025-11-07T12:19:30.3552037Z [command]/usr/bin/git config --local --name-only --get-regexp http\.https\:\/\/github\.com\/\.extraheader
2025-11-07T12:19:30.3576797Z http.https://github.com/.extraheader
2025-11-07T12:19:30.3590724Z [command]/usr/bin/git config --local --unset-all http.https://github.com/.extraheader
2025-11-07T12:19:30.3625794Z [command]/usr/bin/git submodule foreach --recursive sh -c "git config --local --name-only --get-regexp 'http\.https\:\/\/github\.com\/\.extraheader' && git config --local --unset-all 'http.https://github.com/.extraheader' || :"
2025-11-07T12:19:30.3959514Z Cleaning up orphan processes
