2025-11-09T13:52:14.2588815Z Current runner version: '2.329.0'
2025-11-09T13:52:14.2614128Z ##[group]Runner Image Provisioner
2025-11-09T13:52:14.2614909Z Hosted Compute Agent
2025-11-09T13:52:14.2615401Z Version: 20251016.436
2025-11-09T13:52:14.2616119Z Commit: 8ab8ac8bfd662a3739dab9fe09456aba92132568
2025-11-09T13:52:14.2616792Z Build Date: 2025-10-15T20:44:12Z
2025-11-09T13:52:14.2617360Z ##[endgroup]
2025-11-09T13:52:14.2617956Z ##[group]Operating System
2025-11-09T13:52:14.2618510Z Ubuntu
2025-11-09T13:52:14.2618947Z 24.04.3
2025-11-09T13:52:14.2619462Z LTS
2025-11-09T13:52:14.2619881Z ##[endgroup]
2025-11-09T13:52:14.2620587Z ##[group]Runner Image
2025-11-09T13:52:14.2621298Z Image: ubuntu-24.04
2025-11-09T13:52:14.2621764Z Version: 20251102.99.1
2025-11-09T13:52:14.2622790Z Included Software: https://github.com/actions/runner-images/blob/ubuntu24/20251102.99/images/ubuntu/Ubuntu2404-Readme.md
2025-11-09T13:52:14.2624345Z Image Release: https://github.com/actions/runner-images/releases/tag/ubuntu24%2F20251102.99
2025-11-09T13:52:14.2625295Z ##[endgroup]
2025-11-09T13:52:14.2626419Z ##[group]GITHUB_TOKEN Permissions
2025-11-09T13:52:14.2628449Z Contents: read
2025-11-09T13:52:14.2629059Z Metadata: read
2025-11-09T13:52:14.2629544Z Packages: read
2025-11-09T13:52:14.2630029Z ##[endgroup]
2025-11-09T13:52:14.2632450Z Secret source: Actions
2025-11-09T13:52:14.2633525Z Prepare workflow directory
2025-11-09T13:52:14.3045156Z Prepare all required actions
2025-11-09T13:52:14.3098756Z Getting action download info
2025-11-09T13:52:14.6124888Z Download action repository 'actions/checkout@v4' (SHA:08eba0b27e820071cde6df949e0beb9ba4906955)
2025-11-09T13:52:14.7734006Z Download action repository 'actions/setup-python@v5' (SHA:a26af69be951a213d495a4c3e4e4022e16d87065)
2025-11-09T13:52:14.8559264Z Download action repository 'codecov/codecov-action@v4' (SHA:b9fd7d16f6d7d1b5d2bec1a2887e65ceed900238)
2025-11-09T13:52:15.2743988Z Complete job name: All Tests (Linux)
2025-11-09T13:52:15.3413207Z ##[group]Run actions/checkout@v4
2025-11-09T13:52:15.3414028Z with:
2025-11-09T13:52:15.3414487Z   repository: h111359/requirements-driven-development
2025-11-09T13:52:15.3415200Z   token: ***
2025-11-09T13:52:15.3415573Z   ssh-strict: true
2025-11-09T13:52:15.3415957Z   ssh-user: git
2025-11-09T13:52:15.3416342Z   persist-credentials: true
2025-11-09T13:52:15.3416782Z   clean: true
2025-11-09T13:52:15.3417171Z   sparse-checkout-cone-mode: true
2025-11-09T13:52:15.3417637Z   fetch-depth: 1
2025-11-09T13:52:15.3418008Z   fetch-tags: false
2025-11-09T13:52:15.3418402Z   show-progress: true
2025-11-09T13:52:15.3418778Z   lfs: false
2025-11-09T13:52:15.3419135Z   submodules: false
2025-11-09T13:52:15.3419522Z   set-safe-directory: true
2025-11-09T13:52:15.3420143Z ##[endgroup]
2025-11-09T13:52:15.4512032Z Syncing repository: h111359/requirements-driven-development
2025-11-09T13:52:15.4515062Z ##[group]Getting Git version info
2025-11-09T13:52:15.4516894Z Working directory is '/home/runner/work/requirements-driven-development/requirements-driven-development'
2025-11-09T13:52:15.4519110Z [command]/usr/bin/git version
2025-11-09T13:52:15.4575783Z git version 2.51.2
2025-11-09T13:52:15.4601970Z ##[endgroup]
2025-11-09T13:52:15.4615265Z Temporarily overriding HOME='/home/runner/work/_temp/0a94f471-491b-4886-a04a-290a61ebd526' before making global git config changes
2025-11-09T13:52:15.4616660Z Adding repository directory to the temporary git global config as a safe directory
2025-11-09T13:52:15.4620924Z [command]/usr/bin/git config --global --add safe.directory /home/runner/work/requirements-driven-development/requirements-driven-development
2025-11-09T13:52:15.4659209Z Deleting the contents of '/home/runner/work/requirements-driven-development/requirements-driven-development'
2025-11-09T13:52:15.4662455Z ##[group]Initializing the repository
2025-11-09T13:52:15.4668179Z [command]/usr/bin/git init /home/runner/work/requirements-driven-development/requirements-driven-development
2025-11-09T13:52:15.4762518Z hint: Using 'master' as the name for the initial branch. This default branch name
2025-11-09T13:52:15.4764076Z hint: is subject to change. To configure the initial branch name to use in all
2025-11-09T13:52:15.4765317Z hint: of your new repositories, which will suppress this warning, call:
2025-11-09T13:52:15.4766300Z hint:
2025-11-09T13:52:15.4767069Z hint: 	git config --global init.defaultBranch <name>
2025-11-09T13:52:15.4768117Z hint:
2025-11-09T13:52:15.4769122Z hint: Names commonly chosen instead of 'master' are 'main', 'trunk' and
2025-11-09T13:52:15.4771023Z hint: 'development'. The just-created branch can be renamed via this command:
2025-11-09T13:52:15.4772321Z hint:
2025-11-09T13:52:15.4773039Z hint: 	git branch -m <name>
2025-11-09T13:52:15.4773804Z hint:
2025-11-09T13:52:15.4774777Z hint: Disable this message with "git config set advice.defaultBranchName false"
2025-11-09T13:52:15.4777066Z Initialized empty Git repository in /home/runner/work/requirements-driven-development/requirements-driven-development/.git/
2025-11-09T13:52:15.4780786Z [command]/usr/bin/git remote add origin https://github.com/h111359/requirements-driven-development
2025-11-09T13:52:15.4813696Z ##[endgroup]
2025-11-09T13:52:15.4815074Z ##[group]Disabling automatic garbage collection
2025-11-09T13:52:15.4818786Z [command]/usr/bin/git config --local gc.auto 0
2025-11-09T13:52:15.4846707Z ##[endgroup]
2025-11-09T13:52:15.4847356Z ##[group]Setting up auth
2025-11-09T13:52:15.4853612Z [command]/usr/bin/git config --local --name-only --get-regexp core\.sshCommand
2025-11-09T13:52:15.4882706Z [command]/usr/bin/git submodule foreach --recursive sh -c "git config --local --name-only --get-regexp 'core\.sshCommand' && git config --local --unset-all 'core.sshCommand' || :"
2025-11-09T13:52:15.5453852Z [command]/usr/bin/git config --local --name-only --get-regexp http\.https\:\/\/github\.com\/\.extraheader
2025-11-09T13:52:15.5485439Z [command]/usr/bin/git submodule foreach --recursive sh -c "git config --local --name-only --get-regexp 'http\.https\:\/\/github\.com\/\.extraheader' && git config --local --unset-all 'http.https://github.com/.extraheader' || :"
2025-11-09T13:52:15.5704960Z [command]/usr/bin/git config --local http.https://github.com/.extraheader AUTHORIZATION: basic ***
2025-11-09T13:52:15.5746836Z ##[endgroup]
2025-11-09T13:52:15.5748075Z ##[group]Fetching the repository
2025-11-09T13:52:15.5756837Z [command]/usr/bin/git -c protocol.version=2 fetch --no-tags --prune --no-recurse-submodules --depth=1 origin +92567ce485cd5d4509e76d2c237bc66f156d899e:refs/remotes/pull/65/merge
2025-11-09T13:52:15.8879425Z From https://github.com/h111359/requirements-driven-development
2025-11-09T13:52:15.8881306Z  * [new ref]         92567ce485cd5d4509e76d2c237bc66f156d899e -> pull/65/merge
2025-11-09T13:52:15.8913704Z ##[endgroup]
2025-11-09T13:52:15.8915650Z ##[group]Determining the checkout info
2025-11-09T13:52:15.8917866Z ##[endgroup]
2025-11-09T13:52:15.8922213Z [command]/usr/bin/git sparse-checkout disable
2025-11-09T13:52:15.8963019Z [command]/usr/bin/git config --local --unset-all extensions.worktreeConfig
2025-11-09T13:52:15.8991374Z ##[group]Checking out the ref
2025-11-09T13:52:15.8994517Z [command]/usr/bin/git checkout --progress --force refs/remotes/pull/65/merge
2025-11-09T13:52:15.9140959Z Note: switching to 'refs/remotes/pull/65/merge'.
2025-11-09T13:52:15.9142339Z 
2025-11-09T13:52:15.9143170Z You are in 'detached HEAD' state. You can look around, make experimental
2025-11-09T13:52:15.9145665Z changes and commit them, and you can discard any commits you make in this
2025-11-09T13:52:15.9149330Z state without impacting any branches by switching back to a branch.
2025-11-09T13:52:15.9151958Z 
2025-11-09T13:52:15.9153006Z If you want to create a new branch to retain commits you create, you may
2025-11-09T13:52:15.9155606Z do so (now or later) by using -c with the switch command. Example:
2025-11-09T13:52:15.9157064Z 
2025-11-09T13:52:15.9157593Z   git switch -c <new-branch-name>
2025-11-09T13:52:15.9158548Z 
2025-11-09T13:52:15.9159089Z Or undo this operation with:
2025-11-09T13:52:15.9159968Z 
2025-11-09T13:52:15.9161046Z   git switch -
2025-11-09T13:52:15.9161725Z 
2025-11-09T13:52:15.9162503Z Turn off this advice by setting config variable advice.detachedHead to false
2025-11-09T13:52:15.9163626Z 
2025-11-09T13:52:15.9164966Z HEAD is now at 92567ce Merge fb0b959cf54a8e1db8959a572c076f9303421669 into b66d0d609f72506e8777f5b6ea0cd255fd4ecd77
2025-11-09T13:52:15.9170159Z ##[endgroup]
2025-11-09T13:52:15.9187909Z [command]/usr/bin/git log -1 --format=%H
2025-11-09T13:52:15.9209854Z 92567ce485cd5d4509e76d2c237bc66f156d899e
2025-11-09T13:52:15.9522874Z ##[group]Run actions/setup-python@v5
2025-11-09T13:52:15.9523971Z with:
2025-11-09T13:52:15.9524711Z   python-version: 3.9
2025-11-09T13:52:15.9525604Z   check-latest: false
2025-11-09T13:52:15.9526735Z   token: ***
2025-11-09T13:52:15.9527548Z   update-environment: true
2025-11-09T13:52:15.9528522Z   allow-prereleases: false
2025-11-09T13:52:15.9529491Z   freethreaded: false
2025-11-09T13:52:15.9530326Z ##[endgroup]
2025-11-09T13:52:16.1199366Z ##[group]Installed versions
2025-11-09T13:52:16.1300328Z Successfully set up CPython (3.9.24)
2025-11-09T13:52:16.1303051Z ##[endgroup]
2025-11-09T13:52:16.1445359Z ##[group]Run sudo apt-get update
2025-11-09T13:52:16.1446470Z [36;1msudo apt-get update[0m
2025-11-09T13:52:16.1447454Z [36;1msudo apt-get install -y bats[0m
2025-11-09T13:52:16.1493160Z shell: /usr/bin/bash -e {0}
2025-11-09T13:52:16.1494067Z env:
2025-11-09T13:52:16.1494982Z   pythonLocation: /opt/hostedtoolcache/Python/3.9.24/x64
2025-11-09T13:52:16.1496598Z   PKG_CONFIG_PATH: /opt/hostedtoolcache/Python/3.9.24/x64/lib/pkgconfig
2025-11-09T13:52:16.1498203Z   Python_ROOT_DIR: /opt/hostedtoolcache/Python/3.9.24/x64
2025-11-09T13:52:16.1499644Z   Python2_ROOT_DIR: /opt/hostedtoolcache/Python/3.9.24/x64
2025-11-09T13:52:16.1501333Z   Python3_ROOT_DIR: /opt/hostedtoolcache/Python/3.9.24/x64
2025-11-09T13:52:16.1502791Z   LD_LIBRARY_PATH: /opt/hostedtoolcache/Python/3.9.24/x64/lib
2025-11-09T13:52:16.1504003Z ##[endgroup]
2025-11-09T13:52:16.2309576Z Get:1 file:/etc/apt/apt-mirrors.txt Mirrorlist [144 B]
2025-11-09T13:52:16.2595388Z Get:6 https://packages.microsoft.com/repos/azure-cli noble InRelease [3564 B]
2025-11-09T13:52:16.2688681Z Hit:2 http://azure.archive.ubuntu.com/ubuntu noble InRelease
2025-11-09T13:52:16.2703785Z Get:7 https://packages.microsoft.com/ubuntu/24.04/prod noble InRelease [3600 B]
2025-11-09T13:52:16.2736465Z Get:3 http://azure.archive.ubuntu.com/ubuntu noble-updates InRelease [126 kB]
2025-11-09T13:52:16.2811938Z Get:4 http://azure.archive.ubuntu.com/ubuntu noble-backports InRelease [126 kB]
2025-11-09T13:52:16.2832194Z Get:5 http://azure.archive.ubuntu.com/ubuntu noble-security InRelease [126 kB]
2025-11-09T13:52:16.4064380Z Get:8 https://packages.microsoft.com/repos/azure-cli noble/main amd64 Packages [1700 B]
2025-11-09T13:52:16.4485649Z Get:9 https://packages.microsoft.com/ubuntu/24.04/prod noble/main armhf Packages [11.2 kB]
2025-11-09T13:52:16.4517611Z Get:10 https://packages.microsoft.com/ubuntu/24.04/prod noble/main arm64 Packages [49.9 kB]
2025-11-09T13:52:16.4554221Z Get:11 https://packages.microsoft.com/ubuntu/24.04/prod noble/main amd64 Packages [67.3 kB]
2025-11-09T13:52:16.4973012Z Get:12 http://azure.archive.ubuntu.com/ubuntu noble-updates/main amd64 Packages [1585 kB]
2025-11-09T13:52:16.5064174Z Get:13 http://azure.archive.ubuntu.com/ubuntu noble-updates/main Translation-en [299 kB]
2025-11-09T13:52:16.5086600Z Get:14 http://azure.archive.ubuntu.com/ubuntu noble-updates/main amd64 Components [175 kB]
2025-11-09T13:52:16.5107311Z Get:15 http://azure.archive.ubuntu.com/ubuntu noble-updates/main amd64 c-n-f Metadata [15.7 kB]
2025-11-09T13:52:16.5115509Z Get:16 http://azure.archive.ubuntu.com/ubuntu noble-updates/universe amd64 Packages [1498 kB]
2025-11-09T13:52:16.5207815Z Get:17 http://azure.archive.ubuntu.com/ubuntu noble-updates/universe amd64 Components [378 kB]
2025-11-09T13:52:16.5238914Z Get:18 http://azure.archive.ubuntu.com/ubuntu noble-updates/universe amd64 c-n-f Metadata [31.4 kB]
2025-11-09T13:52:16.5254856Z Get:19 http://azure.archive.ubuntu.com/ubuntu noble-updates/restricted amd64 Packages [2244 kB]
2025-11-09T13:52:16.5367553Z Get:20 http://azure.archive.ubuntu.com/ubuntu noble-updates/restricted Translation-en [509 kB]
2025-11-09T13:52:16.5396344Z Get:21 http://azure.archive.ubuntu.com/ubuntu noble-updates/restricted amd64 Components [212 B]
2025-11-09T13:52:16.5836866Z Get:22 http://azure.archive.ubuntu.com/ubuntu noble-updates/multiverse amd64 Components [940 B]
2025-11-09T13:52:16.5857291Z Get:23 http://azure.archive.ubuntu.com/ubuntu noble-backports/main amd64 Components [7140 B]
2025-11-09T13:52:16.5868291Z Get:24 http://azure.archive.ubuntu.com/ubuntu noble-backports/universe amd64 Components [11.0 kB]
2025-11-09T13:52:16.5877851Z Get:25 http://azure.archive.ubuntu.com/ubuntu noble-backports/restricted amd64 Components [216 B]
2025-11-09T13:52:16.5889039Z Get:26 http://azure.archive.ubuntu.com/ubuntu noble-backports/multiverse amd64 Components [212 B]
2025-11-09T13:52:16.6068322Z Get:27 http://azure.archive.ubuntu.com/ubuntu noble-security/main amd64 Packages [1305 kB]
2025-11-09T13:52:16.6140855Z Get:28 http://azure.archive.ubuntu.com/ubuntu noble-security/main Translation-en [215 kB]
2025-11-09T13:52:16.6161353Z Get:29 http://azure.archive.ubuntu.com/ubuntu noble-security/main amd64 Components [21.5 kB]
2025-11-09T13:52:16.6173152Z Get:30 http://azure.archive.ubuntu.com/ubuntu noble-security/main amd64 c-n-f Metadata [9336 B]
2025-11-09T13:52:16.6187048Z Get:31 http://azure.archive.ubuntu.com/ubuntu noble-security/universe amd64 Packages [906 kB]
2025-11-09T13:52:16.6234416Z Get:32 http://azure.archive.ubuntu.com/ubuntu noble-security/universe Translation-en [203 kB]
2025-11-09T13:52:16.6255566Z Get:33 http://azure.archive.ubuntu.com/ubuntu noble-security/universe amd64 Components [52.3 kB]
2025-11-09T13:52:16.6269030Z Get:34 http://azure.archive.ubuntu.com/ubuntu noble-security/universe amd64 c-n-f Metadata [19.4 kB]
2025-11-09T13:52:16.6285291Z Get:35 http://azure.archive.ubuntu.com/ubuntu noble-security/restricted amd64 Packages [2135 kB]
2025-11-09T13:52:16.6802531Z Get:36 http://azure.archive.ubuntu.com/ubuntu noble-security/restricted Translation-en [485 kB]
2025-11-09T13:52:16.6828984Z Get:37 http://azure.archive.ubuntu.com/ubuntu noble-security/restricted amd64 Components [212 B]
2025-11-09T13:52:16.6838806Z Get:38 http://azure.archive.ubuntu.com/ubuntu noble-security/multiverse amd64 Components [212 B]
2025-11-09T13:52:25.1262018Z Fetched 12.6 MB in 2s (8235 kB/s)
2025-11-09T13:52:25.8586385Z Reading package lists...
2025-11-09T13:52:25.8915662Z Reading package lists...
2025-11-09T13:52:26.0646705Z Building dependency tree...
2025-11-09T13:52:26.0654700Z Reading state information...
2025-11-09T13:52:26.2369124Z The following NEW packages will be installed:
2025-11-09T13:52:26.2375831Z   bats
2025-11-09T13:52:26.2552937Z 0 upgraded, 1 newly installed, 0 to remove and 22 not upgraded.
2025-11-09T13:52:26.2553809Z Need to get 45.5 kB of archives.
2025-11-09T13:52:26.2554349Z After this operation, 166 kB of additional disk space will be used.
2025-11-09T13:52:26.2554853Z Get:1 file:/etc/apt/apt-mirrors.txt Mirrorlist [144 B]
2025-11-09T13:52:26.3176154Z Get:2 http://azure.archive.ubuntu.com/ubuntu noble/universe amd64 bats all 1.10.0-1 [45.5 kB]
2025-11-09T13:52:26.6107700Z Fetched 45.5 kB in 0s (390 kB/s)
2025-11-09T13:52:26.6334569Z Selecting previously unselected package bats.
2025-11-09T13:52:26.6601403Z (Reading database ... 
2025-11-09T13:52:26.6601965Z (Reading database ... 5%
2025-11-09T13:52:26.6602465Z (Reading database ... 10%
2025-11-09T13:52:26.6602960Z (Reading database ... 15%
2025-11-09T13:52:26.6603463Z (Reading database ... 20%
2025-11-09T13:52:26.6604031Z (Reading database ... 25%
2025-11-09T13:52:26.6604565Z (Reading database ... 30%
2025-11-09T13:52:26.6605102Z (Reading database ... 35%
2025-11-09T13:52:26.6605649Z (Reading database ... 40%
2025-11-09T13:52:26.6606102Z (Reading database ... 45%
2025-11-09T13:52:26.6607156Z (Reading database ... 50%
2025-11-09T13:52:26.6681057Z (Reading database ... 55%
2025-11-09T13:52:26.9228578Z (Reading database ... 60%
2025-11-09T13:52:27.1274124Z (Reading database ... 65%
2025-11-09T13:52:27.3781814Z (Reading database ... 70%
2025-11-09T13:52:27.5321519Z (Reading database ... 75%
2025-11-09T13:52:27.7303140Z (Reading database ... 80%
2025-11-09T13:52:28.0284441Z (Reading database ... 85%
2025-11-09T13:52:28.1705557Z (Reading database ... 90%
2025-11-09T13:52:28.4334580Z (Reading database ... 95%
2025-11-09T13:52:28.4335131Z (Reading database ... 100%
2025-11-09T13:52:28.4335861Z (Reading database ... 215802 files and directories currently installed.)
2025-11-09T13:52:28.4380560Z Preparing to unpack .../archives/bats_1.10.0-1_all.deb ...
2025-11-09T13:52:28.4405812Z Unpacking bats (1.10.0-1) ...
2025-11-09T13:52:28.4859120Z Setting up bats (1.10.0-1) ...
2025-11-09T13:52:28.4890029Z Processing triggers for man-db (2.12.0-4build2) ...
2025-11-09T13:52:39.2834124Z 
2025-11-09T13:52:39.2835102Z Running kernel seems to be up-to-date.
2025-11-09T13:52:39.2835488Z 
2025-11-09T13:52:39.2835701Z No services need to be restarted.
2025-11-09T13:52:39.2835971Z 
2025-11-09T13:52:39.2836443Z No containers need to be restarted.
2025-11-09T13:52:39.2836784Z 
2025-11-09T13:52:39.2836973Z No user sessions are running outdated binaries.
2025-11-09T13:52:39.2837305Z 
2025-11-09T13:52:39.2837604Z No VM guests are running outdated hypervisor (qemu) binaries on this host.
2025-11-09T13:52:40.1413199Z ##[group]Run python scripts/setup-test-env.py
2025-11-09T13:52:40.1413785Z [36;1mpython scripts/setup-test-env.py[0m
2025-11-09T13:52:40.1455293Z shell: /usr/bin/bash -e {0}
2025-11-09T13:52:40.1455671Z env:
2025-11-09T13:52:40.1456079Z   pythonLocation: /opt/hostedtoolcache/Python/3.9.24/x64
2025-11-09T13:52:40.1456775Z   PKG_CONFIG_PATH: /opt/hostedtoolcache/Python/3.9.24/x64/lib/pkgconfig
2025-11-09T13:52:40.1457417Z   Python_ROOT_DIR: /opt/hostedtoolcache/Python/3.9.24/x64
2025-11-09T13:52:40.1457962Z   Python2_ROOT_DIR: /opt/hostedtoolcache/Python/3.9.24/x64
2025-11-09T13:52:40.1458515Z   Python3_ROOT_DIR: /opt/hostedtoolcache/Python/3.9.24/x64
2025-11-09T13:52:40.1459135Z   LD_LIBRARY_PATH: /opt/hostedtoolcache/Python/3.9.24/x64/lib
2025-11-09T13:52:40.1459639Z ##[endgroup]
2025-11-09T13:52:49.0662902Z 
2025-11-09T13:52:49.0663403Z ============================================================
2025-11-09T13:52:49.0664066Z   RDD Test Environment Setup
2025-11-09T13:52:49.0664701Z ============================================================
2025-11-09T13:52:49.0665087Z 
2025-11-09T13:52:49.0665615Z ✓ Python 3.9.24 detected
2025-11-09T13:52:49.0665920Z 
2025-11-09T13:52:49.0666657Z Repository root: /home/runner/work/requirements-driven-development/requirements-driven-development
2025-11-09T13:52:49.0668457Z Virtual environment: /home/runner/work/requirements-driven-development/requirements-driven-development/.venv
2025-11-09T13:52:49.0669832Z Requirements file: /home/runner/work/requirements-driven-development/requirements-driven-development/tests/requirements.txt
2025-11-09T13:52:49.0670936Z 
2025-11-09T13:52:49.0671812Z ℹ Creating virtual environment at /home/runner/work/requirements-driven-development/requirements-driven-development/.venv...
2025-11-09T13:52:49.0672797Z ✓ Virtual environment created
2025-11-09T13:52:49.0673188Z ℹ Upgrading pip...
2025-11-09T13:52:49.0673514Z ✓ pip upgraded
2025-11-09T13:52:49.0673895Z ℹ Installing/updating test dependencies...
2025-11-09T13:52:49.0674368Z ✓ Test dependencies installed/updated
2025-11-09T13:52:49.0674583Z 
2025-11-09T13:52:49.0674687Z ============================================================
2025-11-09T13:52:49.0675028Z Setup completed successfully!
2025-11-09T13:52:49.0675312Z ============================================================
2025-11-09T13:52:49.0675536Z 
2025-11-09T13:52:49.0675649Z To activate the virtual environment:
2025-11-09T13:52:49.0676317Z   source /home/runner/work/requirements-driven-development/requirements-driven-development/.venv/bin/activate
2025-11-09T13:52:49.0676884Z 
2025-11-09T13:52:49.0676971Z To run tests:
2025-11-09T13:52:49.0677589Z   pytest tests/python/
2025-11-09T13:52:49.0677746Z 
2025-11-09T13:52:49.0677834Z To deactivate:
2025-11-09T13:52:49.0678052Z   deactivate
2025-11-09T13:52:49.0678176Z 
2025-11-09T13:52:49.0753270Z ##[group]Run python scripts/run-tests.py
2025-11-09T13:52:49.0753630Z [36;1mpython scripts/run-tests.py[0m
2025-11-09T13:52:49.0787085Z shell: /usr/bin/bash -e {0}
2025-11-09T13:52:49.0787336Z env:
2025-11-09T13:52:49.0787596Z   pythonLocation: /opt/hostedtoolcache/Python/3.9.24/x64
2025-11-09T13:52:49.0788040Z   PKG_CONFIG_PATH: /opt/hostedtoolcache/Python/3.9.24/x64/lib/pkgconfig
2025-11-09T13:52:49.0788455Z   Python_ROOT_DIR: /opt/hostedtoolcache/Python/3.9.24/x64
2025-11-09T13:52:49.0788835Z   Python2_ROOT_DIR: /opt/hostedtoolcache/Python/3.9.24/x64
2025-11-09T13:52:49.0789212Z   Python3_ROOT_DIR: /opt/hostedtoolcache/Python/3.9.24/x64
2025-11-09T13:52:49.0789581Z   LD_LIBRARY_PATH: /opt/hostedtoolcache/Python/3.9.24/x64/lib
2025-11-09T13:52:49.0789902Z ##[endgroup]
2025-11-09T13:52:49.7580038Z ============================= test session starts ==============================
2025-11-09T13:52:49.7581759Z platform linux -- Python 3.9.24, pytest-8.4.2, pluggy-1.6.0 -- /home/runner/work/requirements-driven-development/requirements-driven-development/.venv/bin/python
2025-11-09T13:52:49.7582963Z cachedir: .pytest_cache
2025-11-09T13:52:49.7583710Z rootdir: /home/runner/work/requirements-driven-development/requirements-driven-development
2025-11-09T13:52:49.7584651Z plugins: timeout-2.4.0, cov-7.0.0, xdist-3.8.0, mock-3.15.1
2025-11-09T13:52:49.8439329Z collecting ... collected 49 items
2025-11-09T13:52:49.8439721Z 
2025-11-09T13:52:49.8747577Z tests/python/test_integration.py::TestChangeWorkflow::test_fix_branch_workflow PASSED [  2%]
2025-11-09T13:52:49.8995468Z tests/python/test_integration.py::TestRequirementsManagement::test_requirements_changes_format PASSED [  4%]
2025-11-09T13:52:49.9252720Z tests/python/test_integration.py::TestWorkspaceArchiving::test_workspace_backup_creation PASSED [  6%]
2025-11-09T13:52:49.9553191Z tests/python/test_integration.py::TestGitIntegration::test_branch_creation_and_switching PASSED [  8%]
2025-11-09T13:52:49.9828927Z tests/python/test_integration.py::TestGitIntegration::test_uncommitted_changes_detection PASSED [ 10%]
2025-11-09T13:52:50.0211901Z tests/python/test_integration.py::TestConfigManagement::test_config_read_write_cycle PASSED [ 12%]
2025-11-09T13:52:50.0524401Z tests/python/test_integration.py::TestConfigManagement::test_config_default_branch PASSED [ 14%]
2025-11-09T13:52:50.0543608Z tests/python/test_rdd_main.py::TestCLIHelp::test_version_command PASSED  [ 16%]
2025-11-09T13:52:50.0556899Z tests/python/test_rdd_main.py::TestCLIHelp::test_help_command PASSED     [ 18%]
2025-11-09T13:52:50.0572415Z tests/python/test_rdd_main.py::TestDomainRouting::test_config_show_routing PASSED [ 20%]
2025-11-09T13:52:50.0592036Z tests/python/test_rdd_main.py::TestDomainRouting::test_workspace_init_routing PASSED [ 22%]
2025-11-09T13:52:50.0724209Z tests/python/test_rdd_main.py::TestChangeCommands::test_change_create_requires_default_branch PASSED [ 24%]
2025-11-09T13:52:50.0738959Z tests/python/test_rdd_main.py::TestMenuInteraction::test_curses_menu_selection PASSED [ 26%]
2025-11-09T13:52:50.0751806Z tests/python/test_rdd_main.py::TestValidationCommands::test_check_repo_valid PASSED [ 28%]
2025-11-09T13:52:50.0768263Z tests/python/test_rdd_main.py::TestErrorHandling::test_no_command_shows_help PASSED [ 30%]
2025-11-09T13:52:50.0779730Z tests/python/test_rdd_main.py::TestErrorHandling::test_invalid_domain_error PASSED [ 32%]
2025-11-09T13:52:50.0794574Z tests/python/test_rdd_main.py::TestErrorHandling::test_invalid_action_error PASSED [ 34%]
2025-11-09T13:52:50.0805821Z tests/python/test_rdd_utils.py::TestOutputFunctions::test_print_success PASSED [ 36%]
2025-11-09T13:52:50.0817088Z tests/python/test_rdd_utils.py::TestOutputFunctions::test_print_error PASSED [ 38%]
2025-11-09T13:52:50.0829310Z tests/python/test_rdd_utils.py::TestOutputFunctions::test_print_warning PASSED [ 40%]
2025-11-09T13:52:50.0839949Z tests/python/test_rdd_utils.py::TestOutputFunctions::test_print_info PASSED [ 42%]
2025-11-09T13:52:50.0852472Z tests/python/test_rdd_utils.py::TestValidationFunctions::test_validate_name_valid PASSED [ 44%]
2025-11-09T13:52:50.0862108Z tests/python/test_rdd_utils.py::TestValidationFunctions::test_validate_name_with_spaces PASSED [ 46%]
2025-11-09T13:52:50.0871760Z tests/python/test_rdd_utils.py::TestValidationFunctions::test_validate_name_with_special_chars PASSED [ 48%]
2025-11-09T13:52:50.0882088Z tests/python/test_rdd_utils.py::TestValidationFunctions::test_validate_name_empty PASSED [ 51%]
2025-11-09T13:52:50.0892956Z tests/python/test_rdd_utils.py::TestValidationFunctions::test_normalize_to_kebab_case PASSED [ 53%]
2025-11-09T13:52:50.0907287Z tests/python/test_rdd_utils.py::TestValidationFunctions::test_validate_file_exists PASSED [ 55%]
2025-11-09T13:52:50.0919690Z tests/python/test_rdd_utils.py::TestValidationFunctions::test_validate_dir_exists PASSED [ 57%]
2025-11-09T13:52:50.0937056Z tests/python/test_rdd_utils.py::TestGitFunctions::test_check_git_repo_valid PASSED [ 59%]
2025-11-09T13:52:50.0952379Z tests/python/test_rdd_utils.py::TestGitFunctions::test_check_git_repo_invalid PASSED [ 61%]
2025-11-09T13:52:50.0965775Z tests/python/test_rdd_utils.py::TestGitFunctions::test_get_current_branch PASSED [ 63%]
2025-11-09T13:52:50.1233314Z tests/python/test_rdd_utils.py::TestGitFunctions::test_get_default_branch_from_config PASSED [ 65%]
2025-11-09T13:52:50.1246033Z tests/python/test_rdd_utils.py::TestGitFunctions::test_get_branch_type_fix PASSED [ 67%]
2025-11-09T13:52:50.1263422Z tests/python/test_rdd_utils.py::TestGitFunctions::test_get_branch_type_enh PASSED [ 69%]
2025-11-09T13:52:50.1275262Z tests/python/test_rdd_utils.py::TestGitFunctions::test_get_branch_type_main PASSED [ 71%]
2025-11-09T13:52:50.1288410Z tests/python/test_rdd_utils.py::TestGitFunctions::test_is_enh_or_fix_branch PASSED [ 73%]
2025-11-09T13:52:50.1297578Z tests/python/test_rdd_utils.py::TestTimestampFunctions::test_get_timestamp_format PASSED [ 75%]
2025-11-09T13:52:50.1306634Z tests/python/test_rdd_utils.py::TestTimestampFunctions::test_get_timestamp_filename_format PASSED [ 77%]
2025-11-09T13:52:50.1584655Z tests/python/test_rdd_utils.py::TestConfigFunctions::test_get_rdd_config_existing_key PASSED [ 79%]
2025-11-09T13:52:50.1861997Z tests/python/test_rdd_utils.py::TestConfigFunctions::test_get_rdd_config_missing_key_with_default PASSED [ 81%]
2025-11-09T13:52:50.2139515Z tests/python/test_rdd_utils.py::TestConfigFunctions::test_set_rdd_config PASSED [ 83%]
2025-11-09T13:52:50.2414240Z tests/python/test_rdd_utils.py::TestConfigFunctions::test_get_rdd_config_path PASSED [ 85%]
2025-11-09T13:52:50.2428560Z tests/python/test_rdd_utils.py::TestWorkspaceUtilities::test_ensure_dir_creates_directory PASSED [ 87%]
2025-11-09T13:52:50.2440352Z tests/python/test_rdd_utils.py::TestWorkspaceUtilities::test_ensure_dir_existing_directory PASSED [ 89%]
2025-11-09T13:52:50.2684532Z tests/python/test_rdd_utils.py::TestPromptFunctions::test_mark_prompt_completed PASSED [ 91%]
2025-11-09T13:52:50.2699128Z tests/python/test_rdd_utils.py::TestConfirmAction::test_confirm_action_yes PASSED [ 93%]
2025-11-09T13:52:50.2711603Z tests/python/test_rdd_utils.py::TestConfirmAction::test_confirm_action_no PASSED [ 95%]
2025-11-09T13:52:50.2724847Z tests/python/test_rdd_utils.py::TestConfirmAction::test_confirm_action_yes_full PASSED [ 97%]
2025-11-09T13:52:50.3002673Z tests/python/test_rdd_utils.py::TestConfirmAction::test_confirm_action_invalid PASSED [100%]
2025-11-09T13:52:50.3003288Z 
2025-11-09T13:52:50.3003481Z ============================== 49 passed in 0.53s ==============================
2025-11-09T13:52:50.5240848Z ============================= test session starts ==============================
2025-11-09T13:52:50.5242215Z platform linux -- Python 3.9.24, pytest-8.4.2, pluggy-1.6.0 -- /home/runner/work/requirements-driven-development/requirements-driven-development/.venv/bin/python
2025-11-09T13:52:50.5243383Z cachedir: .pytest_cache
2025-11-09T13:52:50.5244361Z rootdir: /home/runner/work/requirements-driven-development/requirements-driven-development
2025-11-09T13:52:50.5245412Z plugins: timeout-2.4.0, cov-7.0.0, xdist-3.8.0, mock-3.15.1
2025-11-09T13:52:50.5542401Z collecting ... collected 14 items
2025-11-09T13:52:50.5542744Z 
2025-11-09T13:52:50.5580779Z tests/build/test_build.py::TestVersionExtraction::test_read_version_from_config PASSED [  7%]
2025-11-09T13:52:50.5623436Z tests/build/test_build.py::TestBuildDirCreation::test_create_build_dir PASSED [ 14%]
2025-11-09T13:52:50.5669311Z tests/build/test_build.py::TestFileCopying::test_copy_prompts PASSED     [ 21%]
2025-11-09T13:52:50.5714967Z tests/build/test_build.py::TestFileCopying::test_copy_scripts PASSED     [ 28%]
2025-11-09T13:52:50.5758857Z tests/build/test_build.py::TestFileCopying::test_copy_templates PASSED   [ 35%]
2025-11-09T13:52:50.5802700Z tests/build/test_build.py::TestFileCopying::test_copy_vscode_settings PASSED [ 42%]
2025-11-09T13:52:50.5852196Z tests/build/test_build.py::TestFileCopying::test_copy_rdd_docs_seeds PASSED [ 50%]
2025-11-09T13:52:50.5897855Z tests/build/test_build.py::TestFileCopying::test_copy_rdd_launcher_scripts PASSED [ 57%]
2025-11-09T13:52:50.5942053Z tests/build/test_build.py::TestTemplateGeneration::test_generate_readme PASSED [ 64%]
2025-11-09T13:52:50.5985613Z tests/build/test_build.py::TestTemplateGeneration::test_generate_installer PASSED [ 71%]
2025-11-09T13:52:50.6041894Z tests/build/test_build.py::TestArchiveCreation::test_create_archive PASSED [ 78%]
2025-11-09T13:52:50.6092275Z tests/build/test_build.py::TestChecksumGeneration::test_generate_checksum PASSED [ 85%]
2025-11-09T13:52:50.6103051Z tests/build/test_build.py::TestOutputFunctions::test_print_success PASSED [ 92%]
2025-11-09T13:52:50.6334220Z tests/build/test_build.py::TestOutputFunctions::test_print_error PASSED  [100%]
2025-11-09T13:52:50.6334745Z 
2025-11-09T13:52:50.6334937Z ============================== 14 passed in 0.10s ==============================
2025-11-09T13:52:50.8538861Z ============================= test session starts ==============================
2025-11-09T13:52:50.8540019Z platform linux -- Python 3.9.24, pytest-8.4.2, pluggy-1.6.0 -- /home/runner/work/requirements-driven-development/requirements-driven-development/.venv/bin/python
2025-11-09T13:52:50.8541271Z cachedir: .pytest_cache
2025-11-09T13:52:50.8541863Z rootdir: /home/runner/work/requirements-driven-development/requirements-driven-development
2025-11-09T13:52:50.8542597Z plugins: timeout-2.4.0, cov-7.0.0, xdist-3.8.0, mock-3.15.1
2025-11-09T13:52:51.0939669Z collecting ... collected 24 items
2025-11-09T13:52:51.0939975Z 
2025-11-09T13:52:51.0950344Z tests/install/test_install.py::TestPreFlightChecks::test_check_python_version_success PASSED [  4%]
2025-11-09T13:52:51.0963137Z tests/install/test_install.py::TestPreFlightChecks::test_check_git_installed_success PASSED [  8%]
2025-11-09T13:52:51.0975373Z tests/install/test_install.py::TestPreFlightChecks::test_check_git_installed_failure PASSED [ 12%]
2025-11-09T13:52:51.1237112Z tests/install/test_install.py::TestPreFlightChecks::test_check_git_repo_valid PASSED [ 16%]
2025-11-09T13:52:51.1249754Z tests/install/test_install.py::TestPreFlightChecks::test_check_git_repo_invalid PASSED [ 20%]
2025-11-09T13:52:51.1491660Z tests/install/test_install.py::TestExistingInstallationDetection::test_detect_existing_installation_none PASSED [ 25%]
2025-11-09T13:52:51.1737176Z tests/install/test_install.py::TestExistingInstallationDetection::test_detect_existing_installation_found PASSED [ 29%]
2025-11-09T13:52:51.2005310Z tests/install/test_install.py::TestFileOperations::test_copy_prompts PASSED [ 33%]
2025-11-09T13:52:51.2273070Z tests/install/test_install.py::TestFileOperations::test_copy_framework PASSED [ 37%]
2025-11-09T13:52:51.2543668Z tests/install/test_install.py::TestFileOperations::test_copy_seed_templates PASSED [ 41%]
2025-11-09T13:52:51.2823409Z tests/install/test_install.py::TestLauncherScriptInstallation::test_install_launcher_windows PASSED [ 45%]
2025-11-09T13:52:51.3092455Z tests/install/test_install.py::TestLauncherScriptInstallation::test_install_launcher_linux PASSED [ 50%]
2025-11-09T13:52:51.3358518Z tests/install/test_install.py::TestLauncherScriptInstallation::test_launcher_executable_permissions_unix PASSED [ 54%]
2025-11-09T13:52:51.3601887Z tests/install/test_install.py::TestSettingsMerge::test_merge_settings_empty_target PASSED [ 58%]
2025-11-09T13:52:51.3610166Z tests/install/test_install.py::TestSettingsMerge::test_merge_settings_existing_values PASSED [ 62%]
2025-11-09T13:52:51.3618385Z tests/install/test_install.py::TestSettingsMerge::test_merge_settings_object_merge PASSED [ 66%]
2025-11-09T13:52:51.3863740Z tests/install/test_install.py::TestGitignoreUpdate::test_update_gitignore_new_file PASSED [ 70%]
2025-11-09T13:52:51.4109496Z tests/install/test_install.py::TestGitignoreUpdate::test_update_gitignore_existing_file PASSED [ 75%]
2025-11-09T13:52:51.4353425Z tests/install/test_install.py::TestGitignoreUpdate::test_update_gitignore_already_present PASSED [ 79%]
2025-11-09T13:52:51.4777456Z tests/install/test_install.py::TestVerification::test_verify_installation_success PASSED [ 83%]
2025-11-09T13:52:51.5023688Z tests/install/test_install.py::TestVerification::test_verify_installation_missing_files PASSED [ 87%]
2025-11-09T13:52:51.5035501Z tests/install/test_install.py::TestOutputFunctions::test_print_banner PASSED [ 91%]
2025-11-09T13:52:51.5045896Z tests/install/test_install.py::TestOutputFunctions::test_print_success PASSED [ 95%]
2025-11-09T13:52:51.5318828Z tests/install/test_install.py::TestOutputFunctions::test_print_error PASSED [100%]
2025-11-09T13:52:51.5319475Z 
2025-11-09T13:52:51.5319631Z ============================== 24 passed in 0.66s ==============================
2025-11-09T13:52:51.5608258Z 
2025-11-09T13:52:51.5608699Z ============================================================
2025-11-09T13:52:51.5609331Z   RDD Framework Test Runner (Linux/macOS)
2025-11-09T13:52:51.5609911Z ============================================================
2025-11-09T13:52:51.5610330Z 
2025-11-09T13:52:51.5611444Z [0;34mℹ[0m Checking prerequisites...
2025-11-09T13:52:51.5612054Z [0;32m✓[0m Python found: 3.9.24
2025-11-09T13:52:51.5612562Z [0;32m✓[0m Virtual environment found
2025-11-09T13:52:51.5613069Z [0;32m✓[0m pytest 8.4.2
2025-11-09T13:52:51.5613315Z 
2025-11-09T13:52:51.5613322Z 
2025-11-09T13:52:51.5613484Z ============================================================
2025-11-09T13:52:51.5613952Z   Running Tests
2025-11-09T13:52:51.5614299Z ============================================================
2025-11-09T13:52:51.5614621Z 
2025-11-09T13:52:51.5614867Z [0;34m[1/3][0m Running Python unit tests
2025-11-09T13:52:51.5615407Z [0;32m✓[0m Python unit tests passed
2025-11-09T13:52:51.5615734Z 
2025-11-09T13:52:51.5615953Z [0;34m[2/3][0m Running build tests
2025-11-09T13:52:51.5616426Z [0;32m✓[0m Build tests passed
2025-11-09T13:52:51.5616757Z 
2025-11-09T13:52:51.5617017Z [0;34m[3/3][0m Running install tests
2025-11-09T13:52:51.5617639Z [0;32m✓[0m Install tests passed
2025-11-09T13:52:51.5617941Z 
2025-11-09T13:52:51.5617949Z 
2025-11-09T13:52:51.5618120Z ============================================================
2025-11-09T13:52:51.5618613Z   Test Summary
2025-11-09T13:52:51.5618972Z ============================================================
2025-11-09T13:52:51.5619296Z 
2025-11-09T13:52:51.5619455Z Total test suites: 3
2025-11-09T13:52:51.5619882Z [0;32mPassed: 3[0m
2025-11-09T13:52:51.5620110Z 
2025-11-09T13:52:51.5620322Z [0;32m✓[0m All tests passed!
2025-11-09T13:52:51.5691536Z ##[group]Run source .venv/bin/activate
2025-11-09T13:52:51.5691865Z [36;1msource .venv/bin/activate[0m
2025-11-09T13:52:51.5692328Z [36;1mpytest tests/python/ --cov=.rdd/scripts --cov=scripts --cov-report=xml --cov-report=term[0m
2025-11-09T13:52:51.5726193Z shell: /usr/bin/bash -e {0}
2025-11-09T13:52:51.5726418Z env:
2025-11-09T13:52:51.5726669Z   pythonLocation: /opt/hostedtoolcache/Python/3.9.24/x64
2025-11-09T13:52:51.5727235Z   PKG_CONFIG_PATH: /opt/hostedtoolcache/Python/3.9.24/x64/lib/pkgconfig
2025-11-09T13:52:51.5727653Z   Python_ROOT_DIR: /opt/hostedtoolcache/Python/3.9.24/x64
2025-11-09T13:52:51.5728034Z   Python2_ROOT_DIR: /opt/hostedtoolcache/Python/3.9.24/x64
2025-11-09T13:52:51.5728402Z   Python3_ROOT_DIR: /opt/hostedtoolcache/Python/3.9.24/x64
2025-11-09T13:52:51.5728781Z   LD_LIBRARY_PATH: /opt/hostedtoolcache/Python/3.9.24/x64/lib
2025-11-09T13:52:51.5729088Z ##[endgroup]
2025-11-09T13:52:51.9827672Z ============================= test session starts ==============================
2025-11-09T13:52:51.9828313Z platform linux -- Python 3.9.24, pytest-8.4.2, pluggy-1.6.0
2025-11-09T13:52:51.9829107Z rootdir: /home/runner/work/requirements-driven-development/requirements-driven-development
2025-11-09T13:52:51.9829964Z plugins: timeout-2.4.0, cov-7.0.0, xdist-3.8.0, mock-3.15.1
2025-11-09T13:52:51.9830662Z collected 49 items
2025-11-09T13:52:51.9830887Z 
2025-11-09T13:52:52.2040957Z tests/python/test_integration.py .......                                 [ 14%]
2025-11-09T13:52:52.2310215Z tests/python/test_rdd_main.py ..........                                 [ 34%]
2025-11-09T13:52:52.9297438Z tests/python/test_rdd_utils.py ................................          [100%]
2025-11-09T13:52:52.9298278Z 
2025-11-09T13:52:52.9298593Z ================================ tests coverage ================================
2025-11-09T13:52:52.9299353Z _______________ coverage: platform linux, python 3.9.24-final-0 ________________
2025-11-09T13:52:52.9299825Z 
2025-11-09T13:52:52.9300027Z Name                        Stmts   Miss  Cover
2025-11-09T13:52:52.9300910Z -----------------------------------------------
2025-11-09T13:52:52.9301453Z .rdd/scripts/rdd.py          1144    979    14%
2025-11-09T13:52:52.9301977Z .rdd/scripts/rdd_utils.py     658    456    31%
2025-11-09T13:52:52.9302474Z scripts/build.py              357    357     0%
2025-11-09T13:52:52.9302961Z scripts/install.py            348    348     0%
2025-11-09T13:52:52.9303471Z scripts/run-tests.py          126    126     0%
2025-11-09T13:52:52.9303967Z scripts/setup-test-env.py     116    116     0%
2025-11-09T13:52:52.9304449Z -----------------------------------------------
2025-11-09T13:52:52.9304903Z TOTAL                        2749   2382    13%
2025-11-09T13:52:52.9305382Z Coverage XML written to file coverage.xml
2025-11-09T13:52:52.9305901Z ============================== 49 passed in 0.95s ==============================
2025-11-09T13:52:52.9746654Z ##[group]Run codecov/codecov-action@v4
2025-11-09T13:52:52.9746926Z with:
2025-11-09T13:52:52.9747105Z   file: ./coverage.xml
2025-11-09T13:52:52.9747298Z   flags: python
2025-11-09T13:52:52.9747488Z   name: python-coverage
2025-11-09T13:52:52.9747681Z env:
2025-11-09T13:52:52.9747916Z   pythonLocation: /opt/hostedtoolcache/Python/3.9.24/x64
2025-11-09T13:52:52.9748330Z   PKG_CONFIG_PATH: /opt/hostedtoolcache/Python/3.9.24/x64/lib/pkgconfig
2025-11-09T13:52:52.9748727Z   Python_ROOT_DIR: /opt/hostedtoolcache/Python/3.9.24/x64
2025-11-09T13:52:52.9749087Z   Python2_ROOT_DIR: /opt/hostedtoolcache/Python/3.9.24/x64
2025-11-09T13:52:52.9749422Z   Python3_ROOT_DIR: /opt/hostedtoolcache/Python/3.9.24/x64
2025-11-09T13:52:52.9749766Z   LD_LIBRARY_PATH: /opt/hostedtoolcache/Python/3.9.24/x64/lib
2025-11-09T13:52:52.9750055Z ##[endgroup]
2025-11-09T13:52:53.0604103Z eventName: pull_request
2025-11-09T13:52:53.0606049Z baseRef: h111359:dev | headRef: h111359:feature-20251109-1246-installation-improvements
2025-11-09T13:52:53.0613987Z ==> linux OS detected
2025-11-09T13:52:53.7055620Z https://cli.codecov.io/latest/linux/codecov.SHA256SUM
2025-11-09T13:52:53.9715831Z gpg: directory '/home/runner/.gnupg' created
2025-11-09T13:52:53.9720826Z gpg: keybox '/home/runner/.gnupg/pubring.kbx' created
2025-11-09T13:52:53.9742677Z gpg: /home/runner/.gnupg/trustdb.gpg: trustdb created
2025-11-09T13:52:53.9743602Z gpg: key 806BB28AED779869: public key "Codecov Uploader (Codecov Uploader Verification Key) <security@codecov.io>" imported
2025-11-09T13:52:53.9876654Z gpg: Total number processed: 1
2025-11-09T13:52:53.9877146Z gpg:               imported: 1
2025-11-09T13:52:53.9925516Z gpg: Signature made Thu Oct 23 15:06:21 2025 UTC
2025-11-09T13:52:53.9926003Z gpg:                using RSA key 27034E7FDB850E0BBC2C62FF806BB28AED779869
2025-11-09T13:52:53.9928647Z gpg: Good signature from "Codecov Uploader (Codecov Uploader Verification Key) <security@codecov.io>" [unknown]
2025-11-09T13:52:53.9929299Z gpg: WARNING: This key is not certified with a trusted signature!
2025-11-09T13:52:53.9929739Z gpg:          There is no indication that the signature belongs to the owner.
2025-11-09T13:52:53.9930218Z Primary key fingerprint: 2703 4E7F DB85 0E0B BC2C  62FF 806B B28A ED77 9869
2025-11-09T13:52:54.0163380Z ==> Uploader SHASUM verified (3e4d282fe243aa7283b17016ff65ab2806c262f16abb41125f0caeea380dfe77  codecov)
2025-11-09T13:52:54.0164368Z ==> Running version latest
2025-11-09T13:52:54.1113847Z Could not pull latest version information: SyntaxError: Unexpected token '<', "<!DOCTYPE "... is not valid JSON
2025-11-09T13:52:54.1115953Z ==> Running git config --global --add safe.directory /home/runner/work/requirements-driven-development/requirements-driven-development
2025-11-09T13:52:54.1210054Z [command]/usr/bin/git config --global --add safe.directory /home/runner/work/requirements-driven-development/requirements-driven-development
2025-11-09T13:52:54.1261143Z ==> Running command '/home/runner/work/_actions/codecov/codecov-action/v4/dist/codecov create-commit'
2025-11-09T13:52:54.1264081Z [command]/home/runner/work/_actions/codecov/codecov-action/v4/dist/codecov create-commit --git-service github -C fb0b959cf54a8e1db8959a572c076f9303421669
2025-11-09T13:52:54.4729120Z info - 2025-11-09 13:52:54,472 -- ci service found: github-actions
2025-11-09T13:52:54.4819263Z warning - 2025-11-09 13:52:54,481 -- No config file could be found. Ignoring config.
2025-11-09T13:52:54.5117415Z warning - 2025-11-09 13:52:54,511 -- Branch `feature-20251109-1246-installation-improvements` is protected but no token was provided
2025-11-09T13:52:54.5118522Z warning - 2025-11-09 13:52:54,511 -- For information on Codecov upload tokens, see https://docs.codecov.com/docs/codecov-tokens
2025-11-09T13:52:54.6895053Z info - 2025-11-09 13:52:54,689 -- Process Commit creating complete
2025-11-09T13:52:54.6896123Z error - 2025-11-09 13:52:54,689 -- Commit creating failed: {"message":"Token required - not valid tokenless upload"}
2025-11-09T13:52:54.7950163Z Sentry is attempting to send 3 pending events
2025-11-09T13:52:54.7951072Z Waiting up to 2 seconds
2025-11-09T13:52:54.7951427Z Press Ctrl-C to quit
2025-11-09T13:52:54.9401797Z ==> Running command '/home/runner/work/_actions/codecov/codecov-action/v4/dist/codecov create-report'
2025-11-09T13:52:54.9404042Z [command]/home/runner/work/_actions/codecov/codecov-action/v4/dist/codecov create-report --git-service github -C fb0b959cf54a8e1db8959a572c076f9303421669
2025-11-09T13:52:55.2868098Z info - 2025-11-09 13:52:55,286 -- ci service found: github-actions
2025-11-09T13:52:55.2963438Z warning - 2025-11-09 13:52:55,295 -- No config file could be found. Ignoring config.
2025-11-09T13:52:55.4980920Z info - 2025-11-09 13:52:55,497 -- Process Report creating complete
2025-11-09T13:52:55.4988468Z error - 2025-11-09 13:52:55,498 -- Report creating failed: {"message":"Token required - not valid tokenless upload"}
2025-11-09T13:52:55.6040002Z Sentry is attempting to send 2 pending events
2025-11-09T13:52:55.6041039Z Waiting up to 2 seconds
2025-11-09T13:52:55.6041527Z Press Ctrl-C to quit
2025-11-09T13:52:55.6733735Z ==> Running command '/home/runner/work/_actions/codecov/codecov-action/v4/dist/codecov do-upload'
2025-11-09T13:52:55.6736573Z [command]/home/runner/work/_actions/codecov/codecov-action/v4/dist/codecov do-upload -f ./coverage.xml -F python --git-service github -n python-coverage -C fb0b959cf54a8e1db8959a572c076f9303421669
2025-11-09T13:52:56.0193187Z info - 2025-11-09 13:52:56,018 -- ci service found: github-actions
2025-11-09T13:52:56.0286292Z warning - 2025-11-09 13:52:56,028 -- No config file could be found. Ignoring config.
2025-11-09T13:52:56.0604128Z warning - 2025-11-09 13:52:56,060 -- xcrun is not installed or can't be found.
2025-11-09T13:52:56.1098376Z warning - 2025-11-09 13:52:56,109 -- No gcov data found.
2025-11-09T13:52:56.1101501Z warning - 2025-11-09 13:52:56,109 -- coverage.py is not installed or can't be found.
2025-11-09T13:52:56.1754046Z info - 2025-11-09 13:52:56,175 -- Found 1 coverage files to report
2025-11-09T13:52:56.1755163Z info - 2025-11-09 13:52:56,175 -- > /home/runner/work/requirements-driven-development/requirements-driven-development/coverage.xml
2025-11-09T13:52:56.3639271Z info - 2025-11-09 13:52:56,363 -- Process Upload complete
2025-11-09T13:52:56.3640044Z error - 2025-11-09 13:52:56,363 -- Upload failed: {"message":"Token required - not valid tokenless upload"}
2025-11-09T13:52:56.4706629Z Sentry is attempting to send 2 pending events
2025-11-09T13:52:56.4707313Z Waiting up to 2 seconds
2025-11-09T13:52:56.4707718Z Press Ctrl-C to quit
2025-11-09T13:52:56.5406756Z Post job cleanup.
2025-11-09T13:52:56.6995784Z Post job cleanup.
2025-11-09T13:52:56.7951207Z [command]/usr/bin/git version
2025-11-09T13:52:56.7987833Z git version 2.51.2
2025-11-09T13:52:56.8026686Z Copying '/home/runner/.gitconfig' to '/home/runner/work/_temp/8962ed1b-6da5-4a1e-bf26-7ad8c553b106/.gitconfig'
2025-11-09T13:52:56.8044459Z Temporarily overriding HOME='/home/runner/work/_temp/8962ed1b-6da5-4a1e-bf26-7ad8c553b106' before making global git config changes
2025-11-09T13:52:56.8045798Z Adding repository directory to the temporary git global config as a safe directory
2025-11-09T13:52:56.8051366Z [command]/usr/bin/git config --global --add safe.directory /home/runner/work/requirements-driven-development/requirements-driven-development
2025-11-09T13:52:56.8086829Z [command]/usr/bin/git config --local --name-only --get-regexp core\.sshCommand
2025-11-09T13:52:56.8120117Z [command]/usr/bin/git submodule foreach --recursive sh -c "git config --local --name-only --get-regexp 'core\.sshCommand' && git config --local --unset-all 'core.sshCommand' || :"
2025-11-09T13:52:56.8352479Z [command]/usr/bin/git config --local --name-only --get-regexp http\.https\:\/\/github\.com\/\.extraheader
2025-11-09T13:52:56.8373712Z http.https://github.com/.extraheader
2025-11-09T13:52:56.8387241Z [command]/usr/bin/git config --local --unset-all http.https://github.com/.extraheader
2025-11-09T13:52:56.8417742Z [command]/usr/bin/git submodule foreach --recursive sh -c "git config --local --name-only --get-regexp 'http\.https\:\/\/github\.com\/\.extraheader' && git config --local --unset-all 'http.https://github.com/.extraheader' || :"
2025-11-09T13:52:56.8746262Z Cleaning up orphan processes
