2025-11-09T13:52:15.5154437Z Current runner version: '2.329.0'
2025-11-09T13:52:15.5187150Z ##[group]Runner Image Provisioner
2025-11-09T13:52:15.5188308Z Hosted Compute Agent
2025-11-09T13:52:15.5189114Z Version: 20251016.436
2025-11-09T13:52:15.5190104Z Commit: 8ab8ac8bfd662a3739dab9fe09456aba92132568
2025-11-09T13:52:15.5191176Z Build Date: 2025-10-15T20:44:12Z
2025-11-09T13:52:15.5192094Z ##[endgroup]
2025-11-09T13:52:15.5192818Z ##[group]Operating System
2025-11-09T13:52:15.5193748Z Microsoft Windows Server 2025
2025-11-09T13:52:15.5194622Z 10.0.26100
2025-11-09T13:52:15.5195263Z Datacenter
2025-11-09T13:52:15.5196028Z ##[endgroup]
2025-11-09T13:52:15.5197155Z ##[group]Runner Image
2025-11-09T13:52:15.5198063Z Image: windows-2025
2025-11-09T13:52:15.5198818Z Version: 20251102.77.1
2025-11-09T13:52:15.5200550Z Included Software: https://github.com/actions/runner-images/blob/win25/20251102.77/images/windows/Windows2025-Readme.md
2025-11-09T13:52:15.5203582Z Image Release: https://github.com/actions/runner-images/releases/tag/win25%2F20251102.77
2025-11-09T13:52:15.5205255Z ##[endgroup]
2025-11-09T13:52:15.5207001Z ##[group]GITHUB_TOKEN Permissions
2025-11-09T13:52:15.5209396Z Contents: read
2025-11-09T13:52:15.5210341Z Metadata: read
2025-11-09T13:52:15.5211290Z Packages: read
2025-11-09T13:52:15.5212042Z ##[endgroup]
2025-11-09T13:52:15.5214799Z Secret source: Actions
2025-11-09T13:52:15.5215887Z Prepare workflow directory
2025-11-09T13:52:15.5657694Z Prepare all required actions
2025-11-09T13:52:15.5702926Z Getting action download info
2025-11-09T13:52:15.8298885Z Download action repository 'actions/checkout@v4' (SHA:08eba0b27e820071cde6df949e0beb9ba4906955)
2025-11-09T13:52:15.9595201Z Download action repository 'actions/setup-python@v5' (SHA:a26af69be951a213d495a4c3e4e4022e16d87065)
2025-11-09T13:52:16.2201119Z Complete job name: All Tests (Windows)
2025-11-09T13:52:16.3560453Z ##[group]Run actions/checkout@v4
2025-11-09T13:52:16.3561561Z with:
2025-11-09T13:52:16.3562099Z   repository: h111359/requirements-driven-development
2025-11-09T13:52:16.3563020Z   token: ***
2025-11-09T13:52:16.3563435Z   ssh-strict: true
2025-11-09T13:52:16.3564334Z   ssh-user: git
2025-11-09T13:52:16.3564801Z   persist-credentials: true
2025-11-09T13:52:16.3565305Z   clean: true
2025-11-09T13:52:16.3565750Z   sparse-checkout-cone-mode: true
2025-11-09T13:52:16.3566282Z   fetch-depth: 1
2025-11-09T13:52:16.3566710Z   fetch-tags: false
2025-11-09T13:52:16.3567140Z   show-progress: true
2025-11-09T13:52:16.3567577Z   lfs: false
2025-11-09T13:52:16.3567968Z   submodules: false
2025-11-09T13:52:16.3568412Z   set-safe-directory: true
2025-11-09T13:52:16.3569197Z ##[endgroup]
2025-11-09T13:52:16.5531950Z Syncing repository: h111359/requirements-driven-development
2025-11-09T13:52:16.5535862Z ##[group]Getting Git version info
2025-11-09T13:52:16.5537879Z Working directory is 'D:\a\requirements-driven-development\requirements-driven-development'
2025-11-09T13:52:16.6680290Z [command]"C:\Program Files\Git\bin\git.exe" version
2025-11-09T13:52:17.0749467Z git version 2.51.2.windows.1
2025-11-09T13:52:17.0818730Z ##[endgroup]
2025-11-09T13:52:17.0844671Z Temporarily overriding HOME='D:\a\_temp\f424cd52-95ba-43e9-9b85-a0bc61e7b137' before making global git config changes
2025-11-09T13:52:17.0847036Z Adding repository directory to the temporary git global config as a safe directory
2025-11-09T13:52:17.0857284Z [command]"C:\Program Files\Git\bin\git.exe" config --global --add safe.directory D:\a\requirements-driven-development\requirements-driven-development
2025-11-09T13:52:17.1389952Z Deleting the contents of 'D:\a\requirements-driven-development\requirements-driven-development'
2025-11-09T13:52:17.1396481Z ##[group]Initializing the repository
2025-11-09T13:52:17.1407302Z [command]"C:\Program Files\Git\bin\git.exe" init D:\a\requirements-driven-development\requirements-driven-development
2025-11-09T13:52:17.2250976Z Initialized empty Git repository in D:/a/requirements-driven-development/requirements-driven-development/.git/
2025-11-09T13:52:17.2297696Z [command]"C:\Program Files\Git\bin\git.exe" remote add origin https://github.com/h111359/requirements-driven-development
2025-11-09T13:52:17.2860939Z ##[endgroup]
2025-11-09T13:52:17.2861820Z ##[group]Disabling automatic garbage collection
2025-11-09T13:52:17.2871502Z [command]"C:\Program Files\Git\bin\git.exe" config --local gc.auto 0
2025-11-09T13:52:17.3188830Z ##[endgroup]
2025-11-09T13:52:17.3190529Z ##[group]Setting up auth
2025-11-09T13:52:17.3203474Z [command]"C:\Program Files\Git\bin\git.exe" config --local --name-only --get-regexp core\.sshCommand
2025-11-09T13:52:17.3551037Z [command]"C:\Program Files\Git\bin\git.exe" submodule foreach --recursive "sh -c \"git config --local --name-only --get-regexp 'core\.sshCommand' && git config --local --unset-all 'core.sshCommand' || :\""
2025-11-09T13:52:18.8489358Z [command]"C:\Program Files\Git\bin\git.exe" config --local --name-only --get-regexp http\.https\:\/\/github\.com\/\.extraheader
2025-11-09T13:52:18.8786903Z [command]"C:\Program Files\Git\bin\git.exe" submodule foreach --recursive "sh -c \"git config --local --name-only --get-regexp 'http\.https\:\/\/github\.com\/\.extraheader' && git config --local --unset-all 'http.https://github.com/.extraheader' || :\""
2025-11-09T13:52:19.4094768Z [command]"C:\Program Files\Git\bin\git.exe" config --local http.https://github.com/.extraheader "AUTHORIZATION: basic ***"
2025-11-09T13:52:19.4393313Z ##[endgroup]
2025-11-09T13:52:19.4393976Z ##[group]Fetching the repository
2025-11-09T13:52:19.4407102Z [command]"C:\Program Files\Git\bin\git.exe" -c protocol.version=2 fetch --no-tags --prune --no-recurse-submodules --depth=1 origin +92567ce485cd5d4509e76d2c237bc66f156d899e:refs/remotes/pull/65/merge
2025-11-09T13:52:21.5959371Z From https://github.com/h111359/requirements-driven-development
2025-11-09T13:52:21.5964154Z  * [new ref]         92567ce485cd5d4509e76d2c237bc66f156d899e -> pull/65/merge
2025-11-09T13:52:21.6287296Z ##[endgroup]
2025-11-09T13:52:21.6287744Z ##[group]Determining the checkout info
2025-11-09T13:52:21.6290861Z ##[endgroup]
2025-11-09T13:52:21.6306683Z [command]"C:\Program Files\Git\bin\git.exe" sparse-checkout disable
2025-11-09T13:52:21.6797988Z [command]"C:\Program Files\Git\bin\git.exe" config --local --unset-all extensions.worktreeConfig
2025-11-09T13:52:21.7084112Z ##[group]Checking out the ref
2025-11-09T13:52:21.7094479Z [command]"C:\Program Files\Git\bin\git.exe" checkout --progress --force refs/remotes/pull/65/merge
2025-11-09T13:52:21.7994824Z Note: switching to 'refs/remotes/pull/65/merge'.
2025-11-09T13:52:21.7995304Z 
2025-11-09T13:52:21.7996682Z You are in 'detached HEAD' state. You can look around, make experimental
2025-11-09T13:52:21.7997355Z changes and commit them, and you can discard any commits you make in this
2025-11-09T13:52:21.7997987Z state without impacting any branches by switching back to a branch.
2025-11-09T13:52:21.7998321Z 
2025-11-09T13:52:21.7998519Z If you want to create a new branch to retain commits you create, you may
2025-11-09T13:52:21.7999014Z do so (now or later) by using -c with the switch command. Example:
2025-11-09T13:52:21.7999298Z 
2025-11-09T13:52:21.7999485Z   git switch -c <new-branch-name>
2025-11-09T13:52:21.7999681Z 
2025-11-09T13:52:21.7999787Z Or undo this operation with:
2025-11-09T13:52:21.7999960Z 
2025-11-09T13:52:21.8000037Z   git switch -
2025-11-09T13:52:21.8000169Z 
2025-11-09T13:52:21.8000409Z Turn off this advice by setting config variable advice.detachedHead to false
2025-11-09T13:52:21.8000754Z 
2025-11-09T13:52:21.8001144Z HEAD is now at 92567ce Merge fb0b959cf54a8e1db8959a572c076f9303421669 into b66d0d609f72506e8777f5b6ea0cd255fd4ecd77
2025-11-09T13:52:21.8038555Z ##[endgroup]
2025-11-09T13:52:21.8501229Z [command]"C:\Program Files\Git\bin\git.exe" log -1 --format=%H
2025-11-09T13:52:21.8756058Z 92567ce485cd5d4509e76d2c237bc66f156d899e
2025-11-09T13:52:21.9156868Z ##[group]Run actions/setup-python@v5
2025-11-09T13:52:21.9157183Z with:
2025-11-09T13:52:21.9158025Z   python-version: 3.9
2025-11-09T13:52:21.9158217Z   check-latest: false
2025-11-09T13:52:21.9158525Z   token: ***
2025-11-09T13:52:21.9158700Z   update-environment: true
2025-11-09T13:52:21.9158920Z   allow-prereleases: false
2025-11-09T13:52:21.9159108Z   freethreaded: false
2025-11-09T13:52:21.9159287Z ##[endgroup]
2025-11-09T13:52:22.1408593Z ##[group]Installed versions
2025-11-09T13:52:22.1725383Z Successfully set up CPython (3.9.13)
2025-11-09T13:52:22.1727067Z ##[endgroup]
2025-11-09T13:52:22.2015775Z ##[group]Run Install-Module -Name Pester -Force -SkipPublisherCheck
2025-11-09T13:52:22.2016494Z [36;1mInstall-Module -Name Pester -Force -SkipPublisherCheck[0m
2025-11-09T13:52:22.2627626Z shell: C:\Windows\System32\WindowsPowerShell\v1.0\powershell.EXE -command ". '{0}'"
2025-11-09T13:52:22.2628105Z env:
2025-11-09T13:52:22.2628387Z   pythonLocation: C:\hostedtoolcache\windows\Python\3.9.13\x64
2025-11-09T13:52:22.2628888Z   PKG_CONFIG_PATH: C:\hostedtoolcache\windows\Python\3.9.13\x64/lib/pkgconfig
2025-11-09T13:52:22.2629383Z   Python_ROOT_DIR: C:\hostedtoolcache\windows\Python\3.9.13\x64
2025-11-09T13:52:22.2629817Z   Python2_ROOT_DIR: C:\hostedtoolcache\windows\Python\3.9.13\x64
2025-11-09T13:52:22.2630242Z   Python3_ROOT_DIR: C:\hostedtoolcache\windows\Python\3.9.13\x64
2025-11-09T13:52:22.2630565Z ##[endgroup]
2025-11-09T13:52:37.1734318Z ##[group]Run python scripts/setup-test-env.py
2025-11-09T13:52:37.1734980Z [36;1mpython scripts/setup-test-env.py[0m
2025-11-09T13:52:37.2089201Z shell: C:\Program Files\PowerShell\7\pwsh.EXE -command ". '{0}'"
2025-11-09T13:52:37.2089837Z env:
2025-11-09T13:52:37.2090181Z   pythonLocation: C:\hostedtoolcache\windows\Python\3.9.13\x64
2025-11-09T13:52:37.2090719Z   PKG_CONFIG_PATH: C:\hostedtoolcache\windows\Python\3.9.13\x64/lib/pkgconfig
2025-11-09T13:52:37.2091236Z   Python_ROOT_DIR: C:\hostedtoolcache\windows\Python\3.9.13\x64
2025-11-09T13:52:37.2091837Z   Python2_ROOT_DIR: C:\hostedtoolcache\windows\Python\3.9.13\x64
2025-11-09T13:52:37.2092321Z   Python3_ROOT_DIR: C:\hostedtoolcache\windows\Python\3.9.13\x64
2025-11-09T13:52:37.2092710Z ##[endgroup]
2025-11-09T13:53:00.2441226Z 
2025-11-09T13:53:00.2441562Z ============================================================
2025-11-09T13:53:00.2441875Z   RDD Test Environment Setup
2025-11-09T13:53:00.2442407Z ============================================================
2025-11-09T13:53:00.2442671Z 
2025-11-09T13:53:00.2443037Z ✓ Python 3.9.13 detected
2025-11-09T13:53:00.2443221Z 
2025-11-09T13:53:00.2443565Z Repository root: D:\a\requirements-driven-development\requirements-driven-development
2025-11-09T13:53:00.2444505Z Virtual environment: D:\a\requirements-driven-development\requirements-driven-development\.venv
2025-11-09T13:53:00.2445548Z Requirements file: D:\a\requirements-driven-development\requirements-driven-development\tests\requirements.txt
2025-11-09T13:53:00.2446206Z 
2025-11-09T13:53:00.2446891Z ℹ Creating virtual environment at D:\a\requirements-driven-development\requirements-driven-development\.venv...
2025-11-09T13:53:00.2447548Z ✓ Virtual environment created
2025-11-09T13:53:00.2447785Z ℹ Upgrading pip...
2025-11-09T13:53:00.2447970Z ✓ pip upgraded
2025-11-09T13:53:00.2448547Z ℹ Installing/updating test dependencies...
2025-11-09T13:53:00.2449102Z ✓ Test dependencies installed/updated
2025-11-09T13:53:00.2449408Z 
2025-11-09T13:53:00.2449534Z ============================================================
2025-11-09T13:53:00.2449949Z Setup completed successfully!
2025-11-09T13:53:00.2450294Z ============================================================
2025-11-09T13:53:00.2450588Z 
2025-11-09T13:53:00.2450715Z To activate the virtual environment:
2025-11-09T13:53:00.2451590Z   D:\a\requirements-driven-development\requirements-driven-development\.venv\Scripts\activate          (Command Prompt)
2025-11-09T13:53:00.2452957Z   D:\a\requirements-driven-development\requirements-driven-development\.venv\Scripts\Activate.ps1      (PowerShell)
2025-11-09T13:53:00.2454151Z 
2025-11-09T13:53:00.2454264Z To run tests:
2025-11-09T13:53:00.2454554Z   pytest tests/python/
2025-11-09T13:53:00.2454683Z 
2025-11-09T13:53:00.2454744Z To deactivate:
2025-11-09T13:53:00.2454883Z   deactivate
2025-11-09T13:53:00.2454976Z 
2025-11-09T13:53:00.8691365Z ##[group]Run python scripts/run-tests.py
2025-11-09T13:53:00.8691714Z [36;1mpython scripts/run-tests.py[0m
2025-11-09T13:53:00.8754080Z shell: C:\Program Files\PowerShell\7\pwsh.EXE -command ". '{0}'"
2025-11-09T13:53:00.8754390Z env:
2025-11-09T13:53:00.8754626Z   pythonLocation: C:\hostedtoolcache\windows\Python\3.9.13\x64
2025-11-09T13:53:00.8755033Z   PKG_CONFIG_PATH: C:\hostedtoolcache\windows\Python\3.9.13\x64/lib/pkgconfig
2025-11-09T13:53:00.8755438Z   Python_ROOT_DIR: C:\hostedtoolcache\windows\Python\3.9.13\x64
2025-11-09T13:53:00.8755796Z   Python2_ROOT_DIR: C:\hostedtoolcache\windows\Python\3.9.13\x64
2025-11-09T13:53:00.8756133Z   Python3_ROOT_DIR: C:\hostedtoolcache\windows\Python\3.9.13\x64
2025-11-09T13:53:00.8756418Z ##[endgroup]
2025-11-09T13:53:01.9854073Z ============================= test session starts =============================
2025-11-09T13:53:01.9855583Z platform win32 -- Python 3.9.13, pytest-8.4.2, pluggy-1.6.0 -- D:\a\requirements-driven-development\requirements-driven-development\.venv\Scripts\python.exe
2025-11-09T13:53:01.9856613Z cachedir: .pytest_cache
2025-11-09T13:53:01.9857172Z rootdir: D:\a\requirements-driven-development\requirements-driven-development
2025-11-09T13:53:01.9857905Z plugins: cov-7.0.0, mock-3.15.1, timeout-2.4.0, xdist-3.8.0
2025-11-09T13:53:02.0677340Z collecting ... collected 49 items
2025-11-09T13:53:02.0677631Z 
2025-11-09T13:53:02.3341802Z tests/python/test_integration.py::TestChangeWorkflow::test_fix_branch_workflow PASSED [  2%]
2025-11-09T13:53:02.5686380Z tests/python/test_integration.py::TestRequirementsManagement::test_requirements_changes_format PASSED [  4%]
2025-11-09T13:53:02.8034282Z tests/python/test_integration.py::TestWorkspaceArchiving::test_workspace_backup_creation PASSED [  6%]
2025-11-09T13:53:03.0951732Z tests/python/test_integration.py::TestGitIntegration::test_branch_creation_and_switching PASSED [  8%]
2025-11-09T13:53:03.3467991Z tests/python/test_integration.py::TestGitIntegration::test_uncommitted_changes_detection PASSED [ 10%]
2025-11-09T13:53:03.7006796Z tests/python/test_integration.py::TestConfigManagement::test_config_read_write_cycle PASSED [ 12%]
2025-11-09T13:53:03.9945728Z tests/python/test_integration.py::TestConfigManagement::test_config_default_branch PASSED [ 14%]
2025-11-09T13:53:03.9963738Z tests/python/test_rdd_main.py::TestCLIHelp::test_version_command PASSED  [ 16%]
2025-11-09T13:53:03.9977371Z tests/python/test_rdd_main.py::TestCLIHelp::test_help_command PASSED     [ 18%]
2025-11-09T13:53:03.9991706Z tests/python/test_rdd_main.py::TestDomainRouting::test_config_show_routing PASSED [ 20%]
2025-11-09T13:53:04.0005485Z tests/python/test_rdd_main.py::TestDomainRouting::test_workspace_init_routing PASSED [ 22%]
2025-11-09T13:53:04.0832886Z tests/python/test_rdd_main.py::TestChangeCommands::test_change_create_requires_default_branch PASSED [ 24%]
2025-11-09T13:53:04.0849947Z tests/python/test_rdd_main.py::TestMenuInteraction::test_curses_menu_selection PASSED [ 26%]
2025-11-09T13:53:04.0863509Z tests/python/test_rdd_main.py::TestValidationCommands::test_check_repo_valid PASSED [ 28%]
2025-11-09T13:53:04.0879685Z tests/python/test_rdd_main.py::TestErrorHandling::test_no_command_shows_help PASSED [ 30%]
2025-11-09T13:53:04.0892001Z tests/python/test_rdd_main.py::TestErrorHandling::test_invalid_domain_error PASSED [ 32%]
2025-11-09T13:53:04.0905829Z tests/python/test_rdd_main.py::TestErrorHandling::test_invalid_action_error PASSED [ 34%]
2025-11-09T13:53:04.0918392Z tests/python/test_rdd_utils.py::TestOutputFunctions::test_print_success PASSED [ 36%]
2025-11-09T13:53:04.0930214Z tests/python/test_rdd_utils.py::TestOutputFunctions::test_print_error PASSED [ 38%]
2025-11-09T13:53:04.0943156Z tests/python/test_rdd_utils.py::TestOutputFunctions::test_print_warning PASSED [ 40%]
2025-11-09T13:53:04.0955760Z tests/python/test_rdd_utils.py::TestOutputFunctions::test_print_info PASSED [ 42%]
2025-11-09T13:53:04.0969969Z tests/python/test_rdd_utils.py::TestValidationFunctions::test_validate_name_valid PASSED [ 44%]
2025-11-09T13:53:04.0981205Z tests/python/test_rdd_utils.py::TestValidationFunctions::test_validate_name_with_spaces PASSED [ 46%]
2025-11-09T13:53:04.0993426Z tests/python/test_rdd_utils.py::TestValidationFunctions::test_validate_name_with_special_chars PASSED [ 48%]
2025-11-09T13:53:04.1005170Z tests/python/test_rdd_utils.py::TestValidationFunctions::test_validate_name_empty PASSED [ 51%]
2025-11-09T13:53:04.1020137Z tests/python/test_rdd_utils.py::TestValidationFunctions::test_normalize_to_kebab_case PASSED [ 53%]
2025-11-09T13:53:04.1046494Z tests/python/test_rdd_utils.py::TestValidationFunctions::test_validate_file_exists PASSED [ 55%]
2025-11-09T13:53:04.1065997Z tests/python/test_rdd_utils.py::TestValidationFunctions::test_validate_dir_exists PASSED [ 57%]
2025-11-09T13:53:04.1092246Z tests/python/test_rdd_utils.py::TestGitFunctions::test_check_git_repo_valid PASSED [ 59%]
2025-11-09T13:53:04.1112796Z tests/python/test_rdd_utils.py::TestGitFunctions::test_check_git_repo_invalid PASSED [ 61%]
2025-11-09T13:53:04.1127402Z tests/python/test_rdd_utils.py::TestGitFunctions::test_get_current_branch PASSED [ 63%]
2025-11-09T13:53:04.3503625Z tests/python/test_rdd_utils.py::TestGitFunctions::test_get_default_branch_from_config PASSED [ 65%]
2025-11-09T13:53:04.3519892Z tests/python/test_rdd_utils.py::TestGitFunctions::test_get_branch_type_fix PASSED [ 67%]
2025-11-09T13:53:04.3535208Z tests/python/test_rdd_utils.py::TestGitFunctions::test_get_branch_type_enh PASSED [ 69%]
2025-11-09T13:53:04.3550971Z tests/python/test_rdd_utils.py::TestGitFunctions::test_get_branch_type_main PASSED [ 71%]
2025-11-09T13:53:04.3565290Z tests/python/test_rdd_utils.py::TestGitFunctions::test_is_enh_or_fix_branch PASSED [ 73%]
2025-11-09T13:53:04.3576508Z tests/python/test_rdd_utils.py::TestTimestampFunctions::test_get_timestamp_format PASSED [ 75%]
2025-11-09T13:53:04.3587210Z tests/python/test_rdd_utils.py::TestTimestampFunctions::test_get_timestamp_filename_format PASSED [ 77%]
2025-11-09T13:53:04.6158131Z tests/python/test_rdd_utils.py::TestConfigFunctions::test_get_rdd_config_existing_key PASSED [ 79%]
2025-11-09T13:53:04.8746957Z tests/python/test_rdd_utils.py::TestConfigFunctions::test_get_rdd_config_missing_key_with_default PASSED [ 81%]
2025-11-09T13:53:05.1611334Z tests/python/test_rdd_utils.py::TestConfigFunctions::test_set_rdd_config PASSED [ 83%]
2025-11-09T13:53:05.4171462Z tests/python/test_rdd_utils.py::TestConfigFunctions::test_get_rdd_config_path PASSED [ 85%]
2025-11-09T13:53:05.4199325Z tests/python/test_rdd_utils.py::TestWorkspaceUtilities::test_ensure_dir_creates_directory PASSED [ 87%]
2025-11-09T13:53:05.4217621Z tests/python/test_rdd_utils.py::TestWorkspaceUtilities::test_ensure_dir_existing_directory PASSED [ 89%]
2025-11-09T13:53:05.6454580Z tests/python/test_rdd_utils.py::TestPromptFunctions::test_mark_prompt_completed PASSED [ 91%]
2025-11-09T13:53:05.6470620Z tests/python/test_rdd_utils.py::TestConfirmAction::test_confirm_action_yes PASSED [ 93%]
2025-11-09T13:53:05.6484255Z tests/python/test_rdd_utils.py::TestConfirmAction::test_confirm_action_no PASSED [ 95%]
2025-11-09T13:53:05.6498158Z tests/python/test_rdd_utils.py::TestConfirmAction::test_confirm_action_yes_full PASSED [ 97%]
2025-11-09T13:53:05.6758335Z tests/python/test_rdd_utils.py::TestConfirmAction::test_confirm_action_invalid PASSED [100%]
2025-11-09T13:53:05.6758941Z 
2025-11-09T13:53:05.6759111Z ============================= 49 passed in 3.68s ==============================
2025-11-09T13:53:06.0019281Z ============================= test session starts =============================
2025-11-09T13:53:06.0020203Z platform win32 -- Python 3.9.13, pytest-8.4.2, pluggy-1.6.0 -- D:\a\requirements-driven-development\requirements-driven-development\.venv\Scripts\python.exe
2025-11-09T13:53:06.0021884Z cachedir: .pytest_cache
2025-11-09T13:53:06.0022258Z rootdir: D:\a\requirements-driven-development\requirements-driven-development
2025-11-09T13:53:06.0023262Z plugins: cov-7.0.0, mock-3.15.1, timeout-2.4.0, xdist-3.8.0
2025-11-09T13:53:06.0354956Z collecting ... collected 14 items
2025-11-09T13:53:06.0355186Z 
2025-11-09T13:53:06.0545184Z tests/build/test_build.py::TestVersionExtraction::test_read_version_from_config PASSED [  7%]
2025-11-09T13:53:06.0786086Z tests/build/test_build.py::TestBuildDirCreation::test_create_build_dir PASSED [ 14%]
2025-11-09T13:53:06.1036764Z tests/build/test_build.py::TestFileCopying::test_copy_prompts PASSED     [ 21%]
2025-11-09T13:53:06.1284539Z tests/build/test_build.py::TestFileCopying::test_copy_scripts PASSED     [ 28%]
2025-11-09T13:53:06.1541102Z tests/build/test_build.py::TestFileCopying::test_copy_templates PASSED   [ 35%]
2025-11-09T13:53:06.1797705Z tests/build/test_build.py::TestFileCopying::test_copy_vscode_settings PASSED [ 42%]
2025-11-09T13:53:06.2098938Z tests/build/test_build.py::TestFileCopying::test_copy_rdd_docs_seeds PASSED [ 50%]
2025-11-09T13:53:06.2352404Z tests/build/test_build.py::TestFileCopying::test_copy_rdd_launcher_scripts PASSED [ 57%]
2025-11-09T13:53:06.2589537Z tests/build/test_build.py::TestTemplateGeneration::test_generate_readme PASSED [ 64%]
2025-11-09T13:53:06.2829230Z tests/build/test_build.py::TestTemplateGeneration::test_generate_installer PASSED [ 71%]
2025-11-09T13:53:06.3103041Z tests/build/test_build.py::TestArchiveCreation::test_create_archive PASSED [ 78%]
2025-11-09T13:53:06.3397336Z tests/build/test_build.py::TestChecksumGeneration::test_generate_checksum PASSED [ 85%]
2025-11-09T13:53:06.3410950Z tests/build/test_build.py::TestOutputFunctions::test_print_success PASSED [ 92%]
2025-11-09T13:53:06.3644804Z tests/build/test_build.py::TestOutputFunctions::test_print_error PASSED  [100%]
2025-11-09T13:53:06.3645264Z 
2025-11-09T13:53:06.3645450Z ============================= 14 passed in 0.36s ==============================
2025-11-09T13:53:06.6953710Z ============================= test session starts =============================
2025-11-09T13:53:06.6954682Z platform win32 -- Python 3.9.13, pytest-8.4.2, pluggy-1.6.0 -- D:\a\requirements-driven-development\requirements-driven-development\.venv\Scripts\python.exe
2025-11-09T13:53:06.6955264Z cachedir: .pytest_cache
2025-11-09T13:53:06.6955579Z rootdir: D:\a\requirements-driven-development\requirements-driven-development
2025-11-09T13:53:06.6955984Z plugins: cov-7.0.0, mock-3.15.1, timeout-2.4.0, xdist-3.8.0
2025-11-09T13:53:07.0511508Z collecting ... collected 24 items
2025-11-09T13:53:07.0511770Z 
2025-11-09T13:53:07.0528490Z tests/install/test_install.py::TestPreFlightChecks::test_check_python_version_success PASSED [  4%]
2025-11-09T13:53:07.0545494Z tests/install/test_install.py::TestPreFlightChecks::test_check_git_installed_success PASSED [  8%]
2025-11-09T13:53:07.0563354Z tests/install/test_install.py::TestPreFlightChecks::test_check_git_installed_failure PASSED [ 12%]
2025-11-09T13:53:07.2787353Z tests/install/test_install.py::TestPreFlightChecks::test_check_git_repo_valid PASSED [ 16%]
2025-11-09T13:53:07.2807909Z tests/install/test_install.py::TestPreFlightChecks::test_check_git_repo_invalid PASSED [ 20%]
2025-11-09T13:53:07.5061147Z tests/install/test_install.py::TestExistingInstallationDetection::test_detect_existing_installation_none PASSED [ 25%]
2025-11-09T13:53:07.7312993Z tests/install/test_install.py::TestExistingInstallationDetection::test_detect_existing_installation_found PASSED [ 29%]
2025-11-09T13:53:07.9762674Z tests/install/test_install.py::TestFileOperations::test_copy_prompts PASSED [ 33%]
2025-11-09T13:53:08.2276181Z tests/install/test_install.py::TestFileOperations::test_copy_framework PASSED [ 37%]
2025-11-09T13:53:08.4553773Z tests/install/test_install.py::TestFileOperations::test_copy_seed_templates PASSED [ 41%]
2025-11-09T13:53:08.6937515Z tests/install/test_install.py::TestLauncherScriptInstallation::test_install_launcher_windows PASSED [ 45%]
2025-11-09T13:53:08.9274544Z tests/install/test_install.py::TestLauncherScriptInstallation::test_install_launcher_linux PASSED [ 50%]
2025-11-09T13:53:09.2229327Z tests/install/test_install.py::TestLauncherScriptInstallation::test_launcher_executable_permissions_unix FAILED [ 54%]
2025-11-09T13:53:09.4425192Z tests/install/test_install.py::TestSettingsMerge::test_merge_settings_empty_target PASSED [ 58%]
2025-11-09T13:53:09.4436192Z tests/install/test_install.py::TestSettingsMerge::test_merge_settings_existing_values PASSED [ 62%]
2025-11-09T13:53:09.4446811Z tests/install/test_install.py::TestSettingsMerge::test_merge_settings_object_merge PASSED [ 66%]
2025-11-09T13:53:09.6713927Z tests/install/test_install.py::TestGitignoreUpdate::test_update_gitignore_new_file PASSED [ 70%]
2025-11-09T13:53:09.8900875Z tests/install/test_install.py::TestGitignoreUpdate::test_update_gitignore_existing_file PASSED [ 75%]
2025-11-09T13:53:10.1279670Z tests/install/test_install.py::TestGitignoreUpdate::test_update_gitignore_already_present PASSED [ 79%]
2025-11-09T13:53:10.4010867Z tests/install/test_install.py::TestVerification::test_verify_installation_success PASSED [ 83%]
2025-11-09T13:53:10.6349440Z tests/install/test_install.py::TestVerification::test_verify_installation_missing_files PASSED [ 87%]
2025-11-09T13:53:10.6362893Z tests/install/test_install.py::TestOutputFunctions::test_print_banner PASSED [ 91%]
2025-11-09T13:53:10.6374960Z tests/install/test_install.py::TestOutputFunctions::test_print_success PASSED [ 95%]
2025-11-09T13:53:10.6674028Z tests/install/test_install.py::TestOutputFunctions::test_print_error PASSED [100%]
2025-11-09T13:53:10.6674380Z 
2025-11-09T13:53:10.6674487Z ================================== FAILURES ===================================
2025-11-09T13:53:10.6674893Z __ TestLauncherScriptInstallation.test_launcher_executable_permissions_unix ___
2025-11-09T13:53:10.6675404Z tests\install\test_install.py:141: in test_launcher_executable_permissions_unix
2025-11-09T13:53:10.6675810Z     assert mode & stat.S_IXUSR  # User execute bit should be set
2025-11-09T13:53:10.6676102Z E   AssertionError: assert (33206 & 64)
2025-11-09T13:53:10.6676519Z E    +  where 64 = <module 'stat' from 'C:\\hostedtoolcache\\windows\\Python\\3.9.13\\x64\\lib\\stat.py'>.S_IXUSR
2025-11-09T13:53:10.6677257Z ---------------------------- Captured stdout call -----------------------------
2025-11-09T13:53:10.6678288Z \x1b[0;34m\u2139\x1b[0m Installing RDD launcher script...\n\x1b[0;32m\u2713\x1b[0m Installed rdd.sh (executable)\n\x1b[0;34m\u2139\x1b[0m   Usage: ./rdd.sh or double-click from file manager
2025-11-09T13:53:10.6679303Z =========================== short test summary info ===========================
2025-11-09T13:53:10.6680388Z FAILED tests/install/test_install.py::TestLauncherScriptInstallation::test_launcher_executable_permissions_unix - AssertionError: assert (33206 & 64)
2025-11-09T13:53:10.6681708Z  +  where 64 = <module 'stat' from 'C:\\hostedtoolcache\\windows\\Python\\3.9.13\\x64\\lib\\stat.py'>.S_IXUSR
2025-11-09T13:53:10.6682446Z ======================== 1 failed, 23 passed in 3.97s =========================
2025-11-09T13:53:10.7015876Z [0;31m✗[0m Install tests failed
2025-11-09T13:53:10.7016378Z [0;31m✗[0m Some tests failed
2025-11-09T13:53:10.7016590Z 
2025-11-09T13:53:10.7016698Z ============================================================
2025-11-09T13:53:10.7017078Z   RDD Framework Test Runner (Windows)
2025-11-09T13:53:10.7017409Z ============================================================
2025-11-09T13:53:10.7017659Z 
2025-11-09T13:53:10.7017864Z [0;34mℹ[0m Checking prerequisites...
2025-11-09T13:53:10.7018268Z [0;32m✓[0m Python found: 3.9.13
2025-11-09T13:53:10.7018642Z [0;32m✓[0m Virtual environment found
2025-11-09T13:53:10.7019018Z [0;32m✓[0m pytest 8.4.2
2025-11-09T13:53:10.7019183Z 
2025-11-09T13:53:10.7019188Z 
2025-11-09T13:53:10.7019620Z ============================================================
2025-11-09T13:53:10.7019958Z   Running Tests
2025-11-09T13:53:10.7020188Z ============================================================
2025-11-09T13:53:10.7020429Z 
2025-11-09T13:53:10.7020841Z [0;34m[1/3][0m Running Python unit tests
2025-11-09T13:53:10.7021269Z [0;32m✓[0m Python unit tests passed
2025-11-09T13:53:10.7021497Z 
2025-11-09T13:53:10.7021660Z [0;34m[2/3][0m Running build tests
2025-11-09T13:53:10.7022028Z [0;32m✓[0m Build tests passed
2025-11-09T13:53:10.7022220Z 
2025-11-09T13:53:10.7022380Z [0;34m[3/3][0m Running install tests
2025-11-09T13:53:10.7022610Z 
2025-11-09T13:53:10.7022616Z 
2025-11-09T13:53:10.7022716Z ============================================================
2025-11-09T13:53:10.7023092Z   Test Summary
2025-11-09T13:53:10.7023366Z ============================================================
2025-11-09T13:53:10.7023636Z 
2025-11-09T13:53:10.7023751Z Total test suites: 3
2025-11-09T13:53:10.7024092Z [0;32mPassed: 2[0m
2025-11-09T13:53:10.7024418Z [0;31mFailed: 1[0m
2025-11-09T13:53:10.7024593Z 
2025-11-09T13:53:10.8378044Z ##[error]Process completed with exit code 1.
2025-11-09T13:53:10.8586440Z Post job cleanup.
2025-11-09T13:53:11.0856061Z [command]"C:\Program Files\Git\bin\git.exe" version
2025-11-09T13:53:11.1133599Z git version 2.51.2.windows.1
2025-11-09T13:53:11.1211246Z Temporarily overriding HOME='D:\a\_temp\9a86fdb3-9dea-46d9-be33-5ebb83bbeeb1' before making global git config changes
2025-11-09T13:53:11.1212299Z Adding repository directory to the temporary git global config as a safe directory
2025-11-09T13:53:11.1227668Z [command]"C:\Program Files\Git\bin\git.exe" config --global --add safe.directory D:\a\requirements-driven-development\requirements-driven-development
2025-11-09T13:53:11.1573732Z [command]"C:\Program Files\Git\bin\git.exe" config --local --name-only --get-regexp core\.sshCommand
2025-11-09T13:53:11.1978216Z [command]"C:\Program Files\Git\bin\git.exe" submodule foreach --recursive "sh -c \"git config --local --name-only --get-regexp 'core\.sshCommand' && git config --local --unset-all 'core.sshCommand' || :\""
2025-11-09T13:53:11.7329698Z [command]"C:\Program Files\Git\bin\git.exe" config --local --name-only --get-regexp http\.https\:\/\/github\.com\/\.extraheader
2025-11-09T13:53:11.7579427Z http.https://github.com/.extraheader
2025-11-09T13:53:11.7628227Z [command]"C:\Program Files\Git\bin\git.exe" config --local --unset-all http.https://github.com/.extraheader
2025-11-09T13:53:11.7925530Z [command]"C:\Program Files\Git\bin\git.exe" submodule foreach --recursive "sh -c \"git config --local --name-only --get-regexp 'http\.https\:\/\/github\.com\/\.extraheader' && git config --local --unset-all 'http.https://github.com/.extraheader' || :\""
2025-11-09T13:53:12.3211531Z Cleaning up orphan processes
