2025-11-07T12:58:57.0928600Z Current runner version: '2.329.0'
2025-11-07T12:58:57.0954220Z ##[group]Runner Image Provisioner
2025-11-07T12:58:57.0955049Z Hosted Compute Agent
2025-11-07T12:58:57.0955542Z Version: 20251016.436
2025-11-07T12:58:57.0956262Z Commit: 8ab8ac8bfd662a3739dab9fe09456aba92132568
2025-11-07T12:58:57.0956911Z Build Date: 2025-10-15T20:44:12Z
2025-11-07T12:58:57.0957481Z ##[endgroup]
2025-11-07T12:58:57.0958060Z ##[group]Operating System
2025-11-07T12:58:57.0958633Z Ubuntu
2025-11-07T12:58:57.0959075Z 24.04.3
2025-11-07T12:58:57.0959572Z LTS
2025-11-07T12:58:57.0960003Z ##[endgroup]
2025-11-07T12:58:57.0960484Z ##[group]Runner Image
2025-11-07T12:58:57.0961089Z Image: ubuntu-24.04
2025-11-07T12:58:57.0961551Z Version: 20251102.99.1
2025-11-07T12:58:57.0962550Z Included Software: https://github.com/actions/runner-images/blob/ubuntu24/20251102.99/images/ubuntu/Ubuntu2404-Readme.md
2025-11-07T12:58:57.0964330Z Image Release: https://github.com/actions/runner-images/releases/tag/ubuntu24%2F20251102.99
2025-11-07T12:58:57.0965287Z ##[endgroup]
2025-11-07T12:58:57.0966455Z ##[group]GITHUB_TOKEN Permissions
2025-11-07T12:58:57.0968265Z Contents: read
2025-11-07T12:58:57.0968891Z Metadata: read
2025-11-07T12:58:57.0969378Z Packages: read
2025-11-07T12:58:57.0969873Z ##[endgroup]
2025-11-07T12:58:57.0972304Z Secret source: Actions
2025-11-07T12:58:57.0973382Z Prepare workflow directory
2025-11-07T12:58:57.1309802Z Prepare all required actions
2025-11-07T12:58:57.1348000Z Getting action download info
2025-11-07T12:58:57.6043342Z Download action repository 'actions/checkout@v4' (SHA:08eba0b27e820071cde6df949e0beb9ba4906955)
2025-11-07T12:58:57.7708064Z Download action repository 'actions/setup-python@v5' (SHA:a26af69be951a213d495a4c3e4e4022e16d87065)
2025-11-07T12:58:57.8526797Z Download action repository 'codecov/codecov-action@v4' (SHA:b9fd7d16f6d7d1b5d2bec1a2887e65ceed900238)
2025-11-07T12:58:58.5034254Z Complete job name: All Tests (Linux)
2025-11-07T12:58:58.5778060Z ##[group]Run actions/checkout@v4
2025-11-07T12:58:58.5779001Z with:
2025-11-07T12:58:58.5779514Z   repository: h111359/requirements-driven-development
2025-11-07T12:58:58.5780356Z   token: ***
2025-11-07T12:58:58.5780767Z   ssh-strict: true
2025-11-07T12:58:58.5781186Z   ssh-user: git
2025-11-07T12:58:58.5781613Z   persist-credentials: true
2025-11-07T12:58:58.5782089Z   clean: true
2025-11-07T12:58:58.5782536Z   sparse-checkout-cone-mode: true
2025-11-07T12:58:58.5783461Z   fetch-depth: 1
2025-11-07T12:58:58.5783954Z   fetch-tags: false
2025-11-07T12:58:58.5784379Z   show-progress: true
2025-11-07T12:58:58.5784841Z   lfs: false
2025-11-07T12:58:58.5785255Z   submodules: false
2025-11-07T12:58:58.5785704Z   set-safe-directory: true
2025-11-07T12:58:58.5786584Z ##[endgroup]
2025-11-07T12:58:58.6883417Z Syncing repository: h111359/requirements-driven-development
2025-11-07T12:58:58.6885852Z ##[group]Getting Git version info
2025-11-07T12:58:58.6887055Z Working directory is '/home/runner/work/requirements-driven-development/requirements-driven-development'
2025-11-07T12:58:58.6888508Z [command]/usr/bin/git version
2025-11-07T12:58:58.6977145Z git version 2.51.2
2025-11-07T12:58:58.7004662Z ##[endgroup]
2025-11-07T12:58:58.7021720Z Temporarily overriding HOME='/home/runner/work/_temp/15543c9f-1278-4cab-878d-0dbe73de5d78' before making global git config changes
2025-11-07T12:58:58.7024756Z Adding repository directory to the temporary git global config as a safe directory
2025-11-07T12:58:58.7029520Z [command]/usr/bin/git config --global --add safe.directory /home/runner/work/requirements-driven-development/requirements-driven-development
2025-11-07T12:58:58.7070506Z Deleting the contents of '/home/runner/work/requirements-driven-development/requirements-driven-development'
2025-11-07T12:58:58.7074226Z ##[group]Initializing the repository
2025-11-07T12:58:58.7080121Z [command]/usr/bin/git init /home/runner/work/requirements-driven-development/requirements-driven-development
2025-11-07T12:58:58.7210858Z hint: Using 'master' as the name for the initial branch. This default branch name
2025-11-07T12:58:58.7212373Z hint: is subject to change. To configure the initial branch name to use in all
2025-11-07T12:58:58.7214280Z hint: of your new repositories, which will suppress this warning, call:
2025-11-07T12:58:58.7215023Z hint:
2025-11-07T12:58:58.7215728Z hint: 	git config --global init.defaultBranch <name>
2025-11-07T12:58:58.7216899Z hint:
2025-11-07T12:58:58.7218039Z hint: Names commonly chosen instead of 'master' are 'main', 'trunk' and
2025-11-07T12:58:58.7219846Z hint: 'development'. The just-created branch can be renamed via this command:
2025-11-07T12:58:58.7221299Z hint:
2025-11-07T12:58:58.7222157Z hint: 	git branch -m <name>
2025-11-07T12:58:58.7223289Z hint:
2025-11-07T12:58:58.7224420Z hint: Disable this message with "git config set advice.defaultBranchName false"
2025-11-07T12:58:58.7226950Z Initialized empty Git repository in /home/runner/work/requirements-driven-development/requirements-driven-development/.git/
2025-11-07T12:58:58.7231623Z [command]/usr/bin/git remote add origin https://github.com/h111359/requirements-driven-development
2025-11-07T12:58:58.7271653Z ##[endgroup]
2025-11-07T12:58:58.7273213Z ##[group]Disabling automatic garbage collection
2025-11-07T12:58:58.7276925Z [command]/usr/bin/git config --local gc.auto 0
2025-11-07T12:58:58.7309478Z ##[endgroup]
2025-11-07T12:58:58.7310845Z ##[group]Setting up auth
2025-11-07T12:58:58.7317645Z [command]/usr/bin/git config --local --name-only --get-regexp core\.sshCommand
2025-11-07T12:58:58.7351547Z [command]/usr/bin/git submodule foreach --recursive sh -c "git config --local --name-only --get-regexp 'core\.sshCommand' && git config --local --unset-all 'core.sshCommand' || :"
2025-11-07T12:58:58.7814027Z [command]/usr/bin/git config --local --name-only --get-regexp http\.https\:\/\/github\.com\/\.extraheader
2025-11-07T12:58:58.7844665Z [command]/usr/bin/git submodule foreach --recursive sh -c "git config --local --name-only --get-regexp 'http\.https\:\/\/github\.com\/\.extraheader' && git config --local --unset-all 'http.https://github.com/.extraheader' || :"
2025-11-07T12:58:58.8071685Z [command]/usr/bin/git config --local http.https://github.com/.extraheader AUTHORIZATION: basic ***
2025-11-07T12:58:58.8116187Z ##[endgroup]
2025-11-07T12:58:58.8117308Z ##[group]Fetching the repository
2025-11-07T12:58:58.8127836Z [command]/usr/bin/git -c protocol.version=2 fetch --no-tags --prune --no-recurse-submodules --depth=1 origin +25cdb7bf516379c40004764480a94297b60e813d:refs/remotes/pull/53/merge
2025-11-07T12:58:59.2720140Z From https://github.com/h111359/requirements-driven-development
2025-11-07T12:58:59.2721587Z  * [new ref]         25cdb7bf516379c40004764480a94297b60e813d -> pull/53/merge
2025-11-07T12:58:59.2757426Z ##[endgroup]
2025-11-07T12:58:59.2759366Z ##[group]Determining the checkout info
2025-11-07T12:58:59.2761477Z ##[endgroup]
2025-11-07T12:58:59.2765131Z [command]/usr/bin/git sparse-checkout disable
2025-11-07T12:58:59.2813082Z [command]/usr/bin/git config --local --unset-all extensions.worktreeConfig
2025-11-07T12:58:59.2845531Z ##[group]Checking out the ref
2025-11-07T12:58:59.2849581Z [command]/usr/bin/git checkout --progress --force refs/remotes/pull/53/merge
2025-11-07T12:58:59.3054985Z Note: switching to 'refs/remotes/pull/53/merge'.
2025-11-07T12:58:59.3056221Z 
2025-11-07T12:58:59.3057443Z You are in 'detached HEAD' state. You can look around, make experimental
2025-11-07T12:58:59.3060698Z changes and commit them, and you can discard any commits you make in this
2025-11-07T12:58:59.3063551Z state without impacting any branches by switching back to a branch.
2025-11-07T12:58:59.3065309Z 
2025-11-07T12:58:59.3066380Z If you want to create a new branch to retain commits you create, you may
2025-11-07T12:58:59.3068960Z do so (now or later) by using -c with the switch command. Example:
2025-11-07T12:58:59.3070658Z 
2025-11-07T12:58:59.3071229Z   git switch -c <new-branch-name>
2025-11-07T12:58:59.3072260Z 
2025-11-07T12:58:59.3072825Z Or undo this operation with:
2025-11-07T12:58:59.3073928Z 
2025-11-07T12:58:59.3074723Z   git switch -
2025-11-07T12:58:59.3075389Z 
2025-11-07T12:58:59.3076541Z Turn off this advice by setting config variable advice.detachedHead to false
2025-11-07T12:58:59.3078524Z 
2025-11-07T12:58:59.3080210Z HEAD is now at 25cdb7b Merge 5b16b7ec1a6439ca3f77e84da9b5266b113e6303 into ad751367b0c9a6c17544dd7edb9b3fb764dac4a9
2025-11-07T12:58:59.3085521Z ##[endgroup]
2025-11-07T12:58:59.3109358Z [command]/usr/bin/git log -1 --format=%H
2025-11-07T12:58:59.3134290Z 25cdb7bf516379c40004764480a94297b60e813d
2025-11-07T12:58:59.3452520Z ##[group]Run actions/setup-python@v5
2025-11-07T12:58:59.3453927Z with:
2025-11-07T12:58:59.3454760Z   python-version: 3.9
2025-11-07T12:58:59.3455714Z   check-latest: false
2025-11-07T12:58:59.3456921Z   token: ***
2025-11-07T12:58:59.3457810Z   update-environment: true
2025-11-07T12:58:59.3458870Z   allow-prereleases: false
2025-11-07T12:58:59.3459916Z   freethreaded: false
2025-11-07T12:58:59.3460835Z ##[endgroup]
2025-11-07T12:58:59.5205840Z ##[group]Installed versions
2025-11-07T12:58:59.5326052Z Successfully set up CPython (3.9.24)
2025-11-07T12:58:59.5328926Z ##[endgroup]
2025-11-07T12:58:59.5525550Z ##[group]Run sudo apt-get update
2025-11-07T12:58:59.5527483Z [36;1msudo apt-get update[0m
2025-11-07T12:58:59.5529315Z [36;1msudo apt-get install -y bats[0m
2025-11-07T12:58:59.5589371Z shell: /usr/bin/bash -e {0}
2025-11-07T12:58:59.5590371Z env:
2025-11-07T12:58:59.5591393Z   pythonLocation: /opt/hostedtoolcache/Python/3.9.24/x64
2025-11-07T12:58:59.5593425Z   PKG_CONFIG_PATH: /opt/hostedtoolcache/Python/3.9.24/x64/lib/pkgconfig
2025-11-07T12:58:59.5595186Z   Python_ROOT_DIR: /opt/hostedtoolcache/Python/3.9.24/x64
2025-11-07T12:58:59.5596763Z   Python2_ROOT_DIR: /opt/hostedtoolcache/Python/3.9.24/x64
2025-11-07T12:58:59.5663025Z   Python3_ROOT_DIR: /opt/hostedtoolcache/Python/3.9.24/x64
2025-11-07T12:58:59.5664992Z   LD_LIBRARY_PATH: /opt/hostedtoolcache/Python/3.9.24/x64/lib
2025-11-07T12:58:59.5666421Z ##[endgroup]
2025-11-07T12:58:59.6560598Z Get:1 file:/etc/apt/apt-mirrors.txt Mirrorlist [144 B]
2025-11-07T12:58:59.6876344Z Hit:2 http://azure.archive.ubuntu.com/ubuntu noble InRelease
2025-11-07T12:58:59.6881273Z Get:6 https://packages.microsoft.com/repos/azure-cli noble InRelease [3564 B]
2025-11-07T12:58:59.6900065Z Get:3 http://azure.archive.ubuntu.com/ubuntu noble-updates InRelease [126 kB]
2025-11-07T12:58:59.6927853Z Get:7 https://packages.microsoft.com/ubuntu/24.04/prod noble InRelease [3600 B]
2025-11-07T12:58:59.6958469Z Get:4 http://azure.archive.ubuntu.com/ubuntu noble-backports InRelease [126 kB]
2025-11-07T12:58:59.7035151Z Get:5 http://azure.archive.ubuntu.com/ubuntu noble-security InRelease [126 kB]
2025-11-07T12:58:59.8196108Z Get:8 https://packages.microsoft.com/repos/azure-cli noble/main amd64 Packages [1700 B]
2025-11-07T12:58:59.8663993Z Get:9 http://azure.archive.ubuntu.com/ubuntu noble-updates/main amd64 Packages [1585 kB]
2025-11-07T12:58:59.8762326Z Get:10 http://azure.archive.ubuntu.com/ubuntu noble-updates/main Translation-en [299 kB]
2025-11-07T12:58:59.8773832Z Get:11 http://azure.archive.ubuntu.com/ubuntu noble-updates/main amd64 Components [175 kB]
2025-11-07T12:58:59.8882411Z Get:12 http://azure.archive.ubuntu.com/ubuntu noble-updates/main amd64 c-n-f Metadata [15.7 kB]
2025-11-07T12:58:59.8927721Z Get:13 http://azure.archive.ubuntu.com/ubuntu noble-updates/universe amd64 Packages [1498 kB]
2025-11-07T12:58:59.8990241Z Get:14 http://azure.archive.ubuntu.com/ubuntu noble-updates/universe amd64 Components [377 kB]
2025-11-07T12:58:59.9024800Z Get:15 http://azure.archive.ubuntu.com/ubuntu noble-updates/universe amd64 c-n-f Metadata [31.4 kB]
2025-11-07T12:58:59.9056216Z Get:16 http://azure.archive.ubuntu.com/ubuntu noble-updates/restricted amd64 Packages [2244 kB]
2025-11-07T12:58:59.9187187Z Get:17 http://azure.archive.ubuntu.com/ubuntu noble-updates/restricted Translation-en [509 kB]
2025-11-07T12:58:59.9219323Z Get:18 http://azure.archive.ubuntu.com/ubuntu noble-updates/restricted amd64 Components [212 B]
2025-11-07T12:58:59.9311222Z Get:20 https://packages.microsoft.com/ubuntu/24.04/prod noble/main amd64 Packages [66.8 kB]
2025-11-07T12:58:59.9355350Z Get:21 https://packages.microsoft.com/ubuntu/24.04/prod noble/main armhf Packages [11.2 kB]
2025-11-07T12:58:59.9389293Z Get:22 https://packages.microsoft.com/ubuntu/24.04/prod noble/main arm64 Packages [49.6 kB]
2025-11-07T12:58:59.9662479Z Get:19 http://azure.archive.ubuntu.com/ubuntu noble-updates/multiverse amd64 Components [940 B]
2025-11-07T12:58:59.9810154Z Get:23 http://azure.archive.ubuntu.com/ubuntu noble-backports/main amd64 Components [7136 B]
2025-11-07T12:58:59.9824869Z Get:24 http://azure.archive.ubuntu.com/ubuntu noble-backports/universe amd64 Components [11.0 kB]
2025-11-07T12:58:59.9837248Z Get:25 http://azure.archive.ubuntu.com/ubuntu noble-backports/restricted amd64 Components [216 B]
2025-11-07T12:58:59.9851496Z Get:26 http://azure.archive.ubuntu.com/ubuntu noble-backports/multiverse amd64 Components [212 B]
2025-11-07T12:59:00.0383801Z Get:27 http://azure.archive.ubuntu.com/ubuntu noble-security/main amd64 Packages [1305 kB]
2025-11-07T12:59:00.0488871Z Get:28 http://azure.archive.ubuntu.com/ubuntu noble-security/main Translation-en [215 kB]
2025-11-07T12:59:00.0510451Z Get:29 http://azure.archive.ubuntu.com/ubuntu noble-security/main amd64 Components [21.5 kB]
2025-11-07T12:59:00.0532748Z Get:30 http://azure.archive.ubuntu.com/ubuntu noble-security/main amd64 c-n-f Metadata [9336 B]
2025-11-07T12:59:00.0546552Z Get:31 http://azure.archive.ubuntu.com/ubuntu noble-security/universe amd64 Packages [906 kB]
2025-11-07T12:59:00.0623223Z Get:32 http://azure.archive.ubuntu.com/ubuntu noble-security/universe Translation-en [203 kB]
2025-11-07T12:59:00.0649532Z Get:33 http://azure.archive.ubuntu.com/ubuntu noble-security/universe amd64 Components [52.2 kB]
2025-11-07T12:59:00.0663612Z Get:34 http://azure.archive.ubuntu.com/ubuntu noble-security/universe amd64 c-n-f Metadata [19.4 kB]
2025-11-07T12:59:00.0678846Z Get:35 http://azure.archive.ubuntu.com/ubuntu noble-security/restricted amd64 Packages [2135 kB]
2025-11-07T12:59:00.1233237Z Get:36 http://azure.archive.ubuntu.com/ubuntu noble-security/restricted Translation-en [485 kB]
2025-11-07T12:59:00.1265630Z Get:37 http://azure.archive.ubuntu.com/ubuntu noble-security/restricted amd64 Components [212 B]
2025-11-07T12:59:00.1276518Z Get:38 http://azure.archive.ubuntu.com/ubuntu noble-security/multiverse amd64 Components [208 B]
2025-11-07T12:59:08.9970166Z Fetched 12.6 MB in 1s (8422 kB/s)
2025-11-07T12:59:09.8248317Z Reading package lists...
2025-11-07T12:59:09.8588330Z Reading package lists...
2025-11-07T12:59:10.0927832Z Building dependency tree...
2025-11-07T12:59:10.0935308Z Reading state information...
2025-11-07T12:59:10.3155391Z The following NEW packages will be installed:
2025-11-07T12:59:10.3166336Z   bats
2025-11-07T12:59:10.3357822Z 0 upgraded, 1 newly installed, 0 to remove and 22 not upgraded.
2025-11-07T12:59:10.3358415Z Need to get 45.5 kB of archives.
2025-11-07T12:59:10.3358908Z After this operation, 166 kB of additional disk space will be used.
2025-11-07T12:59:10.3359630Z Get:1 file:/etc/apt/apt-mirrors.txt Mirrorlist [144 B]
2025-11-07T12:59:10.4249939Z Get:2 http://azure.archive.ubuntu.com/ubuntu noble/universe amd64 bats all 1.10.0-1 [45.5 kB]
2025-11-07T12:59:10.6981714Z Fetched 45.5 kB in 0s (447 kB/s)
2025-11-07T12:59:10.7221489Z Selecting previously unselected package bats.
2025-11-07T12:59:10.7565833Z (Reading database ... 
2025-11-07T12:59:10.7566462Z (Reading database ... 5%
2025-11-07T12:59:10.7566829Z (Reading database ... 10%
2025-11-07T12:59:10.7567169Z (Reading database ... 15%
2025-11-07T12:59:10.7567494Z (Reading database ... 20%
2025-11-07T12:59:10.7567820Z (Reading database ... 25%
2025-11-07T12:59:10.7568154Z (Reading database ... 30%
2025-11-07T12:59:10.7568469Z (Reading database ... 35%
2025-11-07T12:59:10.7568978Z (Reading database ... 40%
2025-11-07T12:59:10.7569294Z (Reading database ... 45%
2025-11-07T12:59:10.7569615Z (Reading database ... 50%
2025-11-07T12:59:10.7686613Z (Reading database ... 55%
2025-11-07T12:59:11.0247245Z (Reading database ... 60%
2025-11-07T12:59:11.2167202Z (Reading database ... 65%
2025-11-07T12:59:11.4683866Z (Reading database ... 70%
2025-11-07T12:59:11.6248714Z (Reading database ... 75%
2025-11-07T12:59:11.8598680Z (Reading database ... 80%
2025-11-07T12:59:12.1095787Z (Reading database ... 85%
2025-11-07T12:59:12.2698040Z (Reading database ... 90%
2025-11-07T12:59:12.5209698Z (Reading database ... 95%
2025-11-07T12:59:12.5210112Z (Reading database ... 100%
2025-11-07T12:59:12.5210641Z (Reading database ... 215802 files and directories currently installed.)
2025-11-07T12:59:12.5259100Z Preparing to unpack .../archives/bats_1.10.0-1_all.deb ...
2025-11-07T12:59:12.5288198Z Unpacking bats (1.10.0-1) ...
2025-11-07T12:59:12.5958269Z Setting up bats (1.10.0-1) ...
2025-11-07T12:59:12.5991774Z Processing triggers for man-db (2.12.0-4build2) ...
2025-11-07T12:59:26.2993696Z 
2025-11-07T12:59:26.2994292Z Running kernel seems to be up-to-date.
2025-11-07T12:59:26.2996287Z 
2025-11-07T12:59:26.2996804Z No services need to be restarted.
2025-11-07T12:59:26.2997080Z 
2025-11-07T12:59:26.2997596Z No containers need to be restarted.
2025-11-07T12:59:26.2997886Z 
2025-11-07T12:59:26.2998120Z No user sessions are running outdated binaries.
2025-11-07T12:59:26.2998493Z 
2025-11-07T12:59:26.2998851Z No VM guests are running outdated hypervisor (qemu) binaries on this host.
2025-11-07T12:59:27.4004527Z ##[group]Run python setup-test-env.py
2025-11-07T12:59:27.4004856Z [36;1mpython setup-test-env.py[0m
2025-11-07T12:59:27.4040193Z shell: /usr/bin/bash -e {0}
2025-11-07T12:59:27.4040419Z env:
2025-11-07T12:59:27.4040651Z   pythonLocation: /opt/hostedtoolcache/Python/3.9.24/x64
2025-11-07T12:59:27.4041053Z   PKG_CONFIG_PATH: /opt/hostedtoolcache/Python/3.9.24/x64/lib/pkgconfig
2025-11-07T12:59:27.4041438Z   Python_ROOT_DIR: /opt/hostedtoolcache/Python/3.9.24/x64
2025-11-07T12:59:27.4041778Z   Python2_ROOT_DIR: /opt/hostedtoolcache/Python/3.9.24/x64
2025-11-07T12:59:27.4042129Z   Python3_ROOT_DIR: /opt/hostedtoolcache/Python/3.9.24/x64
2025-11-07T12:59:27.4042483Z   LD_LIBRARY_PATH: /opt/hostedtoolcache/Python/3.9.24/x64/lib
2025-11-07T12:59:27.4042768Z ##[endgroup]
2025-11-07T12:59:37.2108157Z 
2025-11-07T12:59:37.2108705Z ============================================================
2025-11-07T12:59:37.2109194Z   RDD Test Environment Setup
2025-11-07T12:59:37.2109653Z ============================================================
2025-11-07T12:59:37.2109934Z 
2025-11-07T12:59:37.2110327Z ✓ Python 3.9.24 detected
2025-11-07T12:59:37.2110539Z 
2025-11-07T12:59:37.2111011Z Repository root: /home/runner/work/requirements-driven-development/requirements-driven-development
2025-11-07T12:59:37.2112162Z Virtual environment: /home/runner/work/requirements-driven-development/requirements-driven-development/.venv
2025-11-07T12:59:37.2113730Z Requirements file: /home/runner/work/requirements-driven-development/requirements-driven-development/tests/requirements.txt
2025-11-07T12:59:37.2114515Z 
2025-11-07T12:59:37.2115343Z ℹ Creating virtual environment at /home/runner/work/requirements-driven-development/requirements-driven-development/.venv...
2025-11-07T12:59:37.2116250Z ✓ Virtual environment created
2025-11-07T12:59:37.2116622Z ℹ Upgrading pip...
2025-11-07T12:59:37.2116916Z ✓ pip upgraded
2025-11-07T12:59:37.2117366Z ℹ Installing/updating test dependencies...
2025-11-07T12:59:37.2117865Z ✓ Test dependencies installed/updated
2025-11-07T12:59:37.2118104Z 
2025-11-07T12:59:37.2118225Z ============================================================
2025-11-07T12:59:37.2118602Z Setup completed successfully!
2025-11-07T12:59:37.2118925Z ============================================================
2025-11-07T12:59:37.2119206Z 
2025-11-07T12:59:37.2119338Z To activate the virtual environment:
2025-11-07T12:59:37.2120088Z   source /home/runner/work/requirements-driven-development/requirements-driven-development/.venv/bin/activate
2025-11-07T12:59:37.2120839Z 
2025-11-07T12:59:37.2120963Z To run tests:
2025-11-07T12:59:37.2121796Z   pytest tests/python/
2025-11-07T12:59:37.2122012Z 
2025-11-07T12:59:37.2122133Z To deactivate:
2025-11-07T12:59:37.2122419Z   deactivate
2025-11-07T12:59:37.2122585Z 
2025-11-07T12:59:37.2188868Z ##[group]Run bash scripts/run-tests.sh
2025-11-07T12:59:37.2189182Z [36;1mbash scripts/run-tests.sh[0m
2025-11-07T12:59:37.2222164Z shell: /usr/bin/bash -e {0}
2025-11-07T12:59:37.2222383Z env:
2025-11-07T12:59:37.2222612Z   pythonLocation: /opt/hostedtoolcache/Python/3.9.24/x64
2025-11-07T12:59:37.2223221Z   PKG_CONFIG_PATH: /opt/hostedtoolcache/Python/3.9.24/x64/lib/pkgconfig
2025-11-07T12:59:37.2223628Z   Python_ROOT_DIR: /opt/hostedtoolcache/Python/3.9.24/x64
2025-11-07T12:59:37.2223967Z   Python2_ROOT_DIR: /opt/hostedtoolcache/Python/3.9.24/x64
2025-11-07T12:59:37.2224297Z   Python3_ROOT_DIR: /opt/hostedtoolcache/Python/3.9.24/x64
2025-11-07T12:59:37.2224649Z   LD_LIBRARY_PATH: /opt/hostedtoolcache/Python/3.9.24/x64/lib
2025-11-07T12:59:37.2224930Z ##[endgroup]
2025-11-07T12:59:37.2314225Z 
2025-11-07T12:59:37.2314497Z ============================================================
2025-11-07T12:59:37.2315140Z   RDD Framework Test Runner (Linux)
2025-11-07T12:59:37.2315594Z ============================================================
2025-11-07T12:59:37.2315817Z 
2025-11-07T12:59:37.2316351Z [0;34mℹ[0m Checking prerequisites...
2025-11-07T12:59:37.2331020Z [0;32m✓[0m Python found: Python 3.9.24
2025-11-07T12:59:37.2331623Z [0;32m✓[0m Virtual environment found
2025-11-07T12:59:37.2332214Z [0;34mℹ[0m Activating virtual environment...
2025-11-07T12:59:37.2334831Z [0;32m✓[0m Virtual environment activated
2025-11-07T12:59:37.9170790Z [0;32m✓[0m pytest found: pytest 8.4.2
2025-11-07T12:59:37.9171162Z 
2025-11-07T12:59:37.9171188Z 
2025-11-07T12:59:37.9171341Z ============================================================
2025-11-07T12:59:37.9171790Z   Running Tests
2025-11-07T12:59:37.9172119Z ============================================================
2025-11-07T12:59:37.9172432Z 
2025-11-07T12:59:37.9172769Z [0;34m[1/4][0m Running Python unit tests
2025-11-07T12:59:38.2218584Z ============================= test session starts ==============================
2025-11-07T12:59:38.2219686Z platform linux -- Python 3.9.24, pytest-8.4.2, pluggy-1.6.0 -- /home/runner/work/requirements-driven-development/requirements-driven-development/.venv/bin/python
2025-11-07T12:59:38.2220576Z cachedir: .pytest_cache
2025-11-07T12:59:38.2221111Z rootdir: /home/runner/work/requirements-driven-development/requirements-driven-development
2025-11-07T12:59:38.2221778Z plugins: timeout-2.4.0, cov-7.0.0, xdist-3.8.0, mock-3.15.1
2025-11-07T12:59:38.3090313Z collecting ... collected 49 items
2025-11-07T12:59:38.3090651Z 
2025-11-07T12:59:38.3406536Z tests/python/test_integration.py::TestChangeWorkflow::test_fix_branch_workflow PASSED [  2%]
2025-11-07T12:59:38.3657695Z tests/python/test_integration.py::TestRequirementsManagement::test_requirements_changes_format PASSED [  4%]
2025-11-07T12:59:38.3936180Z tests/python/test_integration.py::TestWorkspaceArchiving::test_workspace_backup_creation PASSED [  6%]
2025-11-07T12:59:38.4269758Z tests/python/test_integration.py::TestGitIntegration::test_branch_creation_and_switching PASSED [  8%]
2025-11-07T12:59:38.4580320Z tests/python/test_integration.py::TestGitIntegration::test_uncommitted_changes_detection PASSED [ 10%]
2025-11-07T12:59:38.4998479Z tests/python/test_integration.py::TestConfigManagement::test_config_read_write_cycle PASSED [ 12%]
2025-11-07T12:59:38.5348012Z tests/python/test_integration.py::TestConfigManagement::test_config_default_branch PASSED [ 14%]
2025-11-07T12:59:38.5369573Z tests/python/test_rdd_main.py::TestCLIHelp::test_version_command PASSED  [ 16%]
2025-11-07T12:59:38.5385312Z tests/python/test_rdd_main.py::TestCLIHelp::test_help_command PASSED     [ 18%]
2025-11-07T12:59:38.5399402Z tests/python/test_rdd_main.py::TestDomainRouting::test_config_show_routing PASSED [ 20%]
2025-11-07T12:59:38.5413500Z tests/python/test_rdd_main.py::TestDomainRouting::test_workspace_init_routing PASSED [ 22%]
2025-11-07T12:59:38.5539171Z tests/python/test_rdd_main.py::TestChangeCommands::test_change_create_requires_default_branch PASSED [ 24%]
2025-11-07T12:59:38.5994935Z tests/python/test_rdd_main.py::TestMenuInteraction::test_curses_menu_selection PASSED [ 26%]
2025-11-07T12:59:38.6009367Z tests/python/test_rdd_main.py::TestValidationCommands::test_check_repo_valid PASSED [ 28%]
2025-11-07T12:59:38.6021646Z tests/python/test_rdd_main.py::TestErrorHandling::test_no_command_shows_help PASSED [ 30%]
2025-11-07T12:59:38.6032657Z tests/python/test_rdd_main.py::TestErrorHandling::test_invalid_domain_error PASSED [ 32%]
2025-11-07T12:59:38.6044745Z tests/python/test_rdd_main.py::TestErrorHandling::test_invalid_action_error PASSED [ 34%]
2025-11-07T12:59:38.6055302Z tests/python/test_rdd_utils.py::TestOutputFunctions::test_print_success PASSED [ 36%]
2025-11-07T12:59:38.6066171Z tests/python/test_rdd_utils.py::TestOutputFunctions::test_print_error PASSED [ 38%]
2025-11-07T12:59:38.6078426Z tests/python/test_rdd_utils.py::TestOutputFunctions::test_print_warning PASSED [ 40%]
2025-11-07T12:59:38.6089598Z tests/python/test_rdd_utils.py::TestOutputFunctions::test_print_info PASSED [ 42%]
2025-11-07T12:59:38.6101395Z tests/python/test_rdd_utils.py::TestValidationFunctions::test_validate_name_valid PASSED [ 44%]
2025-11-07T12:59:38.6111337Z tests/python/test_rdd_utils.py::TestValidationFunctions::test_validate_name_with_spaces PASSED [ 46%]
2025-11-07T12:59:38.6121052Z tests/python/test_rdd_utils.py::TestValidationFunctions::test_validate_name_with_special_chars PASSED [ 48%]
2025-11-07T12:59:38.6130625Z tests/python/test_rdd_utils.py::TestValidationFunctions::test_validate_name_empty PASSED [ 51%]
2025-11-07T12:59:38.6141278Z tests/python/test_rdd_utils.py::TestValidationFunctions::test_normalize_to_kebab_case PASSED [ 53%]
2025-11-07T12:59:38.6156408Z tests/python/test_rdd_utils.py::TestValidationFunctions::test_validate_file_exists PASSED [ 55%]
2025-11-07T12:59:38.6169314Z tests/python/test_rdd_utils.py::TestValidationFunctions::test_validate_dir_exists PASSED [ 57%]
2025-11-07T12:59:38.6190932Z tests/python/test_rdd_utils.py::TestGitFunctions::test_check_git_repo_valid PASSED [ 59%]
2025-11-07T12:59:38.6206158Z tests/python/test_rdd_utils.py::TestGitFunctions::test_check_git_repo_invalid PASSED [ 61%]
2025-11-07T12:59:38.6218841Z tests/python/test_rdd_utils.py::TestGitFunctions::test_get_current_branch PASSED [ 63%]
2025-11-07T12:59:38.6502009Z tests/python/test_rdd_utils.py::TestGitFunctions::test_get_default_branch_from_config PASSED [ 65%]
2025-11-07T12:59:38.6515950Z tests/python/test_rdd_utils.py::TestGitFunctions::test_get_branch_type_fix PASSED [ 67%]
2025-11-07T12:59:38.6529636Z tests/python/test_rdd_utils.py::TestGitFunctions::test_get_branch_type_enh PASSED [ 69%]
2025-11-07T12:59:38.6542357Z tests/python/test_rdd_utils.py::TestGitFunctions::test_get_branch_type_main PASSED [ 71%]
2025-11-07T12:59:38.6556926Z tests/python/test_rdd_utils.py::TestGitFunctions::test_is_enh_or_fix_branch PASSED [ 73%]
2025-11-07T12:59:38.6566633Z tests/python/test_rdd_utils.py::TestTimestampFunctions::test_get_timestamp_format PASSED [ 75%]
2025-11-07T12:59:38.6576025Z tests/python/test_rdd_utils.py::TestTimestampFunctions::test_get_timestamp_filename_format PASSED [ 77%]
2025-11-07T12:59:38.6870682Z tests/python/test_rdd_utils.py::TestConfigFunctions::test_get_rdd_config_existing_key PASSED [ 79%]
2025-11-07T12:59:38.7166758Z tests/python/test_rdd_utils.py::TestConfigFunctions::test_get_rdd_config_missing_key_with_default PASSED [ 81%]
2025-11-07T12:59:38.7461189Z tests/python/test_rdd_utils.py::TestConfigFunctions::test_set_rdd_config PASSED [ 83%]
2025-11-07T12:59:38.7766446Z tests/python/test_rdd_utils.py::TestConfigFunctions::test_get_rdd_config_path PASSED [ 85%]
2025-11-07T12:59:38.7781744Z tests/python/test_rdd_utils.py::TestWorkspaceUtilities::test_ensure_dir_creates_directory PASSED [ 87%]
2025-11-07T12:59:38.7793515Z tests/python/test_rdd_utils.py::TestWorkspaceUtilities::test_ensure_dir_existing_directory PASSED [ 89%]
2025-11-07T12:59:38.8057593Z tests/python/test_rdd_utils.py::TestPromptFunctions::test_mark_prompt_completed PASSED [ 91%]
2025-11-07T12:59:38.8072763Z tests/python/test_rdd_utils.py::TestConfirmAction::test_confirm_action_yes PASSED [ 93%]
2025-11-07T12:59:38.8085096Z tests/python/test_rdd_utils.py::TestConfirmAction::test_confirm_action_no PASSED [ 95%]
2025-11-07T12:59:38.8096817Z tests/python/test_rdd_utils.py::TestConfirmAction::test_confirm_action_yes_full PASSED [ 97%]
2025-11-07T12:59:38.8386635Z tests/python/test_rdd_utils.py::TestConfirmAction::test_confirm_action_invalid PASSED [100%]
2025-11-07T12:59:38.8387254Z 
2025-11-07T12:59:38.8387453Z ============================== 49 passed in 0.60s ==============================
2025-11-07T12:59:38.8670722Z [0;32m✓[0m Python unit tests passed
2025-11-07T12:59:38.8671051Z 
2025-11-07T12:59:38.8671183Z [0;34m[2/4][0m Running build tests
2025-11-07T12:59:39.0719242Z ============================= test session starts ==============================
2025-11-07T12:59:39.0720443Z platform linux -- Python 3.9.24, pytest-8.4.2, pluggy-1.6.0 -- /home/runner/work/requirements-driven-development/requirements-driven-development/.venv/bin/python
2025-11-07T12:59:39.0721286Z cachedir: .pytest_cache
2025-11-07T12:59:39.0721772Z rootdir: /home/runner/work/requirements-driven-development/requirements-driven-development
2025-11-07T12:59:39.0722365Z plugins: timeout-2.4.0, cov-7.0.0, xdist-3.8.0, mock-3.15.1
2025-11-07T12:59:39.1033621Z collecting ... collected 15 items
2025-11-07T12:59:39.1033978Z 
2025-11-07T12:59:39.1070113Z tests/build/test_build.py::TestVersionExtraction::test_read_version_from_config PASSED [  6%]
2025-11-07T12:59:39.1110702Z tests/build/test_build.py::TestBuildDirCreation::test_create_build_dir PASSED [ 13%]
2025-11-07T12:59:39.1155816Z tests/build/test_build.py::TestFileCopying::test_copy_prompts PASSED     [ 20%]
2025-11-07T12:59:39.1199136Z tests/build/test_build.py::TestFileCopying::test_copy_scripts PASSED     [ 26%]
2025-11-07T12:59:39.1242440Z tests/build/test_build.py::TestFileCopying::test_copy_templates PASSED   [ 33%]
2025-11-07T12:59:39.1285840Z tests/build/test_build.py::TestFileCopying::test_copy_vscode_settings PASSED [ 40%]
2025-11-07T12:59:39.1335633Z tests/build/test_build.py::TestFileCopying::test_copy_rdd_docs_seeds PASSED [ 46%]
2025-11-07T12:59:39.1377694Z tests/build/test_build.py::TestTemplateGeneration::test_generate_readme PASSED [ 53%]
2025-11-07T12:59:39.1418905Z tests/build/test_build.py::TestTemplateGeneration::test_generate_installer PASSED [ 60%]
2025-11-07T12:59:39.1461651Z tests/build/test_build.py::TestTemplateGeneration::test_generate_bash_installer PASSED [ 66%]
2025-11-07T12:59:39.1504261Z tests/build/test_build.py::TestTemplateGeneration::test_generate_powershell_installer PASSED [ 73%]
2025-11-07T12:59:39.1559309Z tests/build/test_build.py::TestArchiveCreation::test_create_archive PASSED [ 80%]
2025-11-07T12:59:39.1616380Z tests/build/test_build.py::TestChecksumGeneration::test_generate_checksum PASSED [ 86%]
2025-11-07T12:59:39.1627117Z tests/build/test_build.py::TestOutputFunctions::test_print_success PASSED [ 93%]
2025-11-07T12:59:39.1874392Z tests/build/test_build.py::TestOutputFunctions::test_print_error PASSED  [100%]
2025-11-07T12:59:39.1874970Z 
2025-11-07T12:59:39.1875124Z ============================== 15 passed in 0.10s ==============================
2025-11-07T12:59:39.2119545Z [0;32m✓[0m Build tests passed
2025-11-07T12:59:39.2119762Z 
2025-11-07T12:59:39.2119908Z [0;34m[3/4][0m Running install tests
2025-11-07T12:59:39.4199157Z ============================= test session starts ==============================
2025-11-07T12:59:39.4200078Z platform linux -- Python 3.9.24, pytest-8.4.2, pluggy-1.6.0 -- /home/runner/work/requirements-driven-development/requirements-driven-development/.venv/bin/python
2025-11-07T12:59:39.4200859Z cachedir: .pytest_cache
2025-11-07T12:59:39.4201341Z rootdir: /home/runner/work/requirements-driven-development/requirements-driven-development
2025-11-07T12:59:39.4201936Z plugins: timeout-2.4.0, cov-7.0.0, xdist-3.8.0, mock-3.15.1
2025-11-07T12:59:39.4512014Z collecting ... collected 21 items
2025-11-07T12:59:39.4512387Z 
2025-11-07T12:59:39.4523534Z tests/install/test_install.py::TestPreFlightChecks::test_check_python_version_success PASSED [  4%]
2025-11-07T12:59:39.4537276Z tests/install/test_install.py::TestPreFlightChecks::test_check_git_installed_success PASSED [  9%]
2025-11-07T12:59:39.4548864Z tests/install/test_install.py::TestPreFlightChecks::test_check_git_installed_failure PASSED [ 14%]
2025-11-07T12:59:39.4846106Z tests/install/test_install.py::TestPreFlightChecks::test_check_git_repo_valid PASSED [ 19%]
2025-11-07T12:59:39.4859158Z tests/install/test_install.py::TestPreFlightChecks::test_check_git_repo_invalid PASSED [ 23%]
2025-11-07T12:59:39.5108650Z tests/install/test_install.py::TestExistingInstallationDetection::test_detect_existing_installation_none PASSED [ 28%]
2025-11-07T12:59:39.5359200Z tests/install/test_install.py::TestExistingInstallationDetection::test_detect_existing_installation_found PASSED [ 33%]
2025-11-07T12:59:39.5631009Z tests/install/test_install.py::TestFileOperations::test_copy_prompts PASSED [ 38%]
2025-11-07T12:59:39.5909299Z tests/install/test_install.py::TestFileOperations::test_copy_framework PASSED [ 42%]
2025-11-07T12:59:39.6191715Z tests/install/test_install.py::TestFileOperations::test_copy_seed_templates PASSED [ 47%]
2025-11-07T12:59:39.6453423Z tests/install/test_install.py::TestSettingsMerge::test_merge_settings_empty_target PASSED [ 52%]
2025-11-07T12:59:39.6462070Z tests/install/test_install.py::TestSettingsMerge::test_merge_settings_existing_values PASSED [ 57%]
2025-11-07T12:59:39.6470491Z tests/install/test_install.py::TestSettingsMerge::test_merge_settings_object_merge PASSED [ 61%]
2025-11-07T12:59:39.6721820Z tests/install/test_install.py::TestGitignoreUpdate::test_update_gitignore_new_file PASSED [ 66%]
2025-11-07T12:59:39.6978225Z tests/install/test_install.py::TestGitignoreUpdate::test_update_gitignore_existing_file PASSED [ 71%]
2025-11-07T12:59:39.7233127Z tests/install/test_install.py::TestGitignoreUpdate::test_update_gitignore_already_present PASSED [ 76%]
2025-11-07T12:59:39.7684488Z tests/install/test_install.py::TestVerification::test_verify_installation_success PASSED [ 80%]
2025-11-07T12:59:39.7954235Z tests/install/test_install.py::TestVerification::test_verify_installation_missing_files PASSED [ 85%]
2025-11-07T12:59:39.7967428Z tests/install/test_install.py::TestOutputFunctions::test_print_banner PASSED [ 90%]
2025-11-07T12:59:39.7978595Z tests/install/test_install.py::TestOutputFunctions::test_print_success PASSED [ 95%]
2025-11-07T12:59:39.8269427Z tests/install/test_install.py::TestOutputFunctions::test_print_error PASSED [100%]
2025-11-07T12:59:39.8270115Z 
2025-11-07T12:59:39.8270346Z ============================== 21 passed in 0.39s ==============================
2025-11-07T12:59:39.8563575Z [0;32m✓[0m Install tests passed
2025-11-07T12:59:39.8563992Z 
2025-11-07T12:59:39.8564306Z [0;34m[4/4][0m Running shell tests (BATS)
2025-11-07T12:59:39.9111662Z 1..10
2025-11-07T12:59:39.9983828Z ok 1 install.sh exists and is executable
2025-11-07T12:59:40.0313307Z ok 2 install.sh shows version banner # skip Interactive test - requires user input
2025-11-07T12:59:40.0664157Z ok 3 check python3 availability
2025-11-07T12:59:40.1017159Z ok 4 check git availability
2025-11-07T12:59:40.1439973Z ok 5 create test git repository
2025-11-07T12:59:40.1778311Z ok 6 install.py can be executed with python # skip install.py is interactive and doesn't support --help flag
2025-11-07T12:59:40.2191859Z ok 7 directory navigation functions work
2025-11-07T12:59:40.2594104Z ok 8 git repository detection works
2025-11-07T12:59:40.2996330Z ok 9 file operations work correctly
2025-11-07T12:59:40.3372696Z ok 10 directory traversal safety
2025-11-07T12:59:40.3458623Z [0;32m✓[0m Shell tests passed
2025-11-07T12:59:40.3458983Z 
2025-11-07T12:59:40.3458991Z 
2025-11-07T12:59:40.3459140Z ============================================================
2025-11-07T12:59:40.3459858Z   Test Summary
2025-11-07T12:59:40.3460164Z ============================================================
2025-11-07T12:59:40.3460455Z 
2025-11-07T12:59:40.3460773Z Total test suites: 4
2025-11-07T12:59:40.3461188Z [0;32mPassed: 4[0m
2025-11-07T12:59:40.3461373Z 
2025-11-07T12:59:40.3462534Z [0;32m✓[0m All tests passed!
2025-11-07T12:59:40.3502116Z ##[group]Run source .venv/bin/activate
2025-11-07T12:59:40.3502448Z [36;1msource .venv/bin/activate[0m
2025-11-07T12:59:40.3503090Z [36;1mpytest tests/python/ --cov=.rdd/scripts --cov=scripts --cov-report=xml --cov-report=term[0m
2025-11-07T12:59:40.3536485Z shell: /usr/bin/bash -e {0}
2025-11-07T12:59:40.3536705Z env:
2025-11-07T12:59:40.3536945Z   pythonLocation: /opt/hostedtoolcache/Python/3.9.24/x64
2025-11-07T12:59:40.3537334Z   PKG_CONFIG_PATH: /opt/hostedtoolcache/Python/3.9.24/x64/lib/pkgconfig
2025-11-07T12:59:40.3537713Z   Python_ROOT_DIR: /opt/hostedtoolcache/Python/3.9.24/x64
2025-11-07T12:59:40.3538056Z   Python2_ROOT_DIR: /opt/hostedtoolcache/Python/3.9.24/x64
2025-11-07T12:59:40.3538400Z   Python3_ROOT_DIR: /opt/hostedtoolcache/Python/3.9.24/x64
2025-11-07T12:59:40.3538734Z   LD_LIBRARY_PATH: /opt/hostedtoolcache/Python/3.9.24/x64/lib
2025-11-07T12:59:40.3539013Z ##[endgroup]
2025-11-07T12:59:40.9313846Z ============================= test session starts ==============================
2025-11-07T12:59:40.9314713Z platform linux -- Python 3.9.24, pytest-8.4.2, pluggy-1.6.0
2025-11-07T12:59:40.9315826Z rootdir: /home/runner/work/requirements-driven-development/requirements-driven-development
2025-11-07T12:59:40.9316744Z plugins: timeout-2.4.0, cov-7.0.0, xdist-3.8.0, mock-3.15.1
2025-11-07T12:59:40.9317226Z collected 49 items
2025-11-07T12:59:40.9317340Z 
2025-11-07T12:59:41.1778740Z tests/python/test_integration.py .......                                 [ 14%]
2025-11-07T12:59:41.2095373Z tests/python/test_rdd_main.py ..........                                 [ 34%]
2025-11-07T12:59:41.8685283Z tests/python/test_rdd_utils.py ................................          [100%]
2025-11-07T12:59:41.8685958Z 
2025-11-07T12:59:41.8686124Z ================================ tests coverage ================================
2025-11-07T12:59:41.8686644Z _______________ coverage: platform linux, python 3.9.24-final-0 ________________
2025-11-07T12:59:41.8686999Z 
2025-11-07T12:59:41.8687141Z Name                        Stmts   Miss  Cover
2025-11-07T12:59:41.8687495Z -----------------------------------------------
2025-11-07T12:59:41.8687863Z .rdd/scripts/rdd.py          1099    966    12%
2025-11-07T12:59:41.8688221Z .rdd/scripts/rdd_utils.py     605    405    33%
2025-11-07T12:59:41.8688580Z scripts/build.py              281    281     0%
2025-11-07T12:59:41.8688934Z scripts/install.py            244    244     0%
2025-11-07T12:59:41.8689282Z -----------------------------------------------
2025-11-07T12:59:41.8689609Z TOTAL                        2229   1896    15%
2025-11-07T12:59:41.8689954Z Coverage XML written to file coverage.xml
2025-11-07T12:59:41.8690334Z ============================== 49 passed in 0.94s ==============================
2025-11-07T12:59:41.9192611Z ##[group]Run codecov/codecov-action@v4
2025-11-07T12:59:41.9193172Z with:
2025-11-07T12:59:41.9193370Z   file: ./coverage.xml
2025-11-07T12:59:41.9193551Z   flags: python
2025-11-07T12:59:41.9193731Z   name: python-coverage
2025-11-07T12:59:41.9193914Z env:
2025-11-07T12:59:41.9194135Z   pythonLocation: /opt/hostedtoolcache/Python/3.9.24/x64
2025-11-07T12:59:41.9194511Z   PKG_CONFIG_PATH: /opt/hostedtoolcache/Python/3.9.24/x64/lib/pkgconfig
2025-11-07T12:59:41.9194881Z   Python_ROOT_DIR: /opt/hostedtoolcache/Python/3.9.24/x64
2025-11-07T12:59:41.9195206Z   Python2_ROOT_DIR: /opt/hostedtoolcache/Python/3.9.24/x64
2025-11-07T12:59:41.9195532Z   Python3_ROOT_DIR: /opt/hostedtoolcache/Python/3.9.24/x64
2025-11-07T12:59:41.9195862Z   LD_LIBRARY_PATH: /opt/hostedtoolcache/Python/3.9.24/x64/lib
2025-11-07T12:59:41.9196145Z ##[endgroup]
2025-11-07T12:59:42.0073428Z eventName: pull_request
2025-11-07T12:59:42.0075080Z baseRef: h111359:dev | headRef: h111359:fix/20251107-0839-fix-version-and-build
2025-11-07T12:59:42.0082715Z ==> linux OS detected
2025-11-07T12:59:42.1758591Z https://cli.codecov.io/latest/linux/codecov.SHA256SUM
2025-11-07T12:59:42.2534943Z gpg: directory '/home/runner/.gnupg' created
2025-11-07T12:59:42.2541385Z gpg: keybox '/home/runner/.gnupg/pubring.kbx' created
2025-11-07T12:59:42.2684996Z gpg: /home/runner/.gnupg/trustdb.gpg: trustdb created
2025-11-07T12:59:42.2685923Z gpg: key 806BB28AED779869: public key "Codecov Uploader (Codecov Uploader Verification Key) <security@codecov.io>" imported
2025-11-07T12:59:42.3168746Z gpg: Total number processed: 1
2025-11-07T12:59:42.3169045Z gpg:               imported: 1
2025-11-07T12:59:42.3227281Z gpg: Signature made Thu Oct 23 15:06:21 2025 UTC
2025-11-07T12:59:42.3227695Z gpg:                using RSA key 27034E7FDB850E0BBC2C62FF806BB28AED779869
2025-11-07T12:59:42.3230394Z gpg: Good signature from "Codecov Uploader (Codecov Uploader Verification Key) <security@codecov.io>" [unknown]
2025-11-07T12:59:42.3231389Z gpg: WARNING: This key is not certified with a trusted signature!
2025-11-07T12:59:42.3232062Z gpg:          There is no indication that the signature belongs to the owner.
2025-11-07T12:59:42.3232780Z Primary key fingerprint: 2703 4E7F DB85 0E0B BC2C  62FF 806B B28A ED77 9869
2025-11-07T12:59:42.3473897Z ==> Uploader SHASUM verified (3e4d282fe243aa7283b17016ff65ab2806c262f16abb41125f0caeea380dfe77  codecov)
2025-11-07T12:59:42.3474825Z ==> Running version latest
2025-11-07T12:59:42.4156660Z Could not pull latest version information: SyntaxError: Unexpected token '<', "<!DOCTYPE "... is not valid JSON
2025-11-07T12:59:42.4158756Z ==> Running git config --global --add safe.directory /home/runner/work/requirements-driven-development/requirements-driven-development
2025-11-07T12:59:42.4254458Z [command]/usr/bin/git config --global --add safe.directory /home/runner/work/requirements-driven-development/requirements-driven-development
2025-11-07T12:59:42.4305759Z ==> Running command '/home/runner/work/_actions/codecov/codecov-action/v4/dist/codecov create-commit'
2025-11-07T12:59:42.4308993Z [command]/home/runner/work/_actions/codecov/codecov-action/v4/dist/codecov create-commit --git-service github -C 5b16b7ec1a6439ca3f77e84da9b5266b113e6303
2025-11-07T12:59:42.7925883Z info - 2025-11-07 12:59:42,791 -- ci service found: github-actions
2025-11-07T12:59:42.8021443Z warning - 2025-11-07 12:59:42,801 -- No config file could be found. Ignoring config.
2025-11-07T12:59:42.8334533Z warning - 2025-11-07 12:59:42,833 -- Branch `fix/20251107-0839-fix-version-and-build` is protected but no token was provided
2025-11-07T12:59:42.8335534Z warning - 2025-11-07 12:59:42,833 -- For information on Codecov upload tokens, see https://docs.codecov.com/docs/codecov-tokens
2025-11-07T12:59:43.1277250Z info - 2025-11-07 12:59:43,127 -- Process Commit creating complete
2025-11-07T12:59:43.1278124Z error - 2025-11-07 12:59:43,127 -- Commit creating failed: {"message":"Token required - not valid tokenless upload"}
2025-11-07T12:59:43.2333580Z Sentry is attempting to send 2 pending events
2025-11-07T12:59:43.2333959Z Waiting up to 2 seconds
2025-11-07T12:59:43.2334176Z Press Ctrl-C to quit
2025-11-07T12:59:43.2971285Z ==> Running command '/home/runner/work/_actions/codecov/codecov-action/v4/dist/codecov create-report'
2025-11-07T12:59:43.2973912Z [command]/home/runner/work/_actions/codecov/codecov-action/v4/dist/codecov create-report --git-service github -C 5b16b7ec1a6439ca3f77e84da9b5266b113e6303
2025-11-07T12:59:43.6552585Z info - 2025-11-07 12:59:43,654 -- ci service found: github-actions
2025-11-07T12:59:43.6649068Z warning - 2025-11-07 12:59:43,664 -- No config file could be found. Ignoring config.
2025-11-07T12:59:43.9653553Z info - 2025-11-07 12:59:43,964 -- Process Report creating complete
2025-11-07T12:59:43.9658563Z error - 2025-11-07 12:59:43,965 -- Report creating failed: {"message":"Token required - not valid tokenless upload"}
2025-11-07T12:59:44.0717543Z Sentry is attempting to send 2 pending events
2025-11-07T12:59:44.0717938Z Waiting up to 2 seconds
2025-11-07T12:59:44.0718165Z Press Ctrl-C to quit
2025-11-07T12:59:44.1320304Z ==> Running command '/home/runner/work/_actions/codecov/codecov-action/v4/dist/codecov do-upload'
2025-11-07T12:59:44.1322219Z [command]/home/runner/work/_actions/codecov/codecov-action/v4/dist/codecov do-upload -f ./coverage.xml -F python --git-service github -n python-coverage -C 5b16b7ec1a6439ca3f77e84da9b5266b113e6303
2025-11-07T12:59:44.4918948Z info - 2025-11-07 12:59:44,491 -- ci service found: github-actions
2025-11-07T12:59:44.5014913Z warning - 2025-11-07 12:59:44,501 -- No config file could be found. Ignoring config.
2025-11-07T12:59:44.5340111Z warning - 2025-11-07 12:59:44,533 -- xcrun is not installed or can't be found.
2025-11-07T12:59:44.5873181Z warning - 2025-11-07 12:59:44,586 -- No gcov data found.
2025-11-07T12:59:44.5876516Z warning - 2025-11-07 12:59:44,587 -- coverage.py is not installed or can't be found.
2025-11-07T12:59:44.6621530Z info - 2025-11-07 12:59:44,661 -- Found 1 coverage files to report
2025-11-07T12:59:44.6622577Z info - 2025-11-07 12:59:44,661 -- > /home/runner/work/requirements-driven-development/requirements-driven-development/coverage.xml
2025-11-07T12:59:44.9067419Z info - 2025-11-07 12:59:44,906 -- Process Upload complete
2025-11-07T12:59:44.9068235Z error - 2025-11-07 12:59:44,906 -- Upload failed: {"message":"Token required - not valid tokenless upload"}
2025-11-07T12:59:45.0476880Z Post job cleanup.
2025-11-07T12:59:45.2148752Z Post job cleanup.
2025-11-07T12:59:45.3201204Z [command]/usr/bin/git version
2025-11-07T12:59:45.3239742Z git version 2.51.2
2025-11-07T12:59:45.3278752Z Copying '/home/runner/.gitconfig' to '/home/runner/work/_temp/52992e68-96f9-467b-822a-119a1f1c4b17/.gitconfig'
2025-11-07T12:59:45.3297527Z Temporarily overriding HOME='/home/runner/work/_temp/52992e68-96f9-467b-822a-119a1f1c4b17' before making global git config changes
2025-11-07T12:59:45.3298552Z Adding repository directory to the temporary git global config as a safe directory
2025-11-07T12:59:45.3303946Z [command]/usr/bin/git config --global --add safe.directory /home/runner/work/requirements-driven-development/requirements-driven-development
2025-11-07T12:59:45.3343587Z [command]/usr/bin/git config --local --name-only --get-regexp core\.sshCommand
2025-11-07T12:59:45.3379160Z [command]/usr/bin/git submodule foreach --recursive sh -c "git config --local --name-only --get-regexp 'core\.sshCommand' && git config --local --unset-all 'core.sshCommand' || :"
2025-11-07T12:59:45.3622157Z [command]/usr/bin/git config --local --name-only --get-regexp http\.https\:\/\/github\.com\/\.extraheader
2025-11-07T12:59:45.3647241Z http.https://github.com/.extraheader
2025-11-07T12:59:45.3660801Z [command]/usr/bin/git config --local --unset-all http.https://github.com/.extraheader
2025-11-07T12:59:45.3695482Z [command]/usr/bin/git submodule foreach --recursive sh -c "git config --local --name-only --get-regexp 'http\.https\:\/\/github\.com\/\.extraheader' && git config --local --unset-all 'http.https://github.com/.extraheader' || :"
2025-11-07T12:59:45.4044912Z Cleaning up orphan processes
