2025-11-07T12:30:18.9717325Z Current runner version: '2.329.0'
2025-11-07T12:30:18.9740845Z ##[group]Runner Image Provisioner
2025-11-07T12:30:18.9741606Z Hosted Compute Agent
2025-11-07T12:30:18.9742108Z Version: 20251016.436
2025-11-07T12:30:18.9742698Z Commit: 8ab8ac8bfd662a3739dab9fe09456aba92132568
2025-11-07T12:30:18.9743331Z Build Date: 2025-10-15T20:44:12Z
2025-11-07T12:30:18.9743867Z ##[endgroup]
2025-11-07T12:30:18.9744310Z ##[group]Operating System
2025-11-07T12:30:18.9744923Z Microsoft Windows Server 2025
2025-11-07T12:30:18.9745420Z 10.0.26100
2025-11-07T12:30:18.9745879Z Datacenter
2025-11-07T12:30:18.9746277Z ##[endgroup]
2025-11-07T12:30:18.9746744Z ##[group]Runner Image
2025-11-07T12:30:18.9747258Z Image: windows-2025
2025-11-07T12:30:18.9747678Z Version: 20251021.67.1
2025-11-07T12:30:18.9748633Z Included Software: https://github.com/actions/runner-images/blob/win25/20251021.67/images/windows/Windows2025-Readme.md
2025-11-07T12:30:18.9750227Z Image Release: https://github.com/actions/runner-images/releases/tag/win25%2F20251021.67
2025-11-07T12:30:18.9751148Z ##[endgroup]
2025-11-07T12:30:18.9752127Z ##[group]GITHUB_TOKEN Permissions
2025-11-07T12:30:18.9753844Z Contents: read
2025-11-07T12:30:18.9754857Z Metadata: read
2025-11-07T12:30:18.9755318Z Packages: read
2025-11-07T12:30:18.9755817Z ##[endgroup]
2025-11-07T12:30:18.9757792Z Secret source: Actions
2025-11-07T12:30:18.9758422Z Prepare workflow directory
2025-11-07T12:30:19.0202484Z Prepare all required actions
2025-11-07T12:30:19.0249665Z Getting action download info
2025-11-07T12:30:19.2778098Z Download action repository 'actions/checkout@v4' (SHA:08eba0b27e820071cde6df949e0beb9ba4906955)
2025-11-07T12:30:19.4167520Z Download action repository 'actions/setup-python@v5' (SHA:a26af69be951a213d495a4c3e4e4022e16d87065)
2025-11-07T12:30:19.6761665Z Complete job name: All Tests (Windows)
2025-11-07T12:30:19.8381029Z ##[group]Run actions/checkout@v4
2025-11-07T12:30:19.8382002Z with:
2025-11-07T12:30:19.8382454Z   repository: h111359/requirements-driven-development
2025-11-07T12:30:19.8383210Z   token: ***
2025-11-07T12:30:19.8383561Z   ssh-strict: true
2025-11-07T12:30:19.8383928Z   ssh-user: git
2025-11-07T12:30:19.8384298Z   persist-credentials: true
2025-11-07T12:30:19.8384717Z   clean: true
2025-11-07T12:30:19.8385080Z   sparse-checkout-cone-mode: true
2025-11-07T12:30:19.8385541Z   fetch-depth: 1
2025-11-07T12:30:19.8385907Z   fetch-tags: false
2025-11-07T12:30:19.8386271Z   show-progress: true
2025-11-07T12:30:19.8386640Z   lfs: false
2025-11-07T12:30:19.8386973Z   submodules: false
2025-11-07T12:30:19.8387343Z   set-safe-directory: true
2025-11-07T12:30:19.8387951Z ##[endgroup]
2025-11-07T12:30:20.0328762Z Syncing repository: h111359/requirements-driven-development
2025-11-07T12:30:20.0332747Z ##[group]Getting Git version info
2025-11-07T12:30:20.0334850Z Working directory is 'D:\a\requirements-driven-development\requirements-driven-development'
2025-11-07T12:30:20.1285098Z [command]"C:\Program Files\Git\bin\git.exe" version
2025-11-07T12:30:20.4074290Z git version 2.51.1.windows.1
2025-11-07T12:30:20.4127595Z ##[endgroup]
2025-11-07T12:30:20.4148239Z Temporarily overriding HOME='D:\a\_temp\3370c91d-2f15-4738-bf35-8922ac3d9be4' before making global git config changes
2025-11-07T12:30:20.4149568Z Adding repository directory to the temporary git global config as a safe directory
2025-11-07T12:30:20.4159720Z [command]"C:\Program Files\Git\bin\git.exe" config --global --add safe.directory D:\a\requirements-driven-development\requirements-driven-development
2025-11-07T12:30:20.4448570Z Deleting the contents of 'D:\a\requirements-driven-development\requirements-driven-development'
2025-11-07T12:30:20.4454827Z ##[group]Initializing the repository
2025-11-07T12:30:20.4464278Z [command]"C:\Program Files\Git\bin\git.exe" init D:\a\requirements-driven-development\requirements-driven-development
2025-11-07T12:30:20.5274077Z Initialized empty Git repository in D:/a/requirements-driven-development/requirements-driven-development/.git/
2025-11-07T12:30:20.5319292Z [command]"C:\Program Files\Git\bin\git.exe" remote add origin https://github.com/h111359/requirements-driven-development
2025-11-07T12:30:20.5614695Z ##[endgroup]
2025-11-07T12:30:20.5615447Z ##[group]Disabling automatic garbage collection
2025-11-07T12:30:20.5623784Z [command]"C:\Program Files\Git\bin\git.exe" config --local gc.auto 0
2025-11-07T12:30:20.5899336Z ##[endgroup]
2025-11-07T12:30:20.5900014Z ##[group]Setting up auth
2025-11-07T12:30:20.5913096Z [command]"C:\Program Files\Git\bin\git.exe" config --local --name-only --get-regexp core\.sshCommand
2025-11-07T12:30:20.6199407Z [command]"C:\Program Files\Git\bin\git.exe" submodule foreach --recursive "sh -c \"git config --local --name-only --get-regexp 'core\.sshCommand' && git config --local --unset-all 'core.sshCommand' || :\""
2025-11-07T12:30:21.7793032Z [command]"C:\Program Files\Git\bin\git.exe" config --local --name-only --get-regexp http\.https\:\/\/github\.com\/\.extraheader
2025-11-07T12:30:21.8092353Z [command]"C:\Program Files\Git\bin\git.exe" submodule foreach --recursive "sh -c \"git config --local --name-only --get-regexp 'http\.https\:\/\/github\.com\/\.extraheader' && git config --local --unset-all 'http.https://github.com/.extraheader' || :\""
2025-11-07T12:30:22.3228417Z [command]"C:\Program Files\Git\bin\git.exe" config --local http.https://github.com/.extraheader "AUTHORIZATION: basic ***"
2025-11-07T12:30:22.3530839Z ##[endgroup]
2025-11-07T12:30:22.3531713Z ##[group]Fetching the repository
2025-11-07T12:30:22.3545435Z [command]"C:\Program Files\Git\bin\git.exe" -c protocol.version=2 fetch --no-tags --prune --no-recurse-submodules --depth=1 origin +747b07b5b663b7c6abeb5af5dca04cce658b07eb:refs/remotes/pull/53/merge
2025-11-07T12:30:23.1584571Z From https://github.com/h111359/requirements-driven-development
2025-11-07T12:30:23.1588255Z  * [new ref]         747b07b5b663b7c6abeb5af5dca04cce658b07eb -> pull/53/merge
2025-11-07T12:30:23.1763251Z ##[endgroup]
2025-11-07T12:30:23.1763668Z ##[group]Determining the checkout info
2025-11-07T12:30:23.1766204Z ##[endgroup]
2025-11-07T12:30:23.1782431Z [command]"C:\Program Files\Git\bin\git.exe" sparse-checkout disable
2025-11-07T12:30:23.2124055Z [command]"C:\Program Files\Git\bin\git.exe" config --local --unset-all extensions.worktreeConfig
2025-11-07T12:30:23.2423637Z ##[group]Checking out the ref
2025-11-07T12:30:23.2434271Z [command]"C:\Program Files\Git\bin\git.exe" checkout --progress --force refs/remotes/pull/53/merge
2025-11-07T12:30:23.3603793Z Note: switching to 'refs/remotes/pull/53/merge'.
2025-11-07T12:30:23.3605317Z 
2025-11-07T12:30:23.3605651Z You are in 'detached HEAD' state. You can look around, make experimental
2025-11-07T12:30:23.3606382Z changes and commit them, and you can discard any commits you make in this
2025-11-07T12:30:23.3607181Z state without impacting any branches by switching back to a branch.
2025-11-07T12:30:23.3607599Z 
2025-11-07T12:30:23.3607866Z If you want to create a new branch to retain commits you create, you may
2025-11-07T12:30:23.3608523Z do so (now or later) by using -c with the switch command. Example:
2025-11-07T12:30:23.3608915Z 
2025-11-07T12:30:23.3609122Z   git switch -c <new-branch-name>
2025-11-07T12:30:23.3609396Z 
2025-11-07T12:30:23.3609521Z Or undo this operation with:
2025-11-07T12:30:23.3609759Z 
2025-11-07T12:30:23.3609858Z   git switch -
2025-11-07T12:30:23.3610027Z 
2025-11-07T12:30:23.3610344Z Turn off this advice by setting config variable advice.detachedHead to false
2025-11-07T12:30:23.3610830Z 
2025-11-07T12:30:23.3611354Z HEAD is now at 747b07b Merge c8a1ce35785768ef04e3f10a3e27e56a3bfa0dd0 into ad751367b0c9a6c17544dd7edb9b3fb764dac4a9
2025-11-07T12:30:23.3641252Z ##[endgroup]
2025-11-07T12:30:23.3967481Z [command]"C:\Program Files\Git\bin\git.exe" log -1 --format=%H
2025-11-07T12:30:23.4220773Z 747b07b5b663b7c6abeb5af5dca04cce658b07eb
2025-11-07T12:30:23.4663476Z ##[group]Run actions/setup-python@v5
2025-11-07T12:30:23.4663805Z with:
2025-11-07T12:30:23.4664710Z   python-version: 3.9
2025-11-07T12:30:23.4664930Z   check-latest: false
2025-11-07T12:30:23.4665299Z   token: ***
2025-11-07T12:30:23.4665488Z   update-environment: true
2025-11-07T12:30:23.4665721Z   allow-prereleases: false
2025-11-07T12:30:23.4665941Z   freethreaded: false
2025-11-07T12:30:23.4666139Z ##[endgroup]
2025-11-07T12:30:23.6862564Z ##[group]Installed versions
2025-11-07T12:30:23.7286389Z Successfully set up CPython (3.9.13)
2025-11-07T12:30:23.7288998Z ##[endgroup]
2025-11-07T12:30:23.7572105Z ##[group]Run Install-Module -Name Pester -Force -SkipPublisherCheck
2025-11-07T12:30:23.7572736Z [36;1mInstall-Module -Name Pester -Force -SkipPublisherCheck[0m
2025-11-07T12:30:23.8315425Z shell: C:\Windows\System32\WindowsPowerShell\v1.0\powershell.EXE -command ". '{0}'"
2025-11-07T12:30:23.8315873Z env:
2025-11-07T12:30:23.8316141Z   pythonLocation: C:\hostedtoolcache\windows\Python\3.9.13\x64
2025-11-07T12:30:23.8316623Z   PKG_CONFIG_PATH: C:\hostedtoolcache\windows\Python\3.9.13\x64/lib/pkgconfig
2025-11-07T12:30:23.8317088Z   Python_ROOT_DIR: C:\hostedtoolcache\windows\Python\3.9.13\x64
2025-11-07T12:30:23.8317468Z   Python2_ROOT_DIR: C:\hostedtoolcache\windows\Python\3.9.13\x64
2025-11-07T12:30:23.8317859Z   Python3_ROOT_DIR: C:\hostedtoolcache\windows\Python\3.9.13\x64
2025-11-07T12:30:23.8318171Z ##[endgroup]
2025-11-07T12:31:24.6958591Z ##[group]Run python setup-test-env.py
2025-11-07T12:31:24.6958966Z [36;1mpython setup-test-env.py[0m
2025-11-07T12:31:24.7808861Z shell: C:\Program Files\PowerShell\7\pwsh.EXE -command ". '{0}'"
2025-11-07T12:31:24.7809206Z env:
2025-11-07T12:31:24.7809476Z   pythonLocation: C:\hostedtoolcache\windows\Python\3.9.13\x64
2025-11-07T12:31:24.7809915Z   PKG_CONFIG_PATH: C:\hostedtoolcache\windows\Python\3.9.13\x64/lib/pkgconfig
2025-11-07T12:31:24.7810326Z   Python_ROOT_DIR: C:\hostedtoolcache\windows\Python\3.9.13\x64
2025-11-07T12:31:24.7810691Z   Python2_ROOT_DIR: C:\hostedtoolcache\windows\Python\3.9.13\x64
2025-11-07T12:31:24.7867730Z   Python3_ROOT_DIR: C:\hostedtoolcache\windows\Python\3.9.13\x64
2025-11-07T12:31:24.7868063Z ##[endgroup]
2025-11-07T12:31:55.7957753Z 
2025-11-07T12:31:55.7958114Z ============================================================
2025-11-07T12:31:55.7958426Z   RDD Test Environment Setup
2025-11-07T12:31:55.7958943Z ============================================================
2025-11-07T12:31:55.7959226Z 
2025-11-07T12:31:55.7959632Z ✓ Python 3.9.13 detected
2025-11-07T12:31:55.7959876Z 
2025-11-07T12:31:55.7960245Z Repository root: D:\a\requirements-driven-development\requirements-driven-development
2025-11-07T12:31:55.7961212Z Virtual environment: D:\a\requirements-driven-development\requirements-driven-development\.venv
2025-11-07T12:31:55.7964350Z Requirements file: D:\a\requirements-driven-development\requirements-driven-development\tests\requirements.txt
2025-11-07T12:31:55.7964985Z 
2025-11-07T12:31:55.7965645Z ℹ Creating virtual environment at D:\a\requirements-driven-development\requirements-driven-development\.venv...
2025-11-07T12:31:55.7966450Z ✓ Virtual environment created
2025-11-07T12:31:55.7966769Z ℹ Upgrading pip...
2025-11-07T12:31:55.7967025Z ✓ pip upgraded
2025-11-07T12:31:55.7967464Z ℹ Installing/updating test dependencies...
2025-11-07T12:31:55.7967876Z ✓ Test dependencies installed/updated
2025-11-07T12:31:55.7968130Z 
2025-11-07T12:31:55.7968228Z ============================================================
2025-11-07T12:31:55.7968562Z Setup completed successfully!
2025-11-07T12:31:55.7968844Z ============================================================
2025-11-07T12:31:55.7969070Z 
2025-11-07T12:31:55.7969182Z To activate the virtual environment:
2025-11-07T12:31:55.7969937Z   D:\a\requirements-driven-development\requirements-driven-development\.venv\Scripts\activate          (Command Prompt)
2025-11-07T12:31:55.7971110Z   D:\a\requirements-driven-development\requirements-driven-development\.venv\Scripts\Activate.ps1      (PowerShell)
2025-11-07T12:31:55.7972073Z 
2025-11-07T12:31:55.7972155Z To run tests:
2025-11-07T12:31:55.7972429Z   pytest tests/python/
2025-11-07T12:31:55.7972590Z 
2025-11-07T12:31:55.7972682Z To deactivate:
2025-11-07T12:31:55.7972882Z   deactivate
2025-11-07T12:31:55.7973012Z 
2025-11-07T12:31:56.7702623Z ##[group]Run .\scripts\run-tests.ps1
2025-11-07T12:31:56.7702952Z [36;1m.\scripts\run-tests.ps1[0m
2025-11-07T12:31:56.7760966Z shell: C:\Windows\System32\WindowsPowerShell\v1.0\powershell.EXE -command ". '{0}'"
2025-11-07T12:31:56.7761330Z env:
2025-11-07T12:31:56.7761558Z   pythonLocation: C:\hostedtoolcache\windows\Python\3.9.13\x64
2025-11-07T12:31:56.7761966Z   PKG_CONFIG_PATH: C:\hostedtoolcache\windows\Python\3.9.13\x64/lib/pkgconfig
2025-11-07T12:31:56.7762348Z   Python_ROOT_DIR: C:\hostedtoolcache\windows\Python\3.9.13\x64
2025-11-07T12:31:56.7762698Z   Python2_ROOT_DIR: C:\hostedtoolcache\windows\Python\3.9.13\x64
2025-11-07T12:31:56.7763038Z   Python3_ROOT_DIR: C:\hostedtoolcache\windows\Python\3.9.13\x64
2025-11-07T12:31:56.7763328Z ##[endgroup]
2025-11-07T12:31:57.1334321Z 
2025-11-07T12:31:57.1348033Z ============================================================
2025-11-07T12:31:57.1363722Z   RDD Framework Test Runner (Windows)
2025-11-07T12:31:57.1371669Z ============================================================
2025-11-07T12:31:57.1375482Z 
2025-11-07T12:32:00.5213857Z Print-Info : The term 'Print-Info' is not recognized as the name of a cmdlet, function, script file, or operable 
2025-11-07T12:32:00.5214982Z program. Check the spelling of the name, or if a path was included, verify that the path is correct and try again.
2025-11-07T12:32:00.5216064Z At D:\a\requirements-driven-development\requirements-driven-development\scripts\run-tests.ps1:59 char:1
2025-11-07T12:32:00.5216793Z + Print-Info "Checking prerequisites..."
2025-11-07T12:32:00.5217143Z + ~~~~~~~~~~
2025-11-07T12:32:00.5217956Z     + CategoryInfo          : ObjectNotFound: (Print-Info:String) [], ParentContainsErrorRecordException
2025-11-07T12:32:00.5219039Z     + FullyQualifiedErrorId : CommandNotFoundException
2025-11-07T12:32:00.5219514Z  
2025-11-07T12:32:00.5398708Z ##[error]Process completed with exit code 1.
2025-11-07T12:32:00.5603968Z Post job cleanup.
2025-11-07T12:32:00.7886268Z [command]"C:\Program Files\Git\bin\git.exe" version
2025-11-07T12:32:00.8162203Z git version 2.51.1.windows.1
2025-11-07T12:32:00.8233866Z Temporarily overriding HOME='D:\a\_temp\278efb15-4004-4f33-a645-f6c068446a93' before making global git config changes
2025-11-07T12:32:00.8234747Z Adding repository directory to the temporary git global config as a safe directory
2025-11-07T12:32:00.8245673Z [command]"C:\Program Files\Git\bin\git.exe" config --global --add safe.directory D:\a\requirements-driven-development\requirements-driven-development
2025-11-07T12:32:00.8547237Z [command]"C:\Program Files\Git\bin\git.exe" config --local --name-only --get-regexp core\.sshCommand
2025-11-07T12:32:00.8847807Z [command]"C:\Program Files\Git\bin\git.exe" submodule foreach --recursive "sh -c \"git config --local --name-only --get-regexp 'core\.sshCommand' && git config --local --unset-all 'core.sshCommand' || :\""
2025-11-07T12:32:01.4541530Z [command]"C:\Program Files\Git\bin\git.exe" config --local --name-only --get-regexp http\.https\:\/\/github\.com\/\.extraheader
2025-11-07T12:32:01.4792037Z http.https://github.com/.extraheader
2025-11-07T12:32:01.4842095Z [command]"C:\Program Files\Git\bin\git.exe" config --local --unset-all http.https://github.com/.extraheader
2025-11-07T12:32:01.5146681Z [command]"C:\Program Files\Git\bin\git.exe" submodule foreach --recursive "sh -c \"git config --local --name-only --get-regexp 'http\.https\:\/\/github\.com\/\.extraheader' && git config --local --unset-all 'http.https://github.com/.extraheader' || :\""
2025-11-07T12:32:02.0558574Z Cleaning up orphan processes
