2025-11-07T12:30:18.4224262Z Current runner version: '2.329.0'
2025-11-07T12:30:18.4249015Z ##[group]Runner Image Provisioner
2025-11-07T12:30:18.4249826Z Hosted Compute Agent
2025-11-07T12:30:18.4250431Z Version: 20251016.436
2025-11-07T12:30:18.4251033Z Commit: 8ab8ac8bfd662a3739dab9fe09456aba92132568
2025-11-07T12:30:18.4251671Z Build Date: 2025-10-15T20:44:12Z
2025-11-07T12:30:18.4252315Z ##[endgroup]
2025-11-07T12:30:18.4253008Z ##[group]Operating System
2025-11-07T12:30:18.4253569Z Ubuntu
2025-11-07T12:30:18.4254055Z 24.04.3
2025-11-07T12:30:18.4254531Z LTS
2025-11-07T12:30:18.4254951Z ##[endgroup]
2025-11-07T12:30:18.4255465Z ##[group]Runner Image
2025-11-07T12:30:18.4256058Z Image: ubuntu-24.04
2025-11-07T12:30:18.4256525Z Version: 20251030.96.2
2025-11-07T12:30:18.4257569Z Included Software: https://github.com/actions/runner-images/blob/ubuntu24/20251030.96/images/ubuntu/Ubuntu2404-Readme.md
2025-11-07T12:30:18.4259084Z Image Release: https://github.com/actions/runner-images/releases/tag/ubuntu24%2F20251030.96
2025-11-07T12:30:18.4260276Z ##[endgroup]
2025-11-07T12:30:18.4261581Z ##[group]GITHUB_TOKEN Permissions
2025-11-07T12:30:18.4263994Z Contents: read
2025-11-07T12:30:18.4264645Z Metadata: read
2025-11-07T12:30:18.4265114Z Packages: read
2025-11-07T12:30:18.4265588Z ##[endgroup]
2025-11-07T12:30:18.4267754Z Secret source: Actions
2025-11-07T12:30:18.4268819Z Prepare workflow directory
2025-11-07T12:30:18.4597218Z Prepare all required actions
2025-11-07T12:30:18.4635949Z Getting action download info
2025-11-07T12:30:18.8417512Z Download action repository 'actions/checkout@v4' (SHA:08eba0b27e820071cde6df949e0beb9ba4906955)
2025-11-07T12:30:18.9708476Z Download action repository 'actions/setup-python@v5' (SHA:a26af69be951a213d495a4c3e4e4022e16d87065)
2025-11-07T12:30:19.0963280Z Download action repository 'codecov/codecov-action@v4' (SHA:b9fd7d16f6d7d1b5d2bec1a2887e65ceed900238)
2025-11-07T12:30:19.6454001Z Complete job name: All Tests (Linux)
2025-11-07T12:30:19.7182978Z ##[group]Run actions/checkout@v4
2025-11-07T12:30:19.7183950Z with:
2025-11-07T12:30:19.7184455Z   repository: h111359/requirements-driven-development
2025-11-07T12:30:19.7185282Z   token: ***
2025-11-07T12:30:19.7185687Z   ssh-strict: true
2025-11-07T12:30:19.7186103Z   ssh-user: git
2025-11-07T12:30:19.7186532Z   persist-credentials: true
2025-11-07T12:30:19.7187007Z   clean: true
2025-11-07T12:30:19.7187450Z   sparse-checkout-cone-mode: true
2025-11-07T12:30:19.7187953Z   fetch-depth: 1
2025-11-07T12:30:19.7188375Z   fetch-tags: false
2025-11-07T12:30:19.7188807Z   show-progress: true
2025-11-07T12:30:19.7189232Z   lfs: false
2025-11-07T12:30:19.7189619Z   submodules: false
2025-11-07T12:30:19.7190068Z   set-safe-directory: true
2025-11-07T12:30:19.7190755Z ##[endgroup]
2025-11-07T12:30:19.8275548Z Syncing repository: h111359/requirements-driven-development
2025-11-07T12:30:19.8277788Z ##[group]Getting Git version info
2025-11-07T12:30:19.8278950Z Working directory is '/home/runner/work/requirements-driven-development/requirements-driven-development'
2025-11-07T12:30:19.8280316Z [command]/usr/bin/git version
2025-11-07T12:30:19.8348024Z git version 2.51.2
2025-11-07T12:30:19.8374581Z ##[endgroup]
2025-11-07T12:30:19.8388981Z Temporarily overriding HOME='/home/runner/work/_temp/540baf96-9959-4e44-b8f1-cf1490bb23d6' before making global git config changes
2025-11-07T12:30:19.8390437Z Adding repository directory to the temporary git global config as a safe directory
2025-11-07T12:30:19.8394957Z [command]/usr/bin/git config --global --add safe.directory /home/runner/work/requirements-driven-development/requirements-driven-development
2025-11-07T12:30:19.8433005Z Deleting the contents of '/home/runner/work/requirements-driven-development/requirements-driven-development'
2025-11-07T12:30:19.8436270Z ##[group]Initializing the repository
2025-11-07T12:30:19.8440594Z [command]/usr/bin/git init /home/runner/work/requirements-driven-development/requirements-driven-development
2025-11-07T12:30:19.8552342Z hint: Using 'master' as the name for the initial branch. This default branch name
2025-11-07T12:30:19.8554792Z hint: is subject to change. To configure the initial branch name to use in all
2025-11-07T12:30:19.8556482Z hint: of your new repositories, which will suppress this warning, call:
2025-11-07T12:30:19.8557699Z hint:
2025-11-07T12:30:19.8558276Z hint: 	git config --global init.defaultBranch <name>
2025-11-07T12:30:19.8559164Z hint:
2025-11-07T12:30:19.8559758Z hint: Names commonly chosen instead of 'master' are 'main', 'trunk' and
2025-11-07T12:30:19.8560703Z hint: 'development'. The just-created branch can be renamed via this command:
2025-11-07T12:30:19.8561433Z hint:
2025-11-07T12:30:19.8562106Z hint: 	git branch -m <name>
2025-11-07T12:30:19.8563081Z hint:
2025-11-07T12:30:19.8563730Z hint: Disable this message with "git config set advice.defaultBranchName false"
2025-11-07T12:30:19.8565126Z Initialized empty Git repository in /home/runner/work/requirements-driven-development/requirements-driven-development/.git/
2025-11-07T12:30:19.8568338Z [command]/usr/bin/git remote add origin https://github.com/h111359/requirements-driven-development
2025-11-07T12:30:19.8601876Z ##[endgroup]
2025-11-07T12:30:19.8602981Z ##[group]Disabling automatic garbage collection
2025-11-07T12:30:19.8607606Z [command]/usr/bin/git config --local gc.auto 0
2025-11-07T12:30:19.8637402Z ##[endgroup]
2025-11-07T12:30:19.8638777Z ##[group]Setting up auth
2025-11-07T12:30:19.8645476Z [command]/usr/bin/git config --local --name-only --get-regexp core\.sshCommand
2025-11-07T12:30:19.8676755Z [command]/usr/bin/git submodule foreach --recursive sh -c "git config --local --name-only --get-regexp 'core\.sshCommand' && git config --local --unset-all 'core.sshCommand' || :"
2025-11-07T12:30:19.9014584Z [command]/usr/bin/git config --local --name-only --get-regexp http\.https\:\/\/github\.com\/\.extraheader
2025-11-07T12:30:19.9047195Z [command]/usr/bin/git submodule foreach --recursive sh -c "git config --local --name-only --get-regexp 'http\.https\:\/\/github\.com\/\.extraheader' && git config --local --unset-all 'http.https://github.com/.extraheader' || :"
2025-11-07T12:30:19.9272281Z [command]/usr/bin/git config --local http.https://github.com/.extraheader AUTHORIZATION: basic ***
2025-11-07T12:30:19.9307692Z ##[endgroup]
2025-11-07T12:30:19.9308908Z ##[group]Fetching the repository
2025-11-07T12:30:19.9317222Z [command]/usr/bin/git -c protocol.version=2 fetch --no-tags --prune --no-recurse-submodules --depth=1 origin +747b07b5b663b7c6abeb5af5dca04cce658b07eb:refs/remotes/pull/53/merge
2025-11-07T12:30:20.3603524Z From https://github.com/h111359/requirements-driven-development
2025-11-07T12:30:20.3607338Z  * [new ref]         747b07b5b663b7c6abeb5af5dca04cce658b07eb -> pull/53/merge
2025-11-07T12:30:20.3634333Z ##[endgroup]
2025-11-07T12:30:20.3636107Z ##[group]Determining the checkout info
2025-11-07T12:30:20.3638038Z ##[endgroup]
2025-11-07T12:30:20.3642329Z [command]/usr/bin/git sparse-checkout disable
2025-11-07T12:30:20.3682462Z [command]/usr/bin/git config --local --unset-all extensions.worktreeConfig
2025-11-07T12:30:20.3710993Z ##[group]Checking out the ref
2025-11-07T12:30:20.3715033Z [command]/usr/bin/git checkout --progress --force refs/remotes/pull/53/merge
2025-11-07T12:30:20.3916640Z Note: switching to 'refs/remotes/pull/53/merge'.
2025-11-07T12:30:20.3917974Z 
2025-11-07T12:30:20.3918698Z You are in 'detached HEAD' state. You can look around, make experimental
2025-11-07T12:30:20.3920327Z changes and commit them, and you can discard any commits you make in this
2025-11-07T12:30:20.3922976Z state without impacting any branches by switching back to a branch.
2025-11-07T12:30:20.3924606Z 
2025-11-07T12:30:20.3925617Z If you want to create a new branch to retain commits you create, you may
2025-11-07T12:30:20.3928240Z do so (now or later) by using -c with the switch command. Example:
2025-11-07T12:30:20.3929597Z 
2025-11-07T12:30:20.3930170Z   git switch -c <new-branch-name>
2025-11-07T12:30:20.3931199Z 
2025-11-07T12:30:20.3931778Z Or undo this operation with:
2025-11-07T12:30:20.3932969Z 
2025-11-07T12:30:20.3933737Z   git switch -
2025-11-07T12:30:20.3934404Z 
2025-11-07T12:30:20.3935512Z Turn off this advice by setting config variable advice.detachedHead to false
2025-11-07T12:30:20.3937140Z 
2025-11-07T12:30:20.3939243Z HEAD is now at 747b07b Merge c8a1ce35785768ef04e3f10a3e27e56a3bfa0dd0 into ad751367b0c9a6c17544dd7edb9b3fb764dac4a9
2025-11-07T12:30:20.3945933Z ##[endgroup]
2025-11-07T12:30:20.3967353Z [command]/usr/bin/git log -1 --format=%H
2025-11-07T12:30:20.3990133Z 747b07b5b663b7c6abeb5af5dca04cce658b07eb
2025-11-07T12:30:20.4305937Z ##[group]Run actions/setup-python@v5
2025-11-07T12:30:20.4307141Z with:
2025-11-07T12:30:20.4307972Z   python-version: 3.9
2025-11-07T12:30:20.4308939Z   check-latest: false
2025-11-07T12:30:20.4310169Z   token: ***
2025-11-07T12:30:20.4311062Z   update-environment: true
2025-11-07T12:30:20.4312128Z   allow-prereleases: false
2025-11-07T12:30:20.4313458Z   freethreaded: false
2025-11-07T12:30:20.4314398Z ##[endgroup]
2025-11-07T12:30:20.6034829Z ##[group]Installed versions
2025-11-07T12:30:20.6788595Z Successfully set up CPython (3.9.24)
2025-11-07T12:30:20.6790963Z ##[endgroup]
2025-11-07T12:30:20.6939442Z ##[group]Run sudo apt-get update
2025-11-07T12:30:20.6940631Z [36;1msudo apt-get update[0m
2025-11-07T12:30:20.6941685Z [36;1msudo apt-get install -y bats[0m
2025-11-07T12:30:20.7037707Z shell: /usr/bin/bash -e {0}
2025-11-07T12:30:20.7038694Z env:
2025-11-07T12:30:20.7103995Z   pythonLocation: /opt/hostedtoolcache/Python/3.9.24/x64
2025-11-07T12:30:20.7106888Z   PKG_CONFIG_PATH: /opt/hostedtoolcache/Python/3.9.24/x64/lib/pkgconfig
2025-11-07T12:30:20.7109827Z   Python_ROOT_DIR: /opt/hostedtoolcache/Python/3.9.24/x64
2025-11-07T12:30:20.7112460Z   Python2_ROOT_DIR: /opt/hostedtoolcache/Python/3.9.24/x64
2025-11-07T12:30:20.7115222Z   Python3_ROOT_DIR: /opt/hostedtoolcache/Python/3.9.24/x64
2025-11-07T12:30:20.7117876Z   LD_LIBRARY_PATH: /opt/hostedtoolcache/Python/3.9.24/x64/lib
2025-11-07T12:30:20.7119615Z ##[endgroup]
2025-11-07T12:30:20.8431429Z Get:1 file:/etc/apt/apt-mirrors.txt Mirrorlist [144 B]
2025-11-07T12:30:20.8632052Z Get:6 https://packages.microsoft.com/repos/azure-cli noble InRelease [3564 B]
2025-11-07T12:30:20.8841641Z Hit:2 http://azure.archive.ubuntu.com/ubuntu noble InRelease
2025-11-07T12:30:20.8845642Z Get:7 https://packages.microsoft.com/ubuntu/24.04/prod noble InRelease [3600 B]
2025-11-07T12:30:20.8912253Z Get:3 http://azure.archive.ubuntu.com/ubuntu noble-updates InRelease [126 kB]
2025-11-07T12:30:20.9027433Z Get:4 http://azure.archive.ubuntu.com/ubuntu noble-backports InRelease [126 kB]
2025-11-07T12:30:20.9082132Z Get:5 http://azure.archive.ubuntu.com/ubuntu noble-security InRelease [126 kB]
2025-11-07T12:30:20.9948148Z Get:8 https://packages.microsoft.com/repos/azure-cli noble/main amd64 Packages [1700 B]
2025-11-07T12:30:21.1507453Z Get:9 http://azure.archive.ubuntu.com/ubuntu noble-updates/main amd64 Packages [1585 kB]
2025-11-07T12:30:21.1605507Z Get:10 http://azure.archive.ubuntu.com/ubuntu noble-updates/main Translation-en [299 kB]
2025-11-07T12:30:21.1638798Z Get:11 http://azure.archive.ubuntu.com/ubuntu noble-updates/main amd64 Components [175 kB]
2025-11-07T12:30:21.1665271Z Get:12 http://azure.archive.ubuntu.com/ubuntu noble-updates/main amd64 c-n-f Metadata [15.7 kB]
2025-11-07T12:30:21.1677856Z Get:13 http://azure.archive.ubuntu.com/ubuntu noble-updates/universe amd64 Packages [1498 kB]
2025-11-07T12:30:21.1759356Z Get:14 http://azure.archive.ubuntu.com/ubuntu noble-updates/universe Translation-en [303 kB]
2025-11-07T12:30:21.1789245Z Get:15 http://azure.archive.ubuntu.com/ubuntu noble-updates/universe amd64 Components [377 kB]
2025-11-07T12:30:21.1827948Z Get:16 http://azure.archive.ubuntu.com/ubuntu noble-updates/universe amd64 c-n-f Metadata [31.4 kB]
2025-11-07T12:30:21.1840976Z Get:17 http://azure.archive.ubuntu.com/ubuntu noble-updates/restricted amd64 Packages [2244 kB]
2025-11-07T12:30:21.1957601Z Get:18 http://azure.archive.ubuntu.com/ubuntu noble-updates/restricted Translation-en [509 kB]
2025-11-07T12:30:21.2409815Z Get:25 https://packages.microsoft.com/ubuntu/24.04/prod noble/main amd64 Packages [66.8 kB]
2025-11-07T12:30:21.2466454Z Get:19 http://azure.archive.ubuntu.com/ubuntu noble-updates/restricted amd64 Components [212 B]
2025-11-07T12:30:21.2480323Z Get:20 http://azure.archive.ubuntu.com/ubuntu noble-updates/multiverse amd64 Components [940 B]
2025-11-07T12:30:21.2490769Z Get:21 http://azure.archive.ubuntu.com/ubuntu noble-backports/main amd64 Components [7136 B]
2025-11-07T12:30:21.2512279Z Get:22 http://azure.archive.ubuntu.com/ubuntu noble-backports/universe amd64 Components [11.0 kB]
2025-11-07T12:30:21.2521519Z Get:23 http://azure.archive.ubuntu.com/ubuntu noble-backports/restricted amd64 Components [216 B]
2025-11-07T12:30:21.2541382Z Get:24 http://azure.archive.ubuntu.com/ubuntu noble-backports/multiverse amd64 Components [212 B]
2025-11-07T12:30:21.2572879Z Get:26 https://packages.microsoft.com/ubuntu/24.04/prod noble/main arm64 Packages [49.6 kB]
2025-11-07T12:30:21.2631191Z Get:27 https://packages.microsoft.com/ubuntu/24.04/prod noble/main armhf Packages [11.2 kB]
2025-11-07T12:30:21.2647884Z Get:28 http://azure.archive.ubuntu.com/ubuntu noble-security/main amd64 Packages [1305 kB]
2025-11-07T12:30:21.2718278Z Get:29 http://azure.archive.ubuntu.com/ubuntu noble-security/main Translation-en [215 kB]
2025-11-07T12:30:21.2740865Z Get:30 http://azure.archive.ubuntu.com/ubuntu noble-security/main amd64 Components [21.5 kB]
2025-11-07T12:30:21.2753703Z Get:31 http://azure.archive.ubuntu.com/ubuntu noble-security/main amd64 c-n-f Metadata [9336 B]
2025-11-07T12:30:21.2766922Z Get:32 http://azure.archive.ubuntu.com/ubuntu noble-security/universe amd64 Packages [906 kB]
2025-11-07T12:30:21.2821206Z Get:33 http://azure.archive.ubuntu.com/ubuntu noble-security/universe Translation-en [203 kB]
2025-11-07T12:30:21.2846329Z Get:34 http://azure.archive.ubuntu.com/ubuntu noble-security/universe amd64 Components [52.2 kB]
2025-11-07T12:30:21.2859282Z Get:35 http://azure.archive.ubuntu.com/ubuntu noble-security/universe amd64 c-n-f Metadata [19.4 kB]
2025-11-07T12:30:21.3306696Z Get:36 http://azure.archive.ubuntu.com/ubuntu noble-security/restricted amd64 Packages [2135 kB]
2025-11-07T12:30:21.3403795Z Get:37 http://azure.archive.ubuntu.com/ubuntu noble-security/restricted Translation-en [485 kB]
2025-11-07T12:30:21.3437443Z Get:38 http://azure.archive.ubuntu.com/ubuntu noble-security/restricted amd64 Components [212 B]
2025-11-07T12:30:21.3449882Z Get:39 http://azure.archive.ubuntu.com/ubuntu noble-security/multiverse amd64 Components [208 B]
2025-11-07T12:30:32.4445998Z Fetched 12.9 MB in 2s (7950 kB/s)
2025-11-07T12:30:33.2545414Z Reading package lists...
2025-11-07T12:30:33.2880861Z Reading package lists...
2025-11-07T12:30:33.4933694Z Building dependency tree...
2025-11-07T12:30:33.4943827Z Reading state information...
2025-11-07T12:30:33.6877842Z The following NEW packages will be installed:
2025-11-07T12:30:33.6886782Z   bats
2025-11-07T12:30:33.7081993Z 0 upgraded, 1 newly installed, 0 to remove and 37 not upgraded.
2025-11-07T12:30:33.7083113Z Need to get 45.5 kB of archives.
2025-11-07T12:30:33.7083758Z After this operation, 166 kB of additional disk space will be used.
2025-11-07T12:30:33.7084481Z Get:1 file:/etc/apt/apt-mirrors.txt Mirrorlist [144 B]
2025-11-07T12:30:33.7574502Z Get:2 http://azure.archive.ubuntu.com/ubuntu noble/universe amd64 bats all 1.10.0-1 [45.5 kB]
2025-11-07T12:30:34.0405799Z Fetched 45.5 kB in 0s (727 kB/s)
2025-11-07T12:30:34.0921194Z Selecting previously unselected package bats.
2025-11-07T12:30:34.1805990Z (Reading database ... 
2025-11-07T12:30:34.1806544Z (Reading database ... 5%
2025-11-07T12:30:34.1806933Z (Reading database ... 10%
2025-11-07T12:30:34.1807170Z (Reading database ... 15%
2025-11-07T12:30:34.1807403Z (Reading database ... 20%
2025-11-07T12:30:34.1807683Z (Reading database ... 25%
2025-11-07T12:30:34.1808060Z (Reading database ... 30%
2025-11-07T12:30:34.1808437Z (Reading database ... 35%
2025-11-07T12:30:34.1808844Z (Reading database ... 40%
2025-11-07T12:30:34.1809236Z (Reading database ... 45%
2025-11-07T12:30:34.1809746Z (Reading database ... 50%
2025-11-07T12:30:34.2502128Z (Reading database ... 55%
2025-11-07T12:30:34.5084280Z (Reading database ... 60%
2025-11-07T12:30:34.6350444Z (Reading database ... 65%
2025-11-07T12:30:34.7134872Z (Reading database ... 70%
2025-11-07T12:30:34.8225337Z (Reading database ... 75%
2025-11-07T12:30:35.2616140Z (Reading database ... 80%
2025-11-07T12:30:35.8016080Z (Reading database ... 85%
2025-11-07T12:30:36.3551323Z (Reading database ... 90%
2025-11-07T12:30:36.8466338Z (Reading database ... 95%
2025-11-07T12:30:36.8466801Z (Reading database ... 100%
2025-11-07T12:30:36.8467315Z (Reading database ... 215550 files and directories currently installed.)
2025-11-07T12:30:36.8557509Z Preparing to unpack .../archives/bats_1.10.0-1_all.deb ...
2025-11-07T12:30:36.8617710Z Unpacking bats (1.10.0-1) ...
2025-11-07T12:30:36.9467776Z Setting up bats (1.10.0-1) ...
2025-11-07T12:30:36.9524931Z Processing triggers for man-db (2.12.0-4build2) ...
2025-11-07T12:30:54.6926440Z 
2025-11-07T12:30:54.6927160Z Running kernel seems to be up-to-date.
2025-11-07T12:30:54.6927849Z 
2025-11-07T12:30:54.6928018Z No services need to be restarted.
2025-11-07T12:30:54.6928270Z 
2025-11-07T12:30:54.6928414Z No containers need to be restarted.
2025-11-07T12:30:54.6928667Z 
2025-11-07T12:30:54.6928836Z No user sessions are running outdated binaries.
2025-11-07T12:30:54.6929129Z 
2025-11-07T12:30:54.6929427Z No VM guests are running outdated hypervisor (qemu) binaries on this host.
2025-11-07T12:30:55.7363824Z ##[group]Run python setup-test-env.py
2025-11-07T12:30:55.7364161Z [36;1mpython setup-test-env.py[0m
2025-11-07T12:30:55.7398519Z shell: /usr/bin/bash -e {0}
2025-11-07T12:30:55.7398751Z env:
2025-11-07T12:30:55.7398998Z   pythonLocation: /opt/hostedtoolcache/Python/3.9.24/x64
2025-11-07T12:30:55.7399397Z   PKG_CONFIG_PATH: /opt/hostedtoolcache/Python/3.9.24/x64/lib/pkgconfig
2025-11-07T12:30:55.7399778Z   Python_ROOT_DIR: /opt/hostedtoolcache/Python/3.9.24/x64
2025-11-07T12:30:55.7400124Z   Python2_ROOT_DIR: /opt/hostedtoolcache/Python/3.9.24/x64
2025-11-07T12:30:55.7400465Z   Python3_ROOT_DIR: /opt/hostedtoolcache/Python/3.9.24/x64
2025-11-07T12:30:55.7400805Z   LD_LIBRARY_PATH: /opt/hostedtoolcache/Python/3.9.24/x64/lib
2025-11-07T12:30:55.7401087Z ##[endgroup]
2025-11-07T12:31:08.8614497Z 
2025-11-07T12:31:08.8614909Z ============================================================
2025-11-07T12:31:08.8615407Z   RDD Test Environment Setup
2025-11-07T12:31:08.8615886Z ============================================================
2025-11-07T12:31:08.8616179Z 
2025-11-07T12:31:08.8616593Z ✓ Python 3.9.24 detected
2025-11-07T12:31:08.8616833Z 
2025-11-07T12:31:08.8617328Z Repository root: /home/runner/work/requirements-driven-development/requirements-driven-development
2025-11-07T12:31:08.8618521Z Virtual environment: /home/runner/work/requirements-driven-development/requirements-driven-development/.venv
2025-11-07T12:31:08.8619873Z Requirements file: /home/runner/work/requirements-driven-development/requirements-driven-development/tests/requirements.txt
2025-11-07T12:31:08.8620716Z 
2025-11-07T12:31:08.8621594Z ℹ Creating virtual environment at /home/runner/work/requirements-driven-development/requirements-driven-development/.venv...
2025-11-07T12:31:08.8622810Z ✓ Virtual environment created
2025-11-07T12:31:08.8623257Z ℹ Upgrading pip...
2025-11-07T12:31:08.8623643Z ✓ pip upgraded
2025-11-07T12:31:08.8624118Z ℹ Installing/updating test dependencies...
2025-11-07T12:31:08.8624748Z ✓ Test dependencies installed/updated
2025-11-07T12:31:08.8625057Z 
2025-11-07T12:31:08.8625222Z ============================================================
2025-11-07T12:31:08.8625707Z Setup completed successfully!
2025-11-07T12:31:08.8626111Z ============================================================
2025-11-07T12:31:08.8626392Z 
2025-11-07T12:31:08.8626554Z To activate the virtual environment:
2025-11-07T12:31:08.8627421Z   source /home/runner/work/requirements-driven-development/requirements-driven-development/.venv/bin/activate
2025-11-07T12:31:08.8628655Z 
2025-11-07T12:31:08.8628786Z To run tests:
2025-11-07T12:31:08.8629085Z   pytest tests/python/
2025-11-07T12:31:08.8629314Z 
2025-11-07T12:31:08.8629440Z To deactivate:
2025-11-07T12:31:08.8629749Z   deactivate
2025-11-07T12:31:08.8629936Z 
2025-11-07T12:31:08.8693996Z ##[group]Run bash scripts/run-tests.sh
2025-11-07T12:31:08.8694305Z [36;1mbash scripts/run-tests.sh[0m
2025-11-07T12:31:08.8727526Z shell: /usr/bin/bash -e {0}
2025-11-07T12:31:08.8727760Z env:
2025-11-07T12:31:08.8727998Z   pythonLocation: /opt/hostedtoolcache/Python/3.9.24/x64
2025-11-07T12:31:08.8728419Z   PKG_CONFIG_PATH: /opt/hostedtoolcache/Python/3.9.24/x64/lib/pkgconfig
2025-11-07T12:31:08.8728818Z   Python_ROOT_DIR: /opt/hostedtoolcache/Python/3.9.24/x64
2025-11-07T12:31:08.8729174Z   Python2_ROOT_DIR: /opt/hostedtoolcache/Python/3.9.24/x64
2025-11-07T12:31:08.8729514Z   Python3_ROOT_DIR: /opt/hostedtoolcache/Python/3.9.24/x64
2025-11-07T12:31:08.8729851Z   LD_LIBRARY_PATH: /opt/hostedtoolcache/Python/3.9.24/x64/lib
2025-11-07T12:31:08.8730154Z ##[endgroup]
2025-11-07T12:31:08.8820820Z 
2025-11-07T12:31:08.8821150Z ============================================================
2025-11-07T12:31:08.8821634Z   RDD Framework Test Runner (Linux)
2025-11-07T12:31:08.8822129Z ============================================================
2025-11-07T12:31:08.8822440Z 
2025-11-07T12:31:08.8823328Z [0;34mℹ[0m Checking prerequisites...
2025-11-07T12:31:08.8839278Z [0;32m✓[0m Python found: Python 3.9.24
2025-11-07T12:31:08.8839818Z [0;32m✓[0m Virtual environment found
2025-11-07T12:31:08.8840375Z [0;34mℹ[0m Activating virtual environment...
2025-11-07T12:31:08.8842724Z [0;32m✓[0m Virtual environment activated
2025-11-07T12:31:09.5766293Z [0;32m✓[0m pytest found: pytest 8.4.2
2025-11-07T12:31:09.5766661Z 
2025-11-07T12:31:09.5766669Z 
2025-11-07T12:31:09.5766824Z ============================================================
2025-11-07T12:31:09.5767228Z   Running Tests
2025-11-07T12:31:09.5767608Z ============================================================
2025-11-07T12:31:09.5767903Z 
2025-11-07T12:31:09.5768157Z [0;34m[1/4][0m Running Python unit tests
2025-11-07T12:31:09.8737461Z ============================= test session starts ==============================
2025-11-07T12:31:09.8738796Z platform linux -- Python 3.9.24, pytest-8.4.2, pluggy-1.6.0 -- /home/runner/work/requirements-driven-development/requirements-driven-development/.venv/bin/python
2025-11-07T12:31:09.8739914Z cachedir: .pytest_cache
2025-11-07T12:31:09.8740630Z rootdir: /home/runner/work/requirements-driven-development/requirements-driven-development
2025-11-07T12:31:09.8741571Z plugins: timeout-2.4.0, cov-7.0.0, xdist-3.8.0, mock-3.15.1
2025-11-07T12:31:09.9573258Z collecting ... collected 49 items
2025-11-07T12:31:09.9573622Z 
2025-11-07T12:31:09.9880077Z tests/python/test_integration.py::TestChangeWorkflow::test_fix_branch_workflow PASSED [  2%]
2025-11-07T12:31:10.0121350Z tests/python/test_integration.py::TestRequirementsManagement::test_requirements_changes_format PASSED [  4%]
2025-11-07T12:31:10.0362756Z tests/python/test_integration.py::TestWorkspaceArchiving::test_workspace_backup_creation PASSED [  6%]
2025-11-07T12:31:10.0663542Z tests/python/test_integration.py::TestGitIntegration::test_branch_creation_and_switching PASSED [  8%]
2025-11-07T12:31:10.0932368Z tests/python/test_integration.py::TestGitIntegration::test_uncommitted_changes_detection PASSED [ 10%]
2025-11-07T12:31:10.1290212Z tests/python/test_integration.py::TestConfigManagement::test_config_read_write_cycle PASSED [ 12%]
2025-11-07T12:31:10.1590069Z tests/python/test_integration.py::TestConfigManagement::test_config_default_branch PASSED [ 14%]
2025-11-07T12:31:10.1608417Z tests/python/test_rdd_main.py::TestCLIHelp::test_version_command PASSED  [ 16%]
2025-11-07T12:31:10.1620594Z tests/python/test_rdd_main.py::TestCLIHelp::test_help_command PASSED     [ 18%]
2025-11-07T12:31:10.1632866Z tests/python/test_rdd_main.py::TestDomainRouting::test_config_show_routing PASSED [ 20%]
2025-11-07T12:31:10.1645740Z tests/python/test_rdd_main.py::TestDomainRouting::test_workspace_init_routing PASSED [ 22%]
2025-11-07T12:31:10.1745847Z tests/python/test_rdd_main.py::TestChangeCommands::test_change_create_requires_default_branch PASSED [ 24%]
2025-11-07T12:31:10.2184803Z tests/python/test_rdd_main.py::TestMenuInteraction::test_curses_menu_selection PASSED [ 26%]
2025-11-07T12:31:10.2196908Z tests/python/test_rdd_main.py::TestValidationCommands::test_check_repo_valid PASSED [ 28%]
2025-11-07T12:31:10.2208507Z tests/python/test_rdd_main.py::TestErrorHandling::test_no_command_shows_help PASSED [ 30%]
2025-11-07T12:31:10.2219742Z tests/python/test_rdd_main.py::TestErrorHandling::test_invalid_domain_error PASSED [ 32%]
2025-11-07T12:31:10.2231653Z tests/python/test_rdd_main.py::TestErrorHandling::test_invalid_action_error PASSED [ 34%]
2025-11-07T12:31:10.2242282Z tests/python/test_rdd_utils.py::TestOutputFunctions::test_print_success PASSED [ 36%]
2025-11-07T12:31:10.2254142Z tests/python/test_rdd_utils.py::TestOutputFunctions::test_print_error PASSED [ 38%]
2025-11-07T12:31:10.2264484Z tests/python/test_rdd_utils.py::TestOutputFunctions::test_print_warning PASSED [ 40%]
2025-11-07T12:31:10.2275353Z tests/python/test_rdd_utils.py::TestOutputFunctions::test_print_info PASSED [ 42%]
2025-11-07T12:31:10.2286919Z tests/python/test_rdd_utils.py::TestValidationFunctions::test_validate_name_valid PASSED [ 44%]
2025-11-07T12:31:10.2296598Z tests/python/test_rdd_utils.py::TestValidationFunctions::test_validate_name_with_spaces PASSED [ 46%]
2025-11-07T12:31:10.2306253Z tests/python/test_rdd_utils.py::TestValidationFunctions::test_validate_name_with_special_chars PASSED [ 48%]
2025-11-07T12:31:10.2315493Z tests/python/test_rdd_utils.py::TestValidationFunctions::test_validate_name_empty PASSED [ 51%]
2025-11-07T12:31:10.2326101Z tests/python/test_rdd_utils.py::TestValidationFunctions::test_normalize_to_kebab_case PASSED [ 53%]
2025-11-07T12:31:10.2340286Z tests/python/test_rdd_utils.py::TestValidationFunctions::test_validate_file_exists PASSED [ 55%]
2025-11-07T12:31:10.2352735Z tests/python/test_rdd_utils.py::TestValidationFunctions::test_validate_dir_exists PASSED [ 57%]
2025-11-07T12:31:10.2372511Z tests/python/test_rdd_utils.py::TestGitFunctions::test_check_git_repo_valid PASSED [ 59%]
2025-11-07T12:31:10.2387924Z tests/python/test_rdd_utils.py::TestGitFunctions::test_check_git_repo_invalid PASSED [ 61%]
2025-11-07T12:31:10.2400797Z tests/python/test_rdd_utils.py::TestGitFunctions::test_get_current_branch PASSED [ 63%]
2025-11-07T12:31:10.2666198Z tests/python/test_rdd_utils.py::TestGitFunctions::test_get_default_branch_from_config PASSED [ 65%]
2025-11-07T12:31:10.2679136Z tests/python/test_rdd_utils.py::TestGitFunctions::test_get_branch_type_fix PASSED [ 67%]
2025-11-07T12:31:10.2692906Z tests/python/test_rdd_utils.py::TestGitFunctions::test_get_branch_type_enh PASSED [ 69%]
2025-11-07T12:31:10.2706148Z tests/python/test_rdd_utils.py::TestGitFunctions::test_get_branch_type_main PASSED [ 71%]
2025-11-07T12:31:10.2720166Z tests/python/test_rdd_utils.py::TestGitFunctions::test_is_enh_or_fix_branch PASSED [ 73%]
2025-11-07T12:31:10.2729872Z tests/python/test_rdd_utils.py::TestTimestampFunctions::test_get_timestamp_format PASSED [ 75%]
2025-11-07T12:31:10.2740228Z tests/python/test_rdd_utils.py::TestTimestampFunctions::test_get_timestamp_filename_format PASSED [ 77%]
2025-11-07T12:31:10.3016260Z tests/python/test_rdd_utils.py::TestConfigFunctions::test_get_rdd_config_existing_key PASSED [ 79%]
2025-11-07T12:31:10.3290617Z tests/python/test_rdd_utils.py::TestConfigFunctions::test_get_rdd_config_missing_key_with_default PASSED [ 81%]
2025-11-07T12:31:10.3573496Z tests/python/test_rdd_utils.py::TestConfigFunctions::test_set_rdd_config PASSED [ 83%]
2025-11-07T12:31:10.3853143Z tests/python/test_rdd_utils.py::TestConfigFunctions::test_get_rdd_config_path PASSED [ 85%]
2025-11-07T12:31:10.3867553Z tests/python/test_rdd_utils.py::TestWorkspaceUtilities::test_ensure_dir_creates_directory PASSED [ 87%]
2025-11-07T12:31:10.3878855Z tests/python/test_rdd_utils.py::TestWorkspaceUtilities::test_ensure_dir_existing_directory PASSED [ 89%]
2025-11-07T12:31:10.4129727Z tests/python/test_rdd_utils.py::TestPromptFunctions::test_mark_prompt_completed PASSED [ 91%]
2025-11-07T12:31:10.4143996Z tests/python/test_rdd_utils.py::TestConfirmAction::test_confirm_action_yes PASSED [ 93%]
2025-11-07T12:31:10.4155356Z tests/python/test_rdd_utils.py::TestConfirmAction::test_confirm_action_no PASSED [ 95%]
2025-11-07T12:31:10.4167044Z tests/python/test_rdd_utils.py::TestConfirmAction::test_confirm_action_yes_full PASSED [ 97%]
2025-11-07T12:31:10.4417630Z tests/python/test_rdd_utils.py::TestConfirmAction::test_confirm_action_invalid PASSED [100%]
2025-11-07T12:31:10.4418144Z 
2025-11-07T12:31:10.4418315Z ============================== 49 passed in 0.55s ==============================
2025-11-07T12:31:10.4669032Z [0;32m✓[0m Python unit tests passed
2025-11-07T12:31:10.4669347Z 
2025-11-07T12:31:10.4669561Z [0;34m[2/4][0m Running build tests
2025-11-07T12:31:10.6698471Z ============================= test session starts ==============================
2025-11-07T12:31:10.6699749Z platform linux -- Python 3.9.24, pytest-8.4.2, pluggy-1.6.0 -- /home/runner/work/requirements-driven-development/requirements-driven-development/.venv/bin/python
2025-11-07T12:31:10.6700704Z cachedir: .pytest_cache
2025-11-07T12:31:10.6701249Z rootdir: /home/runner/work/requirements-driven-development/requirements-driven-development
2025-11-07T12:31:10.6701930Z plugins: timeout-2.4.0, cov-7.0.0, xdist-3.8.0, mock-3.15.1
2025-11-07T12:31:10.7002082Z collecting ... collected 15 items
2025-11-07T12:31:10.7002473Z 
2025-11-07T12:31:10.7038500Z tests/build/test_build.py::TestVersionExtraction::test_read_version_from_config PASSED [  6%]
2025-11-07T12:31:10.7079513Z tests/build/test_build.py::TestBuildDirCreation::test_create_build_dir PASSED [ 13%]
2025-11-07T12:31:10.7125381Z tests/build/test_build.py::TestFileCopying::test_copy_prompts PASSED     [ 20%]
2025-11-07T12:31:10.7175602Z tests/build/test_build.py::TestFileCopying::test_copy_scripts PASSED     [ 26%]
2025-11-07T12:31:10.7246471Z tests/build/test_build.py::TestFileCopying::test_copy_templates PASSED   [ 33%]
2025-11-07T12:31:10.7291270Z tests/build/test_build.py::TestFileCopying::test_copy_vscode_settings PASSED [ 40%]
2025-11-07T12:31:10.7339240Z tests/build/test_build.py::TestFileCopying::test_copy_rdd_docs_seeds PASSED [ 46%]
2025-11-07T12:31:10.7381207Z tests/build/test_build.py::TestTemplateGeneration::test_generate_readme PASSED [ 53%]
2025-11-07T12:31:10.7423644Z tests/build/test_build.py::TestTemplateGeneration::test_generate_installer PASSED [ 60%]
2025-11-07T12:31:10.7466136Z tests/build/test_build.py::TestTemplateGeneration::test_generate_bash_installer PASSED [ 66%]
2025-11-07T12:31:10.7508465Z tests/build/test_build.py::TestTemplateGeneration::test_generate_powershell_installer PASSED [ 73%]
2025-11-07T12:31:10.7563125Z tests/build/test_build.py::TestArchiveCreation::test_create_archive PASSED [ 80%]
2025-11-07T12:31:10.7618532Z tests/build/test_build.py::TestChecksumGeneration::test_generate_checksum PASSED [ 86%]
2025-11-07T12:31:10.7629549Z tests/build/test_build.py::TestOutputFunctions::test_print_success PASSED [ 93%]
2025-11-07T12:31:10.7861785Z tests/build/test_build.py::TestOutputFunctions::test_print_error PASSED  [100%]
2025-11-07T12:31:10.7862149Z 
2025-11-07T12:31:10.7862279Z ============================== 15 passed in 0.10s ==============================
2025-11-07T12:31:10.8087667Z [0;32m✓[0m Build tests passed
2025-11-07T12:31:10.8087981Z 
2025-11-07T12:31:10.8088301Z [0;34m[3/4][0m Running install tests
2025-11-07T12:31:11.0067081Z ============================= test session starts ==============================
2025-11-07T12:31:11.0068417Z platform linux -- Python 3.9.24, pytest-8.4.2, pluggy-1.6.0 -- /home/runner/work/requirements-driven-development/requirements-driven-development/.venv/bin/python
2025-11-07T12:31:11.0069541Z cachedir: .pytest_cache
2025-11-07T12:31:11.0070608Z rootdir: /home/runner/work/requirements-driven-development/requirements-driven-development
2025-11-07T12:31:11.0071504Z plugins: timeout-2.4.0, cov-7.0.0, xdist-3.8.0, mock-3.15.1
2025-11-07T12:31:11.0363510Z collecting ... collected 21 items
2025-11-07T12:31:11.0363821Z 
2025-11-07T12:31:11.0374385Z tests/install/test_install.py::TestPreFlightChecks::test_check_python_version_success PASSED [  4%]
2025-11-07T12:31:11.0387947Z tests/install/test_install.py::TestPreFlightChecks::test_check_git_installed_success PASSED [  9%]
2025-11-07T12:31:11.0399670Z tests/install/test_install.py::TestPreFlightChecks::test_check_git_installed_failure PASSED [ 14%]
2025-11-07T12:31:11.0636362Z tests/install/test_install.py::TestPreFlightChecks::test_check_git_repo_valid PASSED [ 19%]
2025-11-07T12:31:11.0649225Z tests/install/test_install.py::TestPreFlightChecks::test_check_git_repo_invalid PASSED [ 23%]
2025-11-07T12:31:11.0874600Z tests/install/test_install.py::TestExistingInstallationDetection::test_detect_existing_installation_none PASSED [ 28%]
2025-11-07T12:31:11.1106412Z tests/install/test_install.py::TestExistingInstallationDetection::test_detect_existing_installation_found PASSED [ 33%]
2025-11-07T12:31:11.1361849Z tests/install/test_install.py::TestFileOperations::test_copy_prompts PASSED [ 38%]
2025-11-07T12:31:11.1616884Z tests/install/test_install.py::TestFileOperations::test_copy_framework PASSED [ 42%]
2025-11-07T12:31:11.1871547Z tests/install/test_install.py::TestFileOperations::test_copy_seed_templates PASSED [ 47%]
2025-11-07T12:31:11.2099457Z tests/install/test_install.py::TestSettingsMerge::test_merge_settings_empty_target PASSED [ 52%]
2025-11-07T12:31:11.2108061Z tests/install/test_install.py::TestSettingsMerge::test_merge_settings_existing_values PASSED [ 57%]
2025-11-07T12:31:11.2116980Z tests/install/test_install.py::TestSettingsMerge::test_merge_settings_object_merge PASSED [ 61%]
2025-11-07T12:31:11.2352169Z tests/install/test_install.py::TestGitignoreUpdate::test_update_gitignore_new_file PASSED [ 66%]
2025-11-07T12:31:11.2583351Z tests/install/test_install.py::TestGitignoreUpdate::test_update_gitignore_existing_file PASSED [ 71%]
2025-11-07T12:31:11.2812768Z tests/install/test_install.py::TestGitignoreUpdate::test_update_gitignore_already_present PASSED [ 76%]
2025-11-07T12:31:11.3209554Z tests/install/test_install.py::TestVerification::test_verify_installation_success PASSED [ 80%]
2025-11-07T12:31:11.3438667Z tests/install/test_install.py::TestVerification::test_verify_installation_missing_files PASSED [ 85%]
2025-11-07T12:31:11.3450086Z tests/install/test_install.py::TestOutputFunctions::test_print_banner PASSED [ 90%]
2025-11-07T12:31:11.3460297Z tests/install/test_install.py::TestOutputFunctions::test_print_success PASSED [ 95%]
2025-11-07T12:31:11.3700661Z tests/install/test_install.py::TestOutputFunctions::test_print_error PASSED [100%]
2025-11-07T12:31:11.3701356Z 
2025-11-07T12:31:11.3701607Z ============================== 21 passed in 0.35s ==============================
2025-11-07T12:31:11.3929992Z [0;32m✓[0m Install tests passed
2025-11-07T12:31:11.3930570Z 
2025-11-07T12:31:11.3930880Z [0;34m[4/4][0m Running shell tests (BATS)
2025-11-07T12:31:11.4416928Z 1..10
2025-11-07T12:31:11.5224023Z ok 1 install.sh exists and is executable
2025-11-07T12:31:11.5540803Z ok 2 install.sh shows version banner # skip Interactive test - requires user input
2025-11-07T12:31:11.5881193Z ok 3 check python3 availability
2025-11-07T12:31:11.6213470Z ok 4 check git availability
2025-11-07T12:31:11.6619646Z ok 5 create test git repository
2025-11-07T12:31:11.6939724Z ok 6 install.py can be executed with python # skip install.py is interactive and doesn't support --help flag
2025-11-07T12:31:11.7302672Z ok 7 directory navigation functions work
2025-11-07T12:31:11.7689225Z ok 8 git repository detection works
2025-11-07T12:31:11.8070993Z ok 9 file operations work correctly
2025-11-07T12:31:11.8431419Z ok 10 directory traversal safety
2025-11-07T12:31:11.8515428Z [0;32m✓[0m Shell tests passed
2025-11-07T12:31:11.8515997Z 
2025-11-07T12:31:11.8516005Z 
2025-11-07T12:31:11.8516164Z ============================================================
2025-11-07T12:31:11.8516588Z   Test Summary
2025-11-07T12:31:11.8516901Z ============================================================
2025-11-07T12:31:11.8517109Z 
2025-11-07T12:31:11.8517351Z Total test suites: 4
2025-11-07T12:31:11.8517614Z [0;32mPassed: 4[0m
2025-11-07T12:31:11.8517731Z 
2025-11-07T12:31:11.8517873Z [0;32m✓[0m All tests passed!
2025-11-07T12:31:11.8547460Z ##[group]Run source .venv/bin/activate
2025-11-07T12:31:11.8547777Z [36;1msource .venv/bin/activate[0m
2025-11-07T12:31:11.8548223Z [36;1mpytest tests/python/ --cov=.rdd/scripts --cov=scripts --cov-report=xml --cov-report=term[0m
2025-11-07T12:31:11.8581207Z shell: /usr/bin/bash -e {0}
2025-11-07T12:31:11.8581463Z env:
2025-11-07T12:31:11.8581713Z   pythonLocation: /opt/hostedtoolcache/Python/3.9.24/x64
2025-11-07T12:31:11.8582110Z   PKG_CONFIG_PATH: /opt/hostedtoolcache/Python/3.9.24/x64/lib/pkgconfig
2025-11-07T12:31:11.8582504Z   Python_ROOT_DIR: /opt/hostedtoolcache/Python/3.9.24/x64
2025-11-07T12:31:11.8583124Z   Python2_ROOT_DIR: /opt/hostedtoolcache/Python/3.9.24/x64
2025-11-07T12:31:11.8583477Z   Python3_ROOT_DIR: /opt/hostedtoolcache/Python/3.9.24/x64
2025-11-07T12:31:11.8583810Z   LD_LIBRARY_PATH: /opt/hostedtoolcache/Python/3.9.24/x64/lib
2025-11-07T12:31:11.8584117Z ##[endgroup]
2025-11-07T12:31:12.3302025Z ============================= test session starts ==============================
2025-11-07T12:31:12.3302804Z platform linux -- Python 3.9.24, pytest-8.4.2, pluggy-1.6.0
2025-11-07T12:31:12.3303526Z rootdir: /home/runner/work/requirements-driven-development/requirements-driven-development
2025-11-07T12:31:12.3304217Z plugins: timeout-2.4.0, cov-7.0.0, xdist-3.8.0, mock-3.15.1
2025-11-07T12:31:12.3304614Z collected 49 items
2025-11-07T12:31:12.3304767Z 
2025-11-07T12:31:12.5533377Z tests/python/test_integration.py .......                                 [ 14%]
2025-11-07T12:31:12.5829798Z tests/python/test_rdd_main.py ..........                                 [ 34%]
2025-11-07T12:31:13.2016719Z tests/python/test_rdd_utils.py ................................          [100%]
2025-11-07T12:31:13.2017206Z 
2025-11-07T12:31:13.2017406Z ================================ tests coverage ================================
2025-11-07T12:31:13.2018090Z _______________ coverage: platform linux, python 3.9.24-final-0 ________________
2025-11-07T12:31:13.2018511Z 
2025-11-07T12:31:13.2018704Z Name                        Stmts   Miss  Cover
2025-11-07T12:31:13.2019124Z -----------------------------------------------
2025-11-07T12:31:13.2019567Z .rdd/scripts/rdd.py          1099    966    12%
2025-11-07T12:31:13.2019995Z .rdd/scripts/rdd_utils.py     605    405    33%
2025-11-07T12:31:13.2020409Z scripts/build.py              281    281     0%
2025-11-07T12:31:13.2020824Z scripts/install.py            244    244     0%
2025-11-07T12:31:13.2021216Z -----------------------------------------------
2025-11-07T12:31:13.2021655Z TOTAL                        2229   1896    15%
2025-11-07T12:31:13.2022112Z Coverage XML written to file coverage.xml
2025-11-07T12:31:13.2022904Z ============================== 49 passed in 0.88s ==============================
2025-11-07T12:31:13.2468619Z ##[group]Run codecov/codecov-action@v4
2025-11-07T12:31:13.2468884Z with:
2025-11-07T12:31:13.2469057Z   file: ./coverage.xml
2025-11-07T12:31:13.2469248Z   flags: python
2025-11-07T12:31:13.2469439Z   name: python-coverage
2025-11-07T12:31:13.2469634Z env:
2025-11-07T12:31:13.2469864Z   pythonLocation: /opt/hostedtoolcache/Python/3.9.24/x64
2025-11-07T12:31:13.2470246Z   PKG_CONFIG_PATH: /opt/hostedtoolcache/Python/3.9.24/x64/lib/pkgconfig
2025-11-07T12:31:13.2470625Z   Python_ROOT_DIR: /opt/hostedtoolcache/Python/3.9.24/x64
2025-11-07T12:31:13.2470963Z   Python2_ROOT_DIR: /opt/hostedtoolcache/Python/3.9.24/x64
2025-11-07T12:31:13.2471291Z   Python3_ROOT_DIR: /opt/hostedtoolcache/Python/3.9.24/x64
2025-11-07T12:31:13.2471629Z   LD_LIBRARY_PATH: /opt/hostedtoolcache/Python/3.9.24/x64/lib
2025-11-07T12:31:13.2472076Z ##[endgroup]
2025-11-07T12:31:13.3334624Z eventName: pull_request
2025-11-07T12:31:13.3336495Z baseRef: h111359:dev | headRef: h111359:fix/20251107-0839-fix-version-and-build
2025-11-07T12:31:13.3344326Z ==> linux OS detected
2025-11-07T12:31:13.6302046Z https://cli.codecov.io/latest/linux/codecov.SHA256SUM
2025-11-07T12:31:13.7917011Z gpg: directory '/home/runner/.gnupg' created
2025-11-07T12:31:13.7951382Z gpg: keybox '/home/runner/.gnupg/pubring.kbx' created
2025-11-07T12:31:13.8091133Z gpg: /home/runner/.gnupg/trustdb.gpg: trustdb created
2025-11-07T12:31:13.8092049Z gpg: key 806BB28AED779869: public key "Codecov Uploader (Codecov Uploader Verification Key) <security@codecov.io>" imported
2025-11-07T12:31:13.8486164Z gpg: Total number processed: 1
2025-11-07T12:31:13.8486596Z gpg:               imported: 1
2025-11-07T12:31:13.8541687Z gpg: Signature made Thu Oct 23 15:06:21 2025 UTC
2025-11-07T12:31:13.8542291Z gpg:                using RSA key 27034E7FDB850E0BBC2C62FF806BB28AED779869
2025-11-07T12:31:13.8545622Z gpg: Good signature from "Codecov Uploader (Codecov Uploader Verification Key) <security@codecov.io>" [unknown]
2025-11-07T12:31:13.8546612Z gpg: WARNING: This key is not certified with a trusted signature!
2025-11-07T12:31:13.8547287Z gpg:          There is no indication that the signature belongs to the owner.
2025-11-07T12:31:13.8548005Z Primary key fingerprint: 2703 4E7F DB85 0E0B BC2C  62FF 806B B28A ED77 9869
2025-11-07T12:31:13.8770741Z ==> Uploader SHASUM verified (3e4d282fe243aa7283b17016ff65ab2806c262f16abb41125f0caeea380dfe77  codecov)
2025-11-07T12:31:13.8772003Z ==> Running version latest
2025-11-07T12:31:13.9601293Z Could not pull latest version information: SyntaxError: Unexpected token '<', "<!DOCTYPE "... is not valid JSON
2025-11-07T12:31:13.9603643Z ==> Running git config --global --add safe.directory /home/runner/work/requirements-driven-development/requirements-driven-development
2025-11-07T12:31:13.9693458Z [command]/usr/bin/git config --global --add safe.directory /home/runner/work/requirements-driven-development/requirements-driven-development
2025-11-07T12:31:13.9743674Z ==> Running command '/home/runner/work/_actions/codecov/codecov-action/v4/dist/codecov create-commit'
2025-11-07T12:31:13.9746373Z [command]/home/runner/work/_actions/codecov/codecov-action/v4/dist/codecov create-commit --git-service github -C c8a1ce35785768ef04e3f10a3e27e56a3bfa0dd0
2025-11-07T12:31:14.3283722Z info - 2025-11-07 12:31:14,327 -- ci service found: github-actions
2025-11-07T12:31:14.3375209Z warning - 2025-11-07 12:31:14,337 -- No config file could be found. Ignoring config.
2025-11-07T12:31:14.3678063Z warning - 2025-11-07 12:31:14,367 -- Branch `fix/20251107-0839-fix-version-and-build` is protected but no token was provided
2025-11-07T12:31:14.3679244Z warning - 2025-11-07 12:31:14,367 -- For information on Codecov upload tokens, see https://docs.codecov.com/docs/codecov-tokens
2025-11-07T12:31:14.5656453Z info - 2025-11-07 12:31:14,565 -- Process Commit creating complete
2025-11-07T12:31:14.5657676Z error - 2025-11-07 12:31:14,565 -- Commit creating failed: {"message":"Token required - not valid tokenless upload"}
2025-11-07T12:31:14.6717116Z Sentry is attempting to send 3 pending events
2025-11-07T12:31:14.6717690Z Waiting up to 2 seconds
2025-11-07T12:31:14.6718077Z Press Ctrl-C to quit
2025-11-07T12:31:14.9283610Z ==> Running command '/home/runner/work/_actions/codecov/codecov-action/v4/dist/codecov create-report'
2025-11-07T12:31:14.9285675Z [command]/home/runner/work/_actions/codecov/codecov-action/v4/dist/codecov create-report --git-service github -C c8a1ce35785768ef04e3f10a3e27e56a3bfa0dd0
2025-11-07T12:31:15.2757437Z info - 2025-11-07 12:31:15,275 -- ci service found: github-actions
2025-11-07T12:31:15.2848011Z warning - 2025-11-07 12:31:15,284 -- No config file could be found. Ignoring config.
2025-11-07T12:31:15.7264699Z info - 2025-11-07 12:31:15,726 -- Process Report creating complete
2025-11-07T12:31:15.7269939Z error - 2025-11-07 12:31:15,726 -- Report creating failed: {"message":"Token required - not valid tokenless upload"}
2025-11-07T12:31:15.8323945Z Sentry is attempting to send 3 pending events
2025-11-07T12:31:15.8324390Z Waiting up to 2 seconds
2025-11-07T12:31:15.8324683Z Press Ctrl-C to quit
2025-11-07T12:31:15.9403627Z ==> Running command '/home/runner/work/_actions/codecov/codecov-action/v4/dist/codecov do-upload'
2025-11-07T12:31:15.9405440Z [command]/home/runner/work/_actions/codecov/codecov-action/v4/dist/codecov do-upload -f ./coverage.xml -F python --git-service github -n python-coverage -C c8a1ce35785768ef04e3f10a3e27e56a3bfa0dd0
2025-11-07T12:31:16.2866703Z info - 2025-11-07 12:31:16,286 -- ci service found: github-actions
2025-11-07T12:31:16.2960644Z warning - 2025-11-07 12:31:16,295 -- No config file could be found. Ignoring config.
2025-11-07T12:31:16.3275024Z warning - 2025-11-07 12:31:16,327 -- xcrun is not installed or can't be found.
2025-11-07T12:31:16.3815838Z warning - 2025-11-07 12:31:16,381 -- No gcov data found.
2025-11-07T12:31:16.3819827Z warning - 2025-11-07 12:31:16,381 -- coverage.py is not installed or can't be found.
2025-11-07T12:31:16.4588471Z info - 2025-11-07 12:31:16,458 -- Found 1 coverage files to report
2025-11-07T12:31:16.4589885Z info - 2025-11-07 12:31:16,458 -- > /home/runner/work/requirements-driven-development/requirements-driven-development/coverage.xml
2025-11-07T12:31:16.6990440Z info - 2025-11-07 12:31:16,698 -- Process Upload complete
2025-11-07T12:31:16.6991515Z error - 2025-11-07 12:31:16,698 -- Upload failed: {"message":"Token required - not valid tokenless upload"}
2025-11-07T12:31:16.8061396Z Sentry is attempting to send 3 pending events
2025-11-07T12:31:16.8061863Z Waiting up to 2 seconds
2025-11-07T12:31:16.8062163Z Press Ctrl-C to quit
2025-11-07T12:31:16.9490291Z Post job cleanup.
2025-11-07T12:31:17.1095604Z Post job cleanup.
2025-11-07T12:31:17.2030334Z [command]/usr/bin/git version
2025-11-07T12:31:17.2067596Z git version 2.51.2
2025-11-07T12:31:17.2111936Z Copying '/home/runner/.gitconfig' to '/home/runner/work/_temp/50f1f25d-21ab-4a79-a2da-1ec010dd634e/.gitconfig'
2025-11-07T12:31:17.2121892Z Temporarily overriding HOME='/home/runner/work/_temp/50f1f25d-21ab-4a79-a2da-1ec010dd634e' before making global git config changes
2025-11-07T12:31:17.2123355Z Adding repository directory to the temporary git global config as a safe directory
2025-11-07T12:31:17.2128642Z [command]/usr/bin/git config --global --add safe.directory /home/runner/work/requirements-driven-development/requirements-driven-development
2025-11-07T12:31:17.2163445Z [command]/usr/bin/git config --local --name-only --get-regexp core\.sshCommand
2025-11-07T12:31:17.2196439Z [command]/usr/bin/git submodule foreach --recursive sh -c "git config --local --name-only --get-regexp 'core\.sshCommand' && git config --local --unset-all 'core.sshCommand' || :"
2025-11-07T12:31:17.2427841Z [command]/usr/bin/git config --local --name-only --get-regexp http\.https\:\/\/github\.com\/\.extraheader
2025-11-07T12:31:17.2449980Z http.https://github.com/.extraheader
2025-11-07T12:31:17.2463148Z [command]/usr/bin/git config --local --unset-all http.https://github.com/.extraheader
2025-11-07T12:31:17.2493594Z [command]/usr/bin/git submodule foreach --recursive sh -c "git config --local --name-only --get-regexp 'http\.https\:\/\/github\.com\/\.extraheader' && git config --local --unset-all 'http.https://github.com/.extraheader' || :"
2025-11-07T12:31:17.2821819Z Cleaning up orphan processes
